Train: torch.Size([14031, 5, 64, 32]), Valid: torch.Size([4677, 5, 64, 32]), Test: torch.Size([4678, 5, 64, 32])
Input shape: (C=5, H=144, W=72)
Fine Tuning Both
Starting Downstream Task
torch.Size([2806, 5, 64, 32])
torch.Size([935, 5, 64, 32])
torch.Size([937, 5, 64, 32])
Shape: (5, 144, 72)
Epoch: 0, Train Loss: 0.00331, Valid Loss: 0.00243, EPS: 0.991
Epoch: 1, Train Loss: 0.00223, Valid Loss: 0.00238, EPS: 0.982
Epoch: 2, Train Loss: 0.00220, Valid Loss: 0.00235, EPS: 0.973
Epoch: 3, Train Loss: 0.00219, Valid Loss: 0.00234, EPS: 0.964
Epoch: 4, Train Loss: 0.00217, Valid Loss: 0.00231, EPS: 0.955
Epoch: 5, Train Loss: 0.00216, Valid Loss: 0.00231, EPS: 0.946
Epoch: 6, Train Loss: 0.00215, Valid Loss: 0.00232, EPS: 0.9369999999999999
Epoch: 7, Train Loss: 0.00213, Valid Loss: 0.00229, EPS: 0.928
Epoch: 8, Train Loss: 0.00213, Valid Loss: 0.00228, EPS: 0.919
Epoch: 9, Train Loss: 0.00213, Valid Loss: 0.00233, EPS: 0.91
Epoch: 10, Train Loss: 0.00212, Valid Loss: 0.00230, EPS: 0.901
Epoch: 11, Train Loss: 0.00211, Valid Loss: 0.00225, EPS: 0.892
Epoch: 12, Train Loss: 0.00211, Valid Loss: 0.00225, EPS: 0.883
Epoch: 13, Train Loss: 0.00211, Valid Loss: 0.00226, EPS: 0.874
Epoch: 14, Train Loss: 0.00211, Valid Loss: 0.00229, EPS: 0.865
Epoch: 15, Train Loss: 0.00211, Valid Loss: 0.00223, EPS: 0.856
Epoch: 16, Train Loss: 0.00211, Valid Loss: 0.00229, EPS: 0.847
Epoch: 17, Train Loss: 0.00210, Valid Loss: 0.00226, EPS: 0.8380000000000001
Epoch: 18, Train Loss: 0.00211, Valid Loss: 0.00225, EPS: 0.8290000000000001
Epoch: 19, Train Loss: 0.00210, Valid Loss: 0.00229, EPS: 0.8200000000000001
Epoch: 20, Train Loss: 0.00210, Valid Loss: 0.00226, EPS: 0.811
Epoch: 21, Train Loss: 0.00211, Valid Loss: 0.00225, EPS: 0.802
Epoch: 22, Train Loss: 0.00210, Valid Loss: 0.00227, EPS: 0.793
Epoch: 23, Train Loss: 0.00210, Valid Loss: 0.00226, EPS: 0.784
Epoch: 24, Train Loss: 0.00210, Valid Loss: 0.00228, EPS: 0.775
Epoch: 25, Train Loss: 0.00210, Valid Loss: 0.00223, EPS: 0.766
Epoch: 26, Train Loss: 0.00209, Valid Loss: 0.00228, EPS: 0.757
Epoch: 27, Train Loss: 0.00211, Valid Loss: 0.00229, EPS: 0.748
Epoch: 28, Train Loss: 0.00210, Valid Loss: 0.00225, EPS: 0.739
Epoch: 29, Train Loss: 0.00210, Valid Loss: 0.00225, EPS: 0.73
Epoch: 30, Train Loss: 0.00209, Valid Loss: 0.00228, EPS: 0.721
Epoch: 31, Train Loss: 0.00210, Valid Loss: 0.00224, EPS: 0.712
Epoch: 32, Train Loss: 0.00210, Valid Loss: 0.00224, EPS: 0.703
Epoch: 33, Train Loss: 0.00210, Valid Loss: 0.00228, EPS: 0.694
Epoch: 34, Train Loss: 0.00211, Valid Loss: 0.00228, EPS: 0.685
Epoch: 35, Train Loss: 0.00210, Valid Loss: 0.00225, EPS: 0.676
Epoch: 36, Train Loss: 0.00208, Valid Loss: 0.00227, EPS: 0.667
Epoch: 37, Train Loss: 0.00189, Valid Loss: 0.00200, EPS: 0.658
Epoch: 38, Train Loss: 0.00178, Valid Loss: 0.00198, EPS: 0.649
Epoch: 39, Train Loss: 0.00176, Valid Loss: 0.00197, EPS: 0.64
Epoch: 40, Train Loss: 0.00176, Valid Loss: 0.00196, EPS: 0.6310000000000001
Epoch: 41, Train Loss: 0.00175, Valid Loss: 0.00196, EPS: 0.6220000000000001
Epoch: 42, Train Loss: 0.00174, Valid Loss: 0.00194, EPS: 0.6130000000000001
Epoch: 43, Train Loss: 0.00173, Valid Loss: 0.00194, EPS: 0.6040000000000001
Epoch: 44, Train Loss: 0.00173, Valid Loss: 0.00193, EPS: 0.5950000000000001
Epoch: 45, Train Loss: 0.00172, Valid Loss: 0.00192, EPS: 0.5860000000000001
Epoch: 46, Train Loss: 0.00170, Valid Loss: 0.00190, EPS: 0.5770000000000001
Epoch: 47, Train Loss: 0.00168, Valid Loss: 0.00189, EPS: 0.5680000000000001
Epoch: 48, Train Loss: 0.00167, Valid Loss: 0.00188, EPS: 0.559
Epoch: 49, Train Loss: 0.00166, Valid Loss: 0.00187, EPS: 0.55
Epoch: 50, Train Loss: 0.00165, Valid Loss: 0.00187, EPS: 0.541
Epoch: 51, Train Loss: 0.00165, Valid Loss: 0.00187, EPS: 0.532
Epoch: 52, Train Loss: 0.00164, Valid Loss: 0.00186, EPS: 0.523
Epoch: 53, Train Loss: 0.00163, Valid Loss: 0.00186, EPS: 0.514
Epoch: 54, Train Loss: 0.00163, Valid Loss: 0.00188, EPS: 0.505
Epoch: 55, Train Loss: 0.00163, Valid Loss: 0.00185, EPS: 0.496
Epoch: 56, Train Loss: 0.00163, Valid Loss: 0.00185, EPS: 0.4870000000000001
Epoch: 57, Train Loss: 0.00163, Valid Loss: 0.00184, EPS: 0.4780000000000001
Epoch: 58, Train Loss: 0.00163, Valid Loss: 0.00186, EPS: 0.4690000000000001
Epoch: 59, Train Loss: 0.00163, Valid Loss: 0.00185, EPS: 0.4600000000000001
Epoch: 60, Train Loss: 0.00163, Valid Loss: 0.00185, EPS: 0.45100000000000007
Epoch: 61, Train Loss: 0.00162, Valid Loss: 0.00186, EPS: 0.44200000000000006
Epoch: 62, Train Loss: 0.00162, Valid Loss: 0.00186, EPS: 0.43300000000000005
Epoch: 63, Train Loss: 0.00162, Valid Loss: 0.00184, EPS: 0.42400000000000004
Epoch: 64, Train Loss: 0.00162, Valid Loss: 0.00185, EPS: 0.41500000000000004
Epoch: 65, Train Loss: 0.00162, Valid Loss: 0.00186, EPS: 0.406
Epoch: 66, Train Loss: 0.00162, Valid Loss: 0.00185, EPS: 0.397
Epoch: 67, Train Loss: 0.00162, Valid Loss: 0.00186, EPS: 0.388
Epoch: 68, Train Loss: 0.00162, Valid Loss: 0.00186, EPS: 0.3790000000000001
Epoch: 69, Train Loss: 0.00156, Valid Loss: 0.00181, EPS: 0.3700000000000001
Epoch: 70, Train Loss: 0.00153, Valid Loss: 0.00180, EPS: 0.3610000000000001
Epoch: 71, Train Loss: 0.00153, Valid Loss: 0.00180, EPS: 0.3520000000000001
Epoch: 72, Train Loss: 0.00153, Valid Loss: 0.00180, EPS: 0.343
Epoch: 73, Train Loss: 0.00153, Valid Loss: 0.00181, EPS: 0.334
Epoch: 74, Train Loss: 0.00153, Valid Loss: 0.00180, EPS: 0.325
Epoch: 75, Train Loss: 0.00153, Valid Loss: 0.00181, EPS: 0.316
Epoch: 76, Train Loss: 0.00153, Valid Loss: 0.00181, EPS: 0.307
Epoch: 77, Train Loss: 0.00153, Valid Loss: 0.00181, EPS: 0.298
Epoch: 78, Train Loss: 0.00153, Valid Loss: 0.00181, EPS: 0.289
Epoch: 79, Train Loss: 0.00153, Valid Loss: 0.00181, EPS: 0.27999999999999997
Epoch: 80, Train Loss: 0.00153, Valid Loss: 0.00181, EPS: 0.27099999999999996
Epoch: 81, Train Loss: 0.00153, Valid Loss: 0.00181, EPS: 0.26200000000000007
Epoch: 82, Train Loss: 0.00152, Valid Loss: 0.00180, EPS: 0.25300000000000006
Epoch: 83, Train Loss: 0.00152, Valid Loss: 0.00180, EPS: 0.24400000000000005
Epoch: 84, Train Loss: 0.00152, Valid Loss: 0.00180, EPS: 0.23500000000000004
Epoch: 85, Train Loss: 0.00152, Valid Loss: 0.00180, EPS: 0.22600000000000003
Epoch: 86, Train Loss: 0.00152, Valid Loss: 0.00180, EPS: 0.21700000000000003
Epoch: 87, Train Loss: 0.00152, Valid Loss: 0.00180, EPS: 0.20800000000000002
Epoch: 88, Train Loss: 0.00152, Valid Loss: 0.00180, EPS: 0.199
Epoch: 89, Train Loss: 0.00152, Valid Loss: 0.00180, EPS: 0.19
Epoch: 90, Train Loss: 0.00152, Valid Loss: 0.00181, EPS: 0.181
Epoch: 91, Train Loss: 0.00152, Valid Loss: 0.00180, EPS: 0.172
Epoch: 92, Train Loss: 0.00152, Valid Loss: 0.00181, EPS: 0.16299999999999998
Epoch: 93, Train Loss: 0.00152, Valid Loss: 0.00181, EPS: 0.15400000000000005
Epoch: 94, Train Loss: 0.00152, Valid Loss: 0.00181, EPS: 0.14500000000000005
Epoch: 95, Train Loss: 0.00152, Valid Loss: 0.00180, EPS: 0.13600000000000004
Epoch: 96, Train Loss: 0.00152, Valid Loss: 0.00180, EPS: 0.12700000000000003
Epoch: 97, Train Loss: 0.00152, Valid Loss: 0.00181, EPS: 0.11800000000000002
Epoch: 98, Train Loss: 0.00152, Valid Loss: 0.00180, EPS: 0.10900000000000001
Epoch: 99, Train Loss: 0.00152, Valid Loss: 0.00180, EPS: 0.1
Test Loss: 0.00180
Test Loss: 0.00173
Train: torch.Size([14031, 5, 64, 32]), Valid: torch.Size([4677, 5, 64, 32]), Test: torch.Size([4678, 5, 64, 32])
Starting Downstream Task
Running context window: 5 with stride: 5 with seed: 0
torch.Size([2806, 5, 64, 32])
torch.Size([935, 5, 64, 32])
torch.Size([937, 5, 64, 32])
Shape: (5, 144, 72)
Epoch: 0, Train Loss: 0.00530, Valid Loss: 0.00352, EPS: 0.991
Epoch: 1, Train Loss: 0.00314, Valid Loss: 0.00291, EPS: 0.982
Epoch: 2, Train Loss: 0.00258, Valid Loss: 0.00256, EPS: 0.973
Epoch: 3, Train Loss: 0.00229, Valid Loss: 0.00236, EPS: 0.964
Epoch: 4, Train Loss: 0.00215, Valid Loss: 0.00230, EPS: 0.955
Epoch: 5, Train Loss: 0.00208, Valid Loss: 0.00229, EPS: 0.946
Epoch: 6, Train Loss: 0.00207, Valid Loss: 0.00229, EPS: 0.9369999999999999
Epoch: 7, Train Loss: 0.00205, Valid Loss: 0.00225, EPS: 0.928
Epoch: 8, Train Loss: 0.00206, Valid Loss: 0.00225, EPS: 0.919
Epoch: 9, Train Loss: 0.00203, Valid Loss: 0.00225, EPS: 0.91
Epoch: 10, Train Loss: 0.00201, Valid Loss: 0.00221, EPS: 0.901
Epoch: 11, Train Loss: 0.00199, Valid Loss: 0.00222, EPS: 0.892
Epoch: 12, Train Loss: 0.00200, Valid Loss: 0.00225, EPS: 0.883
Epoch: 13, Train Loss: 0.00200, Valid Loss: 0.00224, EPS: 0.874
Epoch: 14, Train Loss: 0.00199, Valid Loss: 0.00223, EPS: 0.865
Epoch: 15, Train Loss: 0.00199, Valid Loss: 0.00222, EPS: 0.856
Epoch: 16, Train Loss: 0.00198, Valid Loss: 0.00222, EPS: 0.847
Epoch: 17, Train Loss: 0.00197, Valid Loss: 0.00221, EPS: 0.8380000000000001
Epoch: 18, Train Loss: 0.00197, Valid Loss: 0.00224, EPS: 0.8290000000000001
Epoch: 19, Train Loss: 0.00197, Valid Loss: 0.00221, EPS: 0.8200000000000001
Epoch: 20, Train Loss: 0.00196, Valid Loss: 0.00221, EPS: 0.811
Epoch: 21, Train Loss: 0.00195, Valid Loss: 0.00221, EPS: 0.802
Epoch: 22, Train Loss: 0.00196, Valid Loss: 0.00221, EPS: 0.793
Epoch: 23, Train Loss: 0.00196, Valid Loss: 0.00222, EPS: 0.784
Epoch: 24, Train Loss: 0.00196, Valid Loss: 0.00221, EPS: 0.775
Epoch: 25, Train Loss: 0.00192, Valid Loss: 0.00215, EPS: 0.766
Epoch: 26, Train Loss: 0.00192, Valid Loss: 0.00216, EPS: 0.757
Epoch: 27, Train Loss: 0.00190, Valid Loss: 0.00219, EPS: 0.748
Epoch: 28, Train Loss: 0.00188, Valid Loss: 0.00213, EPS: 0.739
Epoch: 29, Train Loss: 0.00190, Valid Loss: 0.00218, EPS: 0.73
Epoch: 30, Train Loss: 0.00193, Valid Loss: 0.00219, EPS: 0.721
Epoch: 31, Train Loss: 0.00192, Valid Loss: 0.00218, EPS: 0.712
Epoch: 32, Train Loss: 0.00190, Valid Loss: 0.00216, EPS: 0.703
Epoch: 33, Train Loss: 0.00190, Valid Loss: 0.00217, EPS: 0.694
Epoch: 34, Train Loss: 0.00190, Valid Loss: 0.00217, EPS: 0.685
Epoch: 35, Train Loss: 0.00189, Valid Loss: 0.00216, EPS: 0.676
Epoch: 36, Train Loss: 0.00189, Valid Loss: 0.00218, EPS: 0.667
Epoch: 37, Train Loss: 0.00189, Valid Loss: 0.00214, EPS: 0.658
Epoch: 38, Train Loss: 0.00189, Valid Loss: 0.00216, EPS: 0.649
Epoch: 39, Train Loss: 0.00190, Valid Loss: 0.00217, EPS: 0.64
Epoch: 40, Train Loss: 0.00175, Valid Loss: 0.00205, EPS: 0.6310000000000001
Epoch: 41, Train Loss: 0.00165, Valid Loss: 0.00201, EPS: 0.6220000000000001
Epoch: 42, Train Loss: 0.00160, Valid Loss: 0.00197, EPS: 0.6130000000000001
Epoch: 43, Train Loss: 0.00158, Valid Loss: 0.00197, EPS: 0.6040000000000001
Epoch: 44, Train Loss: 0.00156, Valid Loss: 0.00196, EPS: 0.5950000000000001
Epoch: 45, Train Loss: 0.00155, Valid Loss: 0.00195, EPS: 0.5860000000000001
Epoch: 46, Train Loss: 0.00155, Valid Loss: 0.00195, EPS: 0.5770000000000001
Epoch: 47, Train Loss: 0.00154, Valid Loss: 0.00195, EPS: 0.5680000000000001
Epoch: 48, Train Loss: 0.00153, Valid Loss: 0.00194, EPS: 0.559
Epoch: 49, Train Loss: 0.00153, Valid Loss: 0.00194, EPS: 0.55
Epoch: 50, Train Loss: 0.00153, Valid Loss: 0.00194, EPS: 0.541
Epoch: 51, Train Loss: 0.00152, Valid Loss: 0.00193, EPS: 0.532
Epoch: 52, Train Loss: 0.00152, Valid Loss: 0.00193, EPS: 0.523
Epoch: 53, Train Loss: 0.00152, Valid Loss: 0.00193, EPS: 0.514
Epoch: 54, Train Loss: 0.00151, Valid Loss: 0.00193, EPS: 0.505
Epoch: 55, Train Loss: 0.00151, Valid Loss: 0.00192, EPS: 0.496
Epoch: 56, Train Loss: 0.00151, Valid Loss: 0.00193, EPS: 0.4870000000000001
Epoch: 57, Train Loss: 0.00150, Valid Loss: 0.00194, EPS: 0.4780000000000001
Epoch: 58, Train Loss: 0.00151, Valid Loss: 0.00193, EPS: 0.4690000000000001
Epoch: 59, Train Loss: 0.00150, Valid Loss: 0.00192, EPS: 0.4600000000000001
Epoch: 60, Train Loss: 0.00150, Valid Loss: 0.00192, EPS: 0.45100000000000007
Epoch: 61, Train Loss: 0.00150, Valid Loss: 0.00191, EPS: 0.44200000000000006
Epoch: 62, Train Loss: 0.00150, Valid Loss: 0.00193, EPS: 0.43300000000000005
Epoch: 63, Train Loss: 0.00149, Valid Loss: 0.00192, EPS: 0.42400000000000004
Epoch: 64, Train Loss: 0.00149, Valid Loss: 0.00192, EPS: 0.41500000000000004
Epoch: 65, Train Loss: 0.00148, Valid Loss: 0.00192, EPS: 0.406
Epoch: 66, Train Loss: 0.00148, Valid Loss: 0.00193, EPS: 0.397
Epoch: 67, Train Loss: 0.00147, Valid Loss: 0.00191, EPS: 0.388
Epoch: 68, Train Loss: 0.00147, Valid Loss: 0.00191, EPS: 0.3790000000000001
Epoch: 69, Train Loss: 0.00146, Valid Loss: 0.00191, EPS: 0.3700000000000001
Epoch: 70, Train Loss: 0.00145, Valid Loss: 0.00190, EPS: 0.3610000000000001
Epoch: 71, Train Loss: 0.00144, Valid Loss: 0.00191, EPS: 0.3520000000000001
Epoch: 72, Train Loss: 0.00144, Valid Loss: 0.00190, EPS: 0.343
Epoch: 73, Train Loss: 0.00144, Valid Loss: 0.00191, EPS: 0.334
Epoch: 74, Train Loss: 0.00144, Valid Loss: 0.00192, EPS: 0.325
Epoch: 75, Train Loss: 0.00144, Valid Loss: 0.00191, EPS: 0.316
Epoch: 76, Train Loss: 0.00143, Valid Loss: 0.00190, EPS: 0.307
Epoch: 77, Train Loss: 0.00143, Valid Loss: 0.00190, EPS: 0.298
Epoch: 78, Train Loss: 0.00142, Valid Loss: 0.00191, EPS: 0.289
Epoch: 79, Train Loss: 0.00143, Valid Loss: 0.00192, EPS: 0.27999999999999997
Epoch: 80, Train Loss: 0.00143, Valid Loss: 0.00191, EPS: 0.27099999999999996
Epoch: 81, Train Loss: 0.00142, Valid Loss: 0.00192, EPS: 0.26200000000000007
Epoch: 82, Train Loss: 0.00143, Valid Loss: 0.00191, EPS: 0.25300000000000006
Epoch: 83, Train Loss: 0.00142, Valid Loss: 0.00191, EPS: 0.24400000000000005
Epoch: 84, Train Loss: 0.00137, Valid Loss: 0.00188, EPS: 0.23500000000000004
Epoch: 85, Train Loss: 0.00136, Valid Loss: 0.00187, EPS: 0.22600000000000003
Epoch: 86, Train Loss: 0.00135, Valid Loss: 0.00188, EPS: 0.21700000000000003
Epoch: 87, Train Loss: 0.00135, Valid Loss: 0.00187, EPS: 0.20800000000000002
Epoch: 88, Train Loss: 0.00134, Valid Loss: 0.00187, EPS: 0.199
Epoch: 89, Train Loss: 0.00134, Valid Loss: 0.00187, EPS: 0.19
Epoch: 90, Train Loss: 0.00134, Valid Loss: 0.00187, EPS: 0.181
Epoch: 91, Train Loss: 0.00134, Valid Loss: 0.00187, EPS: 0.172
Epoch: 92, Train Loss: 0.00134, Valid Loss: 0.00187, EPS: 0.16299999999999998
Epoch: 93, Train Loss: 0.00133, Valid Loss: 0.00187, EPS: 0.15400000000000005
Epoch: 94, Train Loss: 0.00134, Valid Loss: 0.00187, EPS: 0.14500000000000005
Epoch: 95, Train Loss: 0.00133, Valid Loss: 0.00188, EPS: 0.13600000000000004
Epoch: 96, Train Loss: 0.00133, Valid Loss: 0.00188, EPS: 0.12700000000000003
Epoch: 97, Train Loss: 0.00134, Valid Loss: 0.00187, EPS: 0.11800000000000002
Epoch: 98, Train Loss: 0.00133, Valid Loss: 0.00187, EPS: 0.10900000000000001
Epoch: 99, Train Loss: 0.00133, Valid Loss: 0.00187, EPS: 0.1
Test Loss: 0.00187
Test Loss: 0.00183
Running context window: 5 with stride: 10 with seed: 0
torch.Size([2806, 5, 64, 32])
torch.Size([935, 5, 64, 32])
torch.Size([937, 5, 64, 32])
Shape: (5, 144, 72)
Epoch: 0, Train Loss: 0.00662, Valid Loss: 0.00434, EPS: 0.991
Epoch: 1, Train Loss: 0.00377, Valid Loss: 0.00349, EPS: 0.982
Epoch: 2, Train Loss: 0.00319, Valid Loss: 0.00321, EPS: 0.973
Epoch: 3, Train Loss: 0.00281, Valid Loss: 0.00290, EPS: 0.964
Epoch: 4, Train Loss: 0.00248, Valid Loss: 0.00268, EPS: 0.955
Epoch: 5, Train Loss: 0.00225, Valid Loss: 0.00256, EPS: 0.946
Epoch: 6, Train Loss: 0.00210, Valid Loss: 0.00244, EPS: 0.9369999999999999
Epoch: 7, Train Loss: 0.00200, Valid Loss: 0.00243, EPS: 0.928
Epoch: 8, Train Loss: 0.00192, Valid Loss: 0.00238, EPS: 0.919
Epoch: 9, Train Loss: 0.00188, Valid Loss: 0.00235, EPS: 0.91
Epoch: 10, Train Loss: 0.00187, Valid Loss: 0.00238, EPS: 0.901
Epoch: 11, Train Loss: 0.00184, Valid Loss: 0.00235, EPS: 0.892
Epoch: 12, Train Loss: 0.00184, Valid Loss: 0.00235, EPS: 0.883
Epoch: 13, Train Loss: 0.00181, Valid Loss: 0.00231, EPS: 0.874
Epoch: 14, Train Loss: 0.00180, Valid Loss: 0.00233, EPS: 0.865
Epoch: 15, Train Loss: 0.00180, Valid Loss: 0.00232, EPS: 0.856
Epoch: 16, Train Loss: 0.00180, Valid Loss: 0.00233, EPS: 0.847
Epoch: 17, Train Loss: 0.00178, Valid Loss: 0.00229, EPS: 0.8380000000000001
Epoch: 18, Train Loss: 0.00176, Valid Loss: 0.00230, EPS: 0.8290000000000001
Epoch: 19, Train Loss: 0.00175, Valid Loss: 0.00229, EPS: 0.8200000000000001
Epoch: 20, Train Loss: 0.00177, Valid Loss: 0.00231, EPS: 0.811
Epoch: 21, Train Loss: 0.00176, Valid Loss: 0.00231, EPS: 0.802
Epoch: 22, Train Loss: 0.00173, Valid Loss: 0.00227, EPS: 0.793
Epoch: 23, Train Loss: 0.00174, Valid Loss: 0.00229, EPS: 0.784
Epoch: 24, Train Loss: 0.00174, Valid Loss: 0.00226, EPS: 0.775
Epoch: 25, Train Loss: 0.00174, Valid Loss: 0.00230, EPS: 0.766
Epoch: 26, Train Loss: 0.00175, Valid Loss: 0.00231, EPS: 0.757
Epoch: 27, Train Loss: 0.00176, Valid Loss: 0.00231, EPS: 0.748
Epoch: 28, Train Loss: 0.00175, Valid Loss: 0.00230, EPS: 0.739
Epoch: 29, Train Loss: 0.00172, Valid Loss: 0.00232, EPS: 0.73
Epoch: 30, Train Loss: 0.00170, Valid Loss: 0.00229, EPS: 0.721
Epoch: 31, Train Loss: 0.00168, Valid Loss: 0.00225, EPS: 0.712
Epoch: 32, Train Loss: 0.00168, Valid Loss: 0.00228, EPS: 0.703
Epoch: 33, Train Loss: 0.00167, Valid Loss: 0.00224, EPS: 0.694
Epoch: 34, Train Loss: 0.00169, Valid Loss: 0.00226, EPS: 0.685
Epoch: 35, Train Loss: 0.00168, Valid Loss: 0.00232, EPS: 0.676
Epoch: 36, Train Loss: 0.00172, Valid Loss: 0.00229, EPS: 0.667
Epoch: 37, Train Loss: 0.00168, Valid Loss: 0.00226, EPS: 0.658
Epoch: 38, Train Loss: 0.00167, Valid Loss: 0.00224, EPS: 0.649
Epoch: 39, Train Loss: 0.00165, Valid Loss: 0.00229, EPS: 0.64
Epoch: 40, Train Loss: 0.00166, Valid Loss: 0.00230, EPS: 0.6310000000000001
Epoch: 41, Train Loss: 0.00168, Valid Loss: 0.00225, EPS: 0.6220000000000001
Epoch: 42, Train Loss: 0.00168, Valid Loss: 0.00225, EPS: 0.6130000000000001
Epoch: 43, Train Loss: 0.00165, Valid Loss: 0.00228, EPS: 0.6040000000000001
Epoch: 44, Train Loss: 0.00167, Valid Loss: 0.00225, EPS: 0.5950000000000001
Epoch: 45, Train Loss: 0.00166, Valid Loss: 0.00228, EPS: 0.5860000000000001
Epoch: 46, Train Loss: 0.00165, Valid Loss: 0.00232, EPS: 0.5770000000000001
Epoch: 47, Train Loss: 0.00169, Valid Loss: 0.00227, EPS: 0.5680000000000001
Epoch: 48, Train Loss: 0.00167, Valid Loss: 0.00228, EPS: 0.559
Epoch: 49, Train Loss: 0.00166, Valid Loss: 0.00224, EPS: 0.55
Epoch: 50, Train Loss: 0.00164, Valid Loss: 0.00226, EPS: 0.541
Epoch: 51, Train Loss: 0.00163, Valid Loss: 0.00225, EPS: 0.532
Epoch: 52, Train Loss: 0.00162, Valid Loss: 0.00225, EPS: 0.523
Epoch: 53, Train Loss: 0.00161, Valid Loss: 0.00226, EPS: 0.514
Epoch: 54, Train Loss: 0.00164, Valid Loss: 0.00227, EPS: 0.505
Epoch: 55, Train Loss: 0.00162, Valid Loss: 0.00227, EPS: 0.496
Epoch: 56, Train Loss: 0.00164, Valid Loss: 0.00224, EPS: 0.4870000000000001
Epoch: 57, Train Loss: 0.00162, Valid Loss: 0.00224, EPS: 0.4780000000000001
Epoch: 58, Train Loss: 0.00159, Valid Loss: 0.00223, EPS: 0.4690000000000001
Epoch: 59, Train Loss: 0.00161, Valid Loss: 0.00227, EPS: 0.4600000000000001
Epoch: 60, Train Loss: 0.00161, Valid Loss: 0.00223, EPS: 0.45100000000000007
Epoch: 61, Train Loss: 0.00161, Valid Loss: 0.00226, EPS: 0.44200000000000006
Epoch: 62, Train Loss: 0.00163, Valid Loss: 0.00226, EPS: 0.43300000000000005
Epoch: 63, Train Loss: 0.00163, Valid Loss: 0.00224, EPS: 0.42400000000000004
Epoch: 64, Train Loss: 0.00161, Valid Loss: 0.00226, EPS: 0.41500000000000004
Epoch: 65, Train Loss: 0.00162, Valid Loss: 0.00225, EPS: 0.406
Epoch: 66, Train Loss: 0.00164, Valid Loss: 0.00224, EPS: 0.397
Epoch: 67, Train Loss: 0.00163, Valid Loss: 0.00229, EPS: 0.388
Epoch: 68, Train Loss: 0.00165, Valid Loss: 0.00224, EPS: 0.3790000000000001
Epoch: 69, Train Loss: 0.00164, Valid Loss: 0.00228, EPS: 0.3700000000000001
Epoch: 70, Train Loss: 0.00164, Valid Loss: 0.00225, EPS: 0.3610000000000001
Epoch: 71, Train Loss: 0.00163, Valid Loss: 0.00224, EPS: 0.3520000000000001
Epoch: 72, Train Loss: 0.00154, Valid Loss: 0.00216, EPS: 0.343
Epoch: 73, Train Loss: 0.00144, Valid Loss: 0.00213, EPS: 0.334
Epoch: 74, Train Loss: 0.00140, Valid Loss: 0.00212, EPS: 0.325
Epoch: 75, Train Loss: 0.00137, Valid Loss: 0.00209, EPS: 0.316
Epoch: 76, Train Loss: 0.00134, Valid Loss: 0.00207, EPS: 0.307
Epoch: 77, Train Loss: 0.00132, Valid Loss: 0.00207, EPS: 0.298
Epoch: 78, Train Loss: 0.00130, Valid Loss: 0.00206, EPS: 0.289
Epoch: 79, Train Loss: 0.00129, Valid Loss: 0.00206, EPS: 0.27999999999999997
Epoch: 80, Train Loss: 0.00129, Valid Loss: 0.00206, EPS: 0.27099999999999996
Epoch: 81, Train Loss: 0.00128, Valid Loss: 0.00206, EPS: 0.26200000000000007
Epoch: 82, Train Loss: 0.00127, Valid Loss: 0.00206, EPS: 0.25300000000000006
Epoch: 83, Train Loss: 0.00127, Valid Loss: 0.00206, EPS: 0.24400000000000005
Epoch: 84, Train Loss: 0.00127, Valid Loss: 0.00204, EPS: 0.23500000000000004
Epoch: 85, Train Loss: 0.00126, Valid Loss: 0.00205, EPS: 0.22600000000000003
Epoch: 86, Train Loss: 0.00125, Valid Loss: 0.00205, EPS: 0.21700000000000003
Epoch: 87, Train Loss: 0.00125, Valid Loss: 0.00204, EPS: 0.20800000000000002
Epoch: 88, Train Loss: 0.00125, Valid Loss: 0.00204, EPS: 0.199
Epoch: 89, Train Loss: 0.00125, Valid Loss: 0.00205, EPS: 0.19
Epoch: 90, Train Loss: 0.00125, Valid Loss: 0.00205, EPS: 0.181
Epoch: 91, Train Loss: 0.00125, Valid Loss: 0.00204, EPS: 0.172
Epoch: 92, Train Loss: 0.00124, Valid Loss: 0.00204, EPS: 0.16299999999999998
Epoch: 93, Train Loss: 0.00123, Valid Loss: 0.00204, EPS: 0.15400000000000005
Epoch: 94, Train Loss: 0.00124, Valid Loss: 0.00205, EPS: 0.14500000000000005
Epoch: 95, Train Loss: 0.00123, Valid Loss: 0.00205, EPS: 0.13600000000000004
Epoch: 96, Train Loss: 0.00123, Valid Loss: 0.00204, EPS: 0.12700000000000003
Epoch: 97, Train Loss: 0.00122, Valid Loss: 0.00204, EPS: 0.11800000000000002
Epoch: 98, Train Loss: 0.00122, Valid Loss: 0.00203, EPS: 0.10900000000000001
Epoch: 99, Train Loss: 0.00122, Valid Loss: 0.00205, EPS: 0.1
Test Loss: 0.00204
Test Loss: 0.00200
Running context window: 5 with stride: 5 with seed: 42
torch.Size([2806, 5, 64, 32])
torch.Size([935, 5, 64, 32])
torch.Size([937, 5, 64, 32])
Shape: (5, 144, 72)
Epoch: 0, Train Loss: 0.00538, Valid Loss: 0.00351, EPS: 0.991
Epoch: 1, Train Loss: 0.00312, Valid Loss: 0.00295, EPS: 0.982
Epoch: 2, Train Loss: 0.00262, Valid Loss: 0.00262, EPS: 0.973
Epoch: 3, Train Loss: 0.00234, Valid Loss: 0.00241, EPS: 0.964
Epoch: 4, Train Loss: 0.00217, Valid Loss: 0.00233, EPS: 0.955
Epoch: 5, Train Loss: 0.00209, Valid Loss: 0.00230, EPS: 0.946
Epoch: 6, Train Loss: 0.00206, Valid Loss: 0.00229, EPS: 0.9369999999999999
Epoch: 7, Train Loss: 0.00203, Valid Loss: 0.00224, EPS: 0.928
Epoch: 8, Train Loss: 0.00202, Valid Loss: 0.00224, EPS: 0.919
Epoch: 9, Train Loss: 0.00200, Valid Loss: 0.00222, EPS: 0.91
Epoch: 10, Train Loss: 0.00198, Valid Loss: 0.00218, EPS: 0.901
Epoch: 11, Train Loss: 0.00198, Valid Loss: 0.00221, EPS: 0.892
Epoch: 12, Train Loss: 0.00198, Valid Loss: 0.00225, EPS: 0.883
Epoch: 13, Train Loss: 0.00199, Valid Loss: 0.00222, EPS: 0.874
Epoch: 14, Train Loss: 0.00198, Valid Loss: 0.00221, EPS: 0.865
Epoch: 15, Train Loss: 0.00198, Valid Loss: 0.00222, EPS: 0.856
Epoch: 16, Train Loss: 0.00196, Valid Loss: 0.00222, EPS: 0.847
Epoch: 17, Train Loss: 0.00197, Valid Loss: 0.00220, EPS: 0.8380000000000001
Epoch: 18, Train Loss: 0.00196, Valid Loss: 0.00218, EPS: 0.8290000000000001
Epoch: 19, Train Loss: 0.00194, Valid Loss: 0.00219, EPS: 0.8200000000000001
Epoch: 20, Train Loss: 0.00195, Valid Loss: 0.00220, EPS: 0.811
Epoch: 21, Train Loss: 0.00193, Valid Loss: 0.00217, EPS: 0.802
Epoch: 22, Train Loss: 0.00194, Valid Loss: 0.00218, EPS: 0.793
Epoch: 23, Train Loss: 0.00192, Valid Loss: 0.00217, EPS: 0.784
Epoch: 24, Train Loss: 0.00192, Valid Loss: 0.00215, EPS: 0.775
Epoch: 25, Train Loss: 0.00191, Valid Loss: 0.00215, EPS: 0.766
Epoch: 26, Train Loss: 0.00193, Valid Loss: 0.00218, EPS: 0.757
Epoch: 27, Train Loss: 0.00193, Valid Loss: 0.00219, EPS: 0.748
Epoch: 28, Train Loss: 0.00192, Valid Loss: 0.00217, EPS: 0.739
Epoch: 29, Train Loss: 0.00192, Valid Loss: 0.00216, EPS: 0.73
Epoch: 30, Train Loss: 0.00192, Valid Loss: 0.00220, EPS: 0.721
Epoch: 31, Train Loss: 0.00192, Valid Loss: 0.00219, EPS: 0.712
Epoch: 32, Train Loss: 0.00191, Valid Loss: 0.00214, EPS: 0.703
Epoch: 33, Train Loss: 0.00188, Valid Loss: 0.00214, EPS: 0.694
Epoch: 34, Train Loss: 0.00188, Valid Loss: 0.00218, EPS: 0.685
Epoch: 35, Train Loss: 0.00191, Valid Loss: 0.00214, EPS: 0.676
Epoch: 36, Train Loss: 0.00190, Valid Loss: 0.00216, EPS: 0.667
Epoch: 37, Train Loss: 0.00189, Valid Loss: 0.00218, EPS: 0.658
Epoch: 38, Train Loss: 0.00189, Valid Loss: 0.00217, EPS: 0.649
Epoch: 39, Train Loss: 0.00188, Valid Loss: 0.00215, EPS: 0.64
Epoch: 40, Train Loss: 0.00188, Valid Loss: 0.00213, EPS: 0.6310000000000001
Epoch: 41, Train Loss: 0.00188, Valid Loss: 0.00217, EPS: 0.6220000000000001
Epoch: 42, Train Loss: 0.00189, Valid Loss: 0.00216, EPS: 0.6130000000000001
Epoch: 43, Train Loss: 0.00188, Valid Loss: 0.00214, EPS: 0.6040000000000001
Epoch: 44, Train Loss: 0.00189, Valid Loss: 0.00215, EPS: 0.5950000000000001
Epoch: 45, Train Loss: 0.00189, Valid Loss: 0.00216, EPS: 0.5860000000000001
Epoch: 46, Train Loss: 0.00188, Valid Loss: 0.00215, EPS: 0.5770000000000001
Epoch: 47, Train Loss: 0.00187, Valid Loss: 0.00217, EPS: 0.5680000000000001
Epoch: 48, Train Loss: 0.00188, Valid Loss: 0.00213, EPS: 0.559
Epoch: 49, Train Loss: 0.00186, Valid Loss: 0.00215, EPS: 0.55
Epoch: 50, Train Loss: 0.00188, Valid Loss: 0.00214, EPS: 0.541
Epoch: 51, Train Loss: 0.00187, Valid Loss: 0.00214, EPS: 0.532
Epoch: 52, Train Loss: 0.00187, Valid Loss: 0.00216, EPS: 0.523
Epoch: 53, Train Loss: 0.00188, Valid Loss: 0.00218, EPS: 0.514
Epoch: 54, Train Loss: 0.00188, Valid Loss: 0.00216, EPS: 0.505
Epoch: 55, Train Loss: 0.00187, Valid Loss: 0.00215, EPS: 0.496
Epoch: 56, Train Loss: 0.00187, Valid Loss: 0.00213, EPS: 0.4870000000000001
Epoch: 57, Train Loss: 0.00187, Valid Loss: 0.00218, EPS: 0.4780000000000001
Epoch: 58, Train Loss: 0.00187, Valid Loss: 0.00212, EPS: 0.4690000000000001
Epoch: 59, Train Loss: 0.00186, Valid Loss: 0.00215, EPS: 0.4600000000000001
Epoch: 60, Train Loss: 0.00187, Valid Loss: 0.00215, EPS: 0.45100000000000007
Epoch: 61, Train Loss: 0.00188, Valid Loss: 0.00212, EPS: 0.44200000000000006
Epoch: 62, Train Loss: 0.00187, Valid Loss: 0.00213, EPS: 0.43300000000000005
Epoch: 63, Train Loss: 0.00184, Valid Loss: 0.00214, EPS: 0.42400000000000004
Epoch: 64, Train Loss: 0.00184, Valid Loss: 0.00215, EPS: 0.41500000000000004
Epoch: 65, Train Loss: 0.00186, Valid Loss: 0.00212, EPS: 0.406
Epoch: 66, Train Loss: 0.00187, Valid Loss: 0.00213, EPS: 0.397
Epoch: 67, Train Loss: 0.00186, Valid Loss: 0.00215, EPS: 0.388
Epoch: 68, Train Loss: 0.00185, Valid Loss: 0.00212, EPS: 0.3790000000000001
Epoch: 69, Train Loss: 0.00186, Valid Loss: 0.00216, EPS: 0.3700000000000001
Epoch: 70, Train Loss: 0.00172, Valid Loss: 0.00203, EPS: 0.3610000000000001
Epoch: 71, Train Loss: 0.00163, Valid Loss: 0.00199, EPS: 0.3520000000000001
Epoch: 72, Train Loss: 0.00158, Valid Loss: 0.00197, EPS: 0.343
Epoch: 73, Train Loss: 0.00156, Valid Loss: 0.00195, EPS: 0.334
Epoch: 74, Train Loss: 0.00155, Valid Loss: 0.00195, EPS: 0.325
Epoch: 75, Train Loss: 0.00154, Valid Loss: 0.00194, EPS: 0.316
Epoch: 76, Train Loss: 0.00154, Valid Loss: 0.00194, EPS: 0.307
Epoch: 77, Train Loss: 0.00153, Valid Loss: 0.00194, EPS: 0.298
Epoch: 78, Train Loss: 0.00153, Valid Loss: 0.00193, EPS: 0.289
Epoch: 79, Train Loss: 0.00153, Valid Loss: 0.00194, EPS: 0.27999999999999997
Epoch: 80, Train Loss: 0.00152, Valid Loss: 0.00193, EPS: 0.27099999999999996
Epoch: 81, Train Loss: 0.00152, Valid Loss: 0.00193, EPS: 0.26200000000000007
Epoch: 82, Train Loss: 0.00151, Valid Loss: 0.00194, EPS: 0.25300000000000006
Epoch: 83, Train Loss: 0.00151, Valid Loss: 0.00193, EPS: 0.24400000000000005
Epoch: 84, Train Loss: 0.00151, Valid Loss: 0.00192, EPS: 0.23500000000000004
Epoch: 85, Train Loss: 0.00151, Valid Loss: 0.00193, EPS: 0.22600000000000003
Epoch: 86, Train Loss: 0.00151, Valid Loss: 0.00192, EPS: 0.21700000000000003
Epoch: 87, Train Loss: 0.00150, Valid Loss: 0.00192, EPS: 0.20800000000000002
Epoch: 88, Train Loss: 0.00150, Valid Loss: 0.00193, EPS: 0.199
Epoch: 89, Train Loss: 0.00149, Valid Loss: 0.00192, EPS: 0.19
Epoch: 90, Train Loss: 0.00149, Valid Loss: 0.00192, EPS: 0.181
Epoch: 91, Train Loss: 0.00148, Valid Loss: 0.00191, EPS: 0.172
Epoch: 92, Train Loss: 0.00147, Valid Loss: 0.00192, EPS: 0.16299999999999998
Epoch: 93, Train Loss: 0.00147, Valid Loss: 0.00191, EPS: 0.15400000000000005
Epoch: 94, Train Loss: 0.00146, Valid Loss: 0.00191, EPS: 0.14500000000000005
Epoch: 95, Train Loss: 0.00145, Valid Loss: 0.00191, EPS: 0.13600000000000004
Epoch: 96, Train Loss: 0.00144, Valid Loss: 0.00190, EPS: 0.12700000000000003
Epoch: 97, Train Loss: 0.00144, Valid Loss: 0.00190, EPS: 0.11800000000000002
Epoch: 98, Train Loss: 0.00143, Valid Loss: 0.00192, EPS: 0.10900000000000001
Epoch: 99, Train Loss: 0.00145, Valid Loss: 0.00189, EPS: 0.1
Test Loss: 0.00190
Test Loss: 0.00186
Running context window: 5 with stride: 10 with seed: 42
torch.Size([2806, 5, 64, 32])
torch.Size([935, 5, 64, 32])
torch.Size([937, 5, 64, 32])
Shape: (5, 144, 72)
Epoch: 0, Train Loss: 0.00672, Valid Loss: 0.00411, EPS: 0.991
Epoch: 1, Train Loss: 0.00370, Valid Loss: 0.00342, EPS: 0.982
Epoch: 2, Train Loss: 0.00314, Valid Loss: 0.00316, EPS: 0.973
Epoch: 3, Train Loss: 0.00276, Valid Loss: 0.00285, EPS: 0.964
Epoch: 4, Train Loss: 0.00246, Valid Loss: 0.00268, EPS: 0.955
Epoch: 5, Train Loss: 0.00225, Valid Loss: 0.00255, EPS: 0.946
Epoch: 6, Train Loss: 0.00209, Valid Loss: 0.00246, EPS: 0.9369999999999999
Epoch: 7, Train Loss: 0.00200, Valid Loss: 0.00241, EPS: 0.928
Epoch: 8, Train Loss: 0.00194, Valid Loss: 0.00237, EPS: 0.919
Epoch: 9, Train Loss: 0.00189, Valid Loss: 0.00237, EPS: 0.91
Epoch: 10, Train Loss: 0.00188, Valid Loss: 0.00237, EPS: 0.901
Epoch: 11, Train Loss: 0.00183, Valid Loss: 0.00235, EPS: 0.892
Epoch: 12, Train Loss: 0.00182, Valid Loss: 0.00234, EPS: 0.883
Epoch: 13, Train Loss: 0.00180, Valid Loss: 0.00232, EPS: 0.874
Epoch: 14, Train Loss: 0.00179, Valid Loss: 0.00233, EPS: 0.865
Epoch: 15, Train Loss: 0.00178, Valid Loss: 0.00234, EPS: 0.856
Epoch: 16, Train Loss: 0.00178, Valid Loss: 0.00236, EPS: 0.847
Epoch: 17, Train Loss: 0.00179, Valid Loss: 0.00230, EPS: 0.8380000000000001
Epoch: 18, Train Loss: 0.00177, Valid Loss: 0.00234, EPS: 0.8290000000000001
Epoch: 19, Train Loss: 0.00179, Valid Loss: 0.00231, EPS: 0.8200000000000001
Epoch: 20, Train Loss: 0.00179, Valid Loss: 0.00233, EPS: 0.811
Epoch: 21, Train Loss: 0.00178, Valid Loss: 0.00232, EPS: 0.802
Epoch: 22, Train Loss: 0.00177, Valid Loss: 0.00231, EPS: 0.793
Epoch: 23, Train Loss: 0.00174, Valid Loss: 0.00229, EPS: 0.784
Epoch: 24, Train Loss: 0.00174, Valid Loss: 0.00229, EPS: 0.775
Epoch: 25, Train Loss: 0.00173, Valid Loss: 0.00228, EPS: 0.766
Epoch: 26, Train Loss: 0.00173, Valid Loss: 0.00227, EPS: 0.757
Epoch: 27, Train Loss: 0.00170, Valid Loss: 0.00228, EPS: 0.748
Epoch: 28, Train Loss: 0.00171, Valid Loss: 0.00225, EPS: 0.739
Epoch: 29, Train Loss: 0.00169, Valid Loss: 0.00225, EPS: 0.73
Epoch: 30, Train Loss: 0.00170, Valid Loss: 0.00228, EPS: 0.721
Epoch: 31, Train Loss: 0.00171, Valid Loss: 0.00229, EPS: 0.712
Epoch: 32, Train Loss: 0.00173, Valid Loss: 0.00230, EPS: 0.703
Epoch: 33, Train Loss: 0.00171, Valid Loss: 0.00228, EPS: 0.694
Epoch: 34, Train Loss: 0.00171, Valid Loss: 0.00230, EPS: 0.685
Epoch: 35, Train Loss: 0.00171, Valid Loss: 0.00226, EPS: 0.676
Epoch: 36, Train Loss: 0.00170, Valid Loss: 0.00228, EPS: 0.667
Epoch: 37, Train Loss: 0.00166, Valid Loss: 0.00226, EPS: 0.658
Epoch: 38, Train Loss: 0.00168, Valid Loss: 0.00226, EPS: 0.649
Epoch: 39, Train Loss: 0.00167, Valid Loss: 0.00225, EPS: 0.64
Epoch: 40, Train Loss: 0.00156, Valid Loss: 0.00217, EPS: 0.6310000000000001
Epoch: 41, Train Loss: 0.00148, Valid Loss: 0.00214, EPS: 0.6220000000000001
Epoch: 42, Train Loss: 0.00143, Valid Loss: 0.00211, EPS: 0.6130000000000001
Epoch: 43, Train Loss: 0.00139, Valid Loss: 0.00208, EPS: 0.6040000000000001
Epoch: 44, Train Loss: 0.00137, Valid Loss: 0.00208, EPS: 0.5950000000000001
Epoch: 45, Train Loss: 0.00135, Valid Loss: 0.00207, EPS: 0.5860000000000001
Epoch: 46, Train Loss: 0.00134, Valid Loss: 0.00205, EPS: 0.5770000000000001
Epoch: 47, Train Loss: 0.00134, Valid Loss: 0.00205, EPS: 0.5680000000000001
Epoch: 48, Train Loss: 0.00133, Valid Loss: 0.00206, EPS: 0.559
Epoch: 49, Train Loss: 0.00132, Valid Loss: 0.00205, EPS: 0.55
Epoch: 50, Train Loss: 0.00131, Valid Loss: 0.00205, EPS: 0.541
Epoch: 51, Train Loss: 0.00132, Valid Loss: 0.00205, EPS: 0.532
Epoch: 52, Train Loss: 0.00131, Valid Loss: 0.00206, EPS: 0.523
Epoch: 53, Train Loss: 0.00130, Valid Loss: 0.00204, EPS: 0.514
Epoch: 54, Train Loss: 0.00130, Valid Loss: 0.00205, EPS: 0.505
Epoch: 55, Train Loss: 0.00128, Valid Loss: 0.00205, EPS: 0.496
Epoch: 56, Train Loss: 0.00128, Valid Loss: 0.00205, EPS: 0.4870000000000001
Epoch: 57, Train Loss: 0.00127, Valid Loss: 0.00204, EPS: 0.4780000000000001
Epoch: 58, Train Loss: 0.00128, Valid Loss: 0.00205, EPS: 0.4690000000000001
Epoch: 59, Train Loss: 0.00128, Valid Loss: 0.00204, EPS: 0.4600000000000001
Epoch: 60, Train Loss: 0.00127, Valid Loss: 0.00203, EPS: 0.45100000000000007
Epoch: 61, Train Loss: 0.00127, Valid Loss: 0.00205, EPS: 0.44200000000000006
Epoch: 62, Train Loss: 0.00126, Valid Loss: 0.00205, EPS: 0.43300000000000005
Epoch: 63, Train Loss: 0.00126, Valid Loss: 0.00203, EPS: 0.42400000000000004
Epoch: 64, Train Loss: 0.00125, Valid Loss: 0.00204, EPS: 0.41500000000000004
Epoch: 65, Train Loss: 0.00124, Valid Loss: 0.00203, EPS: 0.406
Epoch: 66, Train Loss: 0.00125, Valid Loss: 0.00204, EPS: 0.397
Epoch: 67, Train Loss: 0.00124, Valid Loss: 0.00205, EPS: 0.388
Epoch: 68, Train Loss: 0.00124, Valid Loss: 0.00206, EPS: 0.3790000000000001
Epoch: 69, Train Loss: 0.00124, Valid Loss: 0.00205, EPS: 0.3700000000000001
Epoch: 70, Train Loss: 0.00123, Valid Loss: 0.00203, EPS: 0.3610000000000001
Epoch: 71, Train Loss: 0.00122, Valid Loss: 0.00204, EPS: 0.3520000000000001
Epoch: 72, Train Loss: 0.00122, Valid Loss: 0.00204, EPS: 0.343
Epoch: 73, Train Loss: 0.00121, Valid Loss: 0.00205, EPS: 0.334
Epoch: 74, Train Loss: 0.00121, Valid Loss: 0.00204, EPS: 0.325
Epoch: 75, Train Loss: 0.00120, Valid Loss: 0.00203, EPS: 0.316
Epoch: 76, Train Loss: 0.00120, Valid Loss: 0.00204, EPS: 0.307
Epoch: 77, Train Loss: 0.00119, Valid Loss: 0.00204, EPS: 0.298
Epoch: 78, Train Loss: 0.00118, Valid Loss: 0.00206, EPS: 0.289
Epoch: 79, Train Loss: 0.00117, Valid Loss: 0.00205, EPS: 0.27999999999999997
Epoch: 80, Train Loss: 0.00117, Valid Loss: 0.00203, EPS: 0.27099999999999996
Epoch: 81, Train Loss: 0.00117, Valid Loss: 0.00206, EPS: 0.26200000000000007
Epoch: 82, Train Loss: 0.00114, Valid Loss: 0.00204, EPS: 0.25300000000000006
Epoch: 83, Train Loss: 0.00112, Valid Loss: 0.00202, EPS: 0.24400000000000005
Epoch: 84, Train Loss: 0.00112, Valid Loss: 0.00202, EPS: 0.23500000000000004
Epoch: 85, Train Loss: 0.00112, Valid Loss: 0.00201, EPS: 0.22600000000000003
Epoch: 86, Train Loss: 0.00111, Valid Loss: 0.00200, EPS: 0.21700000000000003
Epoch: 87, Train Loss: 0.00111, Valid Loss: 0.00203, EPS: 0.20800000000000002
Epoch: 88, Train Loss: 0.00111, Valid Loss: 0.00201, EPS: 0.199
Epoch: 89, Train Loss: 0.00111, Valid Loss: 0.00201, EPS: 0.19
Epoch: 90, Train Loss: 0.00112, Valid Loss: 0.00202, EPS: 0.181
Epoch: 91, Train Loss: 0.00111, Valid Loss: 0.00203, EPS: 0.172
Epoch: 92, Train Loss: 0.00111, Valid Loss: 0.00201, EPS: 0.16299999999999998
Epoch: 93, Train Loss: 0.00109, Valid Loss: 0.00202, EPS: 0.15400000000000005
Epoch: 94, Train Loss: 0.00110, Valid Loss: 0.00202, EPS: 0.14500000000000005
Epoch: 95, Train Loss: 0.00111, Valid Loss: 0.00201, EPS: 0.13600000000000004
Epoch: 96, Train Loss: 0.00109, Valid Loss: 0.00203, EPS: 0.12700000000000003
Epoch: 97, Train Loss: 0.00109, Valid Loss: 0.00201, EPS: 0.11800000000000002
Epoch: 98, Train Loss: 0.00109, Valid Loss: 0.00203, EPS: 0.10900000000000001
Epoch: 99, Train Loss: 0.00109, Valid Loss: 0.00203, EPS: 0.1
Test Loss: 0.00202
Test Loss: 0.00199
Running context window: 5 with stride: 5 with seed: 123
torch.Size([2806, 5, 64, 32])
torch.Size([935, 5, 64, 32])
torch.Size([937, 5, 64, 32])
Shape: (5, 144, 72)
Epoch: 0, Train Loss: 0.00573, Valid Loss: 0.00356, EPS: 0.991
Epoch: 1, Train Loss: 0.00320, Valid Loss: 0.00297, EPS: 0.982
Epoch: 2, Train Loss: 0.00265, Valid Loss: 0.00260, EPS: 0.973
Epoch: 3, Train Loss: 0.00233, Valid Loss: 0.00240, EPS: 0.964
Epoch: 4, Train Loss: 0.00216, Valid Loss: 0.00232, EPS: 0.955
Epoch: 5, Train Loss: 0.00208, Valid Loss: 0.00230, EPS: 0.946
Epoch: 6, Train Loss: 0.00206, Valid Loss: 0.00226, EPS: 0.9369999999999999
Epoch: 7, Train Loss: 0.00203, Valid Loss: 0.00225, EPS: 0.928
Epoch: 8, Train Loss: 0.00202, Valid Loss: 0.00226, EPS: 0.919
Epoch: 9, Train Loss: 0.00201, Valid Loss: 0.00224, EPS: 0.91
Epoch: 10, Train Loss: 0.00200, Valid Loss: 0.00222, EPS: 0.901
Epoch: 11, Train Loss: 0.00200, Valid Loss: 0.00223, EPS: 0.892
Epoch: 12, Train Loss: 0.00200, Valid Loss: 0.00221, EPS: 0.883
Epoch: 13, Train Loss: 0.00198, Valid Loss: 0.00220, EPS: 0.874
Epoch: 14, Train Loss: 0.00197, Valid Loss: 0.00221, EPS: 0.865
Epoch: 15, Train Loss: 0.00197, Valid Loss: 0.00221, EPS: 0.856
Epoch: 16, Train Loss: 0.00196, Valid Loss: 0.00222, EPS: 0.847
Epoch: 17, Train Loss: 0.00195, Valid Loss: 0.00220, EPS: 0.8380000000000001
Epoch: 18, Train Loss: 0.00195, Valid Loss: 0.00219, EPS: 0.8290000000000001
Epoch: 19, Train Loss: 0.00195, Valid Loss: 0.00221, EPS: 0.8200000000000001
Epoch: 20, Train Loss: 0.00194, Valid Loss: 0.00221, EPS: 0.811
Epoch: 21, Train Loss: 0.00195, Valid Loss: 0.00220, EPS: 0.802
Epoch: 22, Train Loss: 0.00194, Valid Loss: 0.00217, EPS: 0.793
Epoch: 23, Train Loss: 0.00193, Valid Loss: 0.00219, EPS: 0.784
Epoch: 24, Train Loss: 0.00192, Valid Loss: 0.00216, EPS: 0.775
Epoch: 25, Train Loss: 0.00192, Valid Loss: 0.00216, EPS: 0.766
Epoch: 26, Train Loss: 0.00190, Valid Loss: 0.00216, EPS: 0.757
Epoch: 27, Train Loss: 0.00190, Valid Loss: 0.00218, EPS: 0.748
Epoch: 28, Train Loss: 0.00191, Valid Loss: 0.00218, EPS: 0.739
Epoch: 29, Train Loss: 0.00190, Valid Loss: 0.00217, EPS: 0.73
Epoch: 30, Train Loss: 0.00190, Valid Loss: 0.00215, EPS: 0.721
Epoch: 31, Train Loss: 0.00190, Valid Loss: 0.00215, EPS: 0.712
Epoch: 32, Train Loss: 0.00190, Valid Loss: 0.00218, EPS: 0.703
Epoch: 33, Train Loss: 0.00190, Valid Loss: 0.00215, EPS: 0.694
Epoch: 34, Train Loss: 0.00189, Valid Loss: 0.00218, EPS: 0.685
Epoch: 35, Train Loss: 0.00189, Valid Loss: 0.00216, EPS: 0.676
Epoch: 36, Train Loss: 0.00188, Valid Loss: 0.00214, EPS: 0.667
Epoch: 37, Train Loss: 0.00187, Valid Loss: 0.00214, EPS: 0.658
Epoch: 38, Train Loss: 0.00187, Valid Loss: 0.00214, EPS: 0.649
Epoch: 39, Train Loss: 0.00186, Valid Loss: 0.00216, EPS: 0.64
Epoch: 40, Train Loss: 0.00187, Valid Loss: 0.00215, EPS: 0.6310000000000001
Epoch: 41, Train Loss: 0.00188, Valid Loss: 0.00214, EPS: 0.6220000000000001
Epoch: 42, Train Loss: 0.00188, Valid Loss: 0.00216, EPS: 0.6130000000000001
Epoch: 43, Train Loss: 0.00190, Valid Loss: 0.00217, EPS: 0.6040000000000001
Epoch: 44, Train Loss: 0.00189, Valid Loss: 0.00217, EPS: 0.5950000000000001
Epoch: 45, Train Loss: 0.00188, Valid Loss: 0.00216, EPS: 0.5860000000000001
Epoch: 46, Train Loss: 0.00189, Valid Loss: 0.00217, EPS: 0.5770000000000001
Epoch: 47, Train Loss: 0.00189, Valid Loss: 0.00216, EPS: 0.5680000000000001
Epoch: 48, Train Loss: 0.00187, Valid Loss: 0.00216, EPS: 0.559
Epoch: 49, Train Loss: 0.00186, Valid Loss: 0.00212, EPS: 0.55
Epoch: 50, Train Loss: 0.00187, Valid Loss: 0.00213, EPS: 0.541
Epoch: 51, Train Loss: 0.00187, Valid Loss: 0.00216, EPS: 0.532
Epoch: 52, Train Loss: 0.00187, Valid Loss: 0.00217, EPS: 0.523
Epoch: 53, Train Loss: 0.00188, Valid Loss: 0.00215, EPS: 0.514
Epoch: 54, Train Loss: 0.00186, Valid Loss: 0.00217, EPS: 0.505
Epoch: 55, Train Loss: 0.00188, Valid Loss: 0.00215, EPS: 0.496
Epoch: 56, Train Loss: 0.00188, Valid Loss: 0.00214, EPS: 0.4870000000000001
Epoch: 57, Train Loss: 0.00188, Valid Loss: 0.00217, EPS: 0.4780000000000001
Epoch: 58, Train Loss: 0.00187, Valid Loss: 0.00215, EPS: 0.4690000000000001
Epoch: 59, Train Loss: 0.00184, Valid Loss: 0.00215, EPS: 0.4600000000000001
Epoch: 60, Train Loss: 0.00186, Valid Loss: 0.00217, EPS: 0.45100000000000007
Epoch: 61, Train Loss: 0.00173, Valid Loss: 0.00204, EPS: 0.44200000000000006
Epoch: 62, Train Loss: 0.00163, Valid Loss: 0.00199, EPS: 0.43300000000000005
Epoch: 63, Train Loss: 0.00159, Valid Loss: 0.00197, EPS: 0.42400000000000004
Epoch: 64, Train Loss: 0.00156, Valid Loss: 0.00195, EPS: 0.41500000000000004
Epoch: 65, Train Loss: 0.00155, Valid Loss: 0.00195, EPS: 0.406
Epoch: 66, Train Loss: 0.00154, Valid Loss: 0.00195, EPS: 0.397
Epoch: 67, Train Loss: 0.00153, Valid Loss: 0.00195, EPS: 0.388
Epoch: 68, Train Loss: 0.00153, Valid Loss: 0.00193, EPS: 0.3790000000000001
Epoch: 69, Train Loss: 0.00152, Valid Loss: 0.00193, EPS: 0.3700000000000001
Epoch: 70, Train Loss: 0.00152, Valid Loss: 0.00193, EPS: 0.3610000000000001
Epoch: 71, Train Loss: 0.00152, Valid Loss: 0.00193, EPS: 0.3520000000000001
Epoch: 72, Train Loss: 0.00151, Valid Loss: 0.00194, EPS: 0.343
Epoch: 73, Train Loss: 0.00151, Valid Loss: 0.00193, EPS: 0.334
Epoch: 74, Train Loss: 0.00151, Valid Loss: 0.00193, EPS: 0.325
Epoch: 75, Train Loss: 0.00151, Valid Loss: 0.00194, EPS: 0.316
Epoch: 76, Train Loss: 0.00150, Valid Loss: 0.00194, EPS: 0.307
Epoch: 77, Train Loss: 0.00150, Valid Loss: 0.00193, EPS: 0.298
Epoch: 78, Train Loss: 0.00150, Valid Loss: 0.00193, EPS: 0.289
Epoch: 79, Train Loss: 0.00149, Valid Loss: 0.00192, EPS: 0.27999999999999997
Epoch: 80, Train Loss: 0.00150, Valid Loss: 0.00193, EPS: 0.27099999999999996
Epoch: 81, Train Loss: 0.00150, Valid Loss: 0.00193, EPS: 0.26200000000000007
Epoch: 82, Train Loss: 0.00149, Valid Loss: 0.00194, EPS: 0.25300000000000006
Epoch: 83, Train Loss: 0.00149, Valid Loss: 0.00192, EPS: 0.24400000000000005
Epoch: 84, Train Loss: 0.00148, Valid Loss: 0.00193, EPS: 0.23500000000000004
Epoch: 85, Train Loss: 0.00147, Valid Loss: 0.00192, EPS: 0.22600000000000003
Epoch: 86, Train Loss: 0.00147, Valid Loss: 0.00192, EPS: 0.21700000000000003
Epoch: 87, Train Loss: 0.00146, Valid Loss: 0.00191, EPS: 0.20800000000000002
Epoch: 88, Train Loss: 0.00145, Valid Loss: 0.00191, EPS: 0.199
Epoch: 89, Train Loss: 0.00145, Valid Loss: 0.00190, EPS: 0.19
Epoch: 90, Train Loss: 0.00144, Valid Loss: 0.00191, EPS: 0.181
Epoch: 91, Train Loss: 0.00144, Valid Loss: 0.00191, EPS: 0.172
Epoch: 92, Train Loss: 0.00144, Valid Loss: 0.00192, EPS: 0.16299999999999998
Epoch: 93, Train Loss: 0.00144, Valid Loss: 0.00192, EPS: 0.15400000000000005
Epoch: 94, Train Loss: 0.00144, Valid Loss: 0.00191, EPS: 0.14500000000000005
Epoch: 95, Train Loss: 0.00144, Valid Loss: 0.00192, EPS: 0.13600000000000004
Epoch: 96, Train Loss: 0.00143, Valid Loss: 0.00190, EPS: 0.12700000000000003
Epoch: 97, Train Loss: 0.00142, Valid Loss: 0.00189, EPS: 0.11800000000000002
Epoch: 98, Train Loss: 0.00142, Valid Loss: 0.00191, EPS: 0.10900000000000001
Epoch: 99, Train Loss: 0.00143, Valid Loss: 0.00191, EPS: 0.1
Test Loss: 0.00190
Test Loss: 0.00187
Running context window: 5 with stride: 10 with seed: 123
torch.Size([2806, 5, 64, 32])
torch.Size([935, 5, 64, 32])
torch.Size([937, 5, 64, 32])
Shape: (5, 144, 72)
Epoch: 0, Train Loss: 0.00657, Valid Loss: 0.00410, EPS: 0.991
Epoch: 1, Train Loss: 0.00364, Valid Loss: 0.00340, EPS: 0.982
Epoch: 2, Train Loss: 0.00308, Valid Loss: 0.00309, EPS: 0.973
Epoch: 3, Train Loss: 0.00276, Valid Loss: 0.00290, EPS: 0.964
Epoch: 4, Train Loss: 0.00246, Valid Loss: 0.00266, EPS: 0.955
Epoch: 5, Train Loss: 0.00225, Valid Loss: 0.00258, EPS: 0.946
Epoch: 6, Train Loss: 0.00212, Valid Loss: 0.00251, EPS: 0.9369999999999999
Epoch: 7, Train Loss: 0.00203, Valid Loss: 0.00244, EPS: 0.928
Epoch: 8, Train Loss: 0.00197, Valid Loss: 0.00240, EPS: 0.919
Epoch: 9, Train Loss: 0.00190, Valid Loss: 0.00235, EPS: 0.91
Epoch: 10, Train Loss: 0.00188, Valid Loss: 0.00235, EPS: 0.901
Epoch: 11, Train Loss: 0.00186, Valid Loss: 0.00231, EPS: 0.892
Epoch: 12, Train Loss: 0.00181, Valid Loss: 0.00231, EPS: 0.883
Epoch: 13, Train Loss: 0.00180, Valid Loss: 0.00234, EPS: 0.874
Epoch: 14, Train Loss: 0.00179, Valid Loss: 0.00230, EPS: 0.865
Epoch: 15, Train Loss: 0.00178, Valid Loss: 0.00233, EPS: 0.856
Epoch: 16, Train Loss: 0.00179, Valid Loss: 0.00231, EPS: 0.847
Epoch: 17, Train Loss: 0.00178, Valid Loss: 0.00231, EPS: 0.8380000000000001
Epoch: 18, Train Loss: 0.00176, Valid Loss: 0.00231, EPS: 0.8290000000000001
Epoch: 19, Train Loss: 0.00175, Valid Loss: 0.00230, EPS: 0.8200000000000001
Epoch: 20, Train Loss: 0.00175, Valid Loss: 0.00227, EPS: 0.811
Epoch: 21, Train Loss: 0.00174, Valid Loss: 0.00229, EPS: 0.802
Epoch: 22, Train Loss: 0.00174, Valid Loss: 0.00231, EPS: 0.793
Epoch: 23, Train Loss: 0.00172, Valid Loss: 0.00233, EPS: 0.784
Epoch: 24, Train Loss: 0.00177, Valid Loss: 0.00235, EPS: 0.775
Epoch: 25, Train Loss: 0.00177, Valid Loss: 0.00231, EPS: 0.766
Epoch: 26, Train Loss: 0.00176, Valid Loss: 0.00232, EPS: 0.757
Epoch: 27, Train Loss: 0.00173, Valid Loss: 0.00232, EPS: 0.748
Epoch: 28, Train Loss: 0.00175, Valid Loss: 0.00230, EPS: 0.739
Epoch: 29, Train Loss: 0.00173, Valid Loss: 0.00229, EPS: 0.73
Epoch: 30, Train Loss: 0.00171, Valid Loss: 0.00228, EPS: 0.721
Epoch: 31, Train Loss: 0.00171, Valid Loss: 0.00231, EPS: 0.712
Epoch: 32, Train Loss: 0.00158, Valid Loss: 0.00222, EPS: 0.703
Epoch: 33, Train Loss: 0.00150, Valid Loss: 0.00216, EPS: 0.694
Epoch: 34, Train Loss: 0.00147, Valid Loss: 0.00213, EPS: 0.685
Epoch: 35, Train Loss: 0.00142, Valid Loss: 0.00212, EPS: 0.676
Epoch: 36, Train Loss: 0.00140, Valid Loss: 0.00211, EPS: 0.667
Epoch: 37, Train Loss: 0.00138, Valid Loss: 0.00210, EPS: 0.658
Epoch: 38, Train Loss: 0.00137, Valid Loss: 0.00208, EPS: 0.649
Epoch: 39, Train Loss: 0.00137, Valid Loss: 0.00208, EPS: 0.64
Epoch: 40, Train Loss: 0.00135, Valid Loss: 0.00208, EPS: 0.6310000000000001
Epoch: 41, Train Loss: 0.00135, Valid Loss: 0.00207, EPS: 0.6220000000000001
Epoch: 42, Train Loss: 0.00134, Valid Loss: 0.00207, EPS: 0.6130000000000001
Epoch: 43, Train Loss: 0.00134, Valid Loss: 0.00208, EPS: 0.6040000000000001
Epoch: 44, Train Loss: 0.00134, Valid Loss: 0.00207, EPS: 0.5950000000000001
Epoch: 45, Train Loss: 0.00133, Valid Loss: 0.00207, EPS: 0.5860000000000001
Epoch: 46, Train Loss: 0.00133, Valid Loss: 0.00206, EPS: 0.5770000000000001
Epoch: 47, Train Loss: 0.00132, Valid Loss: 0.00206, EPS: 0.5680000000000001
Epoch: 48, Train Loss: 0.00131, Valid Loss: 0.00207, EPS: 0.559
Epoch: 49, Train Loss: 0.00131, Valid Loss: 0.00207, EPS: 0.55
Epoch: 50, Train Loss: 0.00131, Valid Loss: 0.00208, EPS: 0.541
Epoch: 51, Train Loss: 0.00131, Valid Loss: 0.00207, EPS: 0.532
Epoch: 52, Train Loss: 0.00130, Valid Loss: 0.00205, EPS: 0.523
Epoch: 53, Train Loss: 0.00130, Valid Loss: 0.00206, EPS: 0.514
Epoch: 54, Train Loss: 0.00130, Valid Loss: 0.00207, EPS: 0.505
Epoch: 55, Train Loss: 0.00129, Valid Loss: 0.00207, EPS: 0.496
Epoch: 56, Train Loss: 0.00130, Valid Loss: 0.00206, EPS: 0.4870000000000001
Epoch: 57, Train Loss: 0.00128, Valid Loss: 0.00207, EPS: 0.4780000000000001
Epoch: 58, Train Loss: 0.00128, Valid Loss: 0.00207, EPS: 0.4690000000000001
Epoch: 59, Train Loss: 0.00128, Valid Loss: 0.00205, EPS: 0.4600000000000001
Epoch: 60, Train Loss: 0.00126, Valid Loss: 0.00206, EPS: 0.45100000000000007
Epoch: 61, Train Loss: 0.00127, Valid Loss: 0.00205, EPS: 0.44200000000000006
Epoch: 62, Train Loss: 0.00127, Valid Loss: 0.00206, EPS: 0.43300000000000005
Epoch: 63, Train Loss: 0.00127, Valid Loss: 0.00205, EPS: 0.42400000000000004
Epoch: 64, Train Loss: 0.00126, Valid Loss: 0.00206, EPS: 0.41500000000000004
Epoch: 65, Train Loss: 0.00125, Valid Loss: 0.00206, EPS: 0.406
Epoch: 66, Train Loss: 0.00125, Valid Loss: 0.00205, EPS: 0.397
Epoch: 67, Train Loss: 0.00124, Valid Loss: 0.00205, EPS: 0.388
Epoch: 68, Train Loss: 0.00124, Valid Loss: 0.00206, EPS: 0.3790000000000001
Epoch: 69, Train Loss: 0.00123, Valid Loss: 0.00206, EPS: 0.3700000000000001
Epoch: 70, Train Loss: 0.00122, Valid Loss: 0.00206, EPS: 0.3610000000000001
Epoch: 71, Train Loss: 0.00121, Valid Loss: 0.00207, EPS: 0.3520000000000001
Epoch: 72, Train Loss: 0.00121, Valid Loss: 0.00206, EPS: 0.343
Epoch: 73, Train Loss: 0.00118, Valid Loss: 0.00204, EPS: 0.334
Epoch: 74, Train Loss: 0.00118, Valid Loss: 0.00205, EPS: 0.325
Epoch: 75, Train Loss: 0.00117, Valid Loss: 0.00205, EPS: 0.316
Epoch: 76, Train Loss: 0.00117, Valid Loss: 0.00204, EPS: 0.307
Epoch: 77, Train Loss: 0.00117, Valid Loss: 0.00205, EPS: 0.298
Epoch: 78, Train Loss: 0.00116, Valid Loss: 0.00204, EPS: 0.289
Epoch: 79, Train Loss: 0.00115, Valid Loss: 0.00204, EPS: 0.27999999999999997
Epoch: 80, Train Loss: 0.00115, Valid Loss: 0.00205, EPS: 0.27099999999999996
Epoch: 81, Train Loss: 0.00116, Valid Loss: 0.00203, EPS: 0.26200000000000007
Epoch: 82, Train Loss: 0.00116, Valid Loss: 0.00205, EPS: 0.25300000000000006
Epoch: 83, Train Loss: 0.00115, Valid Loss: 0.00202, EPS: 0.24400000000000005
Epoch: 84, Train Loss: 0.00115, Valid Loss: 0.00203, EPS: 0.23500000000000004
Epoch: 85, Train Loss: 0.00115, Valid Loss: 0.00204, EPS: 0.22600000000000003
Epoch: 86, Train Loss: 0.00114, Valid Loss: 0.00204, EPS: 0.21700000000000003
Epoch: 87, Train Loss: 0.00114, Valid Loss: 0.00203, EPS: 0.20800000000000002
Epoch: 88, Train Loss: 0.00114, Valid Loss: 0.00203, EPS: 0.199
Epoch: 89, Train Loss: 0.00114, Valid Loss: 0.00205, EPS: 0.19
Epoch: 90, Train Loss: 0.00114, Valid Loss: 0.00203, EPS: 0.181
Epoch: 91, Train Loss: 0.00114, Valid Loss: 0.00203, EPS: 0.172
Epoch: 92, Train Loss: 0.00113, Valid Loss: 0.00204, EPS: 0.16299999999999998
Epoch: 93, Train Loss: 0.00114, Valid Loss: 0.00204, EPS: 0.15400000000000005
Epoch: 94, Train Loss: 0.00112, Valid Loss: 0.00203, EPS: 0.14500000000000005
Epoch: 95, Train Loss: 0.00113, Valid Loss: 0.00203, EPS: 0.13600000000000004
Epoch: 96, Train Loss: 0.00113, Valid Loss: 0.00204, EPS: 0.12700000000000003
Epoch: 97, Train Loss: 0.00113, Valid Loss: 0.00203, EPS: 0.11800000000000002
Epoch: 98, Train Loss: 0.00113, Valid Loss: 0.00204, EPS: 0.10900000000000001
Epoch: 99, Train Loss: 0.00113, Valid Loss: 0.00202, EPS: 0.1
Test Loss: 0.00203
Test Loss: 0.00200
nohup: ignoring input
Train: torch.Size([14031, 5, 64, 32]), Valid: torch.Size([4677, 5, 64, 32]), Test: torch.Size([4678, 5, 64, 32])
Input shape: (C=5, H=144, W=72)
Fine Tuning Both
Starting Downstream Task
Training Decoder
Starting Latent Downstream Task
4
Epoch: 1, Train Loss: 0.4844, Valid Loss: 0.3179, LR: 0.001
Epoch: 2, Train Loss: 0.2087, Valid Loss: 0.1793, LR: 0.001
Epoch: 3, Train Loss: 0.1505, Valid Loss: 0.1345, LR: 0.001
Epoch: 4, Train Loss: 0.1327, Valid Loss: 0.1557, LR: 0.001
Epoch: 5, Train Loss: 0.1239, Valid Loss: 0.1224, LR: 0.001
Epoch: 6, Train Loss: 0.1266, Valid Loss: 0.1589, LR: 0.001
Epoch: 7, Train Loss: 0.1094, Valid Loss: 0.1227, LR: 0.001
Epoch: 8, Train Loss: 0.1077, Valid Loss: 0.1221, LR: 0.001
Epoch: 9, Train Loss: 0.1199, Valid Loss: 0.1372, LR: 0.001
Epoch: 10, Train Loss: 0.1020, Valid Loss: 0.1306, LR: 0.001
Epoch: 11, Train Loss: 0.1164, Valid Loss: 0.1354, LR: 0.001
Epoch: 12, Train Loss: 0.1200, Valid Loss: 0.1279, LR: 0.001
Epoch: 13, Train Loss: 0.0973, Valid Loss: 0.1618, LR: 0.001
Epoch: 14, Train Loss: 0.1136, Valid Loss: 0.1908, LR: 0.001
Epoch: 15, Train Loss: 0.1080, Valid Loss: 0.1272, LR: 0.001
Epoch: 16, Train Loss: 0.0943, Valid Loss: 0.1476, LR: 0.001
Epoch: 17, Train Loss: 0.0995, Valid Loss: 0.1445, LR: 0.001
Epoch: 18, Train Loss: 0.1155, Valid Loss: 0.1243, LR: 0.001
Epoch: 19, Train Loss: 0.1041, Valid Loss: 0.1225, LR: 0.0001
Epoch: 20, Train Loss: 0.0881, Valid Loss: 0.1172, LR: 0.0001
Epoch: 21, Train Loss: 0.0868, Valid Loss: 0.1122, LR: 0.0001
Epoch: 22, Train Loss: 0.0745, Valid Loss: 0.1186, LR: 0.0001
Epoch: 23, Train Loss: 0.0742, Valid Loss: 0.1270, LR: 0.0001
Epoch: 24, Train Loss: 0.0719, Valid Loss: 0.1196, LR: 0.0001
Epoch: 25, Train Loss: 0.0654, Valid Loss: 0.1170, LR: 0.0001
Epoch: 26, Train Loss: 0.0677, Valid Loss: 0.1208, LR: 0.0001
Epoch: 27, Train Loss: 0.0624, Valid Loss: 0.1267, LR: 0.0001
Epoch: 28, Train Loss: 0.0631, Valid Loss: 0.1138, LR: 0.0001
Epoch: 29, Train Loss: 0.0582, Valid Loss: 0.1188, LR: 0.0001
Epoch: 30, Train Loss: 0.0623, Valid Loss: 0.1336, LR: 0.0001
Epoch: 31, Train Loss: 0.0624, Valid Loss: 0.1254, LR: 0.0001
Epoch: 32, Train Loss: 0.0600, Valid Loss: 0.1385, LR: 1e-05
Epoch: 33, Train Loss: 0.0612, Valid Loss: 0.1408, LR: 1e-05
Epoch: 34, Train Loss: 0.0542, Valid Loss: 0.1324, LR: 1e-05
Epoch: 35, Train Loss: 0.0544, Valid Loss: 0.1339, LR: 1e-05
Epoch: 36, Train Loss: 0.0541, Valid Loss: 0.1236, LR: 1e-05
Epoch: 37, Train Loss: 0.0544, Valid Loss: 0.1239, LR: 1e-05
Epoch: 38, Train Loss: 0.0511, Valid Loss: 0.1251, LR: 1e-05
Epoch: 39, Train Loss: 0.0545, Valid Loss: 0.1259, LR: 1e-05
Epoch: 40, Train Loss: 0.0560, Valid Loss: 0.1222, LR: 1e-05
Epoch: 41, Train Loss: 0.0510, Valid Loss: 0.1275, LR: 1e-05
Epoch: 42, Train Loss: 0.0515, Valid Loss: 0.1305, LR: 1e-05
Epoch: 43, Train Loss: 0.0499, Valid Loss: 0.1258, LR: 1.0000000000000002e-06
Epoch: 44, Train Loss: 0.0554, Valid Loss: 0.1277, LR: 1.0000000000000002e-06
Epoch: 45, Train Loss: 0.0557, Valid Loss: 0.1280, LR: 1.0000000000000002e-06
Epoch: 46, Train Loss: 0.0514, Valid Loss: 0.1248, LR: 1.0000000000000002e-06
Epoch: 47, Train Loss: 0.0550, Valid Loss: 0.1285, LR: 1.0000000000000002e-06
Epoch: 48, Train Loss: 0.0587, Valid Loss: 0.1235, LR: 1.0000000000000002e-06
Epoch: 49, Train Loss: 0.0509, Valid Loss: 0.1251, LR: 1.0000000000000002e-06
Epoch: 50, Train Loss: 0.0511, Valid Loss: 0.1286, LR: 1.0000000000000002e-06
Epoch: 51, Train Loss: 0.0522, Valid Loss: 0.1286, LR: 1.0000000000000002e-06
Epoch: 52, Train Loss: 0.0501, Valid Loss: 0.1265, LR: 1.0000000000000002e-06
Epoch: 53, Train Loss: 0.0514, Valid Loss: 0.1253, LR: 1.0000000000000002e-06
Epoch: 54, Train Loss: 0.0569, Valid Loss: 0.1222, LR: 1.0000000000000002e-07
Epoch: 55, Train Loss: 0.0527, Valid Loss: 0.1301, LR: 1.0000000000000002e-07
Epoch: 56, Train Loss: 0.0567, Valid Loss: 0.1185, LR: 1.0000000000000002e-07
Epoch: 57, Train Loss: 0.0540, Valid Loss: 0.1271, LR: 1.0000000000000002e-07
Epoch: 58, Train Loss: 0.0494, Valid Loss: 0.1315, LR: 1.0000000000000002e-07
Epoch: 59, Train Loss: 0.0493, Valid Loss: 0.1279, LR: 1.0000000000000002e-07
Epoch: 60, Train Loss: 0.0551, Valid Loss: 0.1268, LR: 1.0000000000000002e-07
Epoch: 61, Train Loss: 0.0547, Valid Loss: 0.1255, LR: 1.0000000000000002e-07
Epoch: 62, Train Loss: 0.0525, Valid Loss: 0.1266, LR: 1.0000000000000002e-07
Epoch: 63, Train Loss: 0.0495, Valid Loss: 0.1220, LR: 1.0000000000000002e-07
Epoch: 64, Train Loss: 0.0512, Valid Loss: 0.1230, LR: 1.0000000000000002e-07
Epoch: 65, Train Loss: 0.0535, Valid Loss: 0.1338, LR: 1.0000000000000004e-08
Epoch: 66, Train Loss: 0.0495, Valid Loss: 0.1321, LR: 1.0000000000000004e-08
Epoch: 67, Train Loss: 0.0498, Valid Loss: 0.1305, LR: 1.0000000000000004e-08
Epoch: 68, Train Loss: 0.0549, Valid Loss: 0.1248, LR: 1.0000000000000004e-08
Epoch: 69, Train Loss: 0.0512, Valid Loss: 0.1237, LR: 1.0000000000000004e-08
Epoch: 70, Train Loss: 0.0538, Valid Loss: 0.1256, LR: 1.0000000000000004e-08
Epoch: 71, Train Loss: 0.0519, Valid Loss: 0.1309, LR: 1.0000000000000004e-08
Epoch: 72, Train Loss: 0.0519, Valid Loss: 0.1284, LR: 1.0000000000000004e-08
Epoch: 73, Train Loss: 0.0509, Valid Loss: 0.1267, LR: 1.0000000000000004e-08
Epoch: 74, Train Loss: 0.0511, Valid Loss: 0.1257, LR: 1.0000000000000004e-08
Epoch: 75, Train Loss: 0.0532, Valid Loss: 0.1347, LR: 1.0000000000000004e-08
Epoch: 76, Train Loss: 0.0514, Valid Loss: 0.1275, LR: 1.0000000000000004e-08
Epoch: 77, Train Loss: 0.0539, Valid Loss: 0.1329, LR: 1.0000000000000004e-08
Epoch: 78, Train Loss: 0.0537, Valid Loss: 0.1200, LR: 1.0000000000000004e-08
Epoch: 79, Train Loss: 0.0521, Valid Loss: 0.1292, LR: 1.0000000000000004e-08
Epoch: 80, Train Loss: 0.0528, Valid Loss: 0.1269, LR: 1.0000000000000004e-08
Epoch: 81, Train Loss: 0.0497, Valid Loss: 0.1269, LR: 1.0000000000000004e-08
Epoch: 82, Train Loss: 0.0509, Valid Loss: 0.1211, LR: 1.0000000000000004e-08
Epoch: 83, Train Loss: 0.0522, Valid Loss: 0.1260, LR: 1.0000000000000004e-08
Epoch: 84, Train Loss: 0.0532, Valid Loss: 0.1261, LR: 1.0000000000000004e-08
Epoch: 85, Train Loss: 0.0513, Valid Loss: 0.1239, LR: 1.0000000000000004e-08
Epoch: 86, Train Loss: 0.0559, Valid Loss: 0.1309, LR: 1.0000000000000004e-08
Epoch: 87, Train Loss: 0.0517, Valid Loss: 0.1226, LR: 1.0000000000000004e-08
Epoch: 88, Train Loss: 0.0506, Valid Loss: 0.1273, LR: 1.0000000000000004e-08
Epoch: 89, Train Loss: 0.0489, Valid Loss: 0.1319, LR: 1.0000000000000004e-08
Epoch: 90, Train Loss: 0.0506, Valid Loss: 0.1286, LR: 1.0000000000000004e-08
Epoch: 91, Train Loss: 0.0532, Valid Loss: 0.1231, LR: 1.0000000000000004e-08
Epoch: 92, Train Loss: 0.0545, Valid Loss: 0.1256, LR: 1.0000000000000004e-08
Epoch: 93, Train Loss: 0.0533, Valid Loss: 0.1305, LR: 1.0000000000000004e-08
Epoch: 94, Train Loss: 0.0540, Valid Loss: 0.1303, LR: 1.0000000000000004e-08
Epoch: 95, Train Loss: 0.0491, Valid Loss: 0.1287, LR: 1.0000000000000004e-08
Epoch: 96, Train Loss: 0.0482, Valid Loss: 0.1301, LR: 1.0000000000000004e-08
Epoch: 97, Train Loss: 0.0538, Valid Loss: 0.1319, LR: 1.0000000000000004e-08
Epoch: 98, Train Loss: 0.0493, Valid Loss: 0.1244, LR: 1.0000000000000004e-08
Epoch: 99, Train Loss: 0.0559, Valid Loss: 0.1329, LR: 1.0000000000000004e-08
Epoch: 100, Train Loss: 0.0491, Valid Loss: 0.1254, LR: 1.0000000000000004e-08
Test Loss: 0.1342
MSE Loss Between Generated and Conditioned: 626055.1250
Epoch: 1, Loss: 1.0118
MSE Loss Between Generated and Conditioned: 131574.4219
Epoch: 2, Loss: 0.9048
MSE Loss Between Generated and Conditioned: 80955.4297
Epoch: 3, Loss: 0.8257
MSE Loss Between Generated and Conditioned: 61734.0117
Epoch: 4, Loss: 0.7652
MSE Loss Between Generated and Conditioned: 50679.1602
Epoch: 5, Loss: 0.7173
MSE Loss Between Generated and Conditioned: 40873.3555
Epoch: 6, Loss: 0.6763
MSE Loss Between Generated and Conditioned: 34253.5039
Epoch: 7, Loss: 0.6402
MSE Loss Between Generated and Conditioned: 31279.5684
Epoch: 8, Loss: 0.6096
MSE Loss Between Generated and Conditioned: 25343.5918
Epoch: 9, Loss: 0.5825
MSE Loss Between Generated and Conditioned: 21579.5820
Epoch: 10, Loss: 0.5587
MSE Loss Between Generated and Conditioned: 22992.7656
Epoch: 11, Loss: 0.5379
MSE Loss Between Generated and Conditioned: 19318.7090
Epoch: 12, Loss: 0.5190
MSE Loss Between Generated and Conditioned: 15391.8857
Epoch: 13, Loss: 0.5018
MSE Loss Between Generated and Conditioned: 15474.2080
Epoch: 14, Loss: 0.4857
MSE Loss Between Generated and Conditioned: 11491.9346
Epoch: 15, Loss: 0.4706
MSE Loss Between Generated and Conditioned: 13570.6846
Epoch: 16, Loss: 0.4572
MSE Loss Between Generated and Conditioned: 10767.6113
Epoch: 17, Loss: 0.4447
MSE Loss Between Generated and Conditioned: 9930.8818
Epoch: 18, Loss: 0.4331
MSE Loss Between Generated and Conditioned: 9806.3691
Epoch: 19, Loss: 0.4227
MSE Loss Between Generated and Conditioned: 9162.6143
Epoch: 20, Loss: 0.4130
MSE Loss Between Generated and Conditioned: 7066.8438
Epoch: 21, Loss: 0.4041
MSE Loss Between Generated and Conditioned: 4474.0698
Epoch: 22, Loss: 0.3955
MSE Loss Between Generated and Conditioned: 5485.5859
Epoch: 23, Loss: 0.3875
MSE Loss Between Generated and Conditioned: 5160.1924
Epoch: 24, Loss: 0.3803
MSE Loss Between Generated and Conditioned: 5369.8652
Epoch: 25, Loss: 0.3735
MSE Loss Between Generated and Conditioned: 4892.5952
Epoch: 26, Loss: 0.3671
MSE Loss Between Generated and Conditioned: 4163.3052
Epoch: 27, Loss: 0.3611
MSE Loss Between Generated and Conditioned: 4195.6445
Epoch: 28, Loss: 0.3554
MSE Loss Between Generated and Conditioned: 4006.5330
Epoch: 29, Loss: 0.3499
MSE Loss Between Generated and Conditioned: 4707.8008
Epoch: 30, Loss: 0.3448
MSE Loss Between Generated and Conditioned: 2524.7925
Epoch: 31, Loss: 0.3396
MSE Loss Between Generated and Conditioned: 3029.0066
Epoch: 32, Loss: 0.3348
MSE Loss Between Generated and Conditioned: 1633.5690
Epoch: 33, Loss: 0.3302
MSE Loss Between Generated and Conditioned: 2314.1738
Epoch: 34, Loss: 0.3258
MSE Loss Between Generated and Conditioned: 2513.9707
Epoch: 35, Loss: 0.3215
MSE Loss Between Generated and Conditioned: 2663.9285
Epoch: 36, Loss: 0.3176
MSE Loss Between Generated and Conditioned: 3117.1890
Epoch: 37, Loss: 0.3138
MSE Loss Between Generated and Conditioned: 3117.7410
Epoch: 38, Loss: 0.3101
MSE Loss Between Generated and Conditioned: 1690.8033
Epoch: 39, Loss: 0.3063
MSE Loss Between Generated and Conditioned: 1262.4014
Epoch: 40, Loss: 0.3028
MSE Loss Between Generated and Conditioned: 1228.5765
Epoch: 41, Loss: 0.2992
MSE Loss Between Generated and Conditioned: 1103.4188
Epoch: 42, Loss: 0.2961
MSE Loss Between Generated and Conditioned: 536.5236
Epoch: 43, Loss: 0.2931
MSE Loss Between Generated and Conditioned: 1058.8571
Epoch: 44, Loss: 0.2901
MSE Loss Between Generated and Conditioned: 901.9873
Epoch: 45, Loss: 0.2872
MSE Loss Between Generated and Conditioned: 831.3123
Epoch: 46, Loss: 0.2844
MSE Loss Between Generated and Conditioned: 997.8329
Epoch: 47, Loss: 0.2817
MSE Loss Between Generated and Conditioned: 1066.5844
Epoch: 48, Loss: 0.2791
MSE Loss Between Generated and Conditioned: 607.1304
Epoch: 49, Loss: 0.2766
MSE Loss Between Generated and Conditioned: 717.4923
Epoch: 50, Loss: 0.2743
MSE Loss Between Generated and Conditioned: 927.0280
Epoch: 51, Loss: 0.2719
MSE Loss Between Generated and Conditioned: 498.7369
Epoch: 52, Loss: 0.2696
MSE Loss Between Generated and Conditioned: 557.7254
Epoch: 53, Loss: 0.2674
MSE Loss Between Generated and Conditioned: 451.5509
Epoch: 54, Loss: 0.2654
MSE Loss Between Generated and Conditioned: 477.1446
Epoch: 55, Loss: 0.2635
MSE Loss Between Generated and Conditioned: 400.5506
Epoch: 56, Loss: 0.2614
MSE Loss Between Generated and Conditioned: 426.9561
Epoch: 57, Loss: 0.2594
MSE Loss Between Generated and Conditioned: 314.9565
Epoch: 58, Loss: 0.2576
MSE Loss Between Generated and Conditioned: 408.7656
Epoch: 59, Loss: 0.2557
MSE Loss Between Generated and Conditioned: 231.0117
Epoch: 60, Loss: 0.2539
MSE Loss Between Generated and Conditioned: 233.2539
Epoch: 61, Loss: 0.2521
MSE Loss Between Generated and Conditioned: 229.6334
Epoch: 62, Loss: 0.2503
MSE Loss Between Generated and Conditioned: 192.6618
Epoch: 63, Loss: 0.2486
MSE Loss Between Generated and Conditioned: 160.4058
Epoch: 64, Loss: 0.2470
MSE Loss Between Generated and Conditioned: 208.7826
Epoch: 65, Loss: 0.2455
MSE Loss Between Generated and Conditioned: 202.8885
Epoch: 66, Loss: 0.2440
MSE Loss Between Generated and Conditioned: 179.7542
Epoch: 67, Loss: 0.2426
MSE Loss Between Generated and Conditioned: 282.3499
Epoch: 68, Loss: 0.2412
MSE Loss Between Generated and Conditioned: 269.8281
Epoch: 69, Loss: 0.2398
MSE Loss Between Generated and Conditioned: 151.3857
Epoch: 70, Loss: 0.2384
MSE Loss Between Generated and Conditioned: 107.4755
Epoch: 71, Loss: 0.2370
MSE Loss Between Generated and Conditioned: 73.7338
Epoch: 72, Loss: 0.2357
MSE Loss Between Generated and Conditioned: 90.2010
Epoch: 73, Loss: 0.2344
MSE Loss Between Generated and Conditioned: 119.8686
Epoch: 74, Loss: 0.2333
MSE Loss Between Generated and Conditioned: 89.4048
Epoch: 75, Loss: 0.2321
MSE Loss Between Generated and Conditioned: 141.2662
Epoch: 76, Loss: 0.2309
MSE Loss Between Generated and Conditioned: 76.8512
Epoch: 77, Loss: 0.2299
MSE Loss Between Generated and Conditioned: 152.1835
Epoch: 78, Loss: 0.2287
MSE Loss Between Generated and Conditioned: 64.5113
Epoch: 79, Loss: 0.2277
MSE Loss Between Generated and Conditioned: 60.7937
Epoch: 80, Loss: 0.2265
MSE Loss Between Generated and Conditioned: 94.0793
Epoch: 81, Loss: 0.2254
MSE Loss Between Generated and Conditioned: 49.3417
Epoch: 82, Loss: 0.2243
MSE Loss Between Generated and Conditioned: 135.2287
Epoch: 83, Loss: 0.2234
MSE Loss Between Generated and Conditioned: 78.8560
Epoch: 84, Loss: 0.2224
MSE Loss Between Generated and Conditioned: 49.6970
Epoch: 85, Loss: 0.2215
MSE Loss Between Generated and Conditioned: 48.0121
Epoch: 86, Loss: 0.2206
MSE Loss Between Generated and Conditioned: 27.1796
Epoch: 87, Loss: 0.2197
MSE Loss Between Generated and Conditioned: 61.7158
Epoch: 88, Loss: 0.2188
MSE Loss Between Generated and Conditioned: 62.7522
Epoch: 89, Loss: 0.2179
MSE Loss Between Generated and Conditioned: 50.2738
Epoch: 90, Loss: 0.2171
MSE Loss Between Generated and Conditioned: 38.3206
Epoch: 91, Loss: 0.2163
MSE Loss Between Generated and Conditioned: 24.5225
Epoch: 92, Loss: 0.2155
MSE Loss Between Generated and Conditioned: 29.1666
Epoch: 93, Loss: 0.2148
MSE Loss Between Generated and Conditioned: 39.4341
Epoch: 94, Loss: 0.2140
MSE Loss Between Generated and Conditioned: 64.8588
Epoch: 95, Loss: 0.2133
MSE Loss Between Generated and Conditioned: 80.1815
Epoch: 96, Loss: 0.2126
MSE Loss Between Generated and Conditioned: 66.2526
Epoch: 97, Loss: 0.2119
MSE Loss Between Generated and Conditioned: 23.7662
Epoch: 98, Loss: 0.2111
MSE Loss Between Generated and Conditioned: 28.3975
Epoch: 99, Loss: 0.2105
MSE Loss Between Generated and Conditioned: 29.5178
Epoch: 100, Loss: 0.2098
MSE Loss Between Generated and Conditioned: 31.3376
Epoch: 101, Loss: 0.2091
MSE Loss Between Generated and Conditioned: 46.8485
Epoch: 102, Loss: 0.2084
MSE Loss Between Generated and Conditioned: 58.1757
Epoch: 103, Loss: 0.2077
MSE Loss Between Generated and Conditioned: 40.2985
Epoch: 104, Loss: 0.2071
MSE Loss Between Generated and Conditioned: 22.2741
Epoch: 105, Loss: 0.2064
MSE Loss Between Generated and Conditioned: 21.1981
Epoch: 106, Loss: 0.2057
MSE Loss Between Generated and Conditioned: 19.3928
Epoch: 107, Loss: 0.2052
MSE Loss Between Generated and Conditioned: 32.3226
Epoch: 108, Loss: 0.2046
MSE Loss Between Generated and Conditioned: 53.5154
Epoch: 109, Loss: 0.2040
MSE Loss Between Generated and Conditioned: 51.6483
Epoch: 110, Loss: 0.2035
MSE Loss Between Generated and Conditioned: 21.8010
Epoch: 111, Loss: 0.2028
MSE Loss Between Generated and Conditioned: 26.1375
Epoch: 112, Loss: 0.2022
MSE Loss Between Generated and Conditioned: 19.3421
Epoch: 113, Loss: 0.2016
MSE Loss Between Generated and Conditioned: 31.6973
Epoch: 114, Loss: 0.2011
MSE Loss Between Generated and Conditioned: 18.6987
Epoch: 115, Loss: 0.2006
MSE Loss Between Generated and Conditioned: 33.0458
Epoch: 116, Loss: 0.2002
MSE Loss Between Generated and Conditioned: 22.5928
Epoch: 117, Loss: 0.1996
MSE Loss Between Generated and Conditioned: 27.9837
Epoch: 118, Loss: 0.1991
MSE Loss Between Generated and Conditioned: 19.1361
Epoch: 119, Loss: 0.1986
MSE Loss Between Generated and Conditioned: 19.5558
Epoch: 120, Loss: 0.1981
MSE Loss Between Generated and Conditioned: 22.5556
Epoch: 121, Loss: 0.1976
MSE Loss Between Generated and Conditioned: 18.7830
Epoch: 122, Loss: 0.1971
MSE Loss Between Generated and Conditioned: 28.7281
Epoch: 123, Loss: 0.1966
MSE Loss Between Generated and Conditioned: 16.4773
Epoch: 124, Loss: 0.1962
MSE Loss Between Generated and Conditioned: 15.8585
Epoch: 125, Loss: 0.1956
MSE Loss Between Generated and Conditioned: 15.3933
Epoch: 126, Loss: 0.1952
MSE Loss Between Generated and Conditioned: 24.1887
Epoch: 127, Loss: 0.1946
MSE Loss Between Generated and Conditioned: 15.2195
Epoch: 128, Loss: 0.1942
MSE Loss Between Generated and Conditioned: 16.7450
Epoch: 129, Loss: 0.1938
MSE Loss Between Generated and Conditioned: 5.9486
Epoch: 130, Loss: 0.1934
MSE Loss Between Generated and Conditioned: 24.2354
Epoch: 131, Loss: 0.1930
MSE Loss Between Generated and Conditioned: 14.1760
Epoch: 132, Loss: 0.1926
MSE Loss Between Generated and Conditioned: 19.3936
Epoch: 133, Loss: 0.1922
MSE Loss Between Generated and Conditioned: 16.4268
Epoch: 134, Loss: 0.1918
MSE Loss Between Generated and Conditioned: 13.1654
Epoch: 135, Loss: 0.1914
MSE Loss Between Generated and Conditioned: 7.8240
Epoch: 136, Loss: 0.1910
MSE Loss Between Generated and Conditioned: 15.4959
Epoch: 137, Loss: 0.1906
MSE Loss Between Generated and Conditioned: 16.6972
Epoch: 138, Loss: 0.1902
MSE Loss Between Generated and Conditioned: 19.7261
Epoch: 139, Loss: 0.1898
MSE Loss Between Generated and Conditioned: 10.7408
Epoch: 140, Loss: 0.1894
MSE Loss Between Generated and Conditioned: 12.9588
Epoch: 141, Loss: 0.1890
MSE Loss Between Generated and Conditioned: 12.7097
Epoch: 142, Loss: 0.1887
MSE Loss Between Generated and Conditioned: 13.7326
Epoch: 143, Loss: 0.1883
MSE Loss Between Generated and Conditioned: 10.6713
Epoch: 144, Loss: 0.1880
MSE Loss Between Generated and Conditioned: 5.2605
Epoch: 145, Loss: 0.1876
MSE Loss Between Generated and Conditioned: 8.5018
Epoch: 146, Loss: 0.1872
MSE Loss Between Generated and Conditioned: 15.1367
Epoch: 147, Loss: 0.1869
MSE Loss Between Generated and Conditioned: 9.5423
Epoch: 148, Loss: 0.1866
MSE Loss Between Generated and Conditioned: 9.4654
Epoch: 149, Loss: 0.1863
MSE Loss Between Generated and Conditioned: 5.1826
Epoch: 150, Loss: 0.1860
MSE Loss Between Generated and Conditioned: 13.9933
Epoch: 151, Loss: 0.1856
MSE Loss Between Generated and Conditioned: 12.8481
Epoch: 152, Loss: 0.1853
MSE Loss Between Generated and Conditioned: 6.9175
Epoch: 153, Loss: 0.1850
MSE Loss Between Generated and Conditioned: 8.1680
Epoch: 154, Loss: 0.1847
MSE Loss Between Generated and Conditioned: 7.0731
Epoch: 155, Loss: 0.1844
MSE Loss Between Generated and Conditioned: 10.5277
Epoch: 156, Loss: 0.1841
MSE Loss Between Generated and Conditioned: 5.5326
Epoch: 157, Loss: 0.1838
MSE Loss Between Generated and Conditioned: 5.0949
Epoch: 158, Loss: 0.1835
MSE Loss Between Generated and Conditioned: 6.3135
Epoch: 159, Loss: 0.1832
MSE Loss Between Generated and Conditioned: 12.1123
Epoch: 160, Loss: 0.1829
MSE Loss Between Generated and Conditioned: 9.8072
Epoch: 161, Loss: 0.1826
MSE Loss Between Generated and Conditioned: 4.9725
Epoch: 162, Loss: 0.1824
MSE Loss Between Generated and Conditioned: 5.4418
Epoch: 163, Loss: 0.1821
MSE Loss Between Generated and Conditioned: 6.2649
Epoch: 164, Loss: 0.1818
MSE Loss Between Generated and Conditioned: 6.7153
Epoch: 165, Loss: 0.1815
MSE Loss Between Generated and Conditioned: 3.1503
Epoch: 166, Loss: 0.1813
MSE Loss Between Generated and Conditioned: 4.0550
Epoch: 167, Loss: 0.1810
MSE Loss Between Generated and Conditioned: 9.1682
Epoch: 168, Loss: 0.1808
MSE Loss Between Generated and Conditioned: 8.7340
Epoch: 169, Loss: 0.1805
MSE Loss Between Generated and Conditioned: 5.3942
Epoch: 170, Loss: 0.1803
MSE Loss Between Generated and Conditioned: 3.2462
Epoch: 171, Loss: 0.1800
MSE Loss Between Generated and Conditioned: 5.9041
Epoch: 172, Loss: 0.1798
MSE Loss Between Generated and Conditioned: 6.7530
Epoch: 173, Loss: 0.1796
MSE Loss Between Generated and Conditioned: 10.0596
Epoch: 174, Loss: 0.1794
MSE Loss Between Generated and Conditioned: 4.1277
Epoch: 175, Loss: 0.1791
MSE Loss Between Generated and Conditioned: 3.7572
Epoch: 176, Loss: 0.1789
MSE Loss Between Generated and Conditioned: 9.3675
Epoch: 177, Loss: 0.1786
MSE Loss Between Generated and Conditioned: 4.4801
Epoch: 178, Loss: 0.1784
MSE Loss Between Generated and Conditioned: 4.2258
Epoch: 179, Loss: 0.1781
MSE Loss Between Generated and Conditioned: 5.6862
Epoch: 180, Loss: 0.1779
MSE Loss Between Generated and Conditioned: 3.1327
Epoch: 181, Loss: 0.1777
MSE Loss Between Generated and Conditioned: 7.3231
Epoch: 182, Loss: 0.1775
MSE Loss Between Generated and Conditioned: 3.9343
Epoch: 183, Loss: 0.1772
MSE Loss Between Generated and Conditioned: 3.6263
Epoch: 184, Loss: 0.1770
MSE Loss Between Generated and Conditioned: 6.5872
Epoch: 185, Loss: 0.1768
MSE Loss Between Generated and Conditioned: 4.7335
Epoch: 186, Loss: 0.1766
MSE Loss Between Generated and Conditioned: 2.7023
Epoch: 187, Loss: 0.1764
MSE Loss Between Generated and Conditioned: 7.9145
Epoch: 188, Loss: 0.1761
MSE Loss Between Generated and Conditioned: 3.1740
Epoch: 189, Loss: 0.1759
MSE Loss Between Generated and Conditioned: 6.1688
Epoch: 190, Loss: 0.1757
MSE Loss Between Generated and Conditioned: 5.2224
Epoch: 191, Loss: 0.1755
MSE Loss Between Generated and Conditioned: 2.4129
Epoch: 192, Loss: 0.1753
MSE Loss Between Generated and Conditioned: 4.0143
Epoch: 193, Loss: 0.1750
MSE Loss Between Generated and Conditioned: 4.6223
Epoch: 194, Loss: 0.1748
MSE Loss Between Generated and Conditioned: 2.8957
Epoch: 195, Loss: 0.1746
MSE Loss Between Generated and Conditioned: 3.5379
Epoch: 196, Loss: 0.1744
MSE Loss Between Generated and Conditioned: 5.1069
Epoch: 197, Loss: 0.1742
MSE Loss Between Generated and Conditioned: 2.2546
Epoch: 198, Loss: 0.1740
MSE Loss Between Generated and Conditioned: 2.2418
Epoch: 199, Loss: 0.1738
MSE Loss Between Generated and Conditioned: 3.4291
Epoch: 200, Loss: 0.1737
MSE Loss Between Generated and Conditioned: 4.7830
Epoch: 201, Loss: 0.1735
MSE Loss Between Generated and Conditioned: 3.0099
Epoch: 202, Loss: 0.1733
MSE Loss Between Generated and Conditioned: 5.0358
Epoch: 203, Loss: 0.1731
MSE Loss Between Generated and Conditioned: 4.3543
Epoch: 204, Loss: 0.1730
MSE Loss Between Generated and Conditioned: 6.4148
Epoch: 205, Loss: 0.1728
MSE Loss Between Generated and Conditioned: 7.3063
Epoch: 206, Loss: 0.1726
MSE Loss Between Generated and Conditioned: 2.8109
Epoch: 207, Loss: 0.1724
MSE Loss Between Generated and Conditioned: 2.2253
Epoch: 208, Loss: 0.1722
MSE Loss Between Generated and Conditioned: 2.7634
Epoch: 209, Loss: 0.1721
MSE Loss Between Generated and Conditioned: 4.0745
Epoch: 210, Loss: 0.1719
MSE Loss Between Generated and Conditioned: 1.9814
Epoch: 211, Loss: 0.1717
MSE Loss Between Generated and Conditioned: 1.9054
Epoch: 212, Loss: 0.1715
MSE Loss Between Generated and Conditioned: 2.0710
Epoch: 213, Loss: 0.1714
MSE Loss Between Generated and Conditioned: 1.6773
Epoch: 214, Loss: 0.1712
MSE Loss Between Generated and Conditioned: 2.7512
Epoch: 215, Loss: 0.1710
MSE Loss Between Generated and Conditioned: 2.2892
Epoch: 216, Loss: 0.1709
MSE Loss Between Generated and Conditioned: 4.1433
Epoch: 217, Loss: 0.1707
MSE Loss Between Generated and Conditioned: 3.6153
Epoch: 218, Loss: 0.1705
MSE Loss Between Generated and Conditioned: 2.7987
Epoch: 219, Loss: 0.1704
MSE Loss Between Generated and Conditioned: 1.7627
Epoch: 220, Loss: 0.1702
MSE Loss Between Generated and Conditioned: 1.9913
Epoch: 221, Loss: 0.1701
MSE Loss Between Generated and Conditioned: 3.2975
Epoch: 222, Loss: 0.1699
MSE Loss Between Generated and Conditioned: 3.1715
Epoch: 223, Loss: 0.1698
MSE Loss Between Generated and Conditioned: 1.9840
Epoch: 224, Loss: 0.1696
MSE Loss Between Generated and Conditioned: 1.6118
Epoch: 225, Loss: 0.1695
MSE Loss Between Generated and Conditioned: 3.1624
Epoch: 226, Loss: 0.1694
MSE Loss Between Generated and Conditioned: 2.2365
Epoch: 227, Loss: 0.1693
MSE Loss Between Generated and Conditioned: 5.5986
Epoch: 228, Loss: 0.1691
MSE Loss Between Generated and Conditioned: 2.5089
Epoch: 229, Loss: 0.1689
MSE Loss Between Generated and Conditioned: 2.5175
Epoch: 230, Loss: 0.1688
MSE Loss Between Generated and Conditioned: 1.9555
Epoch: 231, Loss: 0.1687
MSE Loss Between Generated and Conditioned: 2.6318
Epoch: 232, Loss: 0.1685
MSE Loss Between Generated and Conditioned: 2.3057
Epoch: 233, Loss: 0.1684
MSE Loss Between Generated and Conditioned: 1.5828
Epoch: 234, Loss: 0.1682
MSE Loss Between Generated and Conditioned: 4.4364
Epoch: 235, Loss: 0.1681
MSE Loss Between Generated and Conditioned: 1.7316
Epoch: 236, Loss: 0.1680
MSE Loss Between Generated and Conditioned: 2.0946
Epoch: 237, Loss: 0.1678
MSE Loss Between Generated and Conditioned: 1.8959
Epoch: 238, Loss: 0.1677
MSE Loss Between Generated and Conditioned: 2.1856
Epoch: 239, Loss: 0.1675
MSE Loss Between Generated and Conditioned: 1.9669
Epoch: 240, Loss: 0.1674
MSE Loss Between Generated and Conditioned: 2.3257
Epoch: 241, Loss: 0.1673
MSE Loss Between Generated and Conditioned: 2.1160
Epoch: 242, Loss: 0.1671
MSE Loss Between Generated and Conditioned: 2.1554
Epoch: 243, Loss: 0.1670
MSE Loss Between Generated and Conditioned: 3.5732
Epoch: 244, Loss: 0.1669
MSE Loss Between Generated and Conditioned: 1.8291
Epoch: 245, Loss: 0.1668
MSE Loss Between Generated and Conditioned: 1.6970
Epoch: 246, Loss: 0.1666
MSE Loss Between Generated and Conditioned: 2.2459
Epoch: 247, Loss: 0.1665
MSE Loss Between Generated and Conditioned: 2.3236
Epoch: 248, Loss: 0.1664
MSE Loss Between Generated and Conditioned: 3.0605
Epoch: 249, Loss: 0.1663
MSE Loss Between Generated and Conditioned: 2.5847
Epoch: 250, Loss: 0.1662
MSE Loss Between Generated and Conditioned: 2.4770
Epoch: 251, Loss: 0.1661
MSE Loss Between Generated and Conditioned: 1.5282
Epoch: 252, Loss: 0.1660
MSE Loss Between Generated and Conditioned: 1.7146
Epoch: 253, Loss: 0.1658
MSE Loss Between Generated and Conditioned: 1.5125
Epoch: 254, Loss: 0.1657
MSE Loss Between Generated and Conditioned: 1.6639
Epoch: 255, Loss: 0.1656
MSE Loss Between Generated and Conditioned: 1.5760
Epoch: 256, Loss: 0.1655
MSE Loss Between Generated and Conditioned: 1.7097
Epoch: 257, Loss: 0.1654
MSE Loss Between Generated and Conditioned: 1.6573
Epoch: 258, Loss: 0.1653
MSE Loss Between Generated and Conditioned: 1.5471
Epoch: 259, Loss: 0.1651
MSE Loss Between Generated and Conditioned: 1.5588
Epoch: 260, Loss: 0.1650
MSE Loss Between Generated and Conditioned: 1.4517
Epoch: 261, Loss: 0.1649
MSE Loss Between Generated and Conditioned: 2.2855
Epoch: 262, Loss: 0.1648
MSE Loss Between Generated and Conditioned: 1.6133
Epoch: 263, Loss: 0.1647
MSE Loss Between Generated and Conditioned: 1.8386
Epoch: 264, Loss: 0.1645
MSE Loss Between Generated and Conditioned: 1.5004
Epoch: 265, Loss: 0.1644
MSE Loss Between Generated and Conditioned: 1.6189
Epoch: 266, Loss: 0.1643
MSE Loss Between Generated and Conditioned: 1.9610
Epoch: 267, Loss: 0.1641
MSE Loss Between Generated and Conditioned: 4.7680
Epoch: 268, Loss: 0.1641
MSE Loss Between Generated and Conditioned: 2.5905
Epoch: 269, Loss: 0.1639
MSE Loss Between Generated and Conditioned: 2.2345
Epoch: 270, Loss: 0.1638
MSE Loss Between Generated and Conditioned: 1.5454
Epoch: 271, Loss: 0.1637
MSE Loss Between Generated and Conditioned: 1.5721
Epoch: 272, Loss: 0.1636
MSE Loss Between Generated and Conditioned: 1.5902
Epoch: 273, Loss: 0.1635
MSE Loss Between Generated and Conditioned: 1.6988
Epoch: 274, Loss: 0.1634
MSE Loss Between Generated and Conditioned: 1.7274
Epoch: 275, Loss: 0.1633
MSE Loss Between Generated and Conditioned: 2.0295
Epoch: 276, Loss: 0.1632
MSE Loss Between Generated and Conditioned: 1.7417
Epoch: 277, Loss: 0.1632
MSE Loss Between Generated and Conditioned: 1.5588
Epoch: 278, Loss: 0.1631
MSE Loss Between Generated and Conditioned: 1.4654
Epoch: 279, Loss: 0.1630
MSE Loss Between Generated and Conditioned: 1.9024
Epoch: 280, Loss: 0.1629
MSE Loss Between Generated and Conditioned: 1.4995
Epoch: 281, Loss: 0.1628
MSE Loss Between Generated and Conditioned: 1.5072
Epoch: 282, Loss: 0.1627
MSE Loss Between Generated and Conditioned: 1.6285
Epoch: 283, Loss: 0.1626
MSE Loss Between Generated and Conditioned: 1.5533
Epoch: 284, Loss: 0.1625
MSE Loss Between Generated and Conditioned: 1.4755
Epoch: 285, Loss: 0.1624
MSE Loss Between Generated and Conditioned: 1.5258
Epoch: 286, Loss: 0.1623
MSE Loss Between Generated and Conditioned: 2.2609
Epoch: 287, Loss: 0.1622
MSE Loss Between Generated and Conditioned: 1.6755
Epoch: 288, Loss: 0.1620
MSE Loss Between Generated and Conditioned: 1.5654
Epoch: 289, Loss: 0.1619
MSE Loss Between Generated and Conditioned: 1.5258
Epoch: 290, Loss: 0.1619
MSE Loss Between Generated and Conditioned: 2.3024
Epoch: 291, Loss: 0.1618
MSE Loss Between Generated and Conditioned: 1.5092
Epoch: 292, Loss: 0.1617
MSE Loss Between Generated and Conditioned: 3.7391
Epoch: 293, Loss: 0.1616
MSE Loss Between Generated and Conditioned: 1.5153
Epoch: 294, Loss: 0.1615
MSE Loss Between Generated and Conditioned: 2.9839
Epoch: 295, Loss: 0.1614
MSE Loss Between Generated and Conditioned: 1.8672
Epoch: 296, Loss: 0.1614
MSE Loss Between Generated and Conditioned: 4.2876
Epoch: 297, Loss: 0.1613
MSE Loss Between Generated and Conditioned: 1.5324
Epoch: 298, Loss: 0.1612
MSE Loss Between Generated and Conditioned: 1.9928
Epoch: 299, Loss: 0.1611
MSE Loss Between Generated and Conditioned: 1.5714
Epoch: 300, Loss: 0.1610
