Train shape: torch.Size([14031, 5, 64, 32])
Valid shape: torch.Size([4677, 5, 64, 32])
Test shape: torch.Size([4678, 5, 64, 32])
Shape: (5, 144, 72)
Starting Downstream Task
Shape: (5, 144, 72)
Epoch: 0, Train Loss: 909.07463, Valid Loss: 428.70247, EPS: 0.991
Epoch: 1, Train Loss: 296.45625, Valid Loss: 184.13944, EPS: 0.982
Epoch: 2, Train Loss: 164.53341, Valid Loss: 121.04799, EPS: 0.973
Epoch: 3, Train Loss: 134.39211, Valid Loss: 112.72566, EPS: 0.964
Epoch: 4, Train Loss: 110.04750, Valid Loss: 96.38687, EPS: 0.955
Epoch: 5, Train Loss: 101.88986, Valid Loss: 91.48967, EPS: 0.946
Epoch: 6, Train Loss: 95.84778, Valid Loss: 83.66910, EPS: 0.9369999999999999
Epoch: 7, Train Loss: 91.02667, Valid Loss: 81.45893, EPS: 0.928
Epoch: 8, Train Loss: 84.82159, Valid Loss: 76.60925, EPS: 0.919
Epoch: 9, Train Loss: 81.64212, Valid Loss: 74.66922, EPS: 0.91
Epoch: 10, Train Loss: 81.64052, Valid Loss: 73.47545, EPS: 0.901
Epoch: 11, Train Loss: 81.89621, Valid Loss: 76.52357, EPS: 0.892
Epoch: 12, Train Loss: 82.14110, Valid Loss: 75.73168, EPS: 0.883
Epoch: 13, Train Loss: 91.89017, Valid Loss: 83.04744, EPS: 0.874
Epoch: 14, Train Loss: 87.64623, Valid Loss: 83.26957, EPS: 0.865
Epoch: 15, Train Loss: 87.76093, Valid Loss: 83.12365, EPS: 0.856
Epoch: 16, Train Loss: 87.80103, Valid Loss: 83.19613, EPS: 0.847
Epoch: 17, Train Loss: 88.16206, Valid Loss: 83.96030, EPS: 0.8380000000000001
Epoch: 18, Train Loss: 89.29574, Valid Loss: 85.34031, EPS: 0.8290000000000001
Epoch: 19, Train Loss: 89.99643, Valid Loss: 82.87352, EPS: 0.8200000000000001
Epoch: 20, Train Loss: 89.47960, Valid Loss: 83.01404, EPS: 0.811
Epoch: 21, Train Loss: 89.80877, Valid Loss: 83.22346, EPS: 0.802
Epoch: 22, Train Loss: 88.28267, Valid Loss: 83.22678, EPS: 0.793
Epoch: 23, Train Loss: 88.08807, Valid Loss: 82.65095, EPS: 0.784
Epoch: 24, Train Loss: 88.18237, Valid Loss: 82.94118, EPS: 0.775
Epoch: 25, Train Loss: 87.97040, Valid Loss: 82.71706, EPS: 0.766
Epoch: 26, Train Loss: 87.88005, Valid Loss: 82.74567, EPS: 0.757
Epoch: 27, Train Loss: 87.62800, Valid Loss: 82.93640, EPS: 0.748
Epoch: 28, Train Loss: 87.90824, Valid Loss: 82.82001, EPS: 0.739
Epoch: 29, Train Loss: 87.66434, Valid Loss: 82.90680, EPS: 0.73
Epoch: 30, Train Loss: 87.63029, Valid Loss: 82.90286, EPS: 0.721
Epoch: 31, Train Loss: 87.73698, Valid Loss: 82.75019, EPS: 0.712
Epoch: 32, Train Loss: 87.65821, Valid Loss: 82.68489, EPS: 0.703
Epoch: 33, Train Loss: 87.84564, Valid Loss: 82.63800, EPS: 0.694
Epoch: 34, Train Loss: 87.71579, Valid Loss: 82.45047, EPS: 0.685
Epoch: 35, Train Loss: 87.69614, Valid Loss: 82.78174, EPS: 0.676
Epoch: 36, Train Loss: 87.80824, Valid Loss: 82.25862, EPS: 0.667
Epoch: 37, Train Loss: 87.45642, Valid Loss: 82.40712, EPS: 0.658
Epoch: 38, Train Loss: 87.70866, Valid Loss: 82.11940, EPS: 0.649
Epoch: 39, Train Loss: 86.96127, Valid Loss: 82.71229, EPS: 0.64
Epoch: 40, Train Loss: 87.36543, Valid Loss: 82.70643, EPS: 0.6310000000000001
Epoch: 41, Train Loss: 87.22836, Valid Loss: 82.47643, EPS: 0.6220000000000001
Epoch: 42, Train Loss: 87.18595, Valid Loss: 81.62165, EPS: 0.6130000000000001
Epoch: 43, Train Loss: 87.24019, Valid Loss: 82.19045, EPS: 0.6040000000000001
Epoch: 44, Train Loss: 87.46437, Valid Loss: 82.24497, EPS: 0.5950000000000001
Epoch: 45, Train Loss: 87.43553, Valid Loss: 82.12505, EPS: 0.5860000000000001
Epoch: 46, Train Loss: 87.45492, Valid Loss: 82.30431, EPS: 0.5770000000000001
Epoch: 47, Train Loss: 86.97126, Valid Loss: 82.36355, EPS: 0.5680000000000001
Epoch: 48, Train Loss: 86.93272, Valid Loss: 82.27052, EPS: 0.559
Epoch: 49, Train Loss: 86.97668, Valid Loss: 82.78330, EPS: 0.55
Epoch: 50, Train Loss: 87.36733, Valid Loss: 82.29490, EPS: 0.541
Epoch: 51, Train Loss: 87.34029, Valid Loss: 81.98825, EPS: 0.532
Epoch: 52, Train Loss: 87.12960, Valid Loss: 82.34570, EPS: 0.523
Epoch: 53, Train Loss: 87.26155, Valid Loss: 82.56640, EPS: 0.514
Epoch: 54, Train Loss: 86.82976, Valid Loss: 81.95665, EPS: 0.505
Epoch: 55, Train Loss: 87.23785, Valid Loss: 82.28082, EPS: 0.496
Epoch: 56, Train Loss: 87.39312, Valid Loss: 82.21043, EPS: 0.4870000000000001
Epoch: 57, Train Loss: 87.08050, Valid Loss: 81.94707, EPS: 0.4780000000000001
Epoch: 58, Train Loss: 86.83811, Valid Loss: 82.25475, EPS: 0.4690000000000001
Epoch: 59, Train Loss: 87.02125, Valid Loss: 82.27956, EPS: 0.4600000000000001
Epoch: 60, Train Loss: 87.64015, Valid Loss: 82.08866, EPS: 0.45100000000000007
Epoch: 61, Train Loss: 86.99864, Valid Loss: 82.06250, EPS: 0.44200000000000006
Epoch: 62, Train Loss: 87.05313, Valid Loss: 82.71403, EPS: 0.43300000000000005
Epoch: 63, Train Loss: 87.53746, Valid Loss: 82.61592, EPS: 0.42400000000000004
Epoch: 64, Train Loss: 86.94335, Valid Loss: 82.77816, EPS: 0.41500000000000004
Epoch: 65, Train Loss: 87.20317, Valid Loss: 81.91415, EPS: 0.406
Epoch: 66, Train Loss: 87.79190, Valid Loss: 82.47782, EPS: 0.397
Epoch: 67, Train Loss: 86.90485, Valid Loss: 82.16461, EPS: 0.388
Epoch: 68, Train Loss: 87.45661, Valid Loss: 82.53642, EPS: 0.3790000000000001
Epoch: 69, Train Loss: 87.17900, Valid Loss: 82.41046, EPS: 0.3700000000000001
Epoch: 70, Train Loss: 87.39478, Valid Loss: 82.07904, EPS: 0.3610000000000001
Epoch: 71, Train Loss: 87.36907, Valid Loss: 82.10954, EPS: 0.3520000000000001
Epoch: 72, Train Loss: 86.97758, Valid Loss: 82.36252, EPS: 0.343
Epoch: 73, Train Loss: 87.08572, Valid Loss: 82.52409, EPS: 0.334
Epoch: 74, Train Loss: 87.16279, Valid Loss: 82.30995, EPS: 0.325
Epoch: 75, Train Loss: 86.85588, Valid Loss: 82.15905, EPS: 0.316
Epoch: 76, Train Loss: 87.13781, Valid Loss: 82.61923, EPS: 0.307
Epoch: 77, Train Loss: 87.16824, Valid Loss: 82.44803, EPS: 0.298
Epoch: 78, Train Loss: 87.27051, Valid Loss: 82.37920, EPS: 0.289
Epoch: 79, Train Loss: 87.34060, Valid Loss: 82.47834, EPS: 0.27999999999999997
Epoch: 80, Train Loss: 87.18357, Valid Loss: 82.29571, EPS: 0.27099999999999996
Epoch: 81, Train Loss: 87.41270, Valid Loss: 82.66212, EPS: 0.26200000000000007
Epoch: 82, Train Loss: 87.25209, Valid Loss: 82.21353, EPS: 0.25300000000000006
Epoch: 83, Train Loss: 87.26020, Valid Loss: 82.62904, EPS: 0.24400000000000005
Epoch: 84, Train Loss: 87.26297, Valid Loss: 82.29670, EPS: 0.23500000000000004
Epoch: 85, Train Loss: 87.10066, Valid Loss: 82.21649, EPS: 0.22600000000000003
Epoch: 86, Train Loss: 86.84886, Valid Loss: 82.05887, EPS: 0.21700000000000003
Epoch: 87, Train Loss: 87.44199, Valid Loss: 82.00074, EPS: 0.20800000000000002
Epoch: 88, Train Loss: 86.81098, Valid Loss: 82.48173, EPS: 0.199
Epoch: 89, Train Loss: 87.25118, Valid Loss: 81.85634, EPS: 0.19
Epoch: 90, Train Loss: 87.36860, Valid Loss: 82.21076, EPS: 0.181
Epoch: 91, Train Loss: 87.12528, Valid Loss: 82.10240, EPS: 0.172
Epoch: 92, Train Loss: 87.03792, Valid Loss: 82.36430, EPS: 0.16299999999999998
Epoch: 93, Train Loss: 87.34216, Valid Loss: 82.54160, EPS: 0.15400000000000005
Epoch: 94, Train Loss: 87.14766, Valid Loss: 82.23621, EPS: 0.14500000000000005
Epoch: 95, Train Loss: 86.98784, Valid Loss: 82.27521, EPS: 0.13600000000000004
Epoch: 96, Train Loss: 87.13109, Valid Loss: 82.24867, EPS: 0.12700000000000003
Epoch: 97, Train Loss: 87.03620, Valid Loss: 82.37394, EPS: 0.11800000000000002
Epoch: 98, Train Loss: 87.61398, Valid Loss: 82.00324, EPS: 0.10900000000000001
Epoch: 99, Train Loss: 87.44498, Valid Loss: 82.42220, EPS: 0.1
Test Loss: 82.20443
Test Loss: 79.62562
Starting Latent Downstream Task
MSE Loss Between Generated and Conditioned: 186.6933
Epoch: 1, Loss: 1.0666
MSE Loss Between Generated and Conditioned: 166.1596
Epoch: 2, Loss: 1.0489
MSE Loss Between Generated and Conditioned: 175.3947
Epoch: 3, Loss: 1.0411
MSE Loss Between Generated and Conditioned: 200.3758
Epoch: 4, Loss: 1.0341
MSE Loss Between Generated and Conditioned: 214.8947
Epoch: 5, Loss: 1.0301
MSE Loss Between Generated and Conditioned: 188.7580
Epoch: 6, Loss: 1.0269
MSE Loss Between Generated and Conditioned: 147.9605
Epoch: 7, Loss: 1.0250
MSE Loss Between Generated and Conditioned: 133.9879
Epoch: 8, Loss: 1.0257
MSE Loss Between Generated and Conditioned: 198.4147
Epoch: 9, Loss: 1.0282
MSE Loss Between Generated and Conditioned: 432.6051
Epoch: 10, Loss: 1.0268
MSE Loss Between Generated and Conditioned: 4.9732
Epoch: 11, Loss: 1.0252
MSE Loss Between Generated and Conditioned: 500.8166
Epoch: 12, Loss: 1.0238
MSE Loss Between Generated and Conditioned: 1565.4570
Epoch: 13, Loss: 1.0227
MSE Loss Between Generated and Conditioned: 247.0277
Epoch: 14, Loss: 1.0219
MSE Loss Between Generated and Conditioned: 281.4484
Epoch: 15, Loss: 1.0212
MSE Loss Between Generated and Conditioned: 246.3698
Epoch: 16, Loss: 1.0204
MSE Loss Between Generated and Conditioned: 205.7428
Epoch: 17, Loss: 1.0197
MSE Loss Between Generated and Conditioned: 2020.1107
Epoch: 18, Loss: 1.0189
MSE Loss Between Generated and Conditioned: 317.7347
Epoch: 19, Loss: 1.0182
MSE Loss Between Generated and Conditioned: 468.1726
Epoch: 20, Loss: 1.0175
MSE Loss Between Generated and Conditioned: 97.3130
Epoch: 21, Loss: 1.0169
MSE Loss Between Generated and Conditioned: 182.5527
Epoch: 22, Loss: 1.0165
MSE Loss Between Generated and Conditioned: 167.2283
Epoch: 23, Loss: 1.0160
MSE Loss Between Generated and Conditioned: 216.4730
Epoch: 24, Loss: 1.0157
MSE Loss Between Generated and Conditioned: 108.3996
Epoch: 25, Loss: 1.0153
MSE Loss Between Generated and Conditioned: 140.6553
Epoch: 26, Loss: 1.0150
MSE Loss Between Generated and Conditioned: 147.4993
Epoch: 27, Loss: 1.0147
MSE Loss Between Generated and Conditioned: 138.0948
Epoch: 28, Loss: 1.0144
MSE Loss Between Generated and Conditioned: 213.0883
Epoch: 29, Loss: 1.0142
MSE Loss Between Generated and Conditioned: 158.1055
Epoch: 30, Loss: 1.0139
MSE Loss Between Generated and Conditioned: 232.6602
Epoch: 31, Loss: 1.0136
MSE Loss Between Generated and Conditioned: 193.0830
Epoch: 32, Loss: 1.0133
MSE Loss Between Generated and Conditioned: 151.8378
Epoch: 33, Loss: 1.0130
MSE Loss Between Generated and Conditioned: 97.3641
Epoch: 34, Loss: 1.0128
MSE Loss Between Generated and Conditioned: 259.7500
Epoch: 35, Loss: 1.0126
MSE Loss Between Generated and Conditioned: 129.7780
Epoch: 36, Loss: 1.0123
MSE Loss Between Generated and Conditioned: 167.0821
Epoch: 37, Loss: 1.0121
MSE Loss Between Generated and Conditioned: 236.6734
Epoch: 38, Loss: 1.0119
MSE Loss Between Generated and Conditioned: 134.3403
Epoch: 39, Loss: 1.0117
MSE Loss Between Generated and Conditioned: 167.3415
Epoch: 40, Loss: 1.0115
MSE Loss Between Generated and Conditioned: 151.5081
Epoch: 41, Loss: 1.0114
MSE Loss Between Generated and Conditioned: 155.4849
Epoch: 42, Loss: 1.0112
MSE Loss Between Generated and Conditioned: 181.2648
Epoch: 43, Loss: 1.0111
MSE Loss Between Generated and Conditioned: 249.9514
Epoch: 44, Loss: 1.0109
MSE Loss Between Generated and Conditioned: 165.0882
Epoch: 45, Loss: 1.0107
MSE Loss Between Generated and Conditioned: 132.1960
Epoch: 46, Loss: 1.0105
MSE Loss Between Generated and Conditioned: 115.5046
Epoch: 47, Loss: 1.0103
MSE Loss Between Generated and Conditioned: 195.0429
Epoch: 48, Loss: 1.0101
MSE Loss Between Generated and Conditioned: 206.4838
Epoch: 49, Loss: 1.0100
MSE Loss Between Generated and Conditioned: 154.7179
Epoch: 50, Loss: 1.0098
MSE Loss Between Generated and Conditioned: 247.1542
Epoch: 51, Loss: 1.0097
MSE Loss Between Generated and Conditioned: 194.3533
Epoch: 52, Loss: 1.0095
MSE Loss Between Generated and Conditioned: 122.2556
Epoch: 53, Loss: 1.0094
MSE Loss Between Generated and Conditioned: 95.9914
Epoch: 54, Loss: 1.0093
MSE Loss Between Generated and Conditioned: 170.7142
Epoch: 55, Loss: 1.0091
MSE Loss Between Generated and Conditioned: 136.0698
Epoch: 56, Loss: 1.0089
MSE Loss Between Generated and Conditioned: 161.1335
Epoch: 57, Loss: 1.0088
MSE Loss Between Generated and Conditioned: 148.7679
Epoch: 58, Loss: 1.0087
MSE Loss Between Generated and Conditioned: 123.9154
Epoch: 59, Loss: 1.0085
MSE Loss Between Generated and Conditioned: 263.7956
Epoch: 60, Loss: 1.0084
MSE Loss Between Generated and Conditioned: 223.1362
Epoch: 61, Loss: 1.0082
MSE Loss Between Generated and Conditioned: 236.7727
Epoch: 62, Loss: 1.0080
MSE Loss Between Generated and Conditioned: 122.0924
Epoch: 63, Loss: 1.0079
MSE Loss Between Generated and Conditioned: 178.4809
Epoch: 64, Loss: 1.0078
MSE Loss Between Generated and Conditioned: 231.4429
Epoch: 65, Loss: 1.0076
MSE Loss Between Generated and Conditioned: 255.8103
Epoch: 66, Loss: 1.0075
MSE Loss Between Generated and Conditioned: 175.3093
Epoch: 67, Loss: 1.0073
MSE Loss Between Generated and Conditioned: 167.3213
Epoch: 68, Loss: 1.0071
MSE Loss Between Generated and Conditioned: 190.8689
Epoch: 69, Loss: 1.0069
MSE Loss Between Generated and Conditioned: 137.1135
Epoch: 70, Loss: 1.0067
MSE Loss Between Generated and Conditioned: 168.2900
Epoch: 71, Loss: 1.0065
MSE Loss Between Generated and Conditioned: 90.5222
Epoch: 72, Loss: 1.0063
MSE Loss Between Generated and Conditioned: 173.7021
Epoch: 73, Loss: 1.0061
MSE Loss Between Generated and Conditioned: 164.7767
Epoch: 74, Loss: 1.0059
MSE Loss Between Generated and Conditioned: 130.4932
Epoch: 75, Loss: 1.0056
MSE Loss Between Generated and Conditioned: 143.4102
Epoch: 76, Loss: 1.0054
MSE Loss Between Generated and Conditioned: 157.9841
Epoch: 77, Loss: 1.0052
MSE Loss Between Generated and Conditioned: 166.8445
Epoch: 78, Loss: 1.0049
MSE Loss Between Generated and Conditioned: 92.6103
Epoch: 79, Loss: 1.0046
MSE Loss Between Generated and Conditioned: 232.4516
Epoch: 80, Loss: 1.0043
MSE Loss Between Generated and Conditioned: 127.7100
Epoch: 81, Loss: 1.0040
MSE Loss Between Generated and Conditioned: 169.5835
Epoch: 82, Loss: 1.0037
MSE Loss Between Generated and Conditioned: 211.7547
Epoch: 83, Loss: 1.0033
MSE Loss Between Generated and Conditioned: 196.5716
Epoch: 84, Loss: 1.0029
MSE Loss Between Generated and Conditioned: 162.5426
Epoch: 85, Loss: 1.0026
MSE Loss Between Generated and Conditioned: 226.3722
Epoch: 86, Loss: 1.0022
MSE Loss Between Generated and Conditioned: 179.5985
Epoch: 87, Loss: 1.0017
MSE Loss Between Generated and Conditioned: 191.9813
Epoch: 88, Loss: 1.0013
MSE Loss Between Generated and Conditioned: 78.5881
Epoch: 89, Loss: 1.0008
MSE Loss Between Generated and Conditioned: 270.1977
Epoch: 90, Loss: 1.0003
MSE Loss Between Generated and Conditioned: 101.7029
Epoch: 91, Loss: 0.9998
MSE Loss Between Generated and Conditioned: 134.3028
Epoch: 92, Loss: 0.9992
MSE Loss Between Generated and Conditioned: 124.3887
Epoch: 93, Loss: 0.9985
MSE Loss Between Generated and Conditioned: 190.1320
Epoch: 94, Loss: 0.9979
MSE Loss Between Generated and Conditioned: 130.6113
Epoch: 95, Loss: 0.9972
MSE Loss Between Generated and Conditioned: 168.2088
Epoch: 96, Loss: 0.9965
MSE Loss Between Generated and Conditioned: 169.2545
Epoch: 97, Loss: 0.9957
MSE Loss Between Generated and Conditioned: 102.5967
Epoch: 98, Loss: 0.9949
MSE Loss Between Generated and Conditioned: 151.6131
Epoch: 99, Loss: 0.9940
MSE Loss Between Generated and Conditioned: 277.6160
Epoch: 100, Loss: 0.9931
MSE Loss Between Generated and Conditioned: 169.3295
Epoch: 101, Loss: 0.9922
MSE Loss Between Generated and Conditioned: 322.4550
Epoch: 102, Loss: 0.9912
MSE Loss Between Generated and Conditioned: 101.4896
Epoch: 103, Loss: 0.9902
MSE Loss Between Generated and Conditioned: 77.3501
Epoch: 104, Loss: 0.9891
MSE Loss Between Generated and Conditioned: 129.3705
Epoch: 105, Loss: 0.9879
MSE Loss Between Generated and Conditioned: 122.8752
Epoch: 106, Loss: 0.9866
MSE Loss Between Generated and Conditioned: 121.7859
Epoch: 107, Loss: 0.9853
MSE Loss Between Generated and Conditioned: 104.3159
Epoch: 108, Loss: 0.9838
MSE Loss Between Generated and Conditioned: 169.2468
Epoch: 109, Loss: 0.9823
MSE Loss Between Generated and Conditioned: 208.0596
Epoch: 110, Loss: 0.9806
MSE Loss Between Generated and Conditioned: 143.2534
Epoch: 111, Loss: 0.9789
MSE Loss Between Generated and Conditioned: 240.4988
Epoch: 112, Loss: 0.9771
MSE Loss Between Generated and Conditioned: 155.2906
Epoch: 113, Loss: 0.9752
MSE Loss Between Generated and Conditioned: 186.3698
Epoch: 114, Loss: 0.9731
MSE Loss Between Generated and Conditioned: 189.0538
Epoch: 115, Loss: 0.9710
MSE Loss Between Generated and Conditioned: 81.5732
Epoch: 116, Loss: 0.9687
MSE Loss Between Generated and Conditioned: 171.6258
Epoch: 117, Loss: 0.9664
MSE Loss Between Generated and Conditioned: 108.5569
Epoch: 118, Loss: 0.9639
MSE Loss Between Generated and Conditioned: 93.7401
Epoch: 119, Loss: 0.9614
MSE Loss Between Generated and Conditioned: 84.9796
Epoch: 120, Loss: 0.9588
MSE Loss Between Generated and Conditioned: 78.6215
Epoch: 121, Loss: 0.9561
MSE Loss Between Generated and Conditioned: 103.9209
Epoch: 122, Loss: 0.9534
MSE Loss Between Generated and Conditioned: 149.8070
Epoch: 123, Loss: 0.9506
MSE Loss Between Generated and Conditioned: 165.7312
Epoch: 124, Loss: 0.9479
MSE Loss Between Generated and Conditioned: 101.6475
Epoch: 125, Loss: 0.9451
MSE Loss Between Generated and Conditioned: 69.3884
Epoch: 126, Loss: 0.9422
MSE Loss Between Generated and Conditioned: 95.4163
Epoch: 127, Loss: 0.9393
MSE Loss Between Generated and Conditioned: 107.2034
Epoch: 128, Loss: 0.9363
MSE Loss Between Generated and Conditioned: 117.5307
Epoch: 129, Loss: 0.9333
MSE Loss Between Generated and Conditioned: 87.4792
Epoch: 130, Loss: 0.9303
MSE Loss Between Generated and Conditioned: 78.2551
Epoch: 131, Loss: 0.9272
MSE Loss Between Generated and Conditioned: 48.5635
Epoch: 132, Loss: 0.9241
MSE Loss Between Generated and Conditioned: 170.8858
Epoch: 133, Loss: 0.9210
MSE Loss Between Generated and Conditioned: 96.0027
Epoch: 134, Loss: 0.9179
MSE Loss Between Generated and Conditioned: 116.2264
Epoch: 135, Loss: 0.9147
MSE Loss Between Generated and Conditioned: 184.5319
Epoch: 136, Loss: 0.9114
MSE Loss Between Generated and Conditioned: 82.6397
Epoch: 137, Loss: 0.9082
MSE Loss Between Generated and Conditioned: 96.3160
Epoch: 138, Loss: 0.9050
MSE Loss Between Generated and Conditioned: 248.1702
Epoch: 139, Loss: 0.9018
MSE Loss Between Generated and Conditioned: 102.2587
Epoch: 140, Loss: 0.8986
MSE Loss Between Generated and Conditioned: 121.1513
Epoch: 141, Loss: 0.8955
MSE Loss Between Generated and Conditioned: 116.0885
Epoch: 142, Loss: 0.8923
MSE Loss Between Generated and Conditioned: 153.1805
Epoch: 143, Loss: 0.8892
MSE Loss Between Generated and Conditioned: 169.3351
Epoch: 144, Loss: 0.8859
MSE Loss Between Generated and Conditioned: 194.1512
Epoch: 145, Loss: 0.8827
MSE Loss Between Generated and Conditioned: 148.3454
Epoch: 146, Loss: 0.8796
MSE Loss Between Generated and Conditioned: 128.9900
Epoch: 147, Loss: 0.8764
MSE Loss Between Generated and Conditioned: 121.8243
Epoch: 148, Loss: 0.8733
MSE Loss Between Generated and Conditioned: 188.7266
Epoch: 149, Loss: 0.8701
MSE Loss Between Generated and Conditioned: 105.6695
Epoch: 150, Loss: 0.8669
MSE Loss Between Generated and Conditioned: 91.2535
Epoch: 151, Loss: 0.8638
MSE Loss Between Generated and Conditioned: 116.7281
Epoch: 152, Loss: 0.8607
MSE Loss Between Generated and Conditioned: 148.4455
Epoch: 153, Loss: 0.8576
MSE Loss Between Generated and Conditioned: 82.5771
Epoch: 154, Loss: 0.8545
MSE Loss Between Generated and Conditioned: 109.7907
Epoch: 155, Loss: 0.8515
MSE Loss Between Generated and Conditioned: 194.9639
Epoch: 156, Loss: 0.8484
MSE Loss Between Generated and Conditioned: 88.3917
Epoch: 157, Loss: 0.8454
MSE Loss Between Generated and Conditioned: 99.0397
Epoch: 158, Loss: 0.8425
MSE Loss Between Generated and Conditioned: 214.2988
Epoch: 159, Loss: 0.8395
MSE Loss Between Generated and Conditioned: 103.2003
Epoch: 160, Loss: 0.8366
MSE Loss Between Generated and Conditioned: 161.9090
Epoch: 161, Loss: 0.8336
MSE Loss Between Generated and Conditioned: 161.3721
Epoch: 162, Loss: 0.8307
MSE Loss Between Generated and Conditioned: 70.7209
Epoch: 163, Loss: 0.8278
MSE Loss Between Generated and Conditioned: 142.0194
Epoch: 164, Loss: 0.8249
MSE Loss Between Generated and Conditioned: 139.2374
Epoch: 165, Loss: 0.8221
MSE Loss Between Generated and Conditioned: 201.5215
Epoch: 166, Loss: 0.8192
MSE Loss Between Generated and Conditioned: 118.9689
Epoch: 167, Loss: 0.8163
MSE Loss Between Generated and Conditioned: 70.1626
Epoch: 168, Loss: 0.8136
MSE Loss Between Generated and Conditioned: 99.0758
Epoch: 169, Loss: 0.8108
MSE Loss Between Generated and Conditioned: 141.7742
Epoch: 170, Loss: 0.8081
MSE Loss Between Generated and Conditioned: 98.2157
Epoch: 171, Loss: 0.8053
MSE Loss Between Generated and Conditioned: 190.5438
Epoch: 172, Loss: 0.8025
MSE Loss Between Generated and Conditioned: 100.3651
Epoch: 173, Loss: 0.7998
MSE Loss Between Generated and Conditioned: 121.4091
Epoch: 174, Loss: 0.7971
MSE Loss Between Generated and Conditioned: 162.4146
Epoch: 175, Loss: 0.7944
MSE Loss Between Generated and Conditioned: 141.3811
Epoch: 176, Loss: 0.7917
MSE Loss Between Generated and Conditioned: 111.9942
Epoch: 177, Loss: 0.7891
MSE Loss Between Generated and Conditioned: 78.7982
Epoch: 178, Loss: 0.7864
MSE Loss Between Generated and Conditioned: 191.9875
Epoch: 179, Loss: 0.7839
MSE Loss Between Generated and Conditioned: 240.9066
Epoch: 180, Loss: 0.7813
MSE Loss Between Generated and Conditioned: 142.1854
Epoch: 181, Loss: 0.7788
MSE Loss Between Generated and Conditioned: 196.4525
Epoch: 182, Loss: 0.7762
MSE Loss Between Generated and Conditioned: 76.8572
Epoch: 183, Loss: 0.7737
MSE Loss Between Generated and Conditioned: 180.6967
Epoch: 184, Loss: 0.7712
MSE Loss Between Generated and Conditioned: 126.2894
Epoch: 185, Loss: 0.7688
MSE Loss Between Generated and Conditioned: 221.4224
Epoch: 186, Loss: 0.7665
MSE Loss Between Generated and Conditioned: 145.6903
Epoch: 187, Loss: 0.7641
MSE Loss Between Generated and Conditioned: 159.2405
Epoch: 188, Loss: 0.7616
MSE Loss Between Generated and Conditioned: 140.2103
Epoch: 189, Loss: 0.7592
MSE Loss Between Generated and Conditioned: 92.7583
Epoch: 190, Loss: 0.7568
MSE Loss Between Generated and Conditioned: 151.8959
Epoch: 191, Loss: 0.7544
MSE Loss Between Generated and Conditioned: 140.8074
Epoch: 192, Loss: 0.7521
MSE Loss Between Generated and Conditioned: 173.0073
Epoch: 193, Loss: 0.7497
MSE Loss Between Generated and Conditioned: 99.2317
Epoch: 194, Loss: 0.7474
MSE Loss Between Generated and Conditioned: 152.6474
Epoch: 195, Loss: 0.7451
MSE Loss Between Generated and Conditioned: 110.8532
Epoch: 196, Loss: 0.7428
MSE Loss Between Generated and Conditioned: 191.9516
Epoch: 197, Loss: 0.7406
MSE Loss Between Generated and Conditioned: 155.2247
Epoch: 198, Loss: 0.7383
MSE Loss Between Generated and Conditioned: 96.7550
Epoch: 199, Loss: 0.7362
MSE Loss Between Generated and Conditioned: 196.8302
Epoch: 200, Loss: 0.7339
MSE Loss Between Generated and Conditioned: 152.5744
Epoch: 201, Loss: 0.7317
MSE Loss Between Generated and Conditioned: 147.2959
Epoch: 202, Loss: 0.7295
MSE Loss Between Generated and Conditioned: 137.9694
Epoch: 203, Loss: 0.7274
MSE Loss Between Generated and Conditioned: 136.0904
Epoch: 204, Loss: 0.7253
MSE Loss Between Generated and Conditioned: 117.8911
Epoch: 205, Loss: 0.7231
MSE Loss Between Generated and Conditioned: 187.6595
Epoch: 206, Loss: 0.7210
MSE Loss Between Generated and Conditioned: 168.0531
Epoch: 207, Loss: 0.7190
MSE Loss Between Generated and Conditioned: 155.4749
Epoch: 208, Loss: 0.7169
MSE Loss Between Generated and Conditioned: 142.3465
Epoch: 209, Loss: 0.7149
MSE Loss Between Generated and Conditioned: 66.9076
Epoch: 210, Loss: 0.7129
MSE Loss Between Generated and Conditioned: 88.1852
Epoch: 211, Loss: 0.7109
MSE Loss Between Generated and Conditioned: 126.5804
Epoch: 212, Loss: 0.7090
MSE Loss Between Generated and Conditioned: 169.6366
Epoch: 213, Loss: 0.7070
MSE Loss Between Generated and Conditioned: 231.7539
Epoch: 214, Loss: 0.7050
MSE Loss Between Generated and Conditioned: 148.9518
Epoch: 215, Loss: 0.7030
MSE Loss Between Generated and Conditioned: 168.4579
Epoch: 216, Loss: 0.7011
MSE Loss Between Generated and Conditioned: 139.5695
Epoch: 217, Loss: 0.6992
MSE Loss Between Generated and Conditioned: 115.3408
Epoch: 218, Loss: 0.6973
MSE Loss Between Generated and Conditioned: 156.5331
Epoch: 219, Loss: 0.6955
MSE Loss Between Generated and Conditioned: 209.5365
Epoch: 220, Loss: 0.6938
MSE Loss Between Generated and Conditioned: 110.0448
Epoch: 221, Loss: 0.6920
MSE Loss Between Generated and Conditioned: 65.7606
Epoch: 222, Loss: 0.6902
MSE Loss Between Generated and Conditioned: 100.0393
Epoch: 223, Loss: 0.6884
MSE Loss Between Generated and Conditioned: 76.9009
Epoch: 224, Loss: 0.6866
MSE Loss Between Generated and Conditioned: 90.8962
Epoch: 225, Loss: 0.6848
MSE Loss Between Generated and Conditioned: 130.1263
Epoch: 226, Loss: 0.6831
MSE Loss Between Generated and Conditioned: 168.7802
Epoch: 227, Loss: 0.6813
MSE Loss Between Generated and Conditioned: 143.7564
Epoch: 228, Loss: 0.6796
MSE Loss Between Generated and Conditioned: 101.7880
Epoch: 229, Loss: 0.6779
MSE Loss Between Generated and Conditioned: 143.0849
Epoch: 230, Loss: 0.6761
MSE Loss Between Generated and Conditioned: 73.1488
Epoch: 231, Loss: 0.6744
MSE Loss Between Generated and Conditioned: 132.7609
Epoch: 232, Loss: 0.6727
MSE Loss Between Generated and Conditioned: 120.4390
Epoch: 233, Loss: 0.6711
MSE Loss Between Generated and Conditioned: 137.7410
Epoch: 234, Loss: 0.6693
MSE Loss Between Generated and Conditioned: 148.9833
Epoch: 235, Loss: 0.6676
MSE Loss Between Generated and Conditioned: 163.6307
Epoch: 236, Loss: 0.6659
MSE Loss Between Generated and Conditioned: 125.2562
Epoch: 237, Loss: 0.6643
MSE Loss Between Generated and Conditioned: 147.7032
Epoch: 238, Loss: 0.6628
MSE Loss Between Generated and Conditioned: 165.2021
Epoch: 239, Loss: 0.6612
MSE Loss Between Generated and Conditioned: 226.2992
Epoch: 240, Loss: 0.6597
MSE Loss Between Generated and Conditioned: 139.2209
Epoch: 241, Loss: 0.6581
MSE Loss Between Generated and Conditioned: 202.7024
Epoch: 242, Loss: 0.6566
MSE Loss Between Generated and Conditioned: 110.7285
Epoch: 243, Loss: 0.6550
MSE Loss Between Generated and Conditioned: 152.3959
Epoch: 244, Loss: 0.6534
MSE Loss Between Generated and Conditioned: 131.0286
Epoch: 245, Loss: 0.6520
MSE Loss Between Generated and Conditioned: 215.4418
Epoch: 246, Loss: 0.6505
MSE Loss Between Generated and Conditioned: 74.5582
Epoch: 247, Loss: 0.6491
MSE Loss Between Generated and Conditioned: 142.1896
Epoch: 248, Loss: 0.6476
MSE Loss Between Generated and Conditioned: 144.9807
Epoch: 249, Loss: 0.6461
MSE Loss Between Generated and Conditioned: 198.5809
Epoch: 250, Loss: 0.6447
MSE Loss Between Generated and Conditioned: 106.4170
Epoch: 251, Loss: 0.6432
MSE Loss Between Generated and Conditioned: 80.2600
Epoch: 252, Loss: 0.6418
MSE Loss Between Generated and Conditioned: 63.5648
Epoch: 253, Loss: 0.6403
MSE Loss Between Generated and Conditioned: 127.9957
Epoch: 254, Loss: 0.6389
MSE Loss Between Generated and Conditioned: 153.4678
Epoch: 255, Loss: 0.6374
MSE Loss Between Generated and Conditioned: 135.7556
Epoch: 256, Loss: 0.6361
MSE Loss Between Generated and Conditioned: 100.2821
Epoch: 257, Loss: 0.6346
MSE Loss Between Generated and Conditioned: 145.5456
Epoch: 258, Loss: 0.6332
MSE Loss Between Generated and Conditioned: 98.8635
Epoch: 259, Loss: 0.6318
MSE Loss Between Generated and Conditioned: 152.2720
Epoch: 260, Loss: 0.6304
MSE Loss Between Generated and Conditioned: 187.0302
Epoch: 261, Loss: 0.6290
MSE Loss Between Generated and Conditioned: 129.2491
Epoch: 262, Loss: 0.6277
MSE Loss Between Generated and Conditioned: 100.7199
Epoch: 263, Loss: 0.6263
MSE Loss Between Generated and Conditioned: 185.4195
Epoch: 264, Loss: 0.6250
MSE Loss Between Generated and Conditioned: 190.2036
Epoch: 265, Loss: 0.6237
MSE Loss Between Generated and Conditioned: 180.6847
Epoch: 266, Loss: 0.6223
MSE Loss Between Generated and Conditioned: 118.8484
Epoch: 267, Loss: 0.6210
MSE Loss Between Generated and Conditioned: 121.4394
Epoch: 268, Loss: 0.6197
MSE Loss Between Generated and Conditioned: 84.9152
Epoch: 269, Loss: 0.6184
MSE Loss Between Generated and Conditioned: 185.1594
Epoch: 270, Loss: 0.6171
MSE Loss Between Generated and Conditioned: 76.6038
Epoch: 271, Loss: 0.6158
MSE Loss Between Generated and Conditioned: 111.9757
Epoch: 272, Loss: 0.6145
MSE Loss Between Generated and Conditioned: 78.9694
Epoch: 273, Loss: 0.6132
MSE Loss Between Generated and Conditioned: 117.9615
Epoch: 274, Loss: 0.6120
MSE Loss Between Generated and Conditioned: 112.2566
Epoch: 275, Loss: 0.6108
MSE Loss Between Generated and Conditioned: 108.6079
Epoch: 276, Loss: 0.6096
MSE Loss Between Generated and Conditioned: 92.4925
Epoch: 277, Loss: 0.6084
MSE Loss Between Generated and Conditioned: 127.3075
Epoch: 278, Loss: 0.6072
MSE Loss Between Generated and Conditioned: 158.3394
Epoch: 279, Loss: 0.6060
MSE Loss Between Generated and Conditioned: 148.3750
Epoch: 280, Loss: 0.6048
MSE Loss Between Generated and Conditioned: 108.9927
Epoch: 281, Loss: 0.6035
MSE Loss Between Generated and Conditioned: 94.1555
Epoch: 282, Loss: 0.6023
MSE Loss Between Generated and Conditioned: 129.3803
Epoch: 283, Loss: 0.6011
MSE Loss Between Generated and Conditioned: 178.8672
Epoch: 284, Loss: 0.5999
MSE Loss Between Generated and Conditioned: 119.1218
Epoch: 285, Loss: 0.5987
MSE Loss Between Generated and Conditioned: 122.8940
Epoch: 286, Loss: 0.5976
MSE Loss Between Generated and Conditioned: 116.4311
Epoch: 287, Loss: 0.5964
MSE Loss Between Generated and Conditioned: 139.2896
Epoch: 288, Loss: 0.5951
MSE Loss Between Generated and Conditioned: 95.4713
Epoch: 289, Loss: 0.5940
MSE Loss Between Generated and Conditioned: 84.8824
Epoch: 290, Loss: 0.5928
MSE Loss Between Generated and Conditioned: 82.1131
Epoch: 291, Loss: 0.5917
MSE Loss Between Generated and Conditioned: 161.7511
Epoch: 292, Loss: 0.5906
MSE Loss Between Generated and Conditioned: 89.3498
Epoch: 293, Loss: 0.5895
MSE Loss Between Generated and Conditioned: 176.6410
Epoch: 294, Loss: 0.5883
MSE Loss Between Generated and Conditioned: 118.8930
Epoch: 295, Loss: 0.5872
MSE Loss Between Generated and Conditioned: 113.2167
Epoch: 296, Loss: 0.5861
MSE Loss Between Generated and Conditioned: 127.8735
Epoch: 297, Loss: 0.5850
MSE Loss Between Generated and Conditioned: 178.0648
Epoch: 298, Loss: 0.5839
MSE Loss Between Generated and Conditioned: 122.6444
Epoch: 299, Loss: 0.5829
MSE Loss Between Generated and Conditioned: 158.1985
Epoch: 300, Loss: 0.5818nohup: ignoring input
Train: torch.Size([14031, 5, 64, 32]), Valid: torch.Size([4677, 5, 64, 32]), Test: torch.Size([4678, 5, 64, 32])
Starting Downstream Task
torch.Size([2806, 5, 64, 32])
torch.Size([935, 5, 64, 32])
torch.Size([937, 5, 64, 32])
Shape: (5, 144, 72)
Epoch: 0, Train Loss: 1301.46495, Valid Loss: 1080.72630, EPS: 0.991
Epoch: 1, Train Loss: 1074.60916, Valid Loss: 843.22915, EPS: 0.982
Epoch: 2, Train Loss: 841.13963, Valid Loss: 633.85893, EPS: 0.973
Epoch: 3, Train Loss: 640.74357, Valid Loss: 492.26662, EPS: 0.964
Epoch: 4, Train Loss: 485.90967, Valid Loss: 357.14610, EPS: 0.955
Epoch: 5, Train Loss: 367.85178, Valid Loss: 277.07755, EPS: 0.946
Epoch: 6, Train Loss: 295.77584, Valid Loss: 238.60196, EPS: 0.9369999999999999
Epoch: 7, Train Loss: 260.77277, Valid Loss: 206.99377, EPS: 0.928
Epoch: 8, Train Loss: 225.80119, Valid Loss: 185.85736, EPS: 0.919
Epoch: 9, Train Loss: 206.36442, Valid Loss: 164.43361, EPS: 0.91
Epoch: 10, Train Loss: 174.51509, Valid Loss: 138.06342, EPS: 0.901
Epoch: 11, Train Loss: 169.89697, Valid Loss: 143.21796, EPS: 0.892
Epoch: 12, Train Loss: 160.78683, Valid Loss: 127.16079, EPS: 0.883
Epoch: 13, Train Loss: 147.88419, Valid Loss: 120.45922, EPS: 0.874
Epoch: 14, Train Loss: 152.29804, Valid Loss: 124.15351, EPS: 0.865
Epoch: 15, Train Loss: 147.20825, Valid Loss: 129.49749, EPS: 0.856
Epoch: 16, Train Loss: 152.02564, Valid Loss: 125.86320, EPS: 0.847
Epoch: 17, Train Loss: 147.09450, Valid Loss: 113.50663, EPS: 0.8380000000000001
Epoch: 18, Train Loss: 135.25272, Valid Loss: 113.82296, EPS: 0.8290000000000001
Epoch: 19, Train Loss: 140.34784, Valid Loss: 119.91117, EPS: 0.8200000000000001
Epoch: 20, Train Loss: 138.96161, Valid Loss: 119.02021, EPS: 0.811
Epoch: 21, Train Loss: 145.96008, Valid Loss: 121.53417, EPS: 0.802
Epoch: 22, Train Loss: 149.38158, Valid Loss: 118.90997, EPS: 0.793
Epoch: 23, Train Loss: 134.02951, Valid Loss: 106.28377, EPS: 0.784
Epoch: 24, Train Loss: 127.26646, Valid Loss: 104.60517, EPS: 0.775
Epoch: 25, Train Loss: 117.61804, Valid Loss: 108.41830, EPS: 0.766
Epoch: 26, Train Loss: 119.23093, Valid Loss: 97.18354, EPS: 0.757
Epoch: 27, Train Loss: 110.90348, Valid Loss: 96.96254, EPS: 0.748
Epoch: 28, Train Loss: 115.75346, Valid Loss: 96.05677, EPS: 0.739
Epoch: 29, Train Loss: 110.31809, Valid Loss: 93.08744, EPS: 0.73
Epoch: 30, Train Loss: 121.42155, Valid Loss: 108.12707, EPS: 0.721
Epoch: 31, Train Loss: 140.25276, Valid Loss: 113.78418, EPS: 0.712
Epoch: 32, Train Loss: 135.83081, Valid Loss: 122.36342, EPS: 0.703
Epoch: 33, Train Loss: 123.59077, Valid Loss: 98.60147, EPS: 0.694
Epoch: 34, Train Loss: 110.03455, Valid Loss: 94.78552, EPS: 0.685
Epoch: 35, Train Loss: 117.22190, Valid Loss: 98.99811, EPS: 0.676
Epoch: 36, Train Loss: 109.65133, Valid Loss: 90.66045, EPS: 0.667
Epoch: 37, Train Loss: 106.47075, Valid Loss: 96.79756, EPS: 0.658
Epoch: 38, Train Loss: 115.41992, Valid Loss: 94.98808, EPS: 0.649
Epoch: 39, Train Loss: 114.23862, Valid Loss: 97.81303, EPS: 0.64
Epoch: 40, Train Loss: 116.03166, Valid Loss: 94.10979, EPS: 0.6310000000000001
Epoch: 41, Train Loss: 110.56707, Valid Loss: 95.48201, EPS: 0.6220000000000001
Epoch: 42, Train Loss: 108.27442, Valid Loss: 90.92189, EPS: 0.6130000000000001
Epoch: 43, Train Loss: 102.54620, Valid Loss: 87.86433, EPS: 0.6040000000000001
Epoch: 44, Train Loss: 102.07013, Valid Loss: 89.32188, EPS: 0.5950000000000001
Epoch: 45, Train Loss: 104.00595, Valid Loss: 89.53475, EPS: 0.5860000000000001
Epoch: 46, Train Loss: 102.90650, Valid Loss: 88.70386, EPS: 0.5770000000000001
Epoch: 47, Train Loss: 98.45979, Valid Loss: 87.77419, EPS: 0.5680000000000001
Epoch: 48, Train Loss: 101.72577, Valid Loss: 100.21129, EPS: 0.559
Epoch: 49, Train Loss: 103.63862, Valid Loss: 88.06307, EPS: 0.55
Epoch: 50, Train Loss: 100.77261, Valid Loss: 88.95822, EPS: 0.541
Epoch: 51, Train Loss: 105.20265, Valid Loss: 91.20960, EPS: 0.532
Epoch: 52, Train Loss: 104.32560, Valid Loss: 96.53300, EPS: 0.523
Epoch: 53, Train Loss: 114.49592, Valid Loss: 92.98083, EPS: 0.514
Epoch: 54, Train Loss: 105.53034, Valid Loss: 89.36249, EPS: 0.505
Epoch: 55, Train Loss: 100.40637, Valid Loss: 88.54869, EPS: 0.496
Epoch: 56, Train Loss: 97.38103, Valid Loss: 86.07810, EPS: 0.4870000000000001
Epoch: 57, Train Loss: 93.93391, Valid Loss: 84.53843, EPS: 0.4780000000000001
Epoch: 58, Train Loss: 92.31247, Valid Loss: 82.59953, EPS: 0.4690000000000001
Epoch: 59, Train Loss: 90.43706, Valid Loss: 81.96483, EPS: 0.4600000000000001
Epoch: 60, Train Loss: 91.19354, Valid Loss: 82.61515, EPS: 0.45100000000000007
Epoch: 61, Train Loss: 89.63209, Valid Loss: 81.67928, EPS: 0.44200000000000006
Epoch: 62, Train Loss: 88.63661, Valid Loss: 80.47168, EPS: 0.43300000000000005
Epoch: 63, Train Loss: 87.54006, Valid Loss: 81.25391, EPS: 0.42400000000000004
Epoch: 64, Train Loss: 87.20115, Valid Loss: 80.71523, EPS: 0.41500000000000004
Epoch: 65, Train Loss: 87.93227, Valid Loss: 81.01758, EPS: 0.406
Epoch: 66, Train Loss: 87.17393, Valid Loss: 81.14451, EPS: 0.397
Epoch: 67, Train Loss: 86.50881, Valid Loss: 81.39167, EPS: 0.388
Epoch: 68, Train Loss: 87.21903, Valid Loss: 80.32510, EPS: 0.3790000000000001
Epoch: 69, Train Loss: 86.88318, Valid Loss: 81.02708, EPS: 0.3700000000000001
Epoch: 70, Train Loss: 86.40944, Valid Loss: 81.49908, EPS: 0.3610000000000001
Epoch: 71, Train Loss: 87.36345, Valid Loss: 80.47569, EPS: 0.3520000000000001
Epoch: 72, Train Loss: 87.79154, Valid Loss: 80.71840, EPS: 0.343
Epoch: 73, Train Loss: 87.00643, Valid Loss: 80.65643, EPS: 0.334
Epoch: 74, Train Loss: 87.26652, Valid Loss: 80.65121, EPS: 0.325
Epoch: 75, Train Loss: 94.01666, Valid Loss: 94.80390, EPS: 0.316
Epoch: 76, Train Loss: 112.23834, Valid Loss: 97.16112, EPS: 0.307
Epoch: 77, Train Loss: 114.63589, Valid Loss: 94.43030, EPS: 0.298
Epoch: 78, Train Loss: 106.88888, Valid Loss: 88.29970, EPS: 0.289
Epoch: 79, Train Loss: 106.25017, Valid Loss: 87.88289, EPS: 0.27999999999999997
Epoch: 80, Train Loss: 101.93103, Valid Loss: 88.08650, EPS: 0.27099999999999996
Epoch: 81, Train Loss: 101.76189, Valid Loss: 87.70562, EPS: 0.26200000000000007
Epoch: 82, Train Loss: 100.55653, Valid Loss: 87.97798, EPS: 0.25300000000000006
Epoch: 83, Train Loss: 100.00278, Valid Loss: 87.17502, EPS: 0.24400000000000005
Epoch: 84, Train Loss: 99.33625, Valid Loss: 86.67373, EPS: 0.23500000000000004
Epoch: 85, Train Loss: 99.06006, Valid Loss: 86.72940, EPS: 0.22600000000000003
Epoch: 86, Train Loss: 97.92860, Valid Loss: 85.85613, EPS: 0.21700000000000003
Epoch: 87, Train Loss: 97.38775, Valid Loss: 85.66208, EPS: 0.20800000000000002
Epoch: 88, Train Loss: 96.36507, Valid Loss: 85.46891, EPS: 0.199
Epoch: 89, Train Loss: 96.46408, Valid Loss: 86.05020, EPS: 0.19
Epoch: 90, Train Loss: 96.46929, Valid Loss: 85.10025, EPS: 0.181
Epoch: 91, Train Loss: 95.60143, Valid Loss: 84.65549, EPS: 0.172
Epoch: 92, Train Loss: 96.10371, Valid Loss: 84.81217, EPS: 0.16299999999999998
Epoch: 93, Train Loss: 95.99807, Valid Loss: 84.97359, EPS: 0.15400000000000005
Epoch: 94, Train Loss: 96.25744, Valid Loss: 84.65341, EPS: 0.14500000000000005
Epoch: 95, Train Loss: 95.02775, Valid Loss: 84.36817, EPS: 0.13600000000000004
Epoch: 96, Train Loss: 95.13729, Valid Loss: 83.97780, EPS: 0.12700000000000003
Epoch: 97, Train Loss: 95.92597, Valid Loss: 84.69014, EPS: 0.11800000000000002
Epoch: 98, Train Loss: 95.72904, Valid Loss: 84.49087, EPS: 0.10900000000000001
Epoch: 99, Train Loss: 95.69157, Valid Loss: 84.63324, EPS: 0.1
Test Loss: 84.44748
Test Loss: 91.39673
torch.Size([2806, 5, 64, 32])
torch.Size([935, 5, 64, 32])
torch.Size([937, 5, 64, 32])
Shape: (5, 144, 72)
Epoch: 0, Train Loss: 1354.41282, Valid Loss: 1167.08679, EPS: 0.991
Epoch: 1, Train Loss: 1241.58318, Valid Loss: 1052.56290, EPS: 0.982
Epoch: 2, Train Loss: 1124.46069, Valid Loss: 921.51767, EPS: 0.973
Epoch: 3, Train Loss: 977.40311, Valid Loss: 802.73355, EPS: 0.964
Epoch: 4, Train Loss: 865.93108, Valid Loss: 675.19473, EPS: 0.955
Epoch: 5, Train Loss: 736.67869, Valid Loss: 582.17896, EPS: 0.946
Epoch: 6, Train Loss: 628.46981, Valid Loss: 518.70320, EPS: 0.9369999999999999
Epoch: 7, Train Loss: 548.03237, Valid Loss: 423.53065, EPS: 0.928
Epoch: 8, Train Loss: 473.36210, Valid Loss: 366.57935, EPS: 0.919
Epoch: 9, Train Loss: 410.27261, Valid Loss: 318.38618, EPS: 0.91
Epoch: 10, Train Loss: 352.98572, Valid Loss: 275.54900, EPS: 0.901
Epoch: 11, Train Loss: 315.84423, Valid Loss: 241.62529, EPS: 0.892
Epoch: 12, Train Loss: 280.90323, Valid Loss: 213.32736, EPS: 0.883
Epoch: 13, Train Loss: 247.87079, Valid Loss: 190.17196, EPS: 0.874
Epoch: 14, Train Loss: 223.66115, Valid Loss: 183.30142, EPS: 0.865
Epoch: 15, Train Loss: 221.11828, Valid Loss: 174.43837, EPS: 0.856
Epoch: 16, Train Loss: 221.40391, Valid Loss: 180.33923, EPS: 0.847
Epoch: 17, Train Loss: 208.29464, Valid Loss: 161.46641, EPS: 0.8380000000000001
Epoch: 18, Train Loss: 197.06923, Valid Loss: 155.89677, EPS: 0.8290000000000001
Epoch: 19, Train Loss: 192.33746, Valid Loss: 156.94296, EPS: 0.8200000000000001
Epoch: 20, Train Loss: 172.30872, Valid Loss: 129.89778, EPS: 0.811
Epoch: 21, Train Loss: 149.23878, Valid Loss: 123.61650, EPS: 0.802
Epoch: 22, Train Loss: 148.37841, Valid Loss: 122.25462, EPS: 0.793
Epoch: 23, Train Loss: 136.90935, Valid Loss: 112.63595, EPS: 0.784
Epoch: 24, Train Loss: 136.12862, Valid Loss: 111.39115, EPS: 0.775
Epoch: 25, Train Loss: 135.04057, Valid Loss: 106.00154, EPS: 0.766
Epoch: 26, Train Loss: 132.99478, Valid Loss: 107.55343, EPS: 0.757
Epoch: 27, Train Loss: 128.70574, Valid Loss: 103.22352, EPS: 0.748
Epoch: 28, Train Loss: 127.05014, Valid Loss: 106.21658, EPS: 0.739
Epoch: 29, Train Loss: 129.98843, Valid Loss: 102.72375, EPS: 0.73
Epoch: 30, Train Loss: 121.59710, Valid Loss: 102.73142, EPS: 0.721
Epoch: 31, Train Loss: 117.83358, Valid Loss: 98.44077, EPS: 0.712
Epoch: 32, Train Loss: 115.26731, Valid Loss: 95.03930, EPS: 0.703
Epoch: 33, Train Loss: 116.80496, Valid Loss: 100.13968, EPS: 0.694
Epoch: 34, Train Loss: 122.50338, Valid Loss: 101.76508, EPS: 0.685
Epoch: 35, Train Loss: 130.39714, Valid Loss: 101.37363, EPS: 0.676
Epoch: 36, Train Loss: 120.99733, Valid Loss: 103.87571, EPS: 0.667
Epoch: 37, Train Loss: 122.72611, Valid Loss: 97.76433, EPS: 0.658
Epoch: 38, Train Loss: 116.79321, Valid Loss: 96.49306, EPS: 0.649
Epoch: 39, Train Loss: 116.96731, Valid Loss: 95.99774, EPS: 0.64
Epoch: 40, Train Loss: 115.71190, Valid Loss: 94.51945, EPS: 0.6310000000000001
Epoch: 41, Train Loss: 110.63299, Valid Loss: 91.55444, EPS: 0.6220000000000001
Epoch: 42, Train Loss: 109.52936, Valid Loss: 89.69225, EPS: 0.6130000000000001
Epoch: 43, Train Loss: 104.81080, Valid Loss: 89.95163, EPS: 0.6040000000000001
Epoch: 44, Train Loss: 103.50155, Valid Loss: 86.61158, EPS: 0.5950000000000001
Epoch: 45, Train Loss: 100.14435, Valid Loss: 85.48504, EPS: 0.5860000000000001
Epoch: 46, Train Loss: 89.76912, Valid Loss: 88.96237, EPS: 0.5770000000000001
Epoch: 47, Train Loss: 102.80116, Valid Loss: 87.45993, EPS: 0.5680000000000001
Epoch: 48, Train Loss: 104.14174, Valid Loss: 88.24856, EPS: 0.559
Epoch: 49, Train Loss: 107.10381, Valid Loss: 86.50398, EPS: 0.55
Epoch: 50, Train Loss: 97.64707, Valid Loss: 84.76377, EPS: 0.541
Epoch: 51, Train Loss: 97.91589, Valid Loss: 85.74170, EPS: 0.532
Epoch: 52, Train Loss: 101.70087, Valid Loss: 85.79319, EPS: 0.523
Epoch: 53, Train Loss: 103.66668, Valid Loss: 81.64602, EPS: 0.514
Epoch: 54, Train Loss: 101.55634, Valid Loss: 85.56520, EPS: 0.505
Epoch: 55, Train Loss: 101.94561, Valid Loss: 83.51409, EPS: 0.496
Epoch: 56, Train Loss: 97.54541, Valid Loss: 83.89323, EPS: 0.4870000000000001
Epoch: 57, Train Loss: 95.01197, Valid Loss: 83.35061, EPS: 0.4780000000000001
Epoch: 58, Train Loss: 92.94539, Valid Loss: 82.31582, EPS: 0.4690000000000001
Epoch: 59, Train Loss: 91.80837, Valid Loss: 80.75379, EPS: 0.4600000000000001
Epoch: 60, Train Loss: 91.52408, Valid Loss: 80.47589, EPS: 0.45100000000000007
Epoch: 61, Train Loss: 88.58838, Valid Loss: 81.34840, EPS: 0.44200000000000006
Epoch: 62, Train Loss: 89.51766, Valid Loss: 79.84380, EPS: 0.43300000000000005
Epoch: 63, Train Loss: 89.53010, Valid Loss: 79.87126, EPS: 0.42400000000000004
Epoch: 64, Train Loss: 89.29332, Valid Loss: 78.93690, EPS: 0.41500000000000004
Epoch: 65, Train Loss: 90.40516, Valid Loss: 80.19305, EPS: 0.406
Epoch: 66, Train Loss: 88.87577, Valid Loss: 79.73709, EPS: 0.397
Epoch: 67, Train Loss: 87.26781, Valid Loss: 78.85693, EPS: 0.388
Epoch: 68, Train Loss: 89.59833, Valid Loss: 80.06483, EPS: 0.3790000000000001
Epoch: 69, Train Loss: 88.16109, Valid Loss: 79.18024, EPS: 0.3700000000000001
Epoch: 70, Train Loss: 90.93171, Valid Loss: 81.03822, EPS: 0.3610000000000001
Epoch: 71, Train Loss: 92.54342, Valid Loss: 86.76191, EPS: 0.3520000000000001
Epoch: 72, Train Loss: 104.57032, Valid Loss: 82.45875, EPS: 0.343
Epoch: 73, Train Loss: 98.17932, Valid Loss: 81.13541, EPS: 0.334
Epoch: 74, Train Loss: 97.73428, Valid Loss: 81.51219, EPS: 0.325
Epoch: 75, Train Loss: 92.01830, Valid Loss: 82.67063, EPS: 0.316
Epoch: 76, Train Loss: 95.40368, Valid Loss: 81.59880, EPS: 0.307
Epoch: 77, Train Loss: 97.02735, Valid Loss: 81.90352, EPS: 0.298
Epoch: 78, Train Loss: 89.95430, Valid Loss: 80.51502, EPS: 0.289
Epoch: 79, Train Loss: 90.65208, Valid Loss: 80.76285, EPS: 0.27999999999999997
Epoch: 80, Train Loss: 91.06831, Valid Loss: 80.61200, EPS: 0.27099999999999996
Epoch: 81, Train Loss: 93.34361, Valid Loss: 80.36682, EPS: 0.26200000000000007
Epoch: 82, Train Loss: 92.31887, Valid Loss: 81.43007, EPS: 0.25300000000000006
Epoch: 83, Train Loss: 91.86833, Valid Loss: 82.13924, EPS: 0.24400000000000005
Epoch: 84, Train Loss: 90.85435, Valid Loss: 80.25888, EPS: 0.23500000000000004
Epoch: 85, Train Loss: 92.45465, Valid Loss: 79.70328, EPS: 0.22600000000000003
Epoch: 86, Train Loss: 90.23167, Valid Loss: 81.69627, EPS: 0.21700000000000003
Epoch: 87, Train Loss: 90.61097, Valid Loss: 81.29691, EPS: 0.20800000000000002
Epoch: 88, Train Loss: 88.85203, Valid Loss: 81.08342, EPS: 0.199
Epoch: 89, Train Loss: 91.66590, Valid Loss: 80.56648, EPS: 0.19
Epoch: 90, Train Loss: 88.76684, Valid Loss: 81.89571, EPS: 0.181
Epoch: 91, Train Loss: 89.64395, Valid Loss: 80.75466, EPS: 0.172
Epoch: 92, Train Loss: 90.80903, Valid Loss: 80.41793, EPS: 0.16299999999999998
Epoch: 93, Train Loss: 87.32220, Valid Loss: 81.79629, EPS: 0.15400000000000005
Epoch: 94, Train Loss: 89.57531, Valid Loss: 81.42559, EPS: 0.14500000000000005
Epoch: 95, Train Loss: 89.80884, Valid Loss: 81.13794, EPS: 0.13600000000000004
Epoch: 96, Train Loss: 89.37195, Valid Loss: 80.25387, EPS: 0.12700000000000003
Epoch: 97, Train Loss: 89.55277, Valid Loss: 82.41169, EPS: 0.11800000000000002
Epoch: 98, Train Loss: 92.36716, Valid Loss: 80.27059, EPS: 0.10900000000000001
Epoch: 99, Train Loss: 90.16410, Valid Loss: 80.07507, EPS: 0.1
Test Loss: 79.65496
Test Loss: 87.75073
torch.Size([2806, 5, 64, 32])
torch.Size([935, 5, 64, 32])
torch.Size([937, 5, 64, 32])
Shape: (5, 144, 72)
Epoch: 0, Train Loss: 1343.14498, Valid Loss: 1198.52991, EPS: 0.991
Epoch: 1, Train Loss: 1324.55396, Valid Loss: 1132.76721, EPS: 0.982
Epoch: 2, Train Loss: 1191.10758, Valid Loss: 1065.37744, EPS: 0.973
Epoch: 3, Train Loss: 1225.62708, Valid Loss: 982.18549, EPS: 0.964
Epoch: 4, Train Loss: 1156.68199, Valid Loss: 904.37012, EPS: 0.955
Epoch: 5, Train Loss: 987.30448, Valid Loss: 820.95026, EPS: 0.946
Epoch: 6, Train Loss: 876.21661, Valid Loss: 754.35876, EPS: 0.9369999999999999
Epoch: 7, Train Loss: 856.27159, Valid Loss: 683.61810, EPS: 0.928
Epoch: 8, Train Loss: 739.37221, Valid Loss: 620.16376, EPS: 0.919
Epoch: 9, Train Loss: 701.83765, Valid Loss: 578.07794, EPS: 0.91
Epoch: 10, Train Loss: 624.44002, Valid Loss: 552.87701, EPS: 0.901
Epoch: 11, Train Loss: 610.72992, Valid Loss: 474.05405, EPS: 0.892
Epoch: 12, Train Loss: 524.15343, Valid Loss: 442.50415, EPS: 0.883
Epoch: 13, Train Loss: 510.01176, Valid Loss: 391.41867, EPS: 0.874
Epoch: 14, Train Loss: 472.10564, Valid Loss: 369.14102, EPS: 0.865
Epoch: 15, Train Loss: 407.84827, Valid Loss: 341.83713, EPS: 0.856
Epoch: 16, Train Loss: 406.77186, Valid Loss: 310.81479, EPS: 0.847
Epoch: 17, Train Loss: 366.79155, Valid Loss: 295.04987, EPS: 0.8380000000000001
Epoch: 18, Train Loss: 325.87450, Valid Loss: 271.69626, EPS: 0.8290000000000001
Epoch: 19, Train Loss: 289.73924, Valid Loss: 251.12837, EPS: 0.8200000000000001
Epoch: 20, Train Loss: 291.54775, Valid Loss: 230.05736, EPS: 0.811
Epoch: 21, Train Loss: 251.36464, Valid Loss: 217.16261, EPS: 0.802
Epoch: 22, Train Loss: 271.98837, Valid Loss: 208.32603, EPS: 0.793
Epoch: 23, Train Loss: 246.77188, Valid Loss: 204.85829, EPS: 0.784
Epoch: 24, Train Loss: 240.64495, Valid Loss: 194.95529, EPS: 0.775
Epoch: 25, Train Loss: 206.51146, Valid Loss: 181.64420, EPS: 0.766
Epoch: 26, Train Loss: 221.60524, Valid Loss: 175.44302, EPS: 0.757
Epoch: 27, Train Loss: 206.83688, Valid Loss: 172.17711, EPS: 0.748
Epoch: 28, Train Loss: 223.14427, Valid Loss: 170.96617, EPS: 0.739
Epoch: 29, Train Loss: 206.69064, Valid Loss: 161.62549, EPS: 0.73
Epoch: 30, Train Loss: 203.66266, Valid Loss: 166.04544, EPS: 0.721
Epoch: 31, Train Loss: 183.78775, Valid Loss: 162.99577, EPS: 0.712
Epoch: 32, Train Loss: 190.00741, Valid Loss: 163.13031, EPS: 0.703
Epoch: 33, Train Loss: 199.57814, Valid Loss: 150.56335, EPS: 0.694
Epoch: 34, Train Loss: 184.95236, Valid Loss: 150.61046, EPS: 0.685
Epoch: 35, Train Loss: 169.96637, Valid Loss: 153.96883, EPS: 0.676
Epoch: 36, Train Loss: 221.43823, Valid Loss: 164.03574, EPS: 0.667
Epoch: 37, Train Loss: 215.06633, Valid Loss: 159.65182, EPS: 0.658
Epoch: 38, Train Loss: 179.07220, Valid Loss: 153.03793, EPS: 0.649
Epoch: 39, Train Loss: 197.06460, Valid Loss: 157.96208, EPS: 0.64
Epoch: 40, Train Loss: 183.06772, Valid Loss: 150.17636, EPS: 0.6310000000000001
Epoch: 41, Train Loss: 179.71267, Valid Loss: 143.36208, EPS: 0.6220000000000001
Epoch: 42, Train Loss: 158.28069, Valid Loss: 138.43388, EPS: 0.6130000000000001
Epoch: 43, Train Loss: 163.30155, Valid Loss: 135.14180, EPS: 0.6040000000000001
Epoch: 44, Train Loss: 145.29625, Valid Loss: 129.81503, EPS: 0.5950000000000001
Epoch: 45, Train Loss: 151.52058, Valid Loss: 141.89349, EPS: 0.5860000000000001
Epoch: 46, Train Loss: 178.11067, Valid Loss: 146.13878, EPS: 0.5770000000000001
Epoch: 47, Train Loss: 156.45671, Valid Loss: 149.33105, EPS: 0.5680000000000001
Epoch: 48, Train Loss: 183.09497, Valid Loss: 141.85010, EPS: 0.559
Epoch: 49, Train Loss: 167.85966, Valid Loss: 142.10892, EPS: 0.55
Epoch: 50, Train Loss: 160.45889, Valid Loss: 130.93555, EPS: 0.541
Epoch: 51, Train Loss: 149.40918, Valid Loss: 130.39162, EPS: 0.532
Epoch: 52, Train Loss: 140.11953, Valid Loss: 129.16594, EPS: 0.523
Epoch: 53, Train Loss: 152.20277, Valid Loss: 123.12655, EPS: 0.514
Epoch: 54, Train Loss: 147.98770, Valid Loss: 119.99858, EPS: 0.505
Epoch: 55, Train Loss: 157.95702, Valid Loss: 124.17087, EPS: 0.496
Epoch: 56, Train Loss: 136.58587, Valid Loss: 125.89678, EPS: 0.4870000000000001
Epoch: 57, Train Loss: 155.06056, Valid Loss: 117.63328, EPS: 0.4780000000000001
Epoch: 58, Train Loss: 148.75283, Valid Loss: 115.26929, EPS: 0.4690000000000001
Epoch: 59, Train Loss: 152.36267, Valid Loss: 110.35861, EPS: 0.4600000000000001
Epoch: 60, Train Loss: 136.00794, Valid Loss: 111.12293, EPS: 0.45100000000000007
Epoch: 61, Train Loss: 119.52163, Valid Loss: 106.11211, EPS: 0.44200000000000006
Epoch: 62, Train Loss: 131.52649, Valid Loss: 110.34268, EPS: 0.43300000000000005
Epoch: 63, Train Loss: 135.18446, Valid Loss: 107.59464, EPS: 0.42400000000000004
Epoch: 64, Train Loss: 149.67083, Valid Loss: 108.14100, EPS: 0.41500000000000004
Epoch: 65, Train Loss: 119.02629, Valid Loss: 106.13416, EPS: 0.406
Epoch: 66, Train Loss: 124.23114, Valid Loss: 104.11838, EPS: 0.397
Epoch: 67, Train Loss: 107.02137, Valid Loss: 100.64408, EPS: 0.388
Epoch: 68, Train Loss: 104.48203, Valid Loss: 100.76104, EPS: 0.3790000000000001
Epoch: 69, Train Loss: 107.94488, Valid Loss: 99.87404, EPS: 0.3700000000000001
Epoch: 70, Train Loss: 112.12109, Valid Loss: 98.59363, EPS: 0.3610000000000001
Epoch: 71, Train Loss: 114.26978, Valid Loss: 96.53388, EPS: 0.3520000000000001
Epoch: 72, Train Loss: 104.50275, Valid Loss: 95.25696, EPS: 0.343
Epoch: 73, Train Loss: 105.71272, Valid Loss: 99.06158, EPS: 0.334
Epoch: 74, Train Loss: 120.21126, Valid Loss: 107.03740, EPS: 0.325
Epoch: 75, Train Loss: 134.82744, Valid Loss: 114.23124, EPS: 0.316
Epoch: 76, Train Loss: 142.99260, Valid Loss: 110.13742, EPS: 0.307
Epoch: 77, Train Loss: 129.04155, Valid Loss: 116.48811, EPS: 0.298
Epoch: 78, Train Loss: 141.09285, Valid Loss: 118.84753, EPS: 0.289
Epoch: 79, Train Loss: 152.33171, Valid Loss: 124.43929, EPS: 0.27999999999999997
Epoch: 80, Train Loss: 158.83737, Valid Loss: 127.60303, EPS: 0.27099999999999996
Epoch: 81, Train Loss: 136.00762, Valid Loss: 132.14912, EPS: 0.26200000000000007
Epoch: 82, Train Loss: 150.71621, Valid Loss: 127.23438, EPS: 0.25300000000000006
Epoch: 83, Train Loss: 150.26902, Valid Loss: 129.56754, EPS: 0.24400000000000005
Epoch: 84, Train Loss: 146.59747, Valid Loss: 127.54427, EPS: 0.23500000000000004
Epoch: 85, Train Loss: 154.77208, Valid Loss: 127.95264, EPS: 0.22600000000000003
Epoch: 86, Train Loss: 167.85814, Valid Loss: 127.99951, EPS: 0.21700000000000003
Epoch: 87, Train Loss: 163.61907, Valid Loss: 126.25214, EPS: 0.20800000000000002
Epoch: 88, Train Loss: 156.97497, Valid Loss: 127.29702, EPS: 0.199
Epoch: 89, Train Loss: 149.26419, Valid Loss: 126.27134, EPS: 0.19
Epoch: 90, Train Loss: 167.28146, Valid Loss: 124.81490, EPS: 0.181
Epoch: 91, Train Loss: 142.86956, Valid Loss: 125.70010, EPS: 0.172
Epoch: 92, Train Loss: 162.44415, Valid Loss: 125.13119, EPS: 0.16299999999999998
Epoch: 93, Train Loss: 160.86397, Valid Loss: 124.14100, EPS: 0.15400000000000005
Epoch: 94, Train Loss: 136.38619, Valid Loss: 121.64780, EPS: 0.14500000000000005
Epoch: 95, Train Loss: 162.14773, Valid Loss: 122.43967, EPS: 0.13600000000000004
Epoch: 96, Train Loss: 135.17159, Valid Loss: 122.61051, EPS: 0.12700000000000003
Epoch: 97, Train Loss: 160.03851, Valid Loss: 122.15338, EPS: 0.11800000000000002
Epoch: 98, Train Loss: 138.68482, Valid Loss: 122.08490, EPS: 0.10900000000000001
Epoch: 99, Train Loss: 146.69198, Valid Loss: 121.96741, EPS: 0.1
Test Loss: 122.36523
Test Loss: 159.63521
torch.Size([2806, 5, 64, 32])
torch.Size([935, 5, 64, 32])
torch.Size([937, 5, 64, 32])
Shape: (5, 144, 72)
Epoch: 0, Train Loss: 1294.98073, Valid Loss: 1054.79488, EPS: 0.991
Epoch: 1, Train Loss: 1041.98119, Valid Loss: 809.48488, EPS: 0.982
Epoch: 2, Train Loss: 795.64818, Valid Loss: 601.89366, EPS: 0.973
Epoch: 3, Train Loss: 606.73336, Valid Loss: 451.63474, EPS: 0.964
Epoch: 4, Train Loss: 456.97965, Valid Loss: 347.89620, EPS: 0.955
Epoch: 5, Train Loss: 355.92701, Valid Loss: 268.90312, EPS: 0.946
Epoch: 6, Train Loss: 291.97226, Valid Loss: 229.15118, EPS: 0.9369999999999999
Epoch: 7, Train Loss: 246.43640, Valid Loss: 194.90232, EPS: 0.928
Epoch: 8, Train Loss: 215.67383, Valid Loss: 168.46832, EPS: 0.919
Epoch: 9, Train Loss: 194.92667, Valid Loss: 159.64782, EPS: 0.91
Epoch: 10, Train Loss: 176.34080, Valid Loss: 144.55236, EPS: 0.901
Epoch: 11, Train Loss: 179.72967, Valid Loss: 146.49453, EPS: 0.892
Epoch: 12, Train Loss: 175.57597, Valid Loss: 134.02392, EPS: 0.883
Epoch: 13, Train Loss: 160.25725, Valid Loss: 143.24651, EPS: 0.874
Epoch: 14, Train Loss: 163.62816, Valid Loss: 133.50337, EPS: 0.865
Epoch: 15, Train Loss: 150.59128, Valid Loss: 131.10588, EPS: 0.856
Epoch: 16, Train Loss: 152.96016, Valid Loss: 123.32941, EPS: 0.847
Epoch: 17, Train Loss: 140.14025, Valid Loss: 111.99346, EPS: 0.8380000000000001
Epoch: 18, Train Loss: 128.06375, Valid Loss: 107.69791, EPS: 0.8290000000000001
Epoch: 19, Train Loss: 124.82659, Valid Loss: 103.85777, EPS: 0.8200000000000001
Epoch: 20, Train Loss: 129.74159, Valid Loss: 107.22155, EPS: 0.811
Epoch: 21, Train Loss: 147.45611, Valid Loss: 119.78922, EPS: 0.802
Epoch: 22, Train Loss: 126.60653, Valid Loss: 101.43732, EPS: 0.793
Epoch: 23, Train Loss: 120.74105, Valid Loss: 102.32053, EPS: 0.784
Epoch: 24, Train Loss: 119.75883, Valid Loss: 98.55809, EPS: 0.775
Epoch: 25, Train Loss: 113.20618, Valid Loss: 95.61026, EPS: 0.766
Epoch: 26, Train Loss: 110.62178, Valid Loss: 93.84660, EPS: 0.757
Epoch: 27, Train Loss: 109.20239, Valid Loss: 92.58043, EPS: 0.748
Epoch: 28, Train Loss: 107.47054, Valid Loss: 90.02310, EPS: 0.739
Epoch: 29, Train Loss: 108.77669, Valid Loss: 93.36731, EPS: 0.73
Epoch: 30, Train Loss: 111.13639, Valid Loss: 95.10882, EPS: 0.721
Epoch: 31, Train Loss: 119.18830, Valid Loss: 99.42016, EPS: 0.712
Epoch: 32, Train Loss: 129.99099, Valid Loss: 121.66688, EPS: 0.703
Epoch: 33, Train Loss: 141.82493, Valid Loss: 110.73777, EPS: 0.694
Epoch: 34, Train Loss: 124.82343, Valid Loss: 100.52993, EPS: 0.685
Epoch: 35, Train Loss: 114.44996, Valid Loss: 101.56283, EPS: 0.676
Epoch: 36, Train Loss: 117.03959, Valid Loss: 100.45771, EPS: 0.667
Epoch: 37, Train Loss: 115.08574, Valid Loss: 89.74193, EPS: 0.658
Epoch: 38, Train Loss: 108.85271, Valid Loss: 91.67589, EPS: 0.649
Epoch: 39, Train Loss: 123.32374, Valid Loss: 107.47261, EPS: 0.64
Epoch: 40, Train Loss: 129.40888, Valid Loss: 104.90198, EPS: 0.6310000000000001
Epoch: 41, Train Loss: 129.73624, Valid Loss: 105.84743, EPS: 0.6220000000000001
Epoch: 42, Train Loss: 121.67939, Valid Loss: 98.65310, EPS: 0.6130000000000001
Epoch: 43, Train Loss: 117.22018, Valid Loss: 100.53363, EPS: 0.6040000000000001
Epoch: 44, Train Loss: 133.39026, Valid Loss: 101.09686, EPS: 0.5950000000000001
Epoch: 45, Train Loss: 124.18786, Valid Loss: 102.48663, EPS: 0.5860000000000001
Epoch: 46, Train Loss: 115.67620, Valid Loss: 95.54576, EPS: 0.5770000000000001
Epoch: 47, Train Loss: 108.09495, Valid Loss: 90.90113, EPS: 0.5680000000000001
Epoch: 48, Train Loss: 105.57991, Valid Loss: 92.29167, EPS: 0.559
Epoch: 49, Train Loss: 106.00127, Valid Loss: 91.98896, EPS: 0.55
Epoch: 50, Train Loss: 106.24593, Valid Loss: 91.90101, EPS: 0.541
Epoch: 51, Train Loss: 105.71565, Valid Loss: 91.97464, EPS: 0.532
Epoch: 52, Train Loss: 105.20698, Valid Loss: 90.51394, EPS: 0.523
Epoch: 53, Train Loss: 105.36497, Valid Loss: 92.11337, EPS: 0.514
Epoch: 54, Train Loss: 106.91695, Valid Loss: 92.00911, EPS: 0.505
Epoch: 55, Train Loss: 106.39625, Valid Loss: 91.71047, EPS: 0.496
Epoch: 56, Train Loss: 105.71494, Valid Loss: 90.44829, EPS: 0.4870000000000001
Epoch: 57, Train Loss: 105.19024, Valid Loss: 91.28553, EPS: 0.4780000000000001
Epoch: 58, Train Loss: 104.49936, Valid Loss: 90.58820, EPS: 0.4690000000000001
Epoch: 59, Train Loss: 103.74282, Valid Loss: 90.79708, EPS: 0.4600000000000001
Epoch: 60, Train Loss: 103.52451, Valid Loss: 90.54060, EPS: 0.45100000000000007
Epoch: 61, Train Loss: 104.58574, Valid Loss: 90.05292, EPS: 0.44200000000000006
Epoch: 62, Train Loss: 104.21572, Valid Loss: 89.53978, EPS: 0.43300000000000005
Epoch: 63, Train Loss: 103.44682, Valid Loss: 90.43336, EPS: 0.42400000000000004
Epoch: 64, Train Loss: 103.89355, Valid Loss: 90.04611, EPS: 0.41500000000000004
Epoch: 65, Train Loss: 102.91077, Valid Loss: 89.95455, EPS: 0.406
Epoch: 66, Train Loss: 105.36045, Valid Loss: 91.76269, EPS: 0.397
Epoch: 67, Train Loss: 105.83647, Valid Loss: 91.75901, EPS: 0.388
Epoch: 68, Train Loss: 106.02228, Valid Loss: 91.34600, EPS: 0.3790000000000001
Epoch: 69, Train Loss: 106.34241, Valid Loss: 91.90133, EPS: 0.3700000000000001
Epoch: 70, Train Loss: 106.06292, Valid Loss: 91.43629, EPS: 0.3610000000000001
Epoch: 71, Train Loss: 106.27912, Valid Loss: 91.79100, EPS: 0.3520000000000001
Epoch: 72, Train Loss: 105.60800, Valid Loss: 91.07356, EPS: 0.343
Epoch: 73, Train Loss: 105.68929, Valid Loss: 92.25376, EPS: 0.334
Epoch: 74, Train Loss: 105.69977, Valid Loss: 92.20463, EPS: 0.325
Epoch: 75, Train Loss: 104.97320, Valid Loss: 91.25446, EPS: 0.316
Epoch: 76, Train Loss: 105.85792, Valid Loss: 91.10437, EPS: 0.307
Epoch: 77, Train Loss: 105.50992, Valid Loss: 91.43756, EPS: 0.298
Epoch: 78, Train Loss: 105.51263, Valid Loss: 92.27771, EPS: 0.289
Epoch: 79, Train Loss: 105.58385, Valid Loss: 90.72837, EPS: 0.27999999999999997
Epoch: 80, Train Loss: 105.57529, Valid Loss: 91.31802, EPS: 0.27099999999999996
Epoch: 81, Train Loss: 106.08524, Valid Loss: 91.03793, EPS: 0.26200000000000007
Epoch: 82, Train Loss: 105.12192, Valid Loss: 91.13375, EPS: 0.25300000000000006
Epoch: 83, Train Loss: 105.43075, Valid Loss: 91.68717, EPS: 0.24400000000000005
Epoch: 84, Train Loss: 105.16241, Valid Loss: 90.76213, EPS: 0.23500000000000004
Epoch: 85, Train Loss: 105.96086, Valid Loss: 91.64720, EPS: 0.22600000000000003
Epoch: 86, Train Loss: 105.22698, Valid Loss: 91.31854, EPS: 0.21700000000000003
Epoch: 87, Train Loss: 105.06493, Valid Loss: 91.34074, EPS: 0.20800000000000002
Epoch: 88, Train Loss: 105.01776, Valid Loss: 92.11380, EPS: 0.199
Epoch: 89, Train Loss: 105.68066, Valid Loss: 91.15447, EPS: 0.19
Epoch: 90, Train Loss: 106.10051, Valid Loss: 91.89645, EPS: 0.181
Epoch: 91, Train Loss: 105.36382, Valid Loss: 91.94478, EPS: 0.172
Epoch: 92, Train Loss: 104.67558, Valid Loss: 91.89075, EPS: 0.16299999999999998
Epoch: 93, Train Loss: 106.18651, Valid Loss: 91.45365, EPS: 0.15400000000000005
Epoch: 94, Train Loss: 105.03888, Valid Loss: 91.71963, EPS: 0.14500000000000005
Epoch: 95, Train Loss: 106.28378, Valid Loss: 91.69844, EPS: 0.13600000000000004
Epoch: 96, Train Loss: 105.38313, Valid Loss: 92.26739, EPS: 0.12700000000000003
Epoch: 97, Train Loss: 105.71292, Valid Loss: 91.33216, EPS: 0.11800000000000002
Epoch: 98, Train Loss: 105.83571, Valid Loss: 91.67549, EPS: 0.10900000000000001
Epoch: 99, Train Loss: 105.73692, Valid Loss: 91.28768, EPS: 0.1
Test Loss: 91.61148
Test Loss: 103.36909
torch.Size([2806, 5, 64, 32])
torch.Size([935, 5, 64, 32])
torch.Size([937, 5, 64, 32])
Shape: (5, 144, 72)
Epoch: 0, Train Loss: 1334.80991, Valid Loss: 1138.02429, EPS: 0.991
Epoch: 1, Train Loss: 1214.41633, Valid Loss: 1003.83459, EPS: 0.982
Epoch: 2, Train Loss: 1072.07816, Valid Loss: 881.84680, EPS: 0.973
Epoch: 3, Train Loss: 940.57980, Valid Loss: 769.75235, EPS: 0.964
Epoch: 4, Train Loss: 824.05050, Valid Loss: 662.22556, EPS: 0.955
Epoch: 5, Train Loss: 707.42688, Valid Loss: 555.72673, EPS: 0.946
Epoch: 6, Train Loss: 604.77451, Valid Loss: 486.30507, EPS: 0.9369999999999999
Epoch: 7, Train Loss: 541.80101, Valid Loss: 422.34236, EPS: 0.928
Epoch: 8, Train Loss: 462.94907, Valid Loss: 382.69206, EPS: 0.919
Epoch: 9, Train Loss: 410.62229, Valid Loss: 330.83023, EPS: 0.91
Epoch: 10, Train Loss: 377.31451, Valid Loss: 301.64336, EPS: 0.901
Epoch: 11, Train Loss: 336.69251, Valid Loss: 254.76383, EPS: 0.892
Epoch: 12, Train Loss: 295.40842, Valid Loss: 234.71318, EPS: 0.883
Epoch: 13, Train Loss: 267.93531, Valid Loss: 205.25353, EPS: 0.874
Epoch: 14, Train Loss: 238.12661, Valid Loss: 188.64288, EPS: 0.865
Epoch: 15, Train Loss: 221.78711, Valid Loss: 177.90108, EPS: 0.856
Epoch: 16, Train Loss: 201.19493, Valid Loss: 167.69755, EPS: 0.847
Epoch: 17, Train Loss: 195.79443, Valid Loss: 155.05643, EPS: 0.8380000000000001
Epoch: 18, Train Loss: 202.93088, Valid Loss: 155.14542, EPS: 0.8290000000000001
Epoch: 19, Train Loss: 184.54117, Valid Loss: 152.53518, EPS: 0.8200000000000001
Epoch: 20, Train Loss: 177.18130, Valid Loss: 138.89437, EPS: 0.811
Epoch: 21, Train Loss: 173.69700, Valid Loss: 135.83089, EPS: 0.802
Epoch: 22, Train Loss: 163.02457, Valid Loss: 155.76212, EPS: 0.793
Epoch: 23, Train Loss: 190.25838, Valid Loss: 152.60376, EPS: 0.784
Epoch: 24, Train Loss: 178.53052, Valid Loss: 137.78673, EPS: 0.775
Epoch: 25, Train Loss: 161.65079, Valid Loss: 128.00179, EPS: 0.766
Epoch: 26, Train Loss: 152.19388, Valid Loss: 127.90952, EPS: 0.757
Epoch: 27, Train Loss: 154.16839, Valid Loss: 119.96544, EPS: 0.748
Epoch: 28, Train Loss: 147.41270, Valid Loss: 119.53373, EPS: 0.739
Epoch: 29, Train Loss: 142.83413, Valid Loss: 115.08921, EPS: 0.73
Epoch: 30, Train Loss: 154.24400, Valid Loss: 121.36036, EPS: 0.721
Epoch: 31, Train Loss: 147.04288, Valid Loss: 116.99244, EPS: 0.712
Epoch: 32, Train Loss: 137.87009, Valid Loss: 113.14742, EPS: 0.703
Epoch: 33, Train Loss: 138.56823, Valid Loss: 109.53704, EPS: 0.694
Epoch: 34, Train Loss: 124.50772, Valid Loss: 102.07898, EPS: 0.685
Epoch: 35, Train Loss: 116.87089, Valid Loss: 97.98784, EPS: 0.676
Epoch: 36, Train Loss: 112.10967, Valid Loss: 96.13877, EPS: 0.667
Epoch: 37, Train Loss: 114.40837, Valid Loss: 95.74953, EPS: 0.658
Epoch: 38, Train Loss: 118.96360, Valid Loss: 106.55842, EPS: 0.649
Epoch: 39, Train Loss: 125.39781, Valid Loss: 101.52060, EPS: 0.64
Epoch: 40, Train Loss: 126.56892, Valid Loss: 103.48767, EPS: 0.6310000000000001
Epoch: 41, Train Loss: 128.31925, Valid Loss: 97.16306, EPS: 0.6220000000000001
Epoch: 42, Train Loss: 115.00802, Valid Loss: 96.39878, EPS: 0.6130000000000001
Epoch: 43, Train Loss: 114.33959, Valid Loss: 92.82639, EPS: 0.6040000000000001
Epoch: 44, Train Loss: 102.56727, Valid Loss: 90.11855, EPS: 0.5950000000000001
Epoch: 45, Train Loss: 106.52596, Valid Loss: 89.05552, EPS: 0.5860000000000001
Epoch: 46, Train Loss: 100.70425, Valid Loss: 87.64759, EPS: 0.5770000000000001
Epoch: 47, Train Loss: 105.45898, Valid Loss: 85.69727, EPS: 0.5680000000000001
Epoch: 48, Train Loss: 99.43634, Valid Loss: 86.44616, EPS: 0.559
Epoch: 49, Train Loss: 103.08271, Valid Loss: 86.59697, EPS: 0.55
Epoch: 50, Train Loss: 100.92205, Valid Loss: 85.06775, EPS: 0.541
Epoch: 51, Train Loss: 96.05326, Valid Loss: 83.77466, EPS: 0.532
Epoch: 52, Train Loss: 94.42462, Valid Loss: 87.36256, EPS: 0.523
Epoch: 53, Train Loss: 103.57118, Valid Loss: 86.24381, EPS: 0.514
Epoch: 54, Train Loss: 99.10276, Valid Loss: 84.00339, EPS: 0.505
Epoch: 55, Train Loss: 95.91500, Valid Loss: 85.28980, EPS: 0.496
Epoch: 56, Train Loss: 95.10526, Valid Loss: 84.81067, EPS: 0.4870000000000001
Epoch: 57, Train Loss: 99.81632, Valid Loss: 82.99126, EPS: 0.4780000000000001
Epoch: 58, Train Loss: 94.22014, Valid Loss: 82.66967, EPS: 0.4690000000000001
Epoch: 59, Train Loss: 93.42791, Valid Loss: 81.56987, EPS: 0.4600000000000001
Epoch: 60, Train Loss: 91.32300, Valid Loss: 81.20808, EPS: 0.45100000000000007
Epoch: 61, Train Loss: 90.19647, Valid Loss: 80.41389, EPS: 0.44200000000000006
Epoch: 62, Train Loss: 88.05514, Valid Loss: 81.05024, EPS: 0.43300000000000005
Epoch: 63, Train Loss: 85.86196, Valid Loss: 79.90582, EPS: 0.42400000000000004
Epoch: 64, Train Loss: 88.38747, Valid Loss: 78.56529, EPS: 0.41500000000000004
Epoch: 65, Train Loss: 90.73194, Valid Loss: 81.66547, EPS: 0.406
Epoch: 66, Train Loss: 96.28349, Valid Loss: 80.02803, EPS: 0.397
Epoch: 67, Train Loss: 94.93263, Valid Loss: 81.80068, EPS: 0.388
Epoch: 68, Train Loss: 96.54324, Valid Loss: 81.06620, EPS: 0.3790000000000001
Epoch: 69, Train Loss: 94.56504, Valid Loss: 81.15125, EPS: 0.3700000000000001
Epoch: 70, Train Loss: 92.69348, Valid Loss: 80.60524, EPS: 0.3610000000000001
Epoch: 71, Train Loss: 91.64344, Valid Loss: 81.36890, EPS: 0.3520000000000001
Epoch: 72, Train Loss: 90.63411, Valid Loss: 81.08879, EPS: 0.343
Epoch: 73, Train Loss: 89.62941, Valid Loss: 80.35501, EPS: 0.334
Epoch: 74, Train Loss: 87.64031, Valid Loss: 79.84222, EPS: 0.325
Epoch: 75, Train Loss: 89.57295, Valid Loss: 79.88372, EPS: 0.316
Epoch: 76, Train Loss: 89.88759, Valid Loss: 79.37937, EPS: 0.307
Epoch: 77, Train Loss: 93.00621, Valid Loss: 78.91772, EPS: 0.298
Epoch: 78, Train Loss: 92.53708, Valid Loss: 80.49818, EPS: 0.289
Epoch: 79, Train Loss: 86.96960, Valid Loss: 79.48308, EPS: 0.27999999999999997
Epoch: 80, Train Loss: 90.23221, Valid Loss: 80.02558, EPS: 0.27099999999999996
Epoch: 81, Train Loss: 96.50163, Valid Loss: 83.29340, EPS: 0.26200000000000007
Epoch: 82, Train Loss: 103.10713, Valid Loss: 83.38026, EPS: 0.25300000000000006
Epoch: 83, Train Loss: 100.54752, Valid Loss: 83.20354, EPS: 0.24400000000000005
Epoch: 84, Train Loss: 98.94017, Valid Loss: 82.15700, EPS: 0.23500000000000004
Epoch: 85, Train Loss: 97.10760, Valid Loss: 82.55138, EPS: 0.22600000000000003
Epoch: 86, Train Loss: 102.42847, Valid Loss: 82.21703, EPS: 0.21700000000000003
Epoch: 87, Train Loss: 98.33465, Valid Loss: 82.95501, EPS: 0.20800000000000002
Epoch: 88, Train Loss: 98.15949, Valid Loss: 82.05542, EPS: 0.199
Epoch: 89, Train Loss: 97.10471, Valid Loss: 81.50257, EPS: 0.19
Epoch: 90, Train Loss: 95.76245, Valid Loss: 83.62701, EPS: 0.181
Epoch: 91, Train Loss: 97.70346, Valid Loss: 82.03825, EPS: 0.172
Epoch: 92, Train Loss: 96.40728, Valid Loss: 83.68461, EPS: 0.16299999999999998
Epoch: 93, Train Loss: 105.56487, Valid Loss: 83.25409, EPS: 0.15400000000000005
Epoch: 94, Train Loss: 99.61590, Valid Loss: 81.27129, EPS: 0.14500000000000005
Epoch: 95, Train Loss: 97.86769, Valid Loss: 82.54153, EPS: 0.13600000000000004
Epoch: 96, Train Loss: 99.97461, Valid Loss: 82.41498, EPS: 0.12700000000000003
Epoch: 97, Train Loss: 95.97725, Valid Loss: 83.13851, EPS: 0.11800000000000002
Epoch: 98, Train Loss: 102.17030, Valid Loss: 83.26750, EPS: 0.10900000000000001
Epoch: 99, Train Loss: 100.23046, Valid Loss: 81.85260, EPS: 0.1
Test Loss: 82.75703
Test Loss: 101.56500
torch.Size([2806, 5, 64, 32])
torch.Size([935, 5, 64, 32])
torch.Size([937, 5, 64, 32])
Shape: (5, 144, 72)
Epoch: 0, Train Loss: 1329.50236, Valid Loss: 1186.47559, EPS: 0.991
Epoch: 1, Train Loss: 1320.88647, Valid Loss: 1125.02795, EPS: 0.982
Epoch: 2, Train Loss: 1174.31576, Valid Loss: 1044.53772, EPS: 0.973
Epoch: 3, Train Loss: 1241.31185, Valid Loss: 963.76117, EPS: 0.964
Epoch: 4, Train Loss: 1012.01542, Valid Loss: 876.85834, EPS: 0.955
Epoch: 5, Train Loss: 929.59798, Valid Loss: 808.48065, EPS: 0.946
Epoch: 6, Train Loss: 928.19179, Valid Loss: 730.48645, EPS: 0.9369999999999999
Epoch: 7, Train Loss: 813.77946, Valid Loss: 667.97351, EPS: 0.928
Epoch: 8, Train Loss: 721.59125, Valid Loss: 619.70831, EPS: 0.919
Epoch: 9, Train Loss: 694.93260, Valid Loss: 553.37622, EPS: 0.91
Epoch: 10, Train Loss: 634.40375, Valid Loss: 499.91144, EPS: 0.901
Epoch: 11, Train Loss: 557.40450, Valid Loss: 457.01257, EPS: 0.892
Epoch: 12, Train Loss: 507.45886, Valid Loss: 422.88757, EPS: 0.883
Epoch: 13, Train Loss: 479.63860, Valid Loss: 391.83655, EPS: 0.874
Epoch: 14, Train Loss: 418.92902, Valid Loss: 358.84021, EPS: 0.865
Epoch: 15, Train Loss: 417.09154, Valid Loss: 328.03397, EPS: 0.856
Epoch: 16, Train Loss: 346.99124, Valid Loss: 302.17911, EPS: 0.847
Epoch: 17, Train Loss: 349.37347, Valid Loss: 280.46432, EPS: 0.8380000000000001
Epoch: 18, Train Loss: 342.73428, Valid Loss: 273.78363, EPS: 0.8290000000000001
Epoch: 19, Train Loss: 300.31153, Valid Loss: 247.54016, EPS: 0.8200000000000001
Epoch: 20, Train Loss: 297.09263, Valid Loss: 231.42627, EPS: 0.811
Epoch: 21, Train Loss: 283.21255, Valid Loss: 215.05225, EPS: 0.802
Epoch: 22, Train Loss: 252.62601, Valid Loss: 207.54170, EPS: 0.793
Epoch: 23, Train Loss: 260.69431, Valid Loss: 194.57579, EPS: 0.784
Epoch: 24, Train Loss: 221.11153, Valid Loss: 193.82898, EPS: 0.775
Epoch: 25, Train Loss: 230.84137, Valid Loss: 178.09776, EPS: 0.766
Epoch: 26, Train Loss: 205.68407, Valid Loss: 163.44133, EPS: 0.757
Epoch: 27, Train Loss: 207.54472, Valid Loss: 163.08687, EPS: 0.748
Epoch: 28, Train Loss: 191.93778, Valid Loss: 159.50159, EPS: 0.739
Epoch: 29, Train Loss: 175.67902, Valid Loss: 159.31323, EPS: 0.73
Epoch: 30, Train Loss: 202.23917, Valid Loss: 155.33029, EPS: 0.721
Epoch: 31, Train Loss: 181.41991, Valid Loss: 147.84053, EPS: 0.712
Epoch: 32, Train Loss: 173.28076, Valid Loss: 144.82327, EPS: 0.703
Epoch: 33, Train Loss: 170.03785, Valid Loss: 146.23849, EPS: 0.694
Epoch: 34, Train Loss: 168.30720, Valid Loss: 138.53096, EPS: 0.685
Epoch: 35, Train Loss: 158.57981, Valid Loss: 132.83989, EPS: 0.676
Epoch: 36, Train Loss: 155.42071, Valid Loss: 131.58583, EPS: 0.667
Epoch: 37, Train Loss: 144.29019, Valid Loss: 131.59283, EPS: 0.658
Epoch: 38, Train Loss: 141.22315, Valid Loss: 128.83966, EPS: 0.649
Epoch: 39, Train Loss: 139.98276, Valid Loss: 124.08443, EPS: 0.64
Epoch: 40, Train Loss: 148.92820, Valid Loss: 123.46799, EPS: 0.6310000000000001
Epoch: 41, Train Loss: 139.06340, Valid Loss: 122.25134, EPS: 0.6220000000000001
Epoch: 42, Train Loss: 147.51599, Valid Loss: 123.11878, EPS: 0.6130000000000001
Epoch: 43, Train Loss: 133.94360, Valid Loss: 116.28472, EPS: 0.6040000000000001
Epoch: 44, Train Loss: 127.52681, Valid Loss: 115.04225, EPS: 0.5950000000000001
Epoch: 45, Train Loss: 141.12170, Valid Loss: 113.32549, EPS: 0.5860000000000001
Epoch: 46, Train Loss: 142.66158, Valid Loss: 116.40109, EPS: 0.5770000000000001
Epoch: 47, Train Loss: 127.95815, Valid Loss: 113.60219, EPS: 0.5680000000000001
Epoch: 48, Train Loss: 148.87109, Valid Loss: 115.58867, EPS: 0.559
Epoch: 49, Train Loss: 139.84054, Valid Loss: 112.61801, EPS: 0.55
Epoch: 50, Train Loss: 128.02036, Valid Loss: 108.70914, EPS: 0.541
Epoch: 51, Train Loss: 132.51207, Valid Loss: 107.12049, EPS: 0.532
Epoch: 52, Train Loss: 127.84061, Valid Loss: 107.25755, EPS: 0.523
Epoch: 53, Train Loss: 124.81900, Valid Loss: 106.58002, EPS: 0.514
Epoch: 54, Train Loss: 125.02222, Valid Loss: 103.18459, EPS: 0.505
Epoch: 55, Train Loss: 117.13456, Valid Loss: 101.70226, EPS: 0.496
Epoch: 56, Train Loss: 117.24958, Valid Loss: 99.55363, EPS: 0.4870000000000001
Epoch: 57, Train Loss: 119.34354, Valid Loss: 99.60625, EPS: 0.4780000000000001
Epoch: 58, Train Loss: 106.20384, Valid Loss: 100.36847, EPS: 0.4690000000000001
Epoch: 59, Train Loss: 114.07725, Valid Loss: 99.79427, EPS: 0.4600000000000001
Epoch: 60, Train Loss: 112.25080, Valid Loss: 102.99542, EPS: 0.45100000000000007
Epoch: 61, Train Loss: 111.14467, Valid Loss: 99.39251, EPS: 0.44200000000000006
Epoch: 62, Train Loss: 120.86576, Valid Loss: 95.19272, EPS: 0.43300000000000005
Epoch: 63, Train Loss: 106.62924, Valid Loss: 94.25677, EPS: 0.42400000000000004
Epoch: 64, Train Loss: 105.10734, Valid Loss: 96.06895, EPS: 0.41500000000000004
Epoch: 65, Train Loss: 103.23653, Valid Loss: 95.49674, EPS: 0.406
Epoch: 66, Train Loss: 114.01132, Valid Loss: 91.72425, EPS: 0.397
Epoch: 67, Train Loss: 103.22310, Valid Loss: 90.54540, EPS: 0.388
Epoch: 68, Train Loss: 102.96417, Valid Loss: 91.20943, EPS: 0.3790000000000001
Epoch: 69, Train Loss: 93.97417, Valid Loss: 90.57990, EPS: 0.3700000000000001
Epoch: 70, Train Loss: 97.02355, Valid Loss: 88.97162, EPS: 0.3610000000000001
Epoch: 71, Train Loss: 103.35943, Valid Loss: 87.47623, EPS: 0.3520000000000001
Epoch: 72, Train Loss: 91.39576, Valid Loss: 87.27402, EPS: 0.343
Epoch: 73, Train Loss: 101.41243, Valid Loss: 88.08805, EPS: 0.334
Epoch: 74, Train Loss: 90.87831, Valid Loss: 87.70898, EPS: 0.325
Epoch: 75, Train Loss: 106.90930, Valid Loss: 92.86376, EPS: 0.316
Epoch: 76, Train Loss: 113.68669, Valid Loss: 92.81530, EPS: 0.307
Epoch: 77, Train Loss: 90.26718, Valid Loss: 90.31844, EPS: 0.298
Epoch: 78, Train Loss: 101.71030, Valid Loss: 91.25427, EPS: 0.289
Epoch: 79, Train Loss: 102.06368, Valid Loss: 93.56766, EPS: 0.27999999999999997
Epoch: 80, Train Loss: 113.69739, Valid Loss: 94.09218, EPS: 0.27099999999999996
Epoch: 81, Train Loss: 108.34306, Valid Loss: 90.63158, EPS: 0.26200000000000007
Epoch: 82, Train Loss: 93.64132, Valid Loss: 88.27431, EPS: 0.25300000000000006
Epoch: 83, Train Loss: 100.67085, Valid Loss: 87.92929, EPS: 0.24400000000000005
Epoch: 84, Train Loss: 99.52705, Valid Loss: 91.20932, EPS: 0.23500000000000004
Epoch: 85, Train Loss: 107.18407, Valid Loss: 91.08285, EPS: 0.22600000000000003
Epoch: 86, Train Loss: 106.12927, Valid Loss: 92.18624, EPS: 0.21700000000000003
Epoch: 87, Train Loss: 102.43886, Valid Loss: 91.74040, EPS: 0.20800000000000002
Epoch: 88, Train Loss: 109.85460, Valid Loss: 91.22366, EPS: 0.199
Epoch: 89, Train Loss: 114.90510, Valid Loss: 92.09597, EPS: 0.19
Epoch: 90, Train Loss: 108.02625, Valid Loss: 92.24150, EPS: 0.181
Epoch: 91, Train Loss: 106.67208, Valid Loss: 93.80171, EPS: 0.172
Epoch: 92, Train Loss: 105.18833, Valid Loss: 92.44363, EPS: 0.16299999999999998
Epoch: 93, Train Loss: 99.62193, Valid Loss: 91.90193, EPS: 0.15400000000000005
Epoch: 94, Train Loss: 113.53716, Valid Loss: 91.50043, EPS: 0.14500000000000005
Epoch: 95, Train Loss: 116.01192, Valid Loss: 92.48587, EPS: 0.13600000000000004
Epoch: 96, Train Loss: 110.03851, Valid Loss: 90.52784, EPS: 0.12700000000000003
Epoch: 97, Train Loss: 98.28161, Valid Loss: 93.08708, EPS: 0.11800000000000002
Epoch: 98, Train Loss: 96.85247, Valid Loss: 91.67119, EPS: 0.10900000000000001
Epoch: 99, Train Loss: 104.74089, Valid Loss: 92.38345, EPS: 0.1
Test Loss: 91.11089
Test Loss: 112.33479
torch.Size([2806, 5, 64, 32])
torch.Size([935, 5, 64, 32])
torch.Size([937, 5, 64, 32])
Shape: (5, 144, 72)
Epoch: 0, Train Loss: 1288.29557, Valid Loss: 1051.18447, EPS: 0.991
Epoch: 1, Train Loss: 1043.90942, Valid Loss: 808.08952, EPS: 0.982
Epoch: 2, Train Loss: 792.04859, Valid Loss: 613.41536, EPS: 0.973
Epoch: 3, Train Loss: 594.56421, Valid Loss: 438.58301, EPS: 0.964
Epoch: 4, Train Loss: 436.47962, Valid Loss: 326.92863, EPS: 0.955
Epoch: 5, Train Loss: 337.30048, Valid Loss: 265.42543, EPS: 0.946
Epoch: 6, Train Loss: 278.33096, Valid Loss: 207.82652, EPS: 0.9369999999999999
Epoch: 7, Train Loss: 231.72616, Valid Loss: 183.51457, EPS: 0.928
Epoch: 8, Train Loss: 198.98625, Valid Loss: 161.00054, EPS: 0.919
Epoch: 9, Train Loss: 183.23099, Valid Loss: 148.11822, EPS: 0.91
Epoch: 10, Train Loss: 167.13746, Valid Loss: 137.60571, EPS: 0.901
Epoch: 11, Train Loss: 149.72491, Valid Loss: 118.24187, EPS: 0.892
Epoch: 12, Train Loss: 131.64120, Valid Loss: 108.40149, EPS: 0.883
Epoch: 13, Train Loss: 125.22517, Valid Loss: 110.01096, EPS: 0.874
Epoch: 14, Train Loss: 127.91231, Valid Loss: 106.83294, EPS: 0.865
Epoch: 15, Train Loss: 126.53577, Valid Loss: 105.29767, EPS: 0.856
Epoch: 16, Train Loss: 123.85462, Valid Loss: 111.23864, EPS: 0.847
Epoch: 17, Train Loss: 127.13707, Valid Loss: 103.27360, EPS: 0.8380000000000001
Epoch: 18, Train Loss: 117.90469, Valid Loss: 96.94103, EPS: 0.8290000000000001
Epoch: 19, Train Loss: 109.03182, Valid Loss: 93.88550, EPS: 0.8200000000000001
Epoch: 20, Train Loss: 104.00715, Valid Loss: 88.90803, EPS: 0.811
Epoch: 21, Train Loss: 99.32087, Valid Loss: 86.69343, EPS: 0.802
Epoch: 22, Train Loss: 99.25860, Valid Loss: 86.83323, EPS: 0.793
Epoch: 23, Train Loss: 97.95553, Valid Loss: 84.63000, EPS: 0.784
Epoch: 24, Train Loss: 98.83267, Valid Loss: 85.86832, EPS: 0.775
Epoch: 25, Train Loss: 101.55633, Valid Loss: 85.11977, EPS: 0.766
Epoch: 26, Train Loss: 98.48364, Valid Loss: 85.67845, EPS: 0.757
Epoch: 27, Train Loss: 97.54770, Valid Loss: 86.55058, EPS: 0.748
Epoch: 28, Train Loss: 99.63646, Valid Loss: 84.92900, EPS: 0.739
Epoch: 29, Train Loss: 95.73556, Valid Loss: 84.35079, EPS: 0.73
Epoch: 30, Train Loss: 95.50367, Valid Loss: 82.97620, EPS: 0.721
Epoch: 31, Train Loss: 96.97875, Valid Loss: 84.12901, EPS: 0.712
Epoch: 32, Train Loss: 94.96247, Valid Loss: 83.15245, EPS: 0.703
Epoch: 33, Train Loss: 92.57826, Valid Loss: 82.68621, EPS: 0.694
Epoch: 34, Train Loss: 90.45786, Valid Loss: 81.92344, EPS: 0.685
Epoch: 35, Train Loss: 88.57291, Valid Loss: 82.29882, EPS: 0.676
Epoch: 36, Train Loss: 87.31197, Valid Loss: 80.76658, EPS: 0.667
Epoch: 37, Train Loss: 95.29807, Valid Loss: 83.20715, EPS: 0.658
Epoch: 38, Train Loss: 99.11246, Valid Loss: 84.37963, EPS: 0.649
Epoch: 39, Train Loss: 95.04398, Valid Loss: 83.97109, EPS: 0.64
Epoch: 40, Train Loss: 91.28566, Valid Loss: 82.60609, EPS: 0.6310000000000001
Epoch: 41, Train Loss: 94.66357, Valid Loss: 85.70277, EPS: 0.6220000000000001
Epoch: 42, Train Loss: 98.65982, Valid Loss: 82.76110, EPS: 0.6130000000000001
Epoch: 43, Train Loss: 93.53692, Valid Loss: 83.59799, EPS: 0.6040000000000001
Epoch: 44, Train Loss: 89.69166, Valid Loss: 81.42476, EPS: 0.5950000000000001
Epoch: 45, Train Loss: 88.27348, Valid Loss: 81.61891, EPS: 0.5860000000000001
Epoch: 46, Train Loss: 87.23612, Valid Loss: 81.24221, EPS: 0.5770000000000001
Epoch: 47, Train Loss: 86.68383, Valid Loss: 80.72399, EPS: 0.5680000000000001
Epoch: 48, Train Loss: 86.90867, Valid Loss: 80.43409, EPS: 0.559
Epoch: 49, Train Loss: 88.54740, Valid Loss: 79.31777, EPS: 0.55
Epoch: 50, Train Loss: 87.51202, Valid Loss: 80.46174, EPS: 0.541
Epoch: 51, Train Loss: 87.18849, Valid Loss: 80.84805, EPS: 0.532
Epoch: 52, Train Loss: 93.40636, Valid Loss: 88.81308, EPS: 0.523
Epoch: 53, Train Loss: 96.66545, Valid Loss: 83.87629, EPS: 0.514
Epoch: 54, Train Loss: 93.85882, Valid Loss: 82.20785, EPS: 0.505
Epoch: 55, Train Loss: 89.92789, Valid Loss: 81.64510, EPS: 0.496
Epoch: 56, Train Loss: 89.34399, Valid Loss: 81.57070, EPS: 0.4870000000000001
Epoch: 57, Train Loss: 89.03306, Valid Loss: 81.17575, EPS: 0.4780000000000001
Epoch: 58, Train Loss: 87.09688, Valid Loss: 81.54827, EPS: 0.4690000000000001
Epoch: 59, Train Loss: 87.02956, Valid Loss: 80.92455, EPS: 0.4600000000000001
Epoch: 60, Train Loss: 87.11320, Valid Loss: 81.02493, EPS: 0.45100000000000007
Epoch: 61, Train Loss: 86.67656, Valid Loss: 80.11527, EPS: 0.44200000000000006
Epoch: 62, Train Loss: 86.37222, Valid Loss: 81.33832, EPS: 0.43300000000000005
Epoch: 63, Train Loss: 85.93107, Valid Loss: 81.71485, EPS: 0.42400000000000004
Epoch: 64, Train Loss: 86.47105, Valid Loss: 80.63728, EPS: 0.41500000000000004
Epoch: 65, Train Loss: 86.43180, Valid Loss: 81.17373, EPS: 0.406
Epoch: 66, Train Loss: 86.65911, Valid Loss: 81.27746, EPS: 0.397
Epoch: 67, Train Loss: 86.11194, Valid Loss: 80.93247, EPS: 0.388
Epoch: 68, Train Loss: 86.17920, Valid Loss: 81.51712, EPS: 0.3790000000000001
Epoch: 69, Train Loss: 85.81683, Valid Loss: 82.04650, EPS: 0.3700000000000001
Epoch: 70, Train Loss: 87.57269, Valid Loss: 82.81059, EPS: 0.3610000000000001
Epoch: 71, Train Loss: 95.12253, Valid Loss: 82.40766, EPS: 0.3520000000000001
Epoch: 72, Train Loss: 94.95103, Valid Loss: 81.49392, EPS: 0.343
Epoch: 73, Train Loss: 94.31501, Valid Loss: 81.70414, EPS: 0.334
Epoch: 74, Train Loss: 94.10485, Valid Loss: 81.83894, EPS: 0.325
Epoch: 75, Train Loss: 95.14606, Valid Loss: 81.28440, EPS: 0.316
Epoch: 76, Train Loss: 94.47554, Valid Loss: 81.39853, EPS: 0.307
Epoch: 77, Train Loss: 93.68260, Valid Loss: 80.85260, EPS: 0.298
Epoch: 78, Train Loss: 94.61312, Valid Loss: 81.93961, EPS: 0.289
Epoch: 79, Train Loss: 93.71300, Valid Loss: 81.39831, EPS: 0.27999999999999997
Epoch: 80, Train Loss: 93.50067, Valid Loss: 81.17625, EPS: 0.27099999999999996
Epoch: 81, Train Loss: 93.52580, Valid Loss: 81.02330, EPS: 0.26200000000000007
Epoch: 82, Train Loss: 93.55399, Valid Loss: 80.51776, EPS: 0.25300000000000006
Epoch: 83, Train Loss: 93.34038, Valid Loss: 80.71470, EPS: 0.24400000000000005
Epoch: 84, Train Loss: 92.92592, Valid Loss: 81.31445, EPS: 0.23500000000000004
Epoch: 85, Train Loss: 93.50412, Valid Loss: 81.22744, EPS: 0.22600000000000003
Epoch: 86, Train Loss: 92.60246, Valid Loss: 81.61210, EPS: 0.21700000000000003
Epoch: 87, Train Loss: 93.76877, Valid Loss: 81.64231, EPS: 0.20800000000000002
Epoch: 88, Train Loss: 94.55576, Valid Loss: 80.82365, EPS: 0.199
Epoch: 89, Train Loss: 93.48568, Valid Loss: 81.12451, EPS: 0.19
Epoch: 90, Train Loss: 93.36837, Valid Loss: 81.52989, EPS: 0.181
Epoch: 91, Train Loss: 93.74525, Valid Loss: 80.86013, EPS: 0.172
Epoch: 92, Train Loss: 93.06082, Valid Loss: 81.38402, EPS: 0.16299999999999998
Epoch: 93, Train Loss: 93.54697, Valid Loss: 81.36806, EPS: 0.15400000000000005
Epoch: 94, Train Loss: 93.77362, Valid Loss: 81.12368, EPS: 0.14500000000000005
Epoch: 95, Train Loss: 92.78493, Valid Loss: 81.45041, EPS: 0.13600000000000004
Epoch: 96, Train Loss: 93.02105, Valid Loss: 80.92854, EPS: 0.12700000000000003
Epoch: 97, Train Loss: 92.57127, Valid Loss: 80.83596, EPS: 0.11800000000000002
Epoch: 98, Train Loss: 93.25608, Valid Loss: 81.18377, EPS: 0.10900000000000001
Epoch: 99, Train Loss: 92.82466, Valid Loss: 81.19516, EPS: 0.1
Test Loss: 80.81008
Test Loss: 90.04715
torch.Size([2806, 5, 64, 32])
torch.Size([935, 5, 64, 32])
torch.Size([937, 5, 64, 32])
Shape: (5, 144, 72)
Epoch: 0, Train Loss: 1353.58628, Valid Loss: 1155.34784, EPS: 0.991
Epoch: 1, Train Loss: 1227.74285, Valid Loss: 1033.96771, EPS: 0.982
Epoch: 2, Train Loss: 1113.15691, Valid Loss: 899.79282, EPS: 0.973
Epoch: 3, Train Loss: 943.55839, Valid Loss: 771.33447, EPS: 0.964
Epoch: 4, Train Loss: 840.40588, Valid Loss: 655.05365, EPS: 0.955
Epoch: 5, Train Loss: 701.89384, Valid Loss: 560.38393, EPS: 0.946
Epoch: 6, Train Loss: 600.83877, Valid Loss: 476.11618, EPS: 0.9369999999999999
Epoch: 7, Train Loss: 535.94988, Valid Loss: 422.00534, EPS: 0.928
Epoch: 8, Train Loss: 457.43167, Valid Loss: 363.66692, EPS: 0.919
Epoch: 9, Train Loss: 399.09918, Valid Loss: 308.45050, EPS: 0.91
Epoch: 10, Train Loss: 345.31689, Valid Loss: 269.74059, EPS: 0.901
Epoch: 11, Train Loss: 297.18823, Valid Loss: 233.16595, EPS: 0.892
Epoch: 12, Train Loss: 269.58808, Valid Loss: 219.63538, EPS: 0.883
Epoch: 13, Train Loss: 247.10504, Valid Loss: 195.71288, EPS: 0.874
Epoch: 14, Train Loss: 226.31709, Valid Loss: 182.51545, EPS: 0.865
Epoch: 15, Train Loss: 222.06443, Valid Loss: 179.48628, EPS: 0.856
Epoch: 16, Train Loss: 209.02845, Valid Loss: 163.48344, EPS: 0.847
Epoch: 17, Train Loss: 194.61519, Valid Loss: 156.71767, EPS: 0.8380000000000001
Epoch: 18, Train Loss: 185.00943, Valid Loss: 146.88102, EPS: 0.8290000000000001
Epoch: 19, Train Loss: 177.10265, Valid Loss: 146.28596, EPS: 0.8200000000000001
Epoch: 20, Train Loss: 175.81251, Valid Loss: 148.71133, EPS: 0.811
Epoch: 21, Train Loss: 178.22621, Valid Loss: 150.11824, EPS: 0.802
Epoch: 22, Train Loss: 182.65123, Valid Loss: 142.73458, EPS: 0.793
Epoch: 23, Train Loss: 172.43631, Valid Loss: 142.54430, EPS: 0.784
Epoch: 24, Train Loss: 180.19065, Valid Loss: 140.48263, EPS: 0.775
Epoch: 25, Train Loss: 182.98051, Valid Loss: 143.05209, EPS: 0.766
Epoch: 26, Train Loss: 173.61863, Valid Loss: 133.61207, EPS: 0.757
Epoch: 27, Train Loss: 163.00987, Valid Loss: 125.08239, EPS: 0.748
Epoch: 28, Train Loss: 141.73601, Valid Loss: 114.04736, EPS: 0.739
Epoch: 29, Train Loss: 128.06243, Valid Loss: 107.15478, EPS: 0.73
Epoch: 30, Train Loss: 116.81893, Valid Loss: 104.72109, EPS: 0.721
Epoch: 31, Train Loss: 126.76269, Valid Loss: 99.85248, EPS: 0.712
Epoch: 32, Train Loss: 117.25793, Valid Loss: 96.89607, EPS: 0.703
Epoch: 33, Train Loss: 110.62883, Valid Loss: 96.90451, EPS: 0.694
Epoch: 34, Train Loss: 114.30854, Valid Loss: 95.73404, EPS: 0.685
Epoch: 35, Train Loss: 111.60562, Valid Loss: 96.44364, EPS: 0.676
Epoch: 36, Train Loss: 108.91090, Valid Loss: 90.42616, EPS: 0.667
Epoch: 37, Train Loss: 107.85577, Valid Loss: 89.52291, EPS: 0.658
Epoch: 38, Train Loss: 110.87075, Valid Loss: 90.72583, EPS: 0.649
Epoch: 39, Train Loss: 118.98545, Valid Loss: 98.69332, EPS: 0.64
Epoch: 40, Train Loss: 118.70884, Valid Loss: 91.04589, EPS: 0.6310000000000001
Epoch: 41, Train Loss: 108.71884, Valid Loss: 91.26232, EPS: 0.6220000000000001
Epoch: 42, Train Loss: 105.03498, Valid Loss: 89.81309, EPS: 0.6130000000000001
Epoch: 43, Train Loss: 110.00902, Valid Loss: 90.31880, EPS: 0.6040000000000001
Epoch: 44, Train Loss: 104.15339, Valid Loss: 88.40825, EPS: 0.5950000000000001
Epoch: 45, Train Loss: 101.47218, Valid Loss: 89.78683, EPS: 0.5860000000000001
Epoch: 46, Train Loss: 110.60089, Valid Loss: 95.07476, EPS: 0.5770000000000001
Epoch: 47, Train Loss: 113.42264, Valid Loss: 90.15677, EPS: 0.5680000000000001
Epoch: 48, Train Loss: 116.06685, Valid Loss: 90.98016, EPS: 0.559
Epoch: 49, Train Loss: 109.79731, Valid Loss: 91.53848, EPS: 0.55
Epoch: 50, Train Loss: 107.64817, Valid Loss: 89.33744, EPS: 0.541
Epoch: 51, Train Loss: 102.48041, Valid Loss: 87.65387, EPS: 0.532
Epoch: 52, Train Loss: 97.91642, Valid Loss: 85.57441, EPS: 0.523
Epoch: 53, Train Loss: 94.21694, Valid Loss: 83.13523, EPS: 0.514
Epoch: 54, Train Loss: 99.30349, Valid Loss: 84.13707, EPS: 0.505
Epoch: 55, Train Loss: 96.49684, Valid Loss: 82.94824, EPS: 0.496
Epoch: 56, Train Loss: 95.79132, Valid Loss: 83.83613, EPS: 0.4870000000000001
Epoch: 57, Train Loss: 95.99901, Valid Loss: 82.49657, EPS: 0.4780000000000001
Epoch: 58, Train Loss: 99.02498, Valid Loss: 84.28672, EPS: 0.4690000000000001
Epoch: 59, Train Loss: 97.43114, Valid Loss: 83.01823, EPS: 0.4600000000000001
Epoch: 60, Train Loss: 94.78796, Valid Loss: 81.92097, EPS: 0.45100000000000007
Epoch: 61, Train Loss: 94.81365, Valid Loss: 82.40533, EPS: 0.44200000000000006
Epoch: 62, Train Loss: 94.77477, Valid Loss: 82.47996, EPS: 0.43300000000000005
Epoch: 63, Train Loss: 96.63562, Valid Loss: 82.62315, EPS: 0.42400000000000004
Epoch: 64, Train Loss: 96.26329, Valid Loss: 86.33096, EPS: 0.41500000000000004
Epoch: 65, Train Loss: 102.73370, Valid Loss: 84.04586, EPS: 0.406
Epoch: 66, Train Loss: 101.35047, Valid Loss: 84.30598, EPS: 0.397
Epoch: 67, Train Loss: 95.59129, Valid Loss: 88.27083, EPS: 0.388
Epoch: 68, Train Loss: 99.35218, Valid Loss: 83.93169, EPS: 0.3790000000000001
Epoch: 69, Train Loss: 96.63757, Valid Loss: 83.60103, EPS: 0.3700000000000001
Epoch: 70, Train Loss: 101.67340, Valid Loss: 85.24513, EPS: 0.3610000000000001
Epoch: 71, Train Loss: 103.05675, Valid Loss: 84.52658, EPS: 0.3520000000000001
Epoch: 72, Train Loss: 96.90810, Valid Loss: 83.78192, EPS: 0.343
Epoch: 73, Train Loss: 97.89676, Valid Loss: 83.50534, EPS: 0.334
Epoch: 74, Train Loss: 101.99281, Valid Loss: 84.43278, EPS: 0.325
Epoch: 75, Train Loss: 95.59620, Valid Loss: 84.66552, EPS: 0.316
Epoch: 76, Train Loss: 103.89242, Valid Loss: 84.95926, EPS: 0.307
Epoch: 77, Train Loss: 95.87546, Valid Loss: 83.07207, EPS: 0.298
Epoch: 78, Train Loss: 94.53802, Valid Loss: 84.22533, EPS: 0.289
Epoch: 79, Train Loss: 99.09437, Valid Loss: 83.79975, EPS: 0.27999999999999997
Epoch: 80, Train Loss: 98.98807, Valid Loss: 83.35384, EPS: 0.27099999999999996
Epoch: 81, Train Loss: 97.31260, Valid Loss: 84.45761, EPS: 0.26200000000000007
Epoch: 82, Train Loss: 97.90204, Valid Loss: 83.28751, EPS: 0.25300000000000006
Epoch: 83, Train Loss: 101.09860, Valid Loss: 84.38408, EPS: 0.24400000000000005
Epoch: 84, Train Loss: 99.32707, Valid Loss: 83.49043, EPS: 0.23500000000000004
Epoch: 85, Train Loss: 98.12492, Valid Loss: 82.37259, EPS: 0.22600000000000003
Epoch: 86, Train Loss: 96.56001, Valid Loss: 83.28444, EPS: 0.21700000000000003
Epoch: 87, Train Loss: 98.11466, Valid Loss: 80.50460, EPS: 0.20800000000000002
Epoch: 88, Train Loss: 94.20095, Valid Loss: 81.33820, EPS: 0.199
Epoch: 89, Train Loss: 94.34293, Valid Loss: 81.46896, EPS: 0.19
Epoch: 90, Train Loss: 96.31377, Valid Loss: 81.10412, EPS: 0.181
Epoch: 91, Train Loss: 99.83985, Valid Loss: 80.66457, EPS: 0.172
Epoch: 92, Train Loss: 93.23759, Valid Loss: 81.46171, EPS: 0.16299999999999998
Epoch: 93, Train Loss: 95.19383, Valid Loss: 81.83728, EPS: 0.15400000000000005
Epoch: 94, Train Loss: 96.55656, Valid Loss: 80.88950, EPS: 0.14500000000000005
Epoch: 95, Train Loss: 97.12587, Valid Loss: 82.04076, EPS: 0.13600000000000004
Epoch: 96, Train Loss: 94.49601, Valid Loss: 80.65152, EPS: 0.12700000000000003
Epoch: 97, Train Loss: 97.78641, Valid Loss: 81.31298, EPS: 0.11800000000000002
Epoch: 98, Train Loss: 94.74163, Valid Loss: 80.76513, EPS: 0.10900000000000001
Epoch: 99, Train Loss: 93.26630, Valid Loss: 81.07978, EPS: 0.1
Test Loss: 81.73264
Test Loss: 97.07194
torch.Size([2806, 5, 64, 32])
torch.Size([935, 5, 64, 32])
torch.Size([937, 5, 64, 32])
Shape: (5, 144, 72)
Epoch: 0, Train Loss: 1340.94950, Valid Loss: 1181.31091, EPS: 0.991
Epoch: 1, Train Loss: 1295.01412, Valid Loss: 1118.53235, EPS: 0.982
Epoch: 2, Train Loss: 1204.54215, Valid Loss: 1042.99475, EPS: 0.973
Epoch: 3, Train Loss: 1155.77946, Valid Loss: 949.82208, EPS: 0.964
Epoch: 4, Train Loss: 1068.16016, Valid Loss: 875.39929, EPS: 0.955
Epoch: 5, Train Loss: 1035.84068, Valid Loss: 806.85089, EPS: 0.946
Epoch: 6, Train Loss: 796.25926, Valid Loss: 742.54993, EPS: 0.9369999999999999
Epoch: 7, Train Loss: 823.51394, Valid Loss: 674.49097, EPS: 0.928
Epoch: 8, Train Loss: 729.23535, Valid Loss: 613.57233, EPS: 0.919
Epoch: 9, Train Loss: 653.77816, Valid Loss: 549.14362, EPS: 0.91
Epoch: 10, Train Loss: 625.95599, Valid Loss: 502.33475, EPS: 0.901
Epoch: 11, Train Loss: 551.40377, Valid Loss: 450.06296, EPS: 0.892
Epoch: 12, Train Loss: 505.23581, Valid Loss: 403.17004, EPS: 0.883
Epoch: 13, Train Loss: 429.27025, Valid Loss: 367.76639, EPS: 0.874
Epoch: 14, Train Loss: 394.50962, Valid Loss: 332.89200, EPS: 0.865
Epoch: 15, Train Loss: 351.48068, Valid Loss: 304.34967, EPS: 0.856
Epoch: 16, Train Loss: 333.33524, Valid Loss: 279.00058, EPS: 0.847
Epoch: 17, Train Loss: 316.67544, Valid Loss: 254.33607, EPS: 0.8380000000000001
Epoch: 18, Train Loss: 289.52708, Valid Loss: 242.10245, EPS: 0.8290000000000001
Epoch: 19, Train Loss: 294.65332, Valid Loss: 223.46991, EPS: 0.8200000000000001
Epoch: 20, Train Loss: 284.86121, Valid Loss: 210.61374, EPS: 0.811
Epoch: 21, Train Loss: 266.26257, Valid Loss: 201.35329, EPS: 0.802
Epoch: 22, Train Loss: 244.46658, Valid Loss: 185.43529, EPS: 0.793
Epoch: 23, Train Loss: 201.25883, Valid Loss: 189.64929, EPS: 0.784
Epoch: 24, Train Loss: 225.42014, Valid Loss: 187.38600, EPS: 0.775
Epoch: 25, Train Loss: 203.09925, Valid Loss: 174.40805, EPS: 0.766
Epoch: 26, Train Loss: 207.69583, Valid Loss: 174.14366, EPS: 0.757
Epoch: 27, Train Loss: 196.83948, Valid Loss: 160.90433, EPS: 0.748
Epoch: 28, Train Loss: 193.82786, Valid Loss: 148.36163, EPS: 0.739
Epoch: 29, Train Loss: 166.16682, Valid Loss: 149.82965, EPS: 0.73
Epoch: 30, Train Loss: 175.01618, Valid Loss: 157.34599, EPS: 0.721
Epoch: 31, Train Loss: 177.36545, Valid Loss: 155.48877, EPS: 0.712
Epoch: 32, Train Loss: 189.43972, Valid Loss: 143.07370, EPS: 0.703
Epoch: 33, Train Loss: 168.00131, Valid Loss: 143.74670, EPS: 0.694
Epoch: 34, Train Loss: 168.98218, Valid Loss: 146.94710, EPS: 0.685
Epoch: 35, Train Loss: 182.60892, Valid Loss: 143.10481, EPS: 0.676
Epoch: 36, Train Loss: 167.90214, Valid Loss: 147.92976, EPS: 0.667
Epoch: 37, Train Loss: 159.87859, Valid Loss: 140.52673, EPS: 0.658
Epoch: 38, Train Loss: 161.21355, Valid Loss: 139.04939, EPS: 0.649
Epoch: 39, Train Loss: 174.09003, Valid Loss: 137.84726, EPS: 0.64
Epoch: 40, Train Loss: 173.64964, Valid Loss: 132.07710, EPS: 0.6310000000000001
Epoch: 41, Train Loss: 160.29191, Valid Loss: 126.50415, EPS: 0.6220000000000001
Epoch: 42, Train Loss: 153.26638, Valid Loss: 136.28940, EPS: 0.6130000000000001
Epoch: 43, Train Loss: 164.30082, Valid Loss: 127.05945, EPS: 0.6040000000000001
Epoch: 44, Train Loss: 167.26536, Valid Loss: 125.83707, EPS: 0.5950000000000001
Epoch: 45, Train Loss: 153.77959, Valid Loss: 117.68925, EPS: 0.5860000000000001
Epoch: 46, Train Loss: 149.03072, Valid Loss: 119.50122, EPS: 0.5770000000000001
Epoch: 47, Train Loss: 135.45223, Valid Loss: 118.47743, EPS: 0.5680000000000001
Epoch: 48, Train Loss: 145.50725, Valid Loss: 117.41898, EPS: 0.559
Epoch: 49, Train Loss: 126.99970, Valid Loss: 113.30500, EPS: 0.55
Epoch: 50, Train Loss: 136.48917, Valid Loss: 107.18243, EPS: 0.541
Epoch: 51, Train Loss: 121.32312, Valid Loss: 103.07238, EPS: 0.532
Epoch: 52, Train Loss: 114.82615, Valid Loss: 106.15620, EPS: 0.523
Epoch: 53, Train Loss: 108.34758, Valid Loss: 102.57406, EPS: 0.514
Epoch: 54, Train Loss: 124.02467, Valid Loss: 102.65174, EPS: 0.505
Epoch: 55, Train Loss: 121.41245, Valid Loss: 99.51554, EPS: 0.496
Epoch: 56, Train Loss: 110.97773, Valid Loss: 98.06129, EPS: 0.4870000000000001
Epoch: 57, Train Loss: 114.71971, Valid Loss: 96.60506, EPS: 0.4780000000000001
Epoch: 58, Train Loss: 134.49413, Valid Loss: 99.58560, EPS: 0.4690000000000001
Epoch: 59, Train Loss: 121.87651, Valid Loss: 102.81156, EPS: 0.4600000000000001
Epoch: 60, Train Loss: 114.10690, Valid Loss: 102.01263, EPS: 0.45100000000000007
Epoch: 61, Train Loss: 125.53286, Valid Loss: 104.85014, EPS: 0.44200000000000006
Epoch: 62, Train Loss: 135.45667, Valid Loss: 104.11964, EPS: 0.43300000000000005
Epoch: 63, Train Loss: 119.45259, Valid Loss: 107.16282, EPS: 0.42400000000000004
Epoch: 64, Train Loss: 120.33771, Valid Loss: 118.40913, EPS: 0.41500000000000004
Epoch: 65, Train Loss: 144.51833, Valid Loss: 112.72910, EPS: 0.406
Epoch: 66, Train Loss: 147.06133, Valid Loss: 110.34561, EPS: 0.397
Epoch: 67, Train Loss: 143.24644, Valid Loss: 105.91476, EPS: 0.388
Epoch: 68, Train Loss: 124.30415, Valid Loss: 103.38936, EPS: 0.3790000000000001
Epoch: 69, Train Loss: 117.20640, Valid Loss: 104.82457, EPS: 0.3700000000000001
Epoch: 70, Train Loss: 123.83082, Valid Loss: 102.76518, EPS: 0.3610000000000001
Epoch: 71, Train Loss: 129.32696, Valid Loss: 109.02073, EPS: 0.3520000000000001
Epoch: 72, Train Loss: 125.03462, Valid Loss: 109.91718, EPS: 0.343
Epoch: 73, Train Loss: 123.92701, Valid Loss: 107.48985, EPS: 0.334
Epoch: 74, Train Loss: 127.78378, Valid Loss: 115.44593, EPS: 0.325
Epoch: 75, Train Loss: 159.62358, Valid Loss: 116.47319, EPS: 0.316
Epoch: 76, Train Loss: 153.89612, Valid Loss: 116.42302, EPS: 0.307
Epoch: 77, Train Loss: 131.77386, Valid Loss: 115.82543, EPS: 0.298
Epoch: 78, Train Loss: 150.73483, Valid Loss: 114.02173, EPS: 0.289
Epoch: 79, Train Loss: 137.45018, Valid Loss: 114.01228, EPS: 0.27999999999999997
Epoch: 80, Train Loss: 139.98305, Valid Loss: 113.33838, EPS: 0.27099999999999996
Epoch: 81, Train Loss: 139.54908, Valid Loss: 114.03292, EPS: 0.26200000000000007
Epoch: 82, Train Loss: 131.12665, Valid Loss: 114.05962, EPS: 0.25300000000000006
Epoch: 83, Train Loss: 143.32821, Valid Loss: 113.74969, EPS: 0.24400000000000005
Epoch: 84, Train Loss: 131.51978, Valid Loss: 114.99747, EPS: 0.23500000000000004
Epoch: 85, Train Loss: 143.43964, Valid Loss: 114.68586, EPS: 0.22600000000000003
Epoch: 86, Train Loss: 125.73085, Valid Loss: 113.12653, EPS: 0.21700000000000003
Epoch: 87, Train Loss: 134.38583, Valid Loss: 115.40730, EPS: 0.20800000000000002
Epoch: 88, Train Loss: 148.27156, Valid Loss: 111.72478, EPS: 0.199
Epoch: 89, Train Loss: 131.09562, Valid Loss: 114.43434, EPS: 0.19
Epoch: 90, Train Loss: 131.89515, Valid Loss: 113.56739, EPS: 0.181
Epoch: 91, Train Loss: 134.03660, Valid Loss: 114.49089, EPS: 0.172
Epoch: 92, Train Loss: 136.12025, Valid Loss: 113.29453, EPS: 0.16299999999999998
Epoch: 93, Train Loss: 142.36249, Valid Loss: 112.02786, EPS: 0.15400000000000005
Epoch: 94, Train Loss: 132.04126, Valid Loss: 112.69096, EPS: 0.14500000000000005
Epoch: 95, Train Loss: 139.47476, Valid Loss: 111.22816, EPS: 0.13600000000000004
Epoch: 96, Train Loss: 124.13073, Valid Loss: 111.95876, EPS: 0.12700000000000003
Epoch: 97, Train Loss: 124.36918, Valid Loss: 114.03693, EPS: 0.11800000000000002
Epoch: 98, Train Loss: 148.36214, Valid Loss: 114.21527, EPS: 0.10900000000000001
Epoch: 99, Train Loss: 133.52261, Valid Loss: 112.91425, EPS: 0.1
Test Loss: 112.54359
Test Loss: 144.96413
