Train shape: torch.Size([14031, 5, 64, 32])
Valid shape: torch.Size([4677, 5, 64, 32])
Test shape: torch.Size([4678, 5, 64, 32])
Shape: (5, 144, 72)
Epoch: 0, Train Loss = 0.44, Valid loss = 0.35, lr = 0.00100
Epoch: 1, Train Loss = 0.34, Valid loss = 0.34, lr = 0.00100
Epoch: 2, Train Loss = 0.32, Valid loss = 0.33, lr = 0.00100
Epoch: 3, Train Loss = 0.32, Valid loss = 0.33, lr = 0.00100
Epoch: 4, Train Loss = 0.32, Valid loss = 0.33, lr = 0.00100
Epoch: 5, Train Loss = 0.31, Valid loss = 0.33, lr = 0.00100
Epoch: 6, Train Loss = 0.31, Valid loss = 0.32, lr = 0.00100
Epoch: 7, Train Loss = 0.31, Valid loss = 0.32, lr = 0.00100
Epoch: 8, Train Loss = 0.30, Valid loss = 0.31, lr = 0.00100
Epoch: 9, Train Loss = 0.30, Valid loss = 0.31, lr = 0.00100
Epoch: 10, Train Loss = 0.30, Valid loss = 0.31, lr = 0.00100
Epoch: 11, Train Loss = 0.30, Valid loss = 0.31, lr = 0.00100
Epoch: 12, Train Loss = 0.30, Valid loss = 0.32, lr = 0.00100
Epoch: 13, Train Loss = 0.30, Valid loss = 0.31, lr = 0.00100
Epoch: 14, Train Loss = 0.30, Valid loss = 0.31, lr = 0.00100
Epoch: 15, Train Loss = 0.30, Valid loss = 0.31, lr = 0.00100
Epoch: 16, Train Loss = 0.30, Valid loss = 0.31, lr = 0.00100
Epoch: 17, Train Loss = 0.30, Valid loss = 0.31, lr = 0.00100
Epoch: 18, Train Loss = 0.30, Valid loss = 0.31, lr = 0.00100
Epoch: 19, Train Loss = 0.30, Valid loss = 0.31, lr = 0.00100
Epoch: 20, Train Loss = 0.29, Valid loss = 0.31, lr = 0.00100
Epoch: 21, Train Loss = 0.29, Valid loss = 0.30, lr = 0.00100
Epoch: 22, Train Loss = 0.29, Valid loss = 0.30, lr = 0.00100
Epoch: 23, Train Loss = 0.29, Valid loss = 0.30, lr = 0.00100
Epoch: 24, Train Loss = 0.29, Valid loss = 0.30, lr = 0.00100
Epoch: 25, Train Loss = 0.28, Valid loss = 0.30, lr = 0.00100
Epoch: 26, Train Loss = 0.28, Valid loss = 0.30, lr = 0.00100
Epoch: 27, Train Loss = 0.28, Valid loss = 0.30, lr = 0.00100
Epoch: 28, Train Loss = 0.28, Valid loss = 0.30, lr = 0.00100
Epoch: 29, Train Loss = 0.28, Valid loss = 0.30, lr = 0.00100
Epoch: 30, Train Loss = 0.28, Valid loss = 0.30, lr = 0.00100
Epoch: 31, Train Loss = 0.28, Valid loss = 0.30, lr = 0.00100
Epoch: 32, Train Loss = 0.28, Valid loss = 0.30, lr = 0.00100
Epoch: 33, Train Loss = 0.28, Valid loss = 0.30, lr = 0.00100
Epoch: 34, Train Loss = 0.28, Valid loss = 0.30, lr = 0.00100
Epoch: 35, Train Loss = 0.27, Valid loss = 0.30, lr = 0.00100
Epoch: 36, Train Loss = 0.27, Valid loss = 0.30, lr = 0.00100
Epoch: 37, Train Loss = 0.27, Valid loss = 0.30, lr = 0.00100
Epoch: 38, Train Loss = 0.27, Valid loss = 0.30, lr = 0.00100
Epoch: 39, Train Loss = 0.37, Valid loss = 0.47, lr = 0.00100
Epoch: 40, Train Loss = 0.41, Valid loss = 0.39, lr = 0.00100
Epoch: 41, Train Loss = 0.38, Valid loss = 0.38, lr = 0.00100
Epoch: 42, Train Loss = 0.37, Valid loss = 0.38, lr = 0.00100
Epoch: 43, Train Loss = 0.36, Valid loss = 0.37, lr = 0.00100
Epoch: 44, Train Loss = 0.36, Valid loss = 0.37, lr = 0.00100
Epoch: 45, Train Loss = 0.36, Valid loss = 0.37, lr = 0.00100
Epoch: 46, Train Loss = 0.36, Valid loss = 0.37, lr = 0.00010
Epoch: 47, Train Loss = 0.36, Valid loss = 0.37, lr = 0.00010
Epoch: 48, Train Loss = 0.36, Valid loss = 0.37, lr = 0.00010
Epoch: 49, Train Loss = 0.36, Valid loss = 0.36, lr = 0.00010
Epoch: 50, Train Loss = 0.36, Valid loss = 0.36, lr = 0.00010
Epoch: 51, Train Loss = 0.35, Valid loss = 0.36, lr = 0.00010
Epoch: 52, Train Loss = 0.35, Valid loss = 0.36, lr = 0.00010
Epoch: 53, Train Loss = 0.35, Valid loss = 0.36, lr = 0.00010
Epoch: 54, Train Loss = 0.35, Valid loss = 0.36, lr = 0.00010
Epoch: 55, Train Loss = 0.35, Valid loss = 0.35, lr = 0.00010
Epoch: 56, Train Loss = 0.34, Valid loss = 0.35, lr = 0.00010
Epoch: 57, Train Loss = 0.34, Valid loss = 0.35, lr = 0.00001
Epoch: 58, Train Loss = 0.34, Valid loss = 0.35, lr = 0.00001
Epoch: 59, Train Loss = 0.34, Valid loss = 0.35, lr = 0.00001
Epoch: 60, Train Loss = 0.34, Valid loss = 0.35, lr = 0.00001
Epoch: 61, Train Loss = 0.34, Valid loss = 0.35, lr = 0.00001
Epoch: 62, Train Loss = 0.34, Valid loss = 0.35, lr = 0.00001
Epoch: 63, Train Loss = 0.34, Valid loss = 0.35, lr = 0.00001
Epoch: 64, Train Loss = 0.34, Valid loss = 0.35, lr = 0.00001
Epoch: 65, Train Loss = 0.34, Valid loss = 0.35, lr = 0.00001
Epoch: 66, Train Loss = 0.34, Valid loss = 0.35, lr = 0.00001
Epoch: 67, Train Loss = 0.34, Valid loss = 0.35, lr = 0.00001
Epoch: 68, Train Loss = 0.34, Valid loss = 0.35, lr = 0.00000
Epoch: 69, Train Loss = 0.34, Valid loss = 0.35, lr = 0.00000
Epoch: 70, Train Loss = 0.34, Valid loss = 0.35, lr = 0.00000
Epoch: 71, Train Loss = 0.34, Valid loss = 0.35, lr = 0.00000
Epoch: 72, Train Loss = 0.34, Valid loss = 0.35, lr = 0.00000
Epoch: 73, Train Loss = 0.34, Valid loss = 0.35, lr = 0.00000
Epoch: 74, Train Loss = 0.34, Valid loss = 0.35, lr = 0.00000
Epoch: 75, Train Loss = 0.34, Valid loss = 0.35, lr = 0.00000
Epoch: 76, Train Loss = 0.34, Valid loss = 0.35, lr = 0.00000
Epoch: 77, Train Loss = 0.34, Valid loss = 0.35, lr = 0.00000
Epoch: 78, Train Loss = 0.34, Valid loss = 0.35, lr = 0.00000
Epoch: 79, Train Loss = 0.34, Valid loss = 0.35, lr = 0.00000
Epoch: 80, Train Loss = 0.34, Valid loss = 0.35, lr = 0.00000
Epoch: 81, Train Loss = 0.34, Valid loss = 0.35, lr = 0.00000
Epoch: 82, Train Loss = 0.34, Valid loss = 0.35, lr = 0.00000
Epoch: 83, Train Loss = 0.34, Valid loss = 0.35, lr = 0.00000
Epoch: 84, Train Loss = 0.34, Valid loss = 0.35, lr = 0.00000
Epoch: 85, Train Loss = 0.34, Valid loss = 0.35, lr = 0.00000
Epoch: 86, Train Loss = 0.34, Valid loss = 0.35, lr = 0.00000
Epoch: 87, Train Loss = 0.34, Valid loss = 0.35, lr = 0.00000
Epoch: 88, Train Loss = 0.34, Valid loss = 0.35, lr = 0.00000
Epoch: 89, Train Loss = 0.34, Valid loss = 0.35, lr = 0.00000
Epoch: 90, Train Loss = 0.34, Valid loss = 0.35, lr = 0.00000
Epoch: 91, Train Loss = 0.34, Valid loss = 0.35, lr = 0.00000
Epoch: 92, Train Loss = 0.34, Valid loss = 0.35, lr = 0.00000
Epoch: 93, Train Loss = 0.34, Valid loss = 0.35, lr = 0.00000
Epoch: 94, Train Loss = 0.34, Valid loss = 0.35, lr = 0.00000
Epoch: 95, Train Loss = 0.34, Valid loss = 0.35, lr = 0.00000
Epoch: 96, Train Loss = 0.34, Valid loss = 0.35, lr = 0.00000
Epoch: 97, Train Loss = 0.34, Valid loss = 0.35, lr = 0.00000
Epoch: 98, Train Loss = 0.34, Valid loss = 0.35, lr = 0.00000
Epoch: 99, Train Loss = 0.34, Valid loss = 0.35, lr = 0.00000
Epoch: 100, Train Loss = 0.34, Valid loss = 0.35, lr = 0.00000
Epoch: 101, Train Loss = 0.34, Valid loss = 0.35, lr = 0.00000
Epoch: 102, Train Loss = 0.34, Valid loss = 0.35, lr = 0.00000
Epoch: 103, Train Loss = 0.34, Valid loss = 0.35, lr = 0.00000
Epoch: 104, Train Loss = 0.34, Valid loss = 0.35, lr = 0.00000
Epoch: 105, Train Loss = 0.34, Valid loss = 0.35, lr = 0.00000
Epoch: 106, Train Loss = 0.34, Valid loss = 0.35, lr = 0.00000
Epoch: 107, Train Loss = 0.34, Valid loss = 0.35, lr = 0.00000
Epoch: 108, Train Loss = 0.34, Valid loss = 0.35, lr = 0.00000
Epoch: 109, Train Loss = 0.34, Valid loss = 0.35, lr = 0.00000
Epoch: 110, Train Loss = 0.34, Valid loss = 0.35, lr = 0.00000
Epoch: 111, Train Loss = 0.34, Valid loss = 0.35, lr = 0.00000
Epoch: 112, Train Loss = 0.34, Valid loss = 0.35, lr = 0.00000
Epoch: 113, Train Loss = 0.34, Valid loss = 0.35, lr = 0.00000
Epoch: 114, Train Loss = 0.34, Valid loss = 0.35, lr = 0.00000
Epoch: 115, Train Loss = 0.34, Valid loss = 0.35, lr = 0.00000
Epoch: 116, Train Loss = 0.34, Valid loss = 0.35, lr = 0.00000
Epoch: 117, Train Loss = 0.34, Valid loss = 0.35, lr = 0.00000
Epoch: 118, Train Loss = 0.34, Valid loss = 0.35, lr = 0.00000
Epoch: 119, Train Loss = 0.34, Valid loss = 0.35, lr = 0.00000
Epoch: 120, Train Loss = 0.34, Valid loss = 0.35, lr = 0.00000
Epoch: 121, Train Loss = 0.34, Valid loss = 0.35, lr = 0.00000
Epoch: 122, Train Loss = 0.34, Valid loss = 0.35, lr = 0.00000
Epoch: 123, Train Loss = 0.34, Valid loss = 0.35, lr = 0.00000
Epoch: 124, Train Loss = 0.34, Valid loss = 0.35, lr = 0.00000
Epoch: 125, Train Loss = 0.34, Valid loss = 0.35, lr = 0.00000
Epoch: 126, Train Loss = 0.34, Valid loss = 0.35, lr = 0.00000
Epoch: 127, Train Loss = 0.34, Valid loss = 0.35, lr = 0.00000
Epoch: 128, Train Loss = 0.34, Valid loss = 0.35, lr = 0.00000
Epoch: 129, Train Loss = 0.34, Valid loss = 0.35, lr = 0.00000
Epoch: 130, Train Loss = 0.34, Valid loss = 0.35, lr = 0.00000
Epoch: 131, Train Loss = 0.34, Valid loss = 0.35, lr = 0.00000
Epoch: 132, Train Loss = 0.34, Valid loss = 0.35, lr = 0.00000
Epoch: 133, Train Loss = 0.34, Valid loss = 0.35, lr = 0.00000
Epoch: 134, Train Loss = 0.34, Valid loss = 0.35, lr = 0.00000
Epoch: 135, Train Loss = 0.34, Valid loss = 0.35, lr = 0.00000
Epoch: 136, Train Loss = 0.34, Valid loss = 0.35, lr = 0.00000
Epoch: 137, Train Loss = 0.34, Valid loss = 0.35, lr = 0.00000
Epoch: 138, Train Loss = 0.34, Valid loss = 0.35, lr = 0.00000
Epoch: 139, Train Loss = 0.34, Valid loss = 0.35, lr = 0.00000
Epoch: 140, Train Loss = 0.34, Valid loss = 0.35, lr = 0.00000
Epoch: 141, Train Loss = 0.34, Valid loss = 0.35, lr = 0.00000
Epoch: 142, Train Loss = 0.34, Valid loss = 0.35, lr = 0.00000
Epoch: 143, Train Loss = 0.34, Valid loss = 0.35, lr = 0.00000
Epoch: 144, Train Loss = 0.34, Valid loss = 0.35, lr = 0.00000
Epoch: 145, Train Loss = 0.34, Valid loss = 0.35, lr = 0.00000
Epoch: 146, Train Loss = 0.34, Valid loss = 0.35, lr = 0.00000
Epoch: 147, Train Loss = 0.34, Valid loss = 0.35, lr = 0.00000
Epoch: 148, Train Loss = 0.34, Valid loss = 0.35, lr = 0.00000
Epoch: 149, Train Loss = 0.34, Valid loss = 0.35, lr = 0.00000
Epoch: 150, Train Loss = 0.34, Valid loss = 0.35, lr = 0.00000
Epoch: 151, Train Loss = 0.34, Valid loss = 0.35, lr = 0.00000
Epoch: 152, Train Loss = 0.34, Valid loss = 0.35, lr = 0.00000
Epoch: 153, Train Loss = 0.34, Valid loss = 0.35, lr = 0.00000
Epoch: 154, Train Loss = 0.34, Valid loss = 0.35, lr = 0.00000
Epoch: 155, Train Loss = 0.34, Valid loss = 0.35, lr = 0.00000
Epoch: 156, Train Loss = 0.34, Valid loss = 0.35, lr = 0.00000
Epoch: 157, Train Loss = 0.34, Valid loss = 0.35, lr = 0.00000
Epoch: 158, Train Loss = 0.34, Valid loss = 0.35, lr = 0.00000
Epoch: 159, Train Loss = 0.34, Valid loss = 0.35, lr = 0.00000
Epoch: 160, Train Loss = 0.34, Valid loss = 0.35, lr = 0.00000
Epoch: 161, Train Loss = 0.34, Valid loss = 0.35, lr = 0.00000
Epoch: 162, Train Loss = 0.34, Valid loss = 0.35, lr = 0.00000
Epoch: 163, Train Loss = 0.34, Valid loss = 0.35, lr = 0.00000
Epoch: 164, Train Loss = 0.34, Valid loss = 0.35, lr = 0.00000
Epoch: 165, Train Loss = 0.34, Valid loss = 0.35, lr = 0.00000
Epoch: 166, Train Loss = 0.34, Valid loss = 0.35, lr = 0.00000
Epoch: 167, Train Loss = 0.34, Valid loss = 0.35, lr = 0.00000
Epoch: 168, Train Loss = 0.34, Valid loss = 0.35, lr = 0.00000
Epoch: 169, Train Loss = 0.34, Valid loss = 0.35, lr = 0.00000
Epoch: 170, Train Loss = 0.34, Valid loss = 0.35, lr = 0.00000
Epoch: 171, Train Loss = 0.34, Valid loss = 0.35, lr = 0.00000
Epoch: 172, Train Loss = 0.34, Valid loss = 0.35, lr = 0.00000
Epoch: 173, Train Loss = 0.34, Valid loss = 0.35, lr = 0.00000
Epoch: 174, Train Loss = 0.34, Valid loss = 0.35, lr = 0.00000
Epoch: 175, Train Loss = 0.34, Valid loss = 0.35, lr = 0.00000
Epoch: 176, Train Loss = 0.34, Valid loss = 0.35, lr = 0.00000
Epoch: 177, Train Loss = 0.34, Valid loss = 0.35, lr = 0.00000
Epoch: 178, Train Loss = 0.34, Valid loss = 0.35, lr = 0.00000
Epoch: 179, Train Loss = 0.34, Valid loss = 0.35, lr = 0.00000