nohup: ignoring input
Train shape: torch.Size([14031, 5, 64, 32])
Valid shape: torch.Size([4677, 5, 64, 32])
Test shape: torch.Size([4678, 5, 64, 32])
Shape: (5, 144, 72)
Epoch: 0, Train Loss = 0.44, Valid loss = 0.39, lr = 0.00100
Epoch: 1, Train Loss = 0.34, Valid loss = 0.34, lr = 0.00100
Epoch: 2, Train Loss = 0.32, Valid loss = 0.32, lr = 0.00100
Epoch: 3, Train Loss = 0.30, Valid loss = 0.30, lr = 0.00100
Epoch: 4, Train Loss = 0.28, Valid loss = 0.28, lr = 0.00100
Epoch: 5, Train Loss = 0.25, Valid loss = 0.26, lr = 0.00100
Epoch: 6, Train Loss = 0.23, Valid loss = 0.23, lr = 0.00100
Epoch: 7, Train Loss = 0.20, Valid loss = 0.22, lr = 0.00100
Epoch: 8, Train Loss = 0.18, Valid loss = 0.21, lr = 0.00100
Epoch: 9, Train Loss = 0.17, Valid loss = 0.20, lr = 0.00100
Epoch: 10, Train Loss = 0.15, Valid loss = 0.19, lr = 0.00100
Epoch: 11, Train Loss = 0.14, Valid loss = 0.18, lr = 0.00100
Epoch: 12, Train Loss = 0.13, Valid loss = 0.18, lr = 0.00100
Epoch: 13, Train Loss = 0.13, Valid loss = 0.17, lr = 0.00100
Epoch: 14, Train Loss = 0.12, Valid loss = 0.17, lr = 0.00100
Epoch: 15, Train Loss = 0.11, Valid loss = 0.16, lr = 0.00100
Epoch: 16, Train Loss = 0.11, Valid loss = 0.16, lr = 0.00100
Epoch: 17, Train Loss = 0.11, Valid loss = 0.16, lr = 0.00100
Epoch: 18, Train Loss = 0.10, Valid loss = 0.15, lr = 0.00100
Epoch: 19, Train Loss = 0.10, Valid loss = 0.15, lr = 0.00100
Epoch: 20, Train Loss = 0.10, Valid loss = 0.15, lr = 0.00100
Epoch: 21, Train Loss = 0.10, Valid loss = 0.15, lr = 0.00100
Epoch: 22, Train Loss = 0.09, Valid loss = 0.14, lr = 0.00100
Epoch: 23, Train Loss = 0.09, Valid loss = 0.14, lr = 0.00100
Epoch: 24, Train Loss = 0.09, Valid loss = 0.14, lr = 0.00100
Epoch: 25, Train Loss = 0.09, Valid loss = 0.14, lr = 0.00100
Epoch: 26, Train Loss = 0.09, Valid loss = 0.14, lr = 0.00100
Epoch: 27, Train Loss = 0.08, Valid loss = 0.14, lr = 0.00100
Epoch: 28, Train Loss = 0.08, Valid loss = 0.13, lr = 0.00100
Epoch: 29, Train Loss = 0.08, Valid loss = 0.13, lr = 0.00100
Epoch: 30, Train Loss = 0.08, Valid loss = 0.13, lr = 0.00100
Epoch: 31, Train Loss = 0.08, Valid loss = 0.13, lr = 0.00100
Epoch: 32, Train Loss = 0.08, Valid loss = 0.13, lr = 0.00100
Epoch: 33, Train Loss = 0.08, Valid loss = 0.13, lr = 0.00100
Epoch: 34, Train Loss = 0.08, Valid loss = 0.13, lr = 0.00100
Epoch: 35, Train Loss = 0.08, Valid loss = 0.13, lr = 0.00100
Epoch: 36, Train Loss = 0.07, Valid loss = 0.12, lr = 0.00100
Epoch: 37, Train Loss = 0.07, Valid loss = 0.12, lr = 0.00100
Epoch: 38, Train Loss = 0.07, Valid loss = 0.12, lr = 0.00100
Epoch: 39, Train Loss = 0.07, Valid loss = 0.12, lr = 0.00100
Epoch: 40, Train Loss = 0.07, Valid loss = 0.12, lr = 0.00100
Epoch: 41, Train Loss = 0.07, Valid loss = 0.12, lr = 0.00100
Epoch: 42, Train Loss = 0.07, Valid loss = 0.12, lr = 0.00100
Epoch: 43, Train Loss = 0.07, Valid loss = 0.12, lr = 0.00100
Epoch: 44, Train Loss = 0.07, Valid loss = 0.12, lr = 0.00100
Epoch: 45, Train Loss = 0.07, Valid loss = 0.12, lr = 0.00100
Epoch: 46, Train Loss = 0.07, Valid loss = 0.12, lr = 0.00100
Epoch: 47, Train Loss = 0.07, Valid loss = 0.11, lr = 0.00100
Epoch: 48, Train Loss = 0.07, Valid loss = 0.11, lr = 0.00100
Epoch: 49, Train Loss = 0.07, Valid loss = 0.11, lr = 0.00100
Epoch: 50, Train Loss = 0.07, Valid loss = 0.11, lr = 0.00100
Epoch: 51, Train Loss = 0.06, Valid loss = 0.11, lr = 0.00100
Epoch: 52, Train Loss = 0.06, Valid loss = 0.11, lr = 0.00100
Epoch: 53, Train Loss = 0.06, Valid loss = 0.11, lr = 0.00100
Epoch: 54, Train Loss = 0.06, Valid loss = 0.11, lr = 0.00100
Epoch: 55, Train Loss = 0.06, Valid loss = 0.11, lr = 0.00100
Epoch: 56, Train Loss = 0.06, Valid loss = 0.11, lr = 0.00100
Epoch: 57, Train Loss = 0.06, Valid loss = 0.11, lr = 0.00100
Epoch: 58, Train Loss = 0.06, Valid loss = 0.11, lr = 0.00100
Epoch: 59, Train Loss = 0.06, Valid loss = 0.11, lr = 0.00100
Epoch: 60, Train Loss = 0.06, Valid loss = 0.11, lr = 0.00100
Epoch: 61, Train Loss = 0.06, Valid loss = 0.11, lr = 0.00100
Epoch: 62, Train Loss = 0.06, Valid loss = 0.11, lr = 0.00100
Epoch: 63, Train Loss = 0.06, Valid loss = 0.11, lr = 0.00100
Epoch: 64, Train Loss = 0.06, Valid loss = 0.11, lr = 0.00100
Epoch: 65, Train Loss = 0.06, Valid loss = 0.11, lr = 0.00100
Epoch: 66, Train Loss = 0.06, Valid loss = 0.10, lr = 0.00100
Epoch: 67, Train Loss = 0.06, Valid loss = 0.10, lr = 0.00100
Epoch: 68, Train Loss = 0.06, Valid loss = 0.10, lr = 0.00100
Epoch: 69, Train Loss = 0.06, Valid loss = 0.10, lr = 0.00100
Epoch: 70, Train Loss = 0.06, Valid loss = 0.10, lr = 0.00100
Epoch: 71, Train Loss = 0.06, Valid loss = 0.10, lr = 0.00100
Epoch: 72, Train Loss = 0.06, Valid loss = 0.10, lr = 0.00100
Epoch: 73, Train Loss = 0.06, Valid loss = 0.10, lr = 0.00100
Epoch: 74, Train Loss = 0.06, Valid loss = 0.10, lr = 0.00100
Epoch: 75, Train Loss = 0.06, Valid loss = 0.10, lr = 0.00100
Epoch: 76, Train Loss = 0.06, Valid loss = 0.10, lr = 0.00100
Epoch: 77, Train Loss = 0.06, Valid loss = 0.10, lr = 0.00100
Epoch: 78, Train Loss = 0.05, Valid loss = 0.10, lr = 0.00100
Epoch: 79, Train Loss = 0.05, Valid loss = 0.10, lr = 0.00100
Epoch: 80, Train Loss = 0.05, Valid loss = 0.10, lr = 0.00100
Epoch: 81, Train Loss = 0.05, Valid loss = 0.10, lr = 0.00100
Epoch: 82, Train Loss = 0.05, Valid loss = 0.10, lr = 0.00100
Epoch: 83, Train Loss = 0.05, Valid loss = 0.10, lr = 0.00100
Epoch: 84, Train Loss = 0.05, Valid loss = 0.10, lr = 0.00100
Epoch: 85, Train Loss = 0.05, Valid loss = 0.10, lr = 0.00100
Epoch: 86, Train Loss = 0.05, Valid loss = 0.10, lr = 0.00100
Epoch: 87, Train Loss = 0.05, Valid loss = 0.10, lr = 0.00100
Epoch: 88, Train Loss = 0.05, Valid loss = 0.10, lr = 0.00100
Epoch: 89, Train Loss = 0.05, Valid loss = 0.10, lr = 0.00100
Epoch: 90, Train Loss = 0.05, Valid loss = 0.10, lr = 0.00100
Epoch: 91, Train Loss = 0.05, Valid loss = 0.10, lr = 0.00100
Epoch: 92, Train Loss = 0.05, Valid loss = 0.10, lr = 0.00100
Epoch: 93, Train Loss = 0.05, Valid loss = 0.10, lr = 0.00100
Epoch: 94, Train Loss = 0.05, Valid loss = 0.10, lr = 0.00100
Epoch: 95, Train Loss = 0.05, Valid loss = 0.10, lr = 0.00100
Epoch: 96, Train Loss = 0.05, Valid loss = 0.10, lr = 0.00100
Epoch: 97, Train Loss = 0.05, Valid loss = 0.09, lr = 0.00100
Epoch: 98, Train Loss = 0.05, Valid loss = 0.09, lr = 0.00100
Epoch: 99, Train Loss = 0.05, Valid loss = 0.09, lr = 0.00100
Epoch: 100, Train Loss = 0.05, Valid loss = 0.10, lr = 0.00100
Epoch: 101, Train Loss = 0.05, Valid loss = 0.09, lr = 0.00100
Epoch: 102, Train Loss = 0.05, Valid loss = 0.09, lr = 0.00100
Epoch: 103, Train Loss = 0.05, Valid loss = 0.09, lr = 0.00100
Epoch: 104, Train Loss = 0.05, Valid loss = 0.09, lr = 0.00100
Epoch: 105, Train Loss = 0.05, Valid loss = 0.09, lr = 0.00100
Epoch: 106, Train Loss = 0.05, Valid loss = 0.09, lr = 0.00100
Epoch: 107, Train Loss = 0.05, Valid loss = 0.09, lr = 0.00100
Epoch: 108, Train Loss = 0.05, Valid loss = 0.09, lr = 0.00100
Epoch: 109, Train Loss = 0.05, Valid loss = 0.09, lr = 0.00100
Epoch: 110, Train Loss = 0.05, Valid loss = 0.09, lr = 0.00100
Epoch: 111, Train Loss = 0.05, Valid loss = 0.09, lr = 0.00100
Epoch: 112, Train Loss = 0.05, Valid loss = 0.09, lr = 0.00100
Epoch: 113, Train Loss = 0.05, Valid loss = 0.09, lr = 0.00100
Epoch: 114, Train Loss = 0.05, Valid loss = 0.09, lr = 0.00100
Epoch: 115, Train Loss = 0.05, Valid loss = 0.09, lr = 0.00100
Epoch: 116, Train Loss = 0.05, Valid loss = 0.09, lr = 0.00100
Epoch: 117, Train Loss = 0.05, Valid loss = 0.09, lr = 0.00100
Epoch: 118, Train Loss = 0.05, Valid loss = 0.09, lr = 0.00100
Epoch: 119, Train Loss = 0.05, Valid loss = 0.09, lr = 0.00100
Epoch: 120, Train Loss = 0.05, Valid loss = 0.09, lr = 0.00100
Epoch: 121, Train Loss = 0.05, Valid loss = 0.09, lr = 0.00100
Epoch: 122, Train Loss = 0.05, Valid loss = 0.09, lr = 0.00100
Epoch: 123, Train Loss = 0.05, Valid loss = 0.09, lr = 0.00100
Epoch: 124, Train Loss = 0.05, Valid loss = 0.09, lr = 0.00100
Epoch: 125, Train Loss = 0.05, Valid loss = 0.09, lr = 0.00100
Epoch: 126, Train Loss = 0.05, Valid loss = 0.09, lr = 0.00100
Epoch: 127, Train Loss = 0.05, Valid loss = 0.09, lr = 0.00100
Epoch: 128, Train Loss = 0.05, Valid loss = 0.09, lr = 0.00100
Epoch: 129, Train Loss = 0.05, Valid loss = 0.09, lr = 0.00100
Epoch: 130, Train Loss = 0.04, Valid loss = 0.09, lr = 0.00100
Epoch: 131, Train Loss = 0.04, Valid loss = 0.09, lr = 0.00100
Epoch: 132, Train Loss = 0.04, Valid loss = 0.09, lr = 0.00100
Epoch: 133, Train Loss = 0.04, Valid loss = 0.09, lr = 0.00100
Epoch: 134, Train Loss = 0.04, Valid loss = 0.09, lr = 0.00100
Epoch: 135, Train Loss = 0.04, Valid loss = 0.09, lr = 0.00100
Epoch: 136, Train Loss = 0.04, Valid loss = 0.09, lr = 0.00100
Epoch: 137, Train Loss = 0.04, Valid loss = 0.09, lr = 0.00100
Epoch: 138, Train Loss = 0.04, Valid loss = 0.09, lr = 0.00100
Epoch: 139, Train Loss = 0.04, Valid loss = 0.09, lr = 0.00100
Epoch: 140, Train Loss = 0.04, Valid loss = 0.09, lr = 0.00100
Epoch: 141, Train Loss = 0.04, Valid loss = 0.09, lr = 0.00100
Epoch: 142, Train Loss = 0.04, Valid loss = 0.09, lr = 0.00100
Epoch: 143, Train Loss = 0.04, Valid loss = 0.09, lr = 0.00100
Epoch: 144, Train Loss = 0.04, Valid loss = 0.09, lr = 0.00100
Epoch: 145, Train Loss = 0.04, Valid loss = 0.09, lr = 0.00100
Epoch: 146, Train Loss = 0.04, Valid loss = 0.09, lr = 0.00100
Epoch: 147, Train Loss = 0.04, Valid loss = 0.09, lr = 0.00100
Epoch: 148, Train Loss = 0.04, Valid loss = 0.09, lr = 0.00100
Epoch: 149, Train Loss = 0.04, Valid loss = 0.09, lr = 0.00100
Epoch: 150, Train Loss = 0.04, Valid loss = 0.09, lr = 0.00100
Epoch: 151, Train Loss = 0.04, Valid loss = 0.09, lr = 0.00100
Epoch: 152, Train Loss = 0.04, Valid loss = 0.09, lr = 0.00100
Epoch: 153, Train Loss = 0.04, Valid loss = 0.09, lr = 0.00100
Epoch: 154, Train Loss = 0.04, Valid loss = 0.09, lr = 0.00100
Epoch: 155, Train Loss = 0.04, Valid loss = 0.09, lr = 0.00100
Epoch: 156, Train Loss = 0.04, Valid loss = 0.09, lr = 0.00100
Epoch: 157, Train Loss = 0.04, Valid loss = 0.09, lr = 0.00100
Epoch: 158, Train Loss = 0.04, Valid loss = 0.09, lr = 0.00100
Epoch: 159, Train Loss = 0.04, Valid loss = 0.09, lr = 0.00100
Epoch: 160, Train Loss = 0.04, Valid loss = 0.09, lr = 0.00100
Epoch: 161, Train Loss = 0.04, Valid loss = 0.09, lr = 0.00100
Epoch: 162, Train Loss = 0.04, Valid loss = 0.09, lr = 0.00100
Epoch: 163, Train Loss = 0.04, Valid loss = 0.09, lr = 0.00100
Epoch: 164, Train Loss = 0.04, Valid loss = 0.09, lr = 0.00100
Epoch: 165, Train Loss = 0.04, Valid loss = 0.09, lr = 0.00100
Epoch: 166, Train Loss = 0.04, Valid loss = 0.09, lr = 0.00100
Epoch: 167, Train Loss = 0.04, Valid loss = 0.09, lr = 0.00100
Epoch: 168, Train Loss = 0.04, Valid loss = 0.09, lr = 0.00100
Epoch: 169, Train Loss = 0.04, Valid loss = 0.09, lr = 0.00100
Epoch: 170, Train Loss = 0.04, Valid loss = 0.09, lr = 0.00100
Epoch: 171, Train Loss = 0.04, Valid loss = 0.09, lr = 0.00100
Epoch: 172, Train Loss = 0.04, Valid loss = 0.09, lr = 0.00100
Epoch: 173, Train Loss = 0.04, Valid loss = 0.09, lr = 0.00100
Epoch: 174, Train Loss = 0.04, Valid loss = 0.09, lr = 0.00100
Epoch: 175, Train Loss = 0.04, Valid loss = 0.09, lr = 0.00100
Epoch: 176, Train Loss = 0.04, Valid loss = 0.09, lr = 0.00100
Epoch: 177, Train Loss = 0.04, Valid loss = 0.09, lr = 0.00100
Epoch: 178, Train Loss = 0.04, Valid loss = 0.09, lr = 0.00100
Epoch: 179, Train Loss = 0.04, Valid loss = 0.09, lr = 0.00100
Starting Downstream Task
Shape: (5, 144, 72)
Epoch: 0, Train Loss: 1.17475, Valid Loss: 1.00151, EPS: 0.991
Epoch: 1, Train Loss: 0.86532, Valid Loss: 0.91446, EPS: 0.982
Epoch: 2, Train Loss: 0.77884, Valid Loss: 0.88041, EPS: 0.973
Epoch: 3, Train Loss: 0.73533, Valid Loss: 0.86842, EPS: 0.964
Epoch: 4, Train Loss: 0.70500, Valid Loss: 0.87020, EPS: 0.955
Epoch: 5, Train Loss: 0.68456, Valid Loss: 0.86851, EPS: 0.946
Epoch: 6, Train Loss: 0.66767, Valid Loss: 0.86620, EPS: 0.9369999999999999
Epoch: 7, Train Loss: 0.65564, Valid Loss: 0.86277, EPS: 0.928
Epoch: 8, Train Loss: 0.64440, Valid Loss: 0.87010, EPS: 0.919
Epoch: 9, Train Loss: 0.63665, Valid Loss: 0.87127, EPS: 0.91
Epoch: 10, Train Loss: 0.62660, Valid Loss: 0.87463, EPS: 0.901
Epoch: 11, Train Loss: 0.62015, Valid Loss: 0.87156, EPS: 0.892
Epoch: 12, Train Loss: 0.61642, Valid Loss: 0.87183, EPS: 0.883
Epoch: 13, Train Loss: 0.60957, Valid Loss: 0.86778, EPS: 0.874
Epoch: 14, Train Loss: 0.60664, Valid Loss: 0.87874, EPS: 0.865
Epoch: 15, Train Loss: 0.60040, Valid Loss: 0.87525, EPS: 0.856
Epoch: 16, Train Loss: 0.59666, Valid Loss: 0.87716, EPS: 0.847
Epoch: 17, Train Loss: 0.59608, Valid Loss: 0.88026, EPS: 0.8380000000000001
Epoch: 18, Train Loss: 0.59215, Valid Loss: 0.87550, EPS: 0.8290000000000001
Epoch: 19, Train Loss: 0.55507, Valid Loss: 0.86328, EPS: 0.8200000000000001
Epoch: 20, Train Loss: 0.53914, Valid Loss: 0.86123, EPS: 0.811
Epoch: 21, Train Loss: 0.53187, Valid Loss: 0.86201, EPS: 0.802
Epoch: 22, Train Loss: 0.52656, Valid Loss: 0.86134, EPS: 0.793
Epoch: 23, Train Loss: 0.52322, Valid Loss: 0.85981, EPS: 0.784
Epoch: 24, Train Loss: 0.52036, Valid Loss: 0.86221, EPS: 0.775
Epoch: 25, Train Loss: 0.51843, Valid Loss: 0.86171, EPS: 0.766
Epoch: 26, Train Loss: 0.51684, Valid Loss: 0.86164, EPS: 0.757
Epoch: 27, Train Loss: 0.51470, Valid Loss: 0.86254, EPS: 0.748
Epoch: 28, Train Loss: 0.51332, Valid Loss: 0.86535, EPS: 0.739
Epoch: 29, Train Loss: 0.51201, Valid Loss: 0.86465, EPS: 0.73
Epoch: 30, Train Loss: 0.51041, Valid Loss: 0.86532, EPS: 0.721
Epoch: 31, Train Loss: 0.50917, Valid Loss: 0.86562, EPS: 0.712
Epoch: 32, Train Loss: 0.50837, Valid Loss: 0.86580, EPS: 0.703
Epoch: 33, Train Loss: 0.50758, Valid Loss: 0.86692, EPS: 0.694
Epoch: 34, Train Loss: 0.50651, Valid Loss: 0.86706, EPS: 0.685
Epoch: 35, Train Loss: 0.50223, Valid Loss: 0.86640, EPS: 0.676
Epoch: 36, Train Loss: 0.50140, Valid Loss: 0.86626, EPS: 0.667
Epoch: 37, Train Loss: 0.50112, Valid Loss: 0.86534, EPS: 0.658
Epoch: 38, Train Loss: 0.50069, Valid Loss: 0.86607, EPS: 0.649
Epoch: 39, Train Loss: 0.50073, Valid Loss: 0.86675, EPS: 0.64
Epoch: 40, Train Loss: 0.50061, Valid Loss: 0.86734, EPS: 0.6310000000000001
Epoch: 41, Train Loss: 0.50085, Valid Loss: 0.86689, EPS: 0.6220000000000001
Epoch: 42, Train Loss: 0.50028, Valid Loss: 0.86571, EPS: 0.6130000000000001
Epoch: 43, Train Loss: 0.50049, Valid Loss: 0.86657, EPS: 0.6040000000000001
Epoch: 44, Train Loss: 0.50002, Valid Loss: 0.86757, EPS: 0.5950000000000001
Epoch: 45, Train Loss: 0.49983, Valid Loss: 0.86636, EPS: 0.5860000000000001
Epoch: 46, Train Loss: 0.49930, Valid Loss: 0.86723, EPS: 0.5770000000000001
Epoch: 47, Train Loss: 0.49922, Valid Loss: 0.86675, EPS: 0.5680000000000001
Epoch: 48, Train Loss: 0.49915, Valid Loss: 0.86602, EPS: 0.559
Epoch: 49, Train Loss: 0.49916, Valid Loss: 0.86651, EPS: 0.55
Epoch: 50, Train Loss: 0.49969, Valid Loss: 0.86573, EPS: 0.541
Epoch: 51, Train Loss: 0.49903, Valid Loss: 0.86701, EPS: 0.532
Epoch: 52, Train Loss: 0.49939, Valid Loss: 0.86622, EPS: 0.523
Epoch: 53, Train Loss: 0.49934, Valid Loss: 0.86690, EPS: 0.514
Epoch: 54, Train Loss: 0.49953, Valid Loss: 0.86709, EPS: 0.505
Epoch: 55, Train Loss: 0.49937, Valid Loss: 0.86662, EPS: 0.496
Epoch: 56, Train Loss: 0.49904, Valid Loss: 0.86676, EPS: 0.4870000000000001
Epoch: 57, Train Loss: 0.49878, Valid Loss: 0.86708, EPS: 0.4780000000000001
Epoch: 58, Train Loss: 0.49920, Valid Loss: 0.86597, EPS: 0.4690000000000001
Epoch: 59, Train Loss: 0.49905, Valid Loss: 0.86606, EPS: 0.4600000000000001
Epoch: 60, Train Loss: 0.49859, Valid Loss: 0.86689, EPS: 0.45100000000000007
Epoch: 61, Train Loss: 0.49932, Valid Loss: 0.86723, EPS: 0.44200000000000006
Epoch: 62, Train Loss: 0.49943, Valid Loss: 0.86826, EPS: 0.43300000000000005
Epoch: 63, Train Loss: 0.49924, Valid Loss: 0.86601, EPS: 0.42400000000000004
Epoch: 64, Train Loss: 0.49896, Valid Loss: 0.86691, EPS: 0.41500000000000004
Epoch: 65, Train Loss: 0.49934, Valid Loss: 0.86732, EPS: 0.406
Epoch: 66, Train Loss: 0.49861, Valid Loss: 0.86736, EPS: 0.397
Epoch: 67, Train Loss: 0.49898, Valid Loss: 0.86698, EPS: 0.388
Epoch: 68, Train Loss: 0.49920, Valid Loss: 0.86718, EPS: 0.3790000000000001
Epoch: 69, Train Loss: 0.49883, Valid Loss: 0.86644, EPS: 0.3700000000000001
Epoch: 70, Train Loss: 0.49918, Valid Loss: 0.86662, EPS: 0.3610000000000001
Epoch: 71, Train Loss: 0.49922, Valid Loss: 0.86714, EPS: 0.3520000000000001
Epoch: 72, Train Loss: 0.49939, Valid Loss: 0.86721, EPS: 0.343
Epoch: 73, Train Loss: 0.49919, Valid Loss: 0.86659, EPS: 0.334
Epoch: 74, Train Loss: 0.49884, Valid Loss: 0.86638, EPS: 0.325
Epoch: 75, Train Loss: 0.49884, Valid Loss: 0.86676, EPS: 0.316
Epoch: 76, Train Loss: 0.49862, Valid Loss: 0.86698, EPS: 0.307
Epoch: 77, Train Loss: 0.49882, Valid Loss: 0.86645, EPS: 0.298
Epoch: 78, Train Loss: 0.49928, Valid Loss: 0.86644, EPS: 0.289
Epoch: 79, Train Loss: 0.49909, Valid Loss: 0.86694, EPS: 0.27999999999999997
Epoch: 80, Train Loss: 0.49896, Valid Loss: 0.86679, EPS: 0.27099999999999996
Epoch: 81, Train Loss: 0.49900, Valid Loss: 0.86615, EPS: 0.26200000000000007
Epoch: 82, Train Loss: 0.49902, Valid Loss: 0.86658, EPS: 0.25300000000000006
Epoch: 83, Train Loss: 0.49896, Valid Loss: 0.86608, EPS: 0.24400000000000005
Epoch: 84, Train Loss: 0.49894, Valid Loss: 0.86704, EPS: 0.23500000000000004
Epoch: 85, Train Loss: 0.49859, Valid Loss: 0.86625, EPS: 0.22600000000000003
Epoch: 86, Train Loss: 0.49899, Valid Loss: 0.86729, EPS: 0.21700000000000003
Epoch: 87, Train Loss: 0.49904, Valid Loss: 0.86652, EPS: 0.20800000000000002
Epoch: 88, Train Loss: 0.49919, Valid Loss: 0.86579, EPS: 0.199
Epoch: 89, Train Loss: 0.49897, Valid Loss: 0.86684, EPS: 0.19
Epoch: 90, Train Loss: 0.49921, Valid Loss: 0.86641, EPS: 0.181
Epoch: 91, Train Loss: 0.49866, Valid Loss: 0.86636, EPS: 0.172
Epoch: 92, Train Loss: 0.49873, Valid Loss: 0.86536, EPS: 0.16299999999999998
Epoch: 93, Train Loss: 0.49896, Valid Loss: 0.86703, EPS: 0.15400000000000005
Epoch: 94, Train Loss: 0.49949, Valid Loss: 0.86630, EPS: 0.14500000000000005
Epoch: 95, Train Loss: 0.49870, Valid Loss: 0.86699, EPS: 0.13600000000000004
Epoch: 96, Train Loss: 0.49922, Valid Loss: 0.86678, EPS: 0.12700000000000003
Epoch: 97, Train Loss: 0.49910, Valid Loss: 0.86544, EPS: 0.11800000000000002
Epoch: 98, Train Loss: 0.49912, Valid Loss: 0.86705, EPS: 0.10900000000000001
Epoch: 99, Train Loss: 0.49864, Valid Loss: 0.86631, EPS: 0.1
Test Loss: 0.86653
Test Loss: 0.85842
Train: torch.Size([14031, 5, 64, 32]), Valid: torch.Size([4677, 5, 64, 32]), Test: torch.Size([4678, 5, 64, 32])
Starting Downstream Task
Running context window: 5 with stride: 5 with seed: 0
Traceback (most recent call last):
  File "/vol/bitbucket/nb324/masters_project/msc_repo_no_weight/part_6_multimodal/autoencoder_comparison_gnn_no_reg/downstream_seed.py", line 85, in <module>
    main()
  File "/vol/bitbucket/nb324/masters_project/msc_repo_no_weight/part_6_multimodal/autoencoder_comparison_gnn_no_reg/downstream_seed.py", line 73, in main
    encoder_model=model_decoder.encoder,
                  ^^^^^^^^^^^^^^^^^^^^^
  File "/vol/bitbucket/nb324/masters_project/.venv/lib/python3.12/site-packages/torch/nn/modules/module.py", line 1928, in __getattr__
    raise AttributeError(
AttributeError: 'AutoEncoder' object has no attribute 'encoder'. Did you mean: 'encode'?
