nohup: ignoring input
Train shape: torch.Size([14031, 5, 64, 32])
Valid shape: torch.Size([4677, 5, 64, 32])
Test shape: torch.Size([4678, 5, 64, 32])
Shape: (5, 144, 72)
Starting Latent Downstream Task
MSE Loss Between Generated and Conditioned: 13656.6787
Epoch: 1, Loss: 1.0344
MSE Loss Between Generated and Conditioned: 2440.7351
Epoch: 2, Loss: 0.9523
MSE Loss Between Generated and Conditioned: 1852.7020
Epoch: 3, Loss: 0.8873
MSE Loss Between Generated and Conditioned: 1410.7068
Epoch: 4, Loss: 0.8336
MSE Loss Between Generated and Conditioned: 1213.1602
Epoch: 5, Loss: 0.7885
MSE Loss Between Generated and Conditioned: 1221.7582
Epoch: 6, Loss: 0.7504
MSE Loss Between Generated and Conditioned: 1211.9197
Epoch: 7, Loss: 0.7174
MSE Loss Between Generated and Conditioned: 1269.8391
Epoch: 8, Loss: 0.6880
MSE Loss Between Generated and Conditioned: 1146.2825
Epoch: 9, Loss: 0.6610
MSE Loss Between Generated and Conditioned: 1038.8986
Epoch: 10, Loss: 0.6362
MSE Loss Between Generated and Conditioned: 840.5617
Epoch: 11, Loss: 0.6147
MSE Loss Between Generated and Conditioned: 1009.0407
Epoch: 12, Loss: 0.5950
MSE Loss Between Generated and Conditioned: 976.6834
Epoch: 13, Loss: 0.5777
MSE Loss Between Generated and Conditioned: 945.5876
Epoch: 14, Loss: 0.5623
MSE Loss Between Generated and Conditioned: 731.0958
Epoch: 15, Loss: 0.5476
MSE Loss Between Generated and Conditioned: 740.5818
Epoch: 16, Loss: 0.5350
MSE Loss Between Generated and Conditioned: 852.3906
Epoch: 17, Loss: 0.5233
MSE Loss Between Generated and Conditioned: 758.1662
Epoch: 18, Loss: 0.5127
MSE Loss Between Generated and Conditioned: 589.5294
Epoch: 19, Loss: 0.5030
MSE Loss Between Generated and Conditioned: 528.6640
Epoch: 20, Loss: 0.4943
MSE Loss Between Generated and Conditioned: 544.4274
Epoch: 21, Loss: 0.4862
MSE Loss Between Generated and Conditioned: 518.5645
Epoch: 22, Loss: 0.4787
MSE Loss Between Generated and Conditioned: 477.4266
Epoch: 23, Loss: 0.4714
MSE Loss Between Generated and Conditioned: 481.2517
Epoch: 24, Loss: 0.4645
MSE Loss Between Generated and Conditioned: 420.5945
Epoch: 25, Loss: 0.4586
MSE Loss Between Generated and Conditioned: 431.0767
Epoch: 26, Loss: 0.4531
MSE Loss Between Generated and Conditioned: 416.9820
Epoch: 27, Loss: 0.4482
MSE Loss Between Generated and Conditioned: 439.3148
Epoch: 28, Loss: 0.4429
MSE Loss Between Generated and Conditioned: 344.3299
Epoch: 29, Loss: 0.4386
MSE Loss Between Generated and Conditioned: 395.3378
Epoch: 30, Loss: 0.4348
MSE Loss Between Generated and Conditioned: 400.9371
Epoch: 31, Loss: 0.4311
MSE Loss Between Generated and Conditioned: 397.4391
Epoch: 32, Loss: 0.4276
MSE Loss Between Generated and Conditioned: 452.8411
Epoch: 33, Loss: 0.4242
MSE Loss Between Generated and Conditioned: 381.1143
Epoch: 34, Loss: 0.4208
MSE Loss Between Generated and Conditioned: 346.6694
Epoch: 35, Loss: 0.4175
MSE Loss Between Generated and Conditioned: 294.3752
Epoch: 36, Loss: 0.4142
MSE Loss Between Generated and Conditioned: 273.7153
Epoch: 37, Loss: 0.4111
MSE Loss Between Generated and Conditioned: 330.9088
Epoch: 38, Loss: 0.4079
MSE Loss Between Generated and Conditioned: 318.1997
Epoch: 39, Loss: 0.4054
MSE Loss Between Generated and Conditioned: 284.2221
Epoch: 40, Loss: 0.4029
MSE Loss Between Generated and Conditioned: 340.9026
Epoch: 41, Loss: 0.4010
MSE Loss Between Generated and Conditioned: 382.0810
Epoch: 42, Loss: 0.3987
MSE Loss Between Generated and Conditioned: 256.6288
Epoch: 43, Loss: 0.3965
MSE Loss Between Generated and Conditioned: 280.5349
Epoch: 44, Loss: 0.3943
MSE Loss Between Generated and Conditioned: 292.5543
Epoch: 45, Loss: 0.3922
MSE Loss Between Generated and Conditioned: 245.3333
Epoch: 46, Loss: 0.3903
MSE Loss Between Generated and Conditioned: 271.7644
Epoch: 47, Loss: 0.3884
MSE Loss Between Generated and Conditioned: 276.2608
Epoch: 48, Loss: 0.3869
MSE Loss Between Generated and Conditioned: 227.6185
Epoch: 49, Loss: 0.3851
MSE Loss Between Generated and Conditioned: 329.4970
Epoch: 50, Loss: 0.3834
MSE Loss Between Generated and Conditioned: 334.7383
Epoch: 51, Loss: 0.3820
MSE Loss Between Generated and Conditioned: 271.1988
Epoch: 52, Loss: 0.3806
MSE Loss Between Generated and Conditioned: 287.0609
Epoch: 53, Loss: 0.3789
MSE Loss Between Generated and Conditioned: 253.2804
Epoch: 54, Loss: 0.3773
MSE Loss Between Generated and Conditioned: 331.1950
Epoch: 55, Loss: 0.3760
MSE Loss Between Generated and Conditioned: 288.2740
Epoch: 56, Loss: 0.3747
MSE Loss Between Generated and Conditioned: 304.4395
Epoch: 57, Loss: 0.3735
MSE Loss Between Generated and Conditioned: 262.8350
Epoch: 58, Loss: 0.3720
MSE Loss Between Generated and Conditioned: 245.8774
Epoch: 59, Loss: 0.3708
MSE Loss Between Generated and Conditioned: 262.3288
Epoch: 60, Loss: 0.3697
MSE Loss Between Generated and Conditioned: 251.0926
Epoch: 61, Loss: 0.3685
MSE Loss Between Generated and Conditioned: 246.6422
Epoch: 62, Loss: 0.3673
MSE Loss Between Generated and Conditioned: 230.8670
Epoch: 63, Loss: 0.3661
MSE Loss Between Generated and Conditioned: 260.6463
Epoch: 64, Loss: 0.3651
MSE Loss Between Generated and Conditioned: 231.0041
Epoch: 65, Loss: 0.3640
MSE Loss Between Generated and Conditioned: 241.4335
Epoch: 66, Loss: 0.3630
MSE Loss Between Generated and Conditioned: 220.9628
Epoch: 67, Loss: 0.3620
MSE Loss Between Generated and Conditioned: 250.2673
Epoch: 68, Loss: 0.3609
MSE Loss Between Generated and Conditioned: 284.4597
Epoch: 69, Loss: 0.3597
MSE Loss Between Generated and Conditioned: 229.3939
Epoch: 70, Loss: 0.3586
MSE Loss Between Generated and Conditioned: 228.0000
Epoch: 71, Loss: 0.3579
MSE Loss Between Generated and Conditioned: 237.3482
Epoch: 72, Loss: 0.3569
MSE Loss Between Generated and Conditioned: 184.3191
Epoch: 73, Loss: 0.3561
MSE Loss Between Generated and Conditioned: 280.1621
Epoch: 74, Loss: 0.3550
MSE Loss Between Generated and Conditioned: 248.1052
Epoch: 75, Loss: 0.3540
MSE Loss Between Generated and Conditioned: 268.3680
Epoch: 76, Loss: 0.3533
MSE Loss Between Generated and Conditioned: 227.8793
Epoch: 77, Loss: 0.3524
MSE Loss Between Generated and Conditioned: 299.1966
Epoch: 78, Loss: 0.3517
MSE Loss Between Generated and Conditioned: 259.6064
Epoch: 79, Loss: 0.3507
MSE Loss Between Generated and Conditioned: 283.4991
Epoch: 80, Loss: 0.3502
MSE Loss Between Generated and Conditioned: 206.9101
Epoch: 81, Loss: 0.3494
MSE Loss Between Generated and Conditioned: 186.8329
Epoch: 82, Loss: 0.3487
MSE Loss Between Generated and Conditioned: 201.5282
Epoch: 83, Loss: 0.3480
MSE Loss Between Generated and Conditioned: 224.6261
Epoch: 84, Loss: 0.3473
MSE Loss Between Generated and Conditioned: 229.5811
Epoch: 85, Loss: 0.3465
MSE Loss Between Generated and Conditioned: 228.0699
Epoch: 86, Loss: 0.3459
MSE Loss Between Generated and Conditioned: 237.2345
Epoch: 87, Loss: 0.3451
MSE Loss Between Generated and Conditioned: 190.2649
Epoch: 88, Loss: 0.3447
MSE Loss Between Generated and Conditioned: 211.7426
Epoch: 89, Loss: 0.3439
MSE Loss Between Generated and Conditioned: 209.2519
Epoch: 90, Loss: 0.3433
MSE Loss Between Generated and Conditioned: 219.4319
Epoch: 91, Loss: 0.3427
MSE Loss Between Generated and Conditioned: 203.5055
Epoch: 92, Loss: 0.3420
MSE Loss Between Generated and Conditioned: 261.5425
Epoch: 93, Loss: 0.3416
MSE Loss Between Generated and Conditioned: 275.1531
Epoch: 94, Loss: 0.3410
MSE Loss Between Generated and Conditioned: 263.1539
Epoch: 95, Loss: 0.3406
MSE Loss Between Generated and Conditioned: 549.0558
Epoch: 96, Loss: 0.3400
MSE Loss Between Generated and Conditioned: 216.8939
Epoch: 97, Loss: 0.3395
MSE Loss Between Generated and Conditioned: 214.9979
Epoch: 98, Loss: 0.3390
MSE Loss Between Generated and Conditioned: 226.9004
Epoch: 99, Loss: 0.3385
MSE Loss Between Generated and Conditioned: 297.2502
Epoch: 100, Loss: 0.3380
MSE Loss Between Generated and Conditioned: 481.9808
Epoch: 101, Loss: 0.3376
MSE Loss Between Generated and Conditioned: 181.0342
Epoch: 102, Loss: 0.3372
MSE Loss Between Generated and Conditioned: 224.6801
Epoch: 103, Loss: 0.3366
MSE Loss Between Generated and Conditioned: 218.6523
Epoch: 104, Loss: 0.3362
MSE Loss Between Generated and Conditioned: 218.4803
Epoch: 105, Loss: 0.3357
MSE Loss Between Generated and Conditioned: 239.2122
Epoch: 106, Loss: 0.3351
MSE Loss Between Generated and Conditioned: 239.5015
Epoch: 107, Loss: 0.3347
MSE Loss Between Generated and Conditioned: 240.6045
Epoch: 108, Loss: 0.3343
MSE Loss Between Generated and Conditioned: 243.7714
Epoch: 109, Loss: 0.3340
MSE Loss Between Generated and Conditioned: 329.4275
Epoch: 110, Loss: 0.3336
MSE Loss Between Generated and Conditioned: 189.6481
Epoch: 111, Loss: 0.3331
MSE Loss Between Generated and Conditioned: 163.9851
Epoch: 112, Loss: 0.3327
MSE Loss Between Generated and Conditioned: 226.3129
Epoch: 113, Loss: 0.3322
MSE Loss Between Generated and Conditioned: 182.3575
Epoch: 114, Loss: 0.3317
MSE Loss Between Generated and Conditioned: 187.1086
Epoch: 115, Loss: 0.3313
MSE Loss Between Generated and Conditioned: 229.3532
Epoch: 116, Loss: 0.3309
MSE Loss Between Generated and Conditioned: 340.3232
Epoch: 117, Loss: 0.3305
MSE Loss Between Generated and Conditioned: 203.6707
Epoch: 118, Loss: 0.3302
MSE Loss Between Generated and Conditioned: 181.0545
Epoch: 119, Loss: 0.3297
MSE Loss Between Generated and Conditioned: 176.8162
Epoch: 120, Loss: 0.3294
MSE Loss Between Generated and Conditioned: 183.3434
Epoch: 121, Loss: 0.3290
MSE Loss Between Generated and Conditioned: 230.9625
Epoch: 122, Loss: 0.3287
MSE Loss Between Generated and Conditioned: 198.9546
Epoch: 123, Loss: 0.3283
MSE Loss Between Generated and Conditioned: 206.5997
Epoch: 124, Loss: 0.3279
MSE Loss Between Generated and Conditioned: 199.8105
Epoch: 125, Loss: 0.3276
MSE Loss Between Generated and Conditioned: 195.0808
Epoch: 126, Loss: 0.3273
MSE Loss Between Generated and Conditioned: 261.0104
Epoch: 127, Loss: 0.3270
MSE Loss Between Generated and Conditioned: 232.5054
Epoch: 128, Loss: 0.3267
MSE Loss Between Generated and Conditioned: 202.3002
Epoch: 129, Loss: 0.3265
MSE Loss Between Generated and Conditioned: 208.4906
Epoch: 130, Loss: 0.3261
MSE Loss Between Generated and Conditioned: 221.7207
Epoch: 131, Loss: 0.3258
MSE Loss Between Generated and Conditioned: 238.8590
Epoch: 132, Loss: 0.3255
MSE Loss Between Generated and Conditioned: 156.7340
Epoch: 133, Loss: 0.3252
MSE Loss Between Generated and Conditioned: 210.3828
Epoch: 134, Loss: 0.3250
MSE Loss Between Generated and Conditioned: 240.4890
Epoch: 135, Loss: 0.3247
MSE Loss Between Generated and Conditioned: 263.3736
Epoch: 136, Loss: 0.3244
MSE Loss Between Generated and Conditioned: 199.4839
Epoch: 137, Loss: 0.3241
MSE Loss Between Generated and Conditioned: 241.8567
Epoch: 138, Loss: 0.3237
MSE Loss Between Generated and Conditioned: 256.0336
Epoch: 139, Loss: 0.3234
MSE Loss Between Generated and Conditioned: 239.5215
Epoch: 140, Loss: 0.3231
MSE Loss Between Generated and Conditioned: 256.1115
Epoch: 141, Loss: 0.3228
MSE Loss Between Generated and Conditioned: 182.0011
Epoch: 142, Loss: 0.3225
MSE Loss Between Generated and Conditioned: 188.5598
Epoch: 143, Loss: 0.3222
MSE Loss Between Generated and Conditioned: 195.3189
Epoch: 144, Loss: 0.3219
MSE Loss Between Generated and Conditioned: 168.6597
Epoch: 145, Loss: 0.3216
MSE Loss Between Generated and Conditioned: 169.1230
Epoch: 146, Loss: 0.3214
MSE Loss Between Generated and Conditioned: 225.6635
Epoch: 147, Loss: 0.3211
MSE Loss Between Generated and Conditioned: 149.4616
Epoch: 148, Loss: 0.3208
MSE Loss Between Generated and Conditioned: 206.3907
Epoch: 149, Loss: 0.3205
MSE Loss Between Generated and Conditioned: 453.3568
Epoch: 150, Loss: 0.3202
MSE Loss Between Generated and Conditioned: 212.6481
Epoch: 151, Loss: 0.3199
MSE Loss Between Generated and Conditioned: 178.4756
Epoch: 152, Loss: 0.3197
MSE Loss Between Generated and Conditioned: 167.9069
Epoch: 153, Loss: 0.3194
MSE Loss Between Generated and Conditioned: 218.7025
Epoch: 154, Loss: 0.3191
MSE Loss Between Generated and Conditioned: 171.0544
Epoch: 155, Loss: 0.3188
MSE Loss Between Generated and Conditioned: 187.7701
Epoch: 156, Loss: 0.3186
MSE Loss Between Generated and Conditioned: 158.9247
Epoch: 157, Loss: 0.3183
MSE Loss Between Generated and Conditioned: 195.9097
Epoch: 158, Loss: 0.3180
MSE Loss Between Generated and Conditioned: 130.7782
Epoch: 159, Loss: 0.3177
MSE Loss Between Generated and Conditioned: 264.8751
Epoch: 160, Loss: 0.3175
MSE Loss Between Generated and Conditioned: 166.1573
Epoch: 161, Loss: 0.3173
MSE Loss Between Generated and Conditioned: 290.5615
Epoch: 162, Loss: 0.3171
MSE Loss Between Generated and Conditioned: 177.1758
Epoch: 163, Loss: 0.3169
MSE Loss Between Generated and Conditioned: 179.4806
Epoch: 164, Loss: 0.3167
MSE Loss Between Generated and Conditioned: 158.4504
Epoch: 165, Loss: 0.3164
MSE Loss Between Generated and Conditioned: 243.6265
Epoch: 166, Loss: 0.3161
MSE Loss Between Generated and Conditioned: 405.1670
Epoch: 167, Loss: 0.3159
MSE Loss Between Generated and Conditioned: 159.8826
Epoch: 168, Loss: 0.3157
MSE Loss Between Generated and Conditioned: 180.0897
Epoch: 169, Loss: 0.3155
MSE Loss Between Generated and Conditioned: 278.6602
Epoch: 170, Loss: 0.3152
MSE Loss Between Generated and Conditioned: 216.7239
Epoch: 171, Loss: 0.3150
MSE Loss Between Generated and Conditioned: 198.0561
Epoch: 172, Loss: 0.3148
MSE Loss Between Generated and Conditioned: 137.6774
Epoch: 173, Loss: 0.3146
MSE Loss Between Generated and Conditioned: 185.3527
Epoch: 174, Loss: 0.3144
MSE Loss Between Generated and Conditioned: 140.9254
Epoch: 175, Loss: 0.3142
MSE Loss Between Generated and Conditioned: 497.8321
Epoch: 176, Loss: 0.3140
MSE Loss Between Generated and Conditioned: 202.5993
Epoch: 177, Loss: 0.3138
MSE Loss Between Generated and Conditioned: 181.8510
Epoch: 178, Loss: 0.3137
MSE Loss Between Generated and Conditioned: 156.1287
Epoch: 179, Loss: 0.3135
MSE Loss Between Generated and Conditioned: 226.3451
Epoch: 180, Loss: 0.3132
MSE Loss Between Generated and Conditioned: 149.0706
Epoch: 181, Loss: 0.3130
MSE Loss Between Generated and Conditioned: 263.4174
Epoch: 182, Loss: 0.3129
MSE Loss Between Generated and Conditioned: 201.3411
Epoch: 183, Loss: 0.3126
MSE Loss Between Generated and Conditioned: 109.4458
Epoch: 184, Loss: 0.3123
MSE Loss Between Generated and Conditioned: 130.6376
Epoch: 185, Loss: 0.3122
MSE Loss Between Generated and Conditioned: 131.2506
Epoch: 186, Loss: 0.3119
MSE Loss Between Generated and Conditioned: 128.7568
Epoch: 187, Loss: 0.3117
MSE Loss Between Generated and Conditioned: 142.2265
Epoch: 188, Loss: 0.3115
MSE Loss Between Generated and Conditioned: 344.0051
Epoch: 189, Loss: 0.3113
MSE Loss Between Generated and Conditioned: 137.9938
Epoch: 190, Loss: 0.3112
MSE Loss Between Generated and Conditioned: 128.6588
Epoch: 191, Loss: 0.3110
MSE Loss Between Generated and Conditioned: 142.6943
Epoch: 192, Loss: 0.3108
MSE Loss Between Generated and Conditioned: 160.6583
Epoch: 193, Loss: 0.3106
MSE Loss Between Generated and Conditioned: 164.1508
Epoch: 194, Loss: 0.3104
MSE Loss Between Generated and Conditioned: 139.5923
Epoch: 195, Loss: 0.3102
MSE Loss Between Generated and Conditioned: 137.0564
Epoch: 196, Loss: 0.3100
MSE Loss Between Generated and Conditioned: 169.4916
Epoch: 197, Loss: 0.3098
MSE Loss Between Generated and Conditioned: 137.6717
Epoch: 198, Loss: 0.3096
MSE Loss Between Generated and Conditioned: 147.3724
Epoch: 199, Loss: 0.3093
MSE Loss Between Generated and Conditioned: 142.5534
Epoch: 200, Loss: 0.3091
MSE Loss Between Generated and Conditioned: 192.0965
Epoch: 201, Loss: 0.3090
MSE Loss Between Generated and Conditioned: 123.2473
Epoch: 202, Loss: 0.3088
MSE Loss Between Generated and Conditioned: 145.7816
Epoch: 203, Loss: 0.3086
MSE Loss Between Generated and Conditioned: 129.6768
Epoch: 204, Loss: 0.3084
MSE Loss Between Generated and Conditioned: 124.3252
Epoch: 205, Loss: 0.3082
MSE Loss Between Generated and Conditioned: 125.8995
Epoch: 206, Loss: 0.3080
MSE Loss Between Generated and Conditioned: 162.6952
Epoch: 207, Loss: 0.3078
MSE Loss Between Generated and Conditioned: 161.2618
Epoch: 208, Loss: 0.3076
MSE Loss Between Generated and Conditioned: 166.1617
Epoch: 209, Loss: 0.3074
MSE Loss Between Generated and Conditioned: 144.0512
Epoch: 210, Loss: 0.3073
MSE Loss Between Generated and Conditioned: 134.4040
Epoch: 211, Loss: 0.3071
MSE Loss Between Generated and Conditioned: 171.9050
Epoch: 212, Loss: 0.3069
MSE Loss Between Generated and Conditioned: 118.6160
Epoch: 213, Loss: 0.3067
MSE Loss Between Generated and Conditioned: 163.6459
Epoch: 214, Loss: 0.3065
MSE Loss Between Generated and Conditioned: 145.6020
Epoch: 215, Loss: 0.3063
MSE Loss Between Generated and Conditioned: 196.4648
Epoch: 216, Loss: 0.3062
MSE Loss Between Generated and Conditioned: 149.3687
Epoch: 217, Loss: 0.3060
MSE Loss Between Generated and Conditioned: 149.0106
Epoch: 218, Loss: 0.3058
MSE Loss Between Generated and Conditioned: 269.7986
Epoch: 219, Loss: 0.3057
MSE Loss Between Generated and Conditioned: 159.9649
Epoch: 220, Loss: 0.3055
MSE Loss Between Generated and Conditioned: 167.6031
Epoch: 221, Loss: 0.3053
MSE Loss Between Generated and Conditioned: 152.5091
Epoch: 222, Loss: 0.3051
MSE Loss Between Generated and Conditioned: 177.7944
Epoch: 223, Loss: 0.3049
MSE Loss Between Generated and Conditioned: 166.0038
Epoch: 224, Loss: 0.3048
MSE Loss Between Generated and Conditioned: 134.1831
Epoch: 225, Loss: 0.3045
MSE Loss Between Generated and Conditioned: 189.4030
Epoch: 226, Loss: 0.3044
MSE Loss Between Generated and Conditioned: 164.6672
Epoch: 227, Loss: 0.3042
MSE Loss Between Generated and Conditioned: 110.5880
Epoch: 228, Loss: 0.3040
MSE Loss Between Generated and Conditioned: 156.1759
Epoch: 229, Loss: 0.3038
MSE Loss Between Generated and Conditioned: 158.1651
Epoch: 230, Loss: 0.3036
MSE Loss Between Generated and Conditioned: 188.5205
Epoch: 231, Loss: 0.3034
MSE Loss Between Generated and Conditioned: 141.9171
Epoch: 232, Loss: 0.3033
MSE Loss Between Generated and Conditioned: 189.4200
Epoch: 233, Loss: 0.3031
MSE Loss Between Generated and Conditioned: 167.2305
Epoch: 234, Loss: 0.3029
MSE Loss Between Generated and Conditioned: 148.2008
Epoch: 235, Loss: 0.3027
MSE Loss Between Generated and Conditioned: 150.4398
Epoch: 236, Loss: 0.3025
MSE Loss Between Generated and Conditioned: 143.9153
Epoch: 237, Loss: 0.3024
MSE Loss Between Generated and Conditioned: 149.5992
Epoch: 238, Loss: 0.3022
MSE Loss Between Generated and Conditioned: 164.5904
Epoch: 239, Loss: 0.3020
MSE Loss Between Generated and Conditioned: 127.3489
Epoch: 240, Loss: 0.3018
MSE Loss Between Generated and Conditioned: 130.3177
Epoch: 241, Loss: 0.3016
MSE Loss Between Generated and Conditioned: 151.3465
Epoch: 242, Loss: 0.3014
MSE Loss Between Generated and Conditioned: 127.1120
Epoch: 243, Loss: 0.3012
MSE Loss Between Generated and Conditioned: 136.4503
Epoch: 244, Loss: 0.3010
MSE Loss Between Generated and Conditioned: 134.2207
Epoch: 245, Loss: 0.3008
MSE Loss Between Generated and Conditioned: 135.2082
Epoch: 246, Loss: 0.3007
MSE Loss Between Generated and Conditioned: 170.0271
Epoch: 247, Loss: 0.3005
MSE Loss Between Generated and Conditioned: 184.4585
Epoch: 248, Loss: 0.3003
MSE Loss Between Generated and Conditioned: 161.4596
Epoch: 249, Loss: 0.3001
MSE Loss Between Generated and Conditioned: 148.8505
Epoch: 250, Loss: 0.2999
MSE Loss Between Generated and Conditioned: 172.9771
Epoch: 251, Loss: 0.2997
MSE Loss Between Generated and Conditioned: 154.5811
Epoch: 252, Loss: 0.2996
MSE Loss Between Generated and Conditioned: 162.1739
Epoch: 253, Loss: 0.2994
MSE Loss Between Generated and Conditioned: 146.2315
Epoch: 254, Loss: 0.2992
MSE Loss Between Generated and Conditioned: 175.3255
Epoch: 255, Loss: 0.2991
MSE Loss Between Generated and Conditioned: 151.6438
Epoch: 256, Loss: 0.2989
MSE Loss Between Generated and Conditioned: 154.7843
Epoch: 257, Loss: 0.2987
MSE Loss Between Generated and Conditioned: 141.7239
Epoch: 258, Loss: 0.2986
MSE Loss Between Generated and Conditioned: 123.3719
Epoch: 259, Loss: 0.2984
MSE Loss Between Generated and Conditioned: 134.5473
Epoch: 260, Loss: 0.2982
MSE Loss Between Generated and Conditioned: 154.8873
Epoch: 261, Loss: 0.2980
MSE Loss Between Generated and Conditioned: 153.1990
Epoch: 262, Loss: 0.2979
MSE Loss Between Generated and Conditioned: 150.5726
Epoch: 263, Loss: 0.2977
MSE Loss Between Generated and Conditioned: 146.4619
Epoch: 264, Loss: 0.2975
MSE Loss Between Generated and Conditioned: 182.6903
Epoch: 265, Loss: 0.2974
MSE Loss Between Generated and Conditioned: 144.3347
Epoch: 266, Loss: 0.2972
MSE Loss Between Generated and Conditioned: 163.7660
Epoch: 267, Loss: 0.2970
MSE Loss Between Generated and Conditioned: 135.2056
Epoch: 268, Loss: 0.2969
MSE Loss Between Generated and Conditioned: 147.5671
Epoch: 269, Loss: 0.2967
MSE Loss Between Generated and Conditioned: 149.6532
Epoch: 270, Loss: 0.2966
MSE Loss Between Generated and Conditioned: 131.6864
Epoch: 271, Loss: 0.2964
MSE Loss Between Generated and Conditioned: 112.0107
Epoch: 272, Loss: 0.2962
MSE Loss Between Generated and Conditioned: 149.1611
Epoch: 273, Loss: 0.2961
MSE Loss Between Generated and Conditioned: 145.9113
Epoch: 274, Loss: 0.2960
MSE Loss Between Generated and Conditioned: 154.9138
Epoch: 275, Loss: 0.2958
MSE Loss Between Generated and Conditioned: 146.7746
Epoch: 276, Loss: 0.2957
MSE Loss Between Generated and Conditioned: 135.5258
Epoch: 277, Loss: 0.2955
MSE Loss Between Generated and Conditioned: 136.1391
Epoch: 278, Loss: 0.2953
MSE Loss Between Generated and Conditioned: 157.8411
Epoch: 279, Loss: 0.2952
MSE Loss Between Generated and Conditioned: 139.4624
Epoch: 280, Loss: 0.2951
MSE Loss Between Generated and Conditioned: 146.7172
Epoch: 281, Loss: 0.2949
MSE Loss Between Generated and Conditioned: 142.7995
Epoch: 282, Loss: 0.2948
MSE Loss Between Generated and Conditioned: 134.8730
Epoch: 283, Loss: 0.2946
MSE Loss Between Generated and Conditioned: 133.8419
Epoch: 284, Loss: 0.2945
MSE Loss Between Generated and Conditioned: 113.0861
Epoch: 285, Loss: 0.2943
MSE Loss Between Generated and Conditioned: 133.5232
Epoch: 286, Loss: 0.2942
MSE Loss Between Generated and Conditioned: 153.4686
Epoch: 287, Loss: 0.2941
MSE Loss Between Generated and Conditioned: 138.2651
Epoch: 288, Loss: 0.2940
MSE Loss Between Generated and Conditioned: 138.1891
Epoch: 289, Loss: 0.2938
MSE Loss Between Generated and Conditioned: 129.3246
Epoch: 290, Loss: 0.2937
MSE Loss Between Generated and Conditioned: 165.4659
Epoch: 291, Loss: 0.2935
MSE Loss Between Generated and Conditioned: 147.1425
Epoch: 292, Loss: 0.2934
MSE Loss Between Generated and Conditioned: 139.7149
Epoch: 293, Loss: 0.2932
MSE Loss Between Generated and Conditioned: 141.8151
Epoch: 294, Loss: 0.2931
MSE Loss Between Generated and Conditioned: 135.6065
Epoch: 295, Loss: 0.2930
MSE Loss Between Generated and Conditioned: 149.7683
Epoch: 296, Loss: 0.2928
MSE Loss Between Generated and Conditioned: 138.9444
Epoch: 297, Loss: 0.2927
MSE Loss Between Generated and Conditioned: 135.0155
Epoch: 298, Loss: 0.2926
MSE Loss Between Generated and Conditioned: 139.6237
Epoch: 299, Loss: 0.2924
MSE Loss Between Generated and Conditioned: 145.4931
Epoch: 300, Loss: 0.2923
4
Epoch: 1, Train Loss: 0.6290, Valid Loss: 0.2670, LR: 0.001
Epoch: 2, Train Loss: 0.2266, Valid Loss: 0.2193, LR: 0.001
Epoch: 3, Train Loss: 0.1448, Valid Loss: 0.2007, LR: 0.001
Epoch: 4, Train Loss: 0.1273, Valid Loss: 0.1916, LR: 0.001
Epoch: 5, Train Loss: 0.1061, Valid Loss: 0.2043, LR: 0.001
Epoch: 6, Train Loss: 0.1131, Valid Loss: 0.2098, LR: 0.001
Epoch: 7, Train Loss: 0.1049, Valid Loss: 0.2228, LR: 0.001
Epoch: 8, Train Loss: 0.0979, Valid Loss: 0.1946, LR: 0.001
Epoch: 9, Train Loss: 0.0951, Valid Loss: 0.2130, LR: 0.001
Epoch: 10, Train Loss: 0.0954, Valid Loss: 0.2307, LR: 0.001
Epoch: 11, Train Loss: 0.0941, Valid Loss: 0.1937, LR: 0.001
Epoch: 12, Train Loss: 0.0997, Valid Loss: 0.1840, LR: 0.001
Epoch: 13, Train Loss: 0.0997, Valid Loss: 0.2067, LR: 0.001
Epoch: 14, Train Loss: 0.1085, Valid Loss: 0.2179, LR: 0.001
Epoch: 15, Train Loss: 0.0905, Valid Loss: 0.1859, LR: 0.001
Epoch: 16, Train Loss: 0.0893, Valid Loss: 0.1911, LR: 0.001
Epoch: 17, Train Loss: 0.0938, Valid Loss: 0.2229, LR: 0.001
Epoch: 18, Train Loss: 0.1041, Valid Loss: 0.2070, LR: 0.001
Epoch: 19, Train Loss: 0.0941, Valid Loss: 0.2532, LR: 0.001
Epoch: 20, Train Loss: 0.0911, Valid Loss: 0.2010, LR: 0.001
Epoch: 21, Train Loss: 0.0874, Valid Loss: 0.1944, LR: 0.001
Epoch: 22, Train Loss: 0.0841, Valid Loss: 0.1871, LR: 0.001
Epoch: 23, Train Loss: 0.0858, Valid Loss: 0.1905, LR: 0.0001
Epoch: 24, Train Loss: 0.0890, Valid Loss: 0.1912, LR: 0.0001
Epoch: 25, Train Loss: 0.0736, Valid Loss: 0.1755, LR: 0.0001
Epoch: 26, Train Loss: 0.0672, Valid Loss: 0.1742, LR: 0.0001
Epoch: 27, Train Loss: 0.0633, Valid Loss: 0.1631, LR: 0.0001
Epoch: 28, Train Loss: 0.0655, Valid Loss: 0.1748, LR: 0.0001
Epoch: 29, Train Loss: 0.0600, Valid Loss: 0.1689, LR: 0.0001
Epoch: 30, Train Loss: 0.0518, Valid Loss: 0.1695, LR: 0.0001
Epoch: 31, Train Loss: 0.0520, Valid Loss: 0.1643, LR: 0.0001
Epoch: 32, Train Loss: 0.0497, Valid Loss: 0.1654, LR: 0.0001
Epoch: 33, Train Loss: 0.0486, Valid Loss: 0.1649, LR: 0.0001
Epoch: 34, Train Loss: 0.0521, Valid Loss: 0.1666, LR: 0.0001
Epoch: 35, Train Loss: 0.0430, Valid Loss: 0.1735, LR: 0.0001
Epoch: 36, Train Loss: 0.0525, Valid Loss: 0.1795, LR: 0.0001
Epoch: 37, Train Loss: 0.0499, Valid Loss: 0.1724, LR: 0.0001
Epoch: 38, Train Loss: 0.0481, Valid Loss: 0.1762, LR: 1e-05
Epoch: 39, Train Loss: 0.0503, Valid Loss: 0.1838, LR: 1e-05
Epoch: 40, Train Loss: 0.0460, Valid Loss: 0.1739, LR: 1e-05
Epoch: 41, Train Loss: 0.0483, Valid Loss: 0.1697, LR: 1e-05
Epoch: 42, Train Loss: 0.0466, Valid Loss: 0.1694, LR: 1e-05
Epoch: 43, Train Loss: 0.0430, Valid Loss: 0.1743, LR: 1e-05
Epoch: 44, Train Loss: 0.0470, Valid Loss: 0.1703, LR: 1e-05
Epoch: 45, Train Loss: 0.0441, Valid Loss: 0.1772, LR: 1e-05
Epoch: 46, Train Loss: 0.0482, Valid Loss: 0.1804, LR: 1e-05
Epoch: 47, Train Loss: 0.0447, Valid Loss: 0.1711, LR: 1e-05
Epoch: 48, Train Loss: 0.0435, Valid Loss: 0.1691, LR: 1e-05
Epoch: 49, Train Loss: 0.0456, Valid Loss: 0.1726, LR: 1.0000000000000002e-06
Epoch: 50, Train Loss: 0.0435, Valid Loss: 0.1779, LR: 1.0000000000000002e-06
Epoch: 51, Train Loss: 0.0429, Valid Loss: 0.1771, LR: 1.0000000000000002e-06
Epoch: 52, Train Loss: 0.0451, Valid Loss: 0.1738, LR: 1.0000000000000002e-06
Epoch: 53, Train Loss: 0.0431, Valid Loss: 0.1760, LR: 1.0000000000000002e-06
Epoch: 54, Train Loss: 0.0441, Valid Loss: 0.1731, LR: 1.0000000000000002e-06
Epoch: 55, Train Loss: 0.0439, Valid Loss: 0.1702, LR: 1.0000000000000002e-06
Epoch: 56, Train Loss: 0.0469, Valid Loss: 0.1734, LR: 1.0000000000000002e-06
Epoch: 57, Train Loss: 0.0420, Valid Loss: 0.1744, LR: 1.0000000000000002e-06
Epoch: 58, Train Loss: 0.0500, Valid Loss: 0.1742, LR: 1.0000000000000002e-06
Epoch: 59, Train Loss: 0.0440, Valid Loss: 0.1765, LR: 1.0000000000000002e-06
Epoch: 60, Train Loss: 0.0457, Valid Loss: 0.1738, LR: 1.0000000000000002e-07
Epoch: 61, Train Loss: 0.0459, Valid Loss: 0.1732, LR: 1.0000000000000002e-07
Epoch: 62, Train Loss: 0.0455, Valid Loss: 0.1715, LR: 1.0000000000000002e-07
Epoch: 63, Train Loss: 0.0446, Valid Loss: 0.1792, LR: 1.0000000000000002e-07
Epoch: 64, Train Loss: 0.0454, Valid Loss: 0.1768, LR: 1.0000000000000002e-07
Epoch: 65, Train Loss: 0.0449, Valid Loss: 0.1758, LR: 1.0000000000000002e-07
Epoch: 66, Train Loss: 0.0461, Valid Loss: 0.1734, LR: 1.0000000000000002e-07
Epoch: 67, Train Loss: 0.0441, Valid Loss: 0.1761, LR: 1.0000000000000002e-07
Epoch: 68, Train Loss: 0.0470, Valid Loss: 0.1762, LR: 1.0000000000000002e-07
Epoch: 69, Train Loss: 0.0443, Valid Loss: 0.1732, LR: 1.0000000000000002e-07
Epoch: 70, Train Loss: 0.0457, Valid Loss: 0.1734, LR: 1.0000000000000002e-07
Epoch: 71, Train Loss: 0.0443, Valid Loss: 0.1770, LR: 1.0000000000000004e-08
Epoch: 72, Train Loss: 0.0402, Valid Loss: 0.1713, LR: 1.0000000000000004e-08
Epoch: 73, Train Loss: 0.0473, Valid Loss: 0.1781, LR: 1.0000000000000004e-08
Epoch: 74, Train Loss: 0.0467, Valid Loss: 0.1740, LR: 1.0000000000000004e-08
Epoch: 75, Train Loss: 0.0456, Valid Loss: 0.1796, LR: 1.0000000000000004e-08
Epoch: 76, Train Loss: 0.0471, Valid Loss: 0.1718, LR: 1.0000000000000004e-08
Epoch: 77, Train Loss: 0.0467, Valid Loss: 0.1787, LR: 1.0000000000000004e-08
Epoch: 78, Train Loss: 0.0422, Valid Loss: 0.1754, LR: 1.0000000000000004e-08
Epoch: 79, Train Loss: 0.0448, Valid Loss: 0.1733, LR: 1.0000000000000004e-08
Epoch: 80, Train Loss: 0.0430, Valid Loss: 0.1768, LR: 1.0000000000000004e-08
Epoch: 81, Train Loss: 0.0427, Valid Loss: 0.1751, LR: 1.0000000000000004e-08
Epoch: 82, Train Loss: 0.0458, Valid Loss: 0.1751, LR: 1.0000000000000004e-08
Epoch: 83, Train Loss: 0.0475, Valid Loss: 0.1701, LR: 1.0000000000000004e-08
Epoch: 84, Train Loss: 0.0450, Valid Loss: 0.1767, LR: 1.0000000000000004e-08
Epoch: 85, Train Loss: 0.0458, Valid Loss: 0.1753, LR: 1.0000000000000004e-08
Epoch: 86, Train Loss: 0.0467, Valid Loss: 0.1763, LR: 1.0000000000000004e-08
Epoch: 87, Train Loss: 0.0447, Valid Loss: 0.1708, LR: 1.0000000000000004e-08
Epoch: 88, Train Loss: 0.0459, Valid Loss: 0.1721, LR: 1.0000000000000004e-08
Epoch: 89, Train Loss: 0.0437, Valid Loss: 0.1714, LR: 1.0000000000000004e-08
Epoch: 90, Train Loss: 0.0442, Valid Loss: 0.1742, LR: 1.0000000000000004e-08
Epoch: 91, Train Loss: 0.0429, Valid Loss: 0.1722, LR: 1.0000000000000004e-08
Epoch: 92, Train Loss: 0.0468, Valid Loss: 0.1716, LR: 1.0000000000000004e-08
Epoch: 93, Train Loss: 0.0454, Valid Loss: 0.1719, LR: 1.0000000000000004e-08
Epoch: 94, Train Loss: 0.0453, Valid Loss: 0.1691, LR: 1.0000000000000004e-08
Epoch: 95, Train Loss: 0.0465, Valid Loss: 0.1702, LR: 1.0000000000000004e-08
Epoch: 96, Train Loss: 0.0475, Valid Loss: 0.1760, LR: 1.0000000000000004e-08
Epoch: 97, Train Loss: 0.0436, Valid Loss: 0.1757, LR: 1.0000000000000004e-08
Epoch: 98, Train Loss: 0.0478, Valid Loss: 0.1771, LR: 1.0000000000000004e-08
Epoch: 99, Train Loss: 0.0451, Valid Loss: 0.1712, LR: 1.0000000000000004e-08
Epoch: 100, Train Loss: 0.0451, Valid Loss: 0.1729, LR: 1.0000000000000004e-08
Test Loss: 0.1702
