nohup: ignoring input
Train shape: torch.Size([14031, 5, 64, 32])
Valid shape: torch.Size([4677, 5, 64, 32])
Test shape: torch.Size([4678, 5, 64, 32])
Shape: (5, 144, 72)
Starting Latent Downstream Task
MSE Loss Between Generated and Conditioned: 8543.9180
Epoch: 1, Loss: 1.0358
MSE Loss Between Generated and Conditioned: 2176.0457
Epoch: 2, Loss: 0.9541
MSE Loss Between Generated and Conditioned: 1405.0664
Epoch: 3, Loss: 0.8871
MSE Loss Between Generated and Conditioned: 1326.6971
Epoch: 4, Loss: 0.8325
MSE Loss Between Generated and Conditioned: 1134.4154
Epoch: 5, Loss: 0.7875
MSE Loss Between Generated and Conditioned: 1103.0770
Epoch: 6, Loss: 0.7500
MSE Loss Between Generated and Conditioned: 1063.5793
Epoch: 7, Loss: 0.7174
MSE Loss Between Generated and Conditioned: 1208.3278
Epoch: 8, Loss: 0.6888
MSE Loss Between Generated and Conditioned: 1132.8182
Epoch: 9, Loss: 0.6621
MSE Loss Between Generated and Conditioned: 998.6396
Epoch: 10, Loss: 0.6385
MSE Loss Between Generated and Conditioned: 913.3364
Epoch: 11, Loss: 0.6167
MSE Loss Between Generated and Conditioned: 1141.0101
Epoch: 12, Loss: 0.5975
MSE Loss Between Generated and Conditioned: 834.1371
Epoch: 13, Loss: 0.5800
MSE Loss Between Generated and Conditioned: 926.7307
Epoch: 14, Loss: 0.5637
MSE Loss Between Generated and Conditioned: 905.9461
Epoch: 15, Loss: 0.5497
MSE Loss Between Generated and Conditioned: 872.5049
Epoch: 16, Loss: 0.5369
MSE Loss Between Generated and Conditioned: 724.9374
Epoch: 17, Loss: 0.5252
MSE Loss Between Generated and Conditioned: 609.2587
Epoch: 18, Loss: 0.5146
MSE Loss Between Generated and Conditioned: 601.9601
Epoch: 19, Loss: 0.5046
MSE Loss Between Generated and Conditioned: 636.4601
Epoch: 20, Loss: 0.4959
MSE Loss Between Generated and Conditioned: 481.3455
Epoch: 21, Loss: 0.4872
MSE Loss Between Generated and Conditioned: 519.6354
Epoch: 22, Loss: 0.4796
MSE Loss Between Generated and Conditioned: 540.4093
Epoch: 23, Loss: 0.4726
MSE Loss Between Generated and Conditioned: 542.5016
Epoch: 24, Loss: 0.4661
MSE Loss Between Generated and Conditioned: 425.2591
Epoch: 25, Loss: 0.4600
MSE Loss Between Generated and Conditioned: 398.8037
Epoch: 26, Loss: 0.4537
MSE Loss Between Generated and Conditioned: 450.8048
Epoch: 27, Loss: 0.4482
MSE Loss Between Generated and Conditioned: 515.2423
Epoch: 28, Loss: 0.4430
MSE Loss Between Generated and Conditioned: 310.6260
Epoch: 29, Loss: 0.4382
MSE Loss Between Generated and Conditioned: 379.4706
Epoch: 30, Loss: 0.4338
MSE Loss Between Generated and Conditioned: 373.4414
Epoch: 31, Loss: 0.4297
MSE Loss Between Generated and Conditioned: 327.1147
Epoch: 32, Loss: 0.4259
MSE Loss Between Generated and Conditioned: 338.2539
Epoch: 33, Loss: 0.4219
MSE Loss Between Generated and Conditioned: 523.7112
Epoch: 34, Loss: 0.4187
MSE Loss Between Generated and Conditioned: 364.6900
Epoch: 35, Loss: 0.4159
MSE Loss Between Generated and Conditioned: 315.0170
Epoch: 36, Loss: 0.4131
MSE Loss Between Generated and Conditioned: 383.4157
Epoch: 37, Loss: 0.4100
MSE Loss Between Generated and Conditioned: 272.5582
Epoch: 38, Loss: 0.4073
MSE Loss Between Generated and Conditioned: 301.1367
Epoch: 39, Loss: 0.4044
MSE Loss Between Generated and Conditioned: 279.3731
Epoch: 40, Loss: 0.4015
MSE Loss Between Generated and Conditioned: 344.6881
Epoch: 41, Loss: 0.3988
MSE Loss Between Generated and Conditioned: 306.8667
Epoch: 42, Loss: 0.3962
MSE Loss Between Generated and Conditioned: 332.6645
Epoch: 43, Loss: 0.3942
MSE Loss Between Generated and Conditioned: 304.9072
Epoch: 44, Loss: 0.3922
MSE Loss Between Generated and Conditioned: 357.2511
Epoch: 45, Loss: 0.3902
MSE Loss Between Generated and Conditioned: 332.3763
Epoch: 46, Loss: 0.3883
MSE Loss Between Generated and Conditioned: 274.4313
Epoch: 47, Loss: 0.3862
MSE Loss Between Generated and Conditioned: 296.1309
Epoch: 48, Loss: 0.3844
MSE Loss Between Generated and Conditioned: 260.8433
Epoch: 49, Loss: 0.3826
MSE Loss Between Generated and Conditioned: 325.1426
Epoch: 50, Loss: 0.3809
MSE Loss Between Generated and Conditioned: 283.1797
Epoch: 51, Loss: 0.3796
MSE Loss Between Generated and Conditioned: 331.4915
Epoch: 52, Loss: 0.3778
MSE Loss Between Generated and Conditioned: 256.9464
Epoch: 53, Loss: 0.3762
MSE Loss Between Generated and Conditioned: 296.6897
Epoch: 54, Loss: 0.3748
MSE Loss Between Generated and Conditioned: 270.4432
Epoch: 55, Loss: 0.3735
MSE Loss Between Generated and Conditioned: 925.1544
Epoch: 56, Loss: 0.3724
MSE Loss Between Generated and Conditioned: 255.1788
Epoch: 57, Loss: 0.3711
MSE Loss Between Generated and Conditioned: 250.4673
Epoch: 58, Loss: 0.3697
MSE Loss Between Generated and Conditioned: 240.0134
Epoch: 59, Loss: 0.3684
MSE Loss Between Generated and Conditioned: 259.4336
Epoch: 60, Loss: 0.3671
MSE Loss Between Generated and Conditioned: 205.7487
Epoch: 61, Loss: 0.3659
MSE Loss Between Generated and Conditioned: 241.0842
Epoch: 62, Loss: 0.3645
MSE Loss Between Generated and Conditioned: 251.0730
Epoch: 63, Loss: 0.3634
MSE Loss Between Generated and Conditioned: 2810.9255
Epoch: 64, Loss: 0.3628
MSE Loss Between Generated and Conditioned: 720.7626
Epoch: 65, Loss: 0.3618
MSE Loss Between Generated and Conditioned: 272.9526
Epoch: 66, Loss: 0.3607
MSE Loss Between Generated and Conditioned: 250.2729
Epoch: 67, Loss: 0.3597
MSE Loss Between Generated and Conditioned: 251.7168
Epoch: 68, Loss: 0.3588
MSE Loss Between Generated and Conditioned: 279.3005
Epoch: 69, Loss: 0.3580
MSE Loss Between Generated and Conditioned: 278.6003
Epoch: 70, Loss: 0.3572
MSE Loss Between Generated and Conditioned: 248.3997
Epoch: 71, Loss: 0.3563
MSE Loss Between Generated and Conditioned: 221.3671
Epoch: 72, Loss: 0.3553
MSE Loss Between Generated and Conditioned: 341.8764
Epoch: 73, Loss: 0.3546
MSE Loss Between Generated and Conditioned: 311.0707
Epoch: 74, Loss: 0.3539
MSE Loss Between Generated and Conditioned: 224.7140
Epoch: 75, Loss: 0.3530
MSE Loss Between Generated and Conditioned: 247.4785
Epoch: 76, Loss: 0.3521
MSE Loss Between Generated and Conditioned: 198.0346
Epoch: 77, Loss: 0.3512
MSE Loss Between Generated and Conditioned: 218.6778
Epoch: 78, Loss: 0.3504
MSE Loss Between Generated and Conditioned: 250.6786
Epoch: 79, Loss: 0.3496
MSE Loss Between Generated and Conditioned: 304.4500
Epoch: 80, Loss: 0.3489
MSE Loss Between Generated and Conditioned: 10777.3076
Epoch: 81, Loss: 0.3483
MSE Loss Between Generated and Conditioned: 236.7255
Epoch: 82, Loss: 0.3476
MSE Loss Between Generated and Conditioned: 321.4081
Epoch: 83, Loss: 0.3468
MSE Loss Between Generated and Conditioned: 242.2764
Epoch: 84, Loss: 0.3462
MSE Loss Between Generated and Conditioned: 272.2232
Epoch: 85, Loss: 0.3458
MSE Loss Between Generated and Conditioned: 258.8552
Epoch: 86, Loss: 0.3452
MSE Loss Between Generated and Conditioned: 218.7232
Epoch: 87, Loss: 0.3446
MSE Loss Between Generated and Conditioned: 217.9076
Epoch: 88, Loss: 0.3440
MSE Loss Between Generated and Conditioned: 225.7760
Epoch: 89, Loss: 0.3433
MSE Loss Between Generated and Conditioned: 205.3949
Epoch: 90, Loss: 0.3429
MSE Loss Between Generated and Conditioned: 236.3759
Epoch: 91, Loss: 0.3422
MSE Loss Between Generated and Conditioned: 237.9838
Epoch: 92, Loss: 0.3415
MSE Loss Between Generated and Conditioned: 267.1866
Epoch: 93, Loss: 0.3410
MSE Loss Between Generated and Conditioned: 203.2961
Epoch: 94, Loss: 0.3404
MSE Loss Between Generated and Conditioned: 214.6846
Epoch: 95, Loss: 0.3399
MSE Loss Between Generated and Conditioned: 344.3897
Epoch: 96, Loss: 0.3392
MSE Loss Between Generated and Conditioned: 628.0110
Epoch: 97, Loss: 0.3388
MSE Loss Between Generated and Conditioned: 201.9587
Epoch: 98, Loss: 0.3381
MSE Loss Between Generated and Conditioned: 226.6710
Epoch: 99, Loss: 0.3376
MSE Loss Between Generated and Conditioned: 216.3778
Epoch: 100, Loss: 0.3370
MSE Loss Between Generated and Conditioned: 178.3597
Epoch: 101, Loss: 0.3366
MSE Loss Between Generated and Conditioned: 262.0197
Epoch: 102, Loss: 0.3361
MSE Loss Between Generated and Conditioned: 227.8900
Epoch: 103, Loss: 0.3356
MSE Loss Between Generated and Conditioned: 183.7975
Epoch: 104, Loss: 0.3350
MSE Loss Between Generated and Conditioned: 208.8571
Epoch: 105, Loss: 0.3345
MSE Loss Between Generated and Conditioned: 219.1334
Epoch: 106, Loss: 0.3340
MSE Loss Between Generated and Conditioned: 986.7912
Epoch: 107, Loss: 0.3336
MSE Loss Between Generated and Conditioned: 186.1292
Epoch: 108, Loss: 0.3332
MSE Loss Between Generated and Conditioned: 236.0291
Epoch: 109, Loss: 0.3327
MSE Loss Between Generated and Conditioned: 334.5927
Epoch: 110, Loss: 0.3323
MSE Loss Between Generated and Conditioned: 251.6010
Epoch: 111, Loss: 0.3320
MSE Loss Between Generated and Conditioned: 454.3478
Epoch: 112, Loss: 0.3316
MSE Loss Between Generated and Conditioned: 615.6636
Epoch: 113, Loss: 0.3312
MSE Loss Between Generated and Conditioned: 188.5791
Epoch: 114, Loss: 0.3307
MSE Loss Between Generated and Conditioned: 170.6305
Epoch: 115, Loss: 0.3303
MSE Loss Between Generated and Conditioned: 174.6936
Epoch: 116, Loss: 0.3299
MSE Loss Between Generated and Conditioned: 185.0876
Epoch: 117, Loss: 0.3295
MSE Loss Between Generated and Conditioned: 155.0961
Epoch: 118, Loss: 0.3291
MSE Loss Between Generated and Conditioned: 1199.7218
Epoch: 119, Loss: 0.3287
MSE Loss Between Generated and Conditioned: 176.9309
Epoch: 120, Loss: 0.3283
MSE Loss Between Generated and Conditioned: 193.8091
Epoch: 121, Loss: 0.3280
MSE Loss Between Generated and Conditioned: 308.9458
Epoch: 122, Loss: 0.3277
MSE Loss Between Generated and Conditioned: 243.8990
Epoch: 123, Loss: 0.3273
MSE Loss Between Generated and Conditioned: 251.9722
Epoch: 124, Loss: 0.3270
MSE Loss Between Generated and Conditioned: 144.9455
Epoch: 125, Loss: 0.3266
MSE Loss Between Generated and Conditioned: 203.8943
Epoch: 126, Loss: 0.3263
MSE Loss Between Generated and Conditioned: 202.0883
Epoch: 127, Loss: 0.3259
MSE Loss Between Generated and Conditioned: 367.7672
Epoch: 128, Loss: 0.3255
MSE Loss Between Generated and Conditioned: 177.5251
Epoch: 129, Loss: 0.3252
MSE Loss Between Generated and Conditioned: 265.5023
Epoch: 130, Loss: 0.3249
MSE Loss Between Generated and Conditioned: 426.1697
Epoch: 131, Loss: 0.3245
MSE Loss Between Generated and Conditioned: 211.1823
Epoch: 132, Loss: 0.3241
MSE Loss Between Generated and Conditioned: 149.9217
Epoch: 133, Loss: 0.3239
MSE Loss Between Generated and Conditioned: 170.9422
Epoch: 134, Loss: 0.3235
MSE Loss Between Generated and Conditioned: 233.6851
Epoch: 135, Loss: 0.3233
MSE Loss Between Generated and Conditioned: 145.7369
Epoch: 136, Loss: 0.3229
MSE Loss Between Generated and Conditioned: 163.9263
Epoch: 137, Loss: 0.3226
MSE Loss Between Generated and Conditioned: 168.3992
Epoch: 138, Loss: 0.3222
MSE Loss Between Generated and Conditioned: 178.5923
Epoch: 139, Loss: 0.3219
MSE Loss Between Generated and Conditioned: 178.5273
Epoch: 140, Loss: 0.3216
MSE Loss Between Generated and Conditioned: 246.5995
Epoch: 141, Loss: 0.3214
MSE Loss Between Generated and Conditioned: 574.8844
Epoch: 142, Loss: 0.3212
MSE Loss Between Generated and Conditioned: 235.2267
Epoch: 143, Loss: 0.3209
MSE Loss Between Generated and Conditioned: 252.9392
Epoch: 144, Loss: 0.3205
MSE Loss Between Generated and Conditioned: 370.6145
Epoch: 145, Loss: 0.3203
MSE Loss Between Generated and Conditioned: 162.9556
Epoch: 146, Loss: 0.3200
MSE Loss Between Generated and Conditioned: 169.7858
Epoch: 147, Loss: 0.3197
MSE Loss Between Generated and Conditioned: 157.6977
Epoch: 148, Loss: 0.3195
MSE Loss Between Generated and Conditioned: 197.4662
Epoch: 149, Loss: 0.3192
MSE Loss Between Generated and Conditioned: 162.4653
Epoch: 150, Loss: 0.3190
MSE Loss Between Generated and Conditioned: 246.2192
Epoch: 151, Loss: 0.3187
MSE Loss Between Generated and Conditioned: 173.7386
Epoch: 152, Loss: 0.3184
MSE Loss Between Generated and Conditioned: 154.2937
Epoch: 153, Loss: 0.3181
MSE Loss Between Generated and Conditioned: 191.6047
Epoch: 154, Loss: 0.3179
MSE Loss Between Generated and Conditioned: 187.9152
Epoch: 155, Loss: 0.3176
MSE Loss Between Generated and Conditioned: 206.0404
Epoch: 156, Loss: 0.3173
MSE Loss Between Generated and Conditioned: 157.8688
Epoch: 157, Loss: 0.3170
MSE Loss Between Generated and Conditioned: 165.9953
Epoch: 158, Loss: 0.3168
MSE Loss Between Generated and Conditioned: 153.6902
Epoch: 159, Loss: 0.3166
MSE Loss Between Generated and Conditioned: 297.3796
Epoch: 160, Loss: 0.3163
MSE Loss Between Generated and Conditioned: 174.2934
Epoch: 161, Loss: 0.3161
MSE Loss Between Generated and Conditioned: 151.5950
Epoch: 162, Loss: 0.3158
MSE Loss Between Generated and Conditioned: 149.6496
Epoch: 163, Loss: 0.3156
MSE Loss Between Generated and Conditioned: 220.6926
Epoch: 164, Loss: 0.3153
MSE Loss Between Generated and Conditioned: 886.7827
Epoch: 165, Loss: 0.3151
MSE Loss Between Generated and Conditioned: 182.4270
Epoch: 166, Loss: 0.3149
MSE Loss Between Generated and Conditioned: 136.4445
Epoch: 167, Loss: 0.3147
MSE Loss Between Generated and Conditioned: 154.2535
Epoch: 168, Loss: 0.3144
MSE Loss Between Generated and Conditioned: 169.0967
Epoch: 169, Loss: 0.3142
MSE Loss Between Generated and Conditioned: 217.1672
Epoch: 170, Loss: 0.3140
MSE Loss Between Generated and Conditioned: 188.5116
Epoch: 171, Loss: 0.3138
MSE Loss Between Generated and Conditioned: 157.2893
Epoch: 172, Loss: 0.3136
MSE Loss Between Generated and Conditioned: 210.9626
Epoch: 173, Loss: 0.3133
MSE Loss Between Generated and Conditioned: 183.5823
Epoch: 174, Loss: 0.3131
MSE Loss Between Generated and Conditioned: 170.7501
Epoch: 175, Loss: 0.3129
MSE Loss Between Generated and Conditioned: 167.1699
Epoch: 176, Loss: 0.3126
MSE Loss Between Generated and Conditioned: 177.3989
Epoch: 177, Loss: 0.3124
MSE Loss Between Generated and Conditioned: 134.4611
Epoch: 178, Loss: 0.3122
MSE Loss Between Generated and Conditioned: 129.3531
Epoch: 179, Loss: 0.3120
MSE Loss Between Generated and Conditioned: 140.9642
Epoch: 180, Loss: 0.3118
MSE Loss Between Generated and Conditioned: 258.4074
Epoch: 181, Loss: 0.3115
MSE Loss Between Generated and Conditioned: 220.2679
Epoch: 182, Loss: 0.3114
MSE Loss Between Generated and Conditioned: 142.3524
Epoch: 183, Loss: 0.3111
MSE Loss Between Generated and Conditioned: 147.5614
Epoch: 184, Loss: 0.3109
MSE Loss Between Generated and Conditioned: 157.5867
Epoch: 185, Loss: 0.3107
MSE Loss Between Generated and Conditioned: 155.2382
Epoch: 186, Loss: 0.3105
MSE Loss Between Generated and Conditioned: 136.9406
Epoch: 187, Loss: 0.3103
MSE Loss Between Generated and Conditioned: 143.2130
Epoch: 188, Loss: 0.3101
MSE Loss Between Generated and Conditioned: 149.3429
Epoch: 189, Loss: 0.3100
MSE Loss Between Generated and Conditioned: 155.8031
Epoch: 190, Loss: 0.3098
MSE Loss Between Generated and Conditioned: 128.4670
Epoch: 191, Loss: 0.3096
MSE Loss Between Generated and Conditioned: 192.7620
Epoch: 192, Loss: 0.3094
MSE Loss Between Generated and Conditioned: 153.6219
Epoch: 193, Loss: 0.3092
MSE Loss Between Generated and Conditioned: 183.7878
Epoch: 194, Loss: 0.3090
MSE Loss Between Generated and Conditioned: 184.0507
Epoch: 195, Loss: 0.3088
MSE Loss Between Generated and Conditioned: 129.5983
Epoch: 196, Loss: 0.3086
MSE Loss Between Generated and Conditioned: 156.7608
Epoch: 197, Loss: 0.3084
MSE Loss Between Generated and Conditioned: 138.7510
Epoch: 198, Loss: 0.3083
MSE Loss Between Generated and Conditioned: 132.8997
Epoch: 199, Loss: 0.3081
MSE Loss Between Generated and Conditioned: 138.8746
Epoch: 200, Loss: 0.3079
MSE Loss Between Generated and Conditioned: 150.4801
Epoch: 201, Loss: 0.3077
MSE Loss Between Generated and Conditioned: 160.8350
Epoch: 202, Loss: 0.3075
MSE Loss Between Generated and Conditioned: 125.1177
Epoch: 203, Loss: 0.3074
MSE Loss Between Generated and Conditioned: 176.3148
Epoch: 204, Loss: 0.3072
MSE Loss Between Generated and Conditioned: 176.2015
Epoch: 205, Loss: 0.3070
MSE Loss Between Generated and Conditioned: 167.2720
Epoch: 206, Loss: 0.3068
MSE Loss Between Generated and Conditioned: 129.6147
Epoch: 207, Loss: 0.3066
MSE Loss Between Generated and Conditioned: 181.6534
Epoch: 208, Loss: 0.3064
MSE Loss Between Generated and Conditioned: 192.3278
Epoch: 209, Loss: 0.3062
MSE Loss Between Generated and Conditioned: 185.3194
Epoch: 210, Loss: 0.3059
MSE Loss Between Generated and Conditioned: 178.1729
Epoch: 211, Loss: 0.3058
MSE Loss Between Generated and Conditioned: 141.4883
Epoch: 212, Loss: 0.3056
MSE Loss Between Generated and Conditioned: 152.0742
Epoch: 213, Loss: 0.3054
MSE Loss Between Generated and Conditioned: 196.0888
Epoch: 214, Loss: 0.3052
MSE Loss Between Generated and Conditioned: 147.7072
Epoch: 215, Loss: 0.3050
MSE Loss Between Generated and Conditioned: 160.6225
Epoch: 216, Loss: 0.3049
MSE Loss Between Generated and Conditioned: 176.2868
Epoch: 217, Loss: 0.3047
MSE Loss Between Generated and Conditioned: 174.4244
Epoch: 218, Loss: 0.3044
MSE Loss Between Generated and Conditioned: 257.4702
Epoch: 219, Loss: 0.3042
MSE Loss Between Generated and Conditioned: 175.6596
Epoch: 220, Loss: 0.3041
MSE Loss Between Generated and Conditioned: 193.2074
Epoch: 221, Loss: 0.3039
MSE Loss Between Generated and Conditioned: 180.5099
Epoch: 222, Loss: 0.3037
MSE Loss Between Generated and Conditioned: 153.9855
Epoch: 223, Loss: 0.3035
MSE Loss Between Generated and Conditioned: 175.2077
Epoch: 224, Loss: 0.3033
MSE Loss Between Generated and Conditioned: 165.3612
Epoch: 225, Loss: 0.3032
MSE Loss Between Generated and Conditioned: 157.5453
Epoch: 226, Loss: 0.3030
MSE Loss Between Generated and Conditioned: 188.2300
Epoch: 227, Loss: 0.3028
MSE Loss Between Generated and Conditioned: 167.9714
Epoch: 228, Loss: 0.3026
MSE Loss Between Generated and Conditioned: 142.9880
Epoch: 229, Loss: 0.3024
MSE Loss Between Generated and Conditioned: 147.8068
Epoch: 230, Loss: 0.3022
MSE Loss Between Generated and Conditioned: 163.5954
Epoch: 231, Loss: 0.3020
MSE Loss Between Generated and Conditioned: 153.5002
Epoch: 232, Loss: 0.3018
MSE Loss Between Generated and Conditioned: 152.1612
Epoch: 233, Loss: 0.3016
MSE Loss Between Generated and Conditioned: 164.5141
Epoch: 234, Loss: 0.3015
MSE Loss Between Generated and Conditioned: 145.0932
Epoch: 235, Loss: 0.3013
MSE Loss Between Generated and Conditioned: 180.0650
Epoch: 236, Loss: 0.3011
MSE Loss Between Generated and Conditioned: 145.8796
Epoch: 237, Loss: 0.3009
MSE Loss Between Generated and Conditioned: 232.0842
Epoch: 238, Loss: 0.3007
MSE Loss Between Generated and Conditioned: 151.5538
Epoch: 239, Loss: 0.3005
MSE Loss Between Generated and Conditioned: 136.4889
Epoch: 240, Loss: 0.3003
MSE Loss Between Generated and Conditioned: 153.9886
Epoch: 241, Loss: 0.3002
MSE Loss Between Generated and Conditioned: 168.1539
Epoch: 242, Loss: 0.3000
MSE Loss Between Generated and Conditioned: 147.4508
Epoch: 243, Loss: 0.2998
MSE Loss Between Generated and Conditioned: 146.6171
Epoch: 244, Loss: 0.2996
MSE Loss Between Generated and Conditioned: 225.6013
Epoch: 245, Loss: 0.2994
MSE Loss Between Generated and Conditioned: 153.8339
Epoch: 246, Loss: 0.2992
MSE Loss Between Generated and Conditioned: 201.0518
Epoch: 247, Loss: 0.2990
MSE Loss Between Generated and Conditioned: 163.5467
Epoch: 248, Loss: 0.2988
MSE Loss Between Generated and Conditioned: 145.3824
Epoch: 249, Loss: 0.2987
MSE Loss Between Generated and Conditioned: 161.5198
Epoch: 250, Loss: 0.2985
MSE Loss Between Generated and Conditioned: 176.8703
Epoch: 251, Loss: 0.2984
MSE Loss Between Generated and Conditioned: 144.6975
Epoch: 252, Loss: 0.2982
MSE Loss Between Generated and Conditioned: 164.5985
Epoch: 253, Loss: 0.2981
MSE Loss Between Generated and Conditioned: 142.0795
Epoch: 254, Loss: 0.2979
MSE Loss Between Generated and Conditioned: 165.1216
Epoch: 255, Loss: 0.2977
MSE Loss Between Generated and Conditioned: 158.3653
Epoch: 256, Loss: 0.2976
MSE Loss Between Generated and Conditioned: 140.8794
Epoch: 257, Loss: 0.2974
MSE Loss Between Generated and Conditioned: 143.6539
Epoch: 258, Loss: 0.2972
MSE Loss Between Generated and Conditioned: 144.6649
Epoch: 259, Loss: 0.2971
MSE Loss Between Generated and Conditioned: 142.0119
Epoch: 260, Loss: 0.2969
MSE Loss Between Generated and Conditioned: 156.3313
Epoch: 261, Loss: 0.2967
MSE Loss Between Generated and Conditioned: 136.3610
Epoch: 262, Loss: 0.2966
MSE Loss Between Generated and Conditioned: 145.4952
Epoch: 263, Loss: 0.2965
MSE Loss Between Generated and Conditioned: 137.6679
Epoch: 264, Loss: 0.2963
MSE Loss Between Generated and Conditioned: 137.5254
Epoch: 265, Loss: 0.2962
MSE Loss Between Generated and Conditioned: 158.0209
Epoch: 266, Loss: 0.2960
MSE Loss Between Generated and Conditioned: 143.6948
Epoch: 267, Loss: 0.2958
MSE Loss Between Generated and Conditioned: 131.6894
Epoch: 268, Loss: 0.2957
MSE Loss Between Generated and Conditioned: 147.1063
Epoch: 269, Loss: 0.2955
MSE Loss Between Generated and Conditioned: 143.6700
Epoch: 270, Loss: 0.2954
MSE Loss Between Generated and Conditioned: 178.7907
Epoch: 271, Loss: 0.2953
MSE Loss Between Generated and Conditioned: 168.5211
Epoch: 272, Loss: 0.2952
MSE Loss Between Generated and Conditioned: 149.5680
Epoch: 273, Loss: 0.2950
MSE Loss Between Generated and Conditioned: 160.9270
Epoch: 274, Loss: 0.2949
MSE Loss Between Generated and Conditioned: 156.0603
Epoch: 275, Loss: 0.2947
MSE Loss Between Generated and Conditioned: 138.4041
Epoch: 276, Loss: 0.2945
MSE Loss Between Generated and Conditioned: 160.4767
Epoch: 277, Loss: 0.2944
MSE Loss Between Generated and Conditioned: 163.2316
Epoch: 278, Loss: 0.2942
MSE Loss Between Generated and Conditioned: 160.0229
Epoch: 279, Loss: 0.2940
MSE Loss Between Generated and Conditioned: 121.1601
Epoch: 280, Loss: 0.2939
MSE Loss Between Generated and Conditioned: 150.6721
Epoch: 281, Loss: 0.2938
MSE Loss Between Generated and Conditioned: 145.7408
Epoch: 282, Loss: 0.2936
MSE Loss Between Generated and Conditioned: 150.6071
Epoch: 283, Loss: 0.2935
MSE Loss Between Generated and Conditioned: 140.1627
Epoch: 284, Loss: 0.2933
MSE Loss Between Generated and Conditioned: 132.5292
Epoch: 285, Loss: 0.2932
MSE Loss Between Generated and Conditioned: 139.9145
Epoch: 286, Loss: 0.2930
MSE Loss Between Generated and Conditioned: 129.7794
Epoch: 287, Loss: 0.2929
MSE Loss Between Generated and Conditioned: 148.1234
Epoch: 288, Loss: 0.2927
MSE Loss Between Generated and Conditioned: 126.3445
Epoch: 289, Loss: 0.2926
MSE Loss Between Generated and Conditioned: 122.2942
Epoch: 290, Loss: 0.2925
MSE Loss Between Generated and Conditioned: 160.4153
Epoch: 291, Loss: 0.2924
MSE Loss Between Generated and Conditioned: 128.7066
Epoch: 292, Loss: 0.2922
MSE Loss Between Generated and Conditioned: 153.1036
Epoch: 293, Loss: 0.2921
MSE Loss Between Generated and Conditioned: 165.6789
Epoch: 294, Loss: 0.2919
MSE Loss Between Generated and Conditioned: 132.7824
Epoch: 295, Loss: 0.2918
MSE Loss Between Generated and Conditioned: 134.2643
Epoch: 296, Loss: 0.2917
MSE Loss Between Generated and Conditioned: 123.0037
Epoch: 297, Loss: 0.2916
MSE Loss Between Generated and Conditioned: 170.0271
Epoch: 298, Loss: 0.2914
MSE Loss Between Generated and Conditioned: 145.4516
Epoch: 299, Loss: 0.2913
MSE Loss Between Generated and Conditioned: 131.2132
Epoch: 300, Loss: 0.2912
4
Epoch: 1, Train Loss: 0.6856, Valid Loss: 0.3106, LR: 0.001
Epoch: 2, Train Loss: 0.2514, Valid Loss: 0.2298, LR: 0.001
Epoch: 3, Train Loss: 0.1571, Valid Loss: 0.2020, LR: 0.001
Epoch: 4, Train Loss: 0.1349, Valid Loss: 0.1857, LR: 0.001
Epoch: 5, Train Loss: 0.1234, Valid Loss: 0.2086, LR: 0.001
Epoch: 6, Train Loss: 0.1052, Valid Loss: 0.1953, LR: 0.001
Epoch: 7, Train Loss: 0.1007, Valid Loss: 0.2079, LR: 0.001
Epoch: 8, Train Loss: 0.1004, Valid Loss: 0.1924, LR: 0.001
Epoch: 9, Train Loss: 0.0966, Valid Loss: 0.1954, LR: 0.001
Epoch: 10, Train Loss: 0.0970, Valid Loss: 0.2111, LR: 0.001
Epoch: 11, Train Loss: 0.1044, Valid Loss: 0.2253, LR: 0.001
Epoch: 12, Train Loss: 0.0944, Valid Loss: 0.1907, LR: 0.001
Epoch: 13, Train Loss: 0.0969, Valid Loss: 0.1874, LR: 0.001
Epoch: 14, Train Loss: 0.0901, Valid Loss: 0.2003, LR: 0.001
Epoch: 15, Train Loss: 0.0953, Valid Loss: 0.1787, LR: 0.001
Epoch: 16, Train Loss: 0.0941, Valid Loss: 0.2259, LR: 0.001
Epoch: 17, Train Loss: 0.0967, Valid Loss: 0.1845, LR: 0.001
Epoch: 18, Train Loss: 0.0909, Valid Loss: 0.1719, LR: 0.001
Epoch: 19, Train Loss: 0.0850, Valid Loss: 0.2188, LR: 0.001
Epoch: 20, Train Loss: 0.1091, Valid Loss: 0.2096, LR: 0.001
Epoch: 21, Train Loss: 0.1046, Valid Loss: 0.1762, LR: 0.001
Epoch: 22, Train Loss: 0.0895, Valid Loss: 0.1835, LR: 0.001
Epoch: 23, Train Loss: 0.0822, Valid Loss: 0.1912, LR: 0.001
Epoch: 24, Train Loss: 0.0933, Valid Loss: 0.2047, LR: 0.001
Epoch: 25, Train Loss: 0.0936, Valid Loss: 0.2193, LR: 0.001
Epoch: 26, Train Loss: 0.0894, Valid Loss: 0.1850, LR: 0.001
Epoch: 27, Train Loss: 0.0929, Valid Loss: 0.2041, LR: 0.001
Epoch: 28, Train Loss: 0.0894, Valid Loss: 0.2023, LR: 0.001
Epoch: 29, Train Loss: 0.0982, Valid Loss: 0.1902, LR: 0.0001
Epoch: 30, Train Loss: 0.0758, Valid Loss: 0.1760, LR: 0.0001
Epoch: 31, Train Loss: 0.0706, Valid Loss: 0.1798, LR: 0.0001
Epoch: 32, Train Loss: 0.0645, Valid Loss: 0.1732, LR: 0.0001
Epoch: 33, Train Loss: 0.0574, Valid Loss: 0.1711, LR: 0.0001
Epoch: 34, Train Loss: 0.0588, Valid Loss: 0.1638, LR: 0.0001
Epoch: 35, Train Loss: 0.0589, Valid Loss: 0.1673, LR: 0.0001
Epoch: 36, Train Loss: 0.0553, Valid Loss: 0.1695, LR: 0.0001
Epoch: 37, Train Loss: 0.0501, Valid Loss: 0.1803, LR: 0.0001
Epoch: 38, Train Loss: 0.0518, Valid Loss: 0.1668, LR: 0.0001
Epoch: 39, Train Loss: 0.0479, Valid Loss: 0.1650, LR: 0.0001
Epoch: 40, Train Loss: 0.0460, Valid Loss: 0.1660, LR: 0.0001
Epoch: 41, Train Loss: 0.0483, Valid Loss: 0.1702, LR: 0.0001
Epoch: 42, Train Loss: 0.0495, Valid Loss: 0.1662, LR: 0.0001
Epoch: 43, Train Loss: 0.0502, Valid Loss: 0.1703, LR: 0.0001
Epoch: 44, Train Loss: 0.0479, Valid Loss: 0.1736, LR: 0.0001
Epoch: 45, Train Loss: 0.0434, Valid Loss: 0.1772, LR: 1e-05
Epoch: 46, Train Loss: 0.0453, Valid Loss: 0.1737, LR: 1e-05
Epoch: 47, Train Loss: 0.0463, Valid Loss: 0.1723, LR: 1e-05
Epoch: 48, Train Loss: 0.0452, Valid Loss: 0.1792, LR: 1e-05
Epoch: 49, Train Loss: 0.0400, Valid Loss: 0.1719, LR: 1e-05
Epoch: 50, Train Loss: 0.0451, Valid Loss: 0.1762, LR: 1e-05
Epoch: 51, Train Loss: 0.0431, Valid Loss: 0.1749, LR: 1e-05
Epoch: 52, Train Loss: 0.0402, Valid Loss: 0.1690, LR: 1e-05
Epoch: 53, Train Loss: 0.0471, Valid Loss: 0.1715, LR: 1e-05
Epoch: 54, Train Loss: 0.0447, Valid Loss: 0.1682, LR: 1e-05
Epoch: 55, Train Loss: 0.0421, Valid Loss: 0.1716, LR: 1e-05
Epoch: 56, Train Loss: 0.0429, Valid Loss: 0.1697, LR: 1.0000000000000002e-06
Epoch: 57, Train Loss: 0.0434, Valid Loss: 0.1716, LR: 1.0000000000000002e-06
Epoch: 58, Train Loss: 0.0392, Valid Loss: 0.1683, LR: 1.0000000000000002e-06
Epoch: 59, Train Loss: 0.0425, Valid Loss: 0.1664, LR: 1.0000000000000002e-06
Epoch: 60, Train Loss: 0.0460, Valid Loss: 0.1699, LR: 1.0000000000000002e-06
Epoch: 61, Train Loss: 0.0419, Valid Loss: 0.1683, LR: 1.0000000000000002e-06
Epoch: 62, Train Loss: 0.0424, Valid Loss: 0.1700, LR: 1.0000000000000002e-06
Epoch: 63, Train Loss: 0.0481, Valid Loss: 0.1676, LR: 1.0000000000000002e-06
Epoch: 64, Train Loss: 0.0422, Valid Loss: 0.1716, LR: 1.0000000000000002e-06
Epoch: 65, Train Loss: 0.0449, Valid Loss: 0.1707, LR: 1.0000000000000002e-06
Epoch: 66, Train Loss: 0.0400, Valid Loss: 0.1738, LR: 1.0000000000000002e-06
Epoch: 67, Train Loss: 0.0438, Valid Loss: 0.1652, LR: 1.0000000000000002e-07
Epoch: 68, Train Loss: 0.0420, Valid Loss: 0.1722, LR: 1.0000000000000002e-07
Epoch: 69, Train Loss: 0.0420, Valid Loss: 0.1723, LR: 1.0000000000000002e-07
Epoch: 70, Train Loss: 0.0469, Valid Loss: 0.1690, LR: 1.0000000000000002e-07
Epoch: 71, Train Loss: 0.0445, Valid Loss: 0.1697, LR: 1.0000000000000002e-07
Epoch: 72, Train Loss: 0.0477, Valid Loss: 0.1731, LR: 1.0000000000000002e-07
Epoch: 73, Train Loss: 0.0449, Valid Loss: 0.1684, LR: 1.0000000000000002e-07
Epoch: 74, Train Loss: 0.0421, Valid Loss: 0.1716, LR: 1.0000000000000002e-07
Epoch: 75, Train Loss: 0.0457, Valid Loss: 0.1691, LR: 1.0000000000000002e-07
Epoch: 76, Train Loss: 0.0414, Valid Loss: 0.1642, LR: 1.0000000000000002e-07
Epoch: 77, Train Loss: 0.0426, Valid Loss: 0.1685, LR: 1.0000000000000002e-07
Epoch: 78, Train Loss: 0.0429, Valid Loss: 0.1665, LR: 1.0000000000000004e-08
Epoch: 79, Train Loss: 0.0435, Valid Loss: 0.1717, LR: 1.0000000000000004e-08
Epoch: 80, Train Loss: 0.0401, Valid Loss: 0.1730, LR: 1.0000000000000004e-08
Epoch: 81, Train Loss: 0.0432, Valid Loss: 0.1702, LR: 1.0000000000000004e-08
Epoch: 82, Train Loss: 0.0456, Valid Loss: 0.1704, LR: 1.0000000000000004e-08
Epoch: 83, Train Loss: 0.0450, Valid Loss: 0.1679, LR: 1.0000000000000004e-08
Epoch: 84, Train Loss: 0.0437, Valid Loss: 0.1676, LR: 1.0000000000000004e-08
Epoch: 85, Train Loss: 0.0444, Valid Loss: 0.1663, LR: 1.0000000000000004e-08
Epoch: 86, Train Loss: 0.0433, Valid Loss: 0.1743, LR: 1.0000000000000004e-08
Epoch: 87, Train Loss: 0.0414, Valid Loss: 0.1642, LR: 1.0000000000000004e-08
Epoch: 88, Train Loss: 0.0463, Valid Loss: 0.1715, LR: 1.0000000000000004e-08
Epoch: 89, Train Loss: 0.0465, Valid Loss: 0.1706, LR: 1.0000000000000004e-08
Epoch: 90, Train Loss: 0.0459, Valid Loss: 0.1725, LR: 1.0000000000000004e-08
Epoch: 91, Train Loss: 0.0457, Valid Loss: 0.1654, LR: 1.0000000000000004e-08
Epoch: 92, Train Loss: 0.0444, Valid Loss: 0.1694, LR: 1.0000000000000004e-08
Epoch: 93, Train Loss: 0.0423, Valid Loss: 0.1718, LR: 1.0000000000000004e-08
Epoch: 94, Train Loss: 0.0435, Valid Loss: 0.1693, LR: 1.0000000000000004e-08
Epoch: 95, Train Loss: 0.0434, Valid Loss: 0.1670, LR: 1.0000000000000004e-08
Epoch: 96, Train Loss: 0.0436, Valid Loss: 0.1775, LR: 1.0000000000000004e-08
Epoch: 97, Train Loss: 0.0435, Valid Loss: 0.1704, LR: 1.0000000000000004e-08
Epoch: 98, Train Loss: 0.0422, Valid Loss: 0.1662, LR: 1.0000000000000004e-08
Epoch: 99, Train Loss: 0.0440, Valid Loss: 0.1664, LR: 1.0000000000000004e-08
Epoch: 100, Train Loss: 0.0440, Valid Loss: 0.1785, LR: 1.0000000000000004e-08
Test Loss: 0.1766
Train: torch.Size([14031, 5, 64, 32]), Valid: torch.Size([4677, 5, 64, 32]), Test: torch.Size([4678, 5, 64, 32])
Starting Downstream Task
Running context window: 5 with stride: 5 with seed: 0
Shape: (5, 144, 72)
Epoch: 0, Train Loss: 1.52802, Valid Loss: 1.30974, EPS: 0.991
Epoch: 1, Train Loss: 1.27504, Valid Loss: 1.21223, EPS: 0.982
Epoch: 2, Train Loss: 1.15289, Valid Loss: 1.14520, EPS: 0.973
Epoch: 3, Train Loss: 1.06059, Valid Loss: 1.09330, EPS: 0.964
Epoch: 4, Train Loss: 0.99696, Valid Loss: 1.06334, EPS: 0.955
Epoch: 5, Train Loss: 0.94928, Valid Loss: 1.04444, EPS: 0.946
Epoch: 6, Train Loss: 0.90999, Valid Loss: 1.02849, EPS: 0.9369999999999999
Epoch: 7, Train Loss: 0.88530, Valid Loss: 1.02594, EPS: 0.928
Epoch: 8, Train Loss: 0.87310, Valid Loss: 1.01762, EPS: 0.919
Epoch: 9, Train Loss: 0.85858, Valid Loss: 1.01421, EPS: 0.91
Epoch: 10, Train Loss: 0.84749, Valid Loss: 1.00539, EPS: 0.901
Epoch: 11, Train Loss: 0.84066, Valid Loss: 1.00460, EPS: 0.892
Epoch: 12, Train Loss: 0.82665, Valid Loss: 1.00100, EPS: 0.883
Epoch: 13, Train Loss: 0.82222, Valid Loss: 0.99630, EPS: 0.874
Epoch: 14, Train Loss: 0.81583, Valid Loss: 0.99431, EPS: 0.865
Epoch: 15, Train Loss: 0.81132, Valid Loss: 0.99765, EPS: 0.856
Epoch: 16, Train Loss: 0.80395, Valid Loss: 0.99546, EPS: 0.847
Epoch: 17, Train Loss: 0.79794, Valid Loss: 0.99149, EPS: 0.8380000000000001
Epoch: 18, Train Loss: 0.79756, Valid Loss: 0.99255, EPS: 0.8290000000000001
Epoch: 19, Train Loss: 0.78219, Valid Loss: 0.98802, EPS: 0.8200000000000001
Epoch: 20, Train Loss: 0.78142, Valid Loss: 0.99234, EPS: 0.811
Epoch: 21, Train Loss: 0.78311, Valid Loss: 0.99204, EPS: 0.802
Epoch: 22, Train Loss: 0.78318, Valid Loss: 0.98959, EPS: 0.793
Epoch: 23, Train Loss: 0.78166, Valid Loss: 0.98910, EPS: 0.784
Epoch: 24, Train Loss: 0.77159, Valid Loss: 0.98956, EPS: 0.775
Epoch: 25, Train Loss: 0.78136, Valid Loss: 0.98836, EPS: 0.766
Epoch: 26, Train Loss: 0.77429, Valid Loss: 0.98932, EPS: 0.757
Epoch: 27, Train Loss: 0.77301, Valid Loss: 0.98581, EPS: 0.748
Epoch: 28, Train Loss: 0.77208, Valid Loss: 0.98744, EPS: 0.739
Epoch: 29, Train Loss: 0.76946, Valid Loss: 0.99668, EPS: 0.73
Epoch: 30, Train Loss: 0.76322, Valid Loss: 0.99583, EPS: 0.721
Epoch: 31, Train Loss: 0.76588, Valid Loss: 0.99828, EPS: 0.712
Epoch: 32, Train Loss: 0.76243, Valid Loss: 0.99667, EPS: 0.703
Epoch: 33, Train Loss: 0.76489, Valid Loss: 0.99349, EPS: 0.694
Epoch: 34, Train Loss: 0.76361, Valid Loss: 0.99412, EPS: 0.685
Epoch: 35, Train Loss: 0.76007, Valid Loss: 0.99270, EPS: 0.676
Epoch: 36, Train Loss: 0.75597, Valid Loss: 0.99116, EPS: 0.667
Epoch: 37, Train Loss: 0.75830, Valid Loss: 0.99230, EPS: 0.658
Epoch: 38, Train Loss: 0.75520, Valid Loss: 0.99114, EPS: 0.649
Epoch: 39, Train Loss: 0.74513, Valid Loss: 0.98819, EPS: 0.64
Epoch: 40, Train Loss: 0.74326, Valid Loss: 0.98653, EPS: 0.6310000000000001
Epoch: 41, Train Loss: 0.73443, Valid Loss: 0.98479, EPS: 0.6220000000000001
Epoch: 42, Train Loss: 0.73838, Valid Loss: 0.98261, EPS: 0.6130000000000001
Epoch: 43, Train Loss: 0.73500, Valid Loss: 0.98286, EPS: 0.6040000000000001
Epoch: 44, Train Loss: 0.73051, Valid Loss: 0.98172, EPS: 0.5950000000000001
Epoch: 45, Train Loss: 0.72602, Valid Loss: 0.98241, EPS: 0.5860000000000001
Epoch: 46, Train Loss: 0.72261, Valid Loss: 0.98068, EPS: 0.5770000000000001
Epoch: 47, Train Loss: 0.72429, Valid Loss: 0.98084, EPS: 0.5680000000000001
Epoch: 48, Train Loss: 0.72395, Valid Loss: 0.98042, EPS: 0.559
Epoch: 49, Train Loss: 0.72165, Valid Loss: 0.97925, EPS: 0.55
Epoch: 50, Train Loss: 0.71734, Valid Loss: 0.97981, EPS: 0.541
Epoch: 51, Train Loss: 0.71726, Valid Loss: 0.97892, EPS: 0.532
Epoch: 52, Train Loss: 0.72117, Valid Loss: 0.97938, EPS: 0.523
Epoch: 53, Train Loss: 0.71705, Valid Loss: 0.97663, EPS: 0.514
Epoch: 54, Train Loss: 0.71869, Valid Loss: 0.97763, EPS: 0.505
Epoch: 55, Train Loss: 0.71327, Valid Loss: 0.97699, EPS: 0.496
Epoch: 56, Train Loss: 0.71822, Valid Loss: 0.97844, EPS: 0.4870000000000001
Epoch: 57, Train Loss: 0.70997, Valid Loss: 0.97701, EPS: 0.4780000000000001
Epoch: 58, Train Loss: 0.72053, Valid Loss: 0.97728, EPS: 0.4690000000000001
Epoch: 59, Train Loss: 0.71500, Valid Loss: 0.97714, EPS: 0.4600000000000001
Epoch: 60, Train Loss: 0.71276, Valid Loss: 0.97832, EPS: 0.45100000000000007
Epoch: 61, Train Loss: 0.70915, Valid Loss: 0.97647, EPS: 0.44200000000000006
Epoch: 62, Train Loss: 0.71562, Valid Loss: 0.97537, EPS: 0.43300000000000005
Epoch: 63, Train Loss: 0.71029, Valid Loss: 0.97614, EPS: 0.42400000000000004
Epoch: 64, Train Loss: 0.70847, Valid Loss: 0.97586, EPS: 0.41500000000000004
Epoch: 65, Train Loss: 0.71597, Valid Loss: 0.97482, EPS: 0.406
Epoch: 66, Train Loss: 0.71723, Valid Loss: 0.97669, EPS: 0.397
Epoch: 67, Train Loss: 0.70764, Valid Loss: 0.97700, EPS: 0.388
Epoch: 68, Train Loss: 0.71322, Valid Loss: 0.97426, EPS: 0.3790000000000001
Epoch: 69, Train Loss: 0.71425, Valid Loss: 0.97610, EPS: 0.3700000000000001
Epoch: 70, Train Loss: 0.71259, Valid Loss: 0.97323, EPS: 0.3610000000000001
Epoch: 71, Train Loss: 0.71496, Valid Loss: 0.97403, EPS: 0.3520000000000001
Epoch: 72, Train Loss: 0.70289, Valid Loss: 0.97337, EPS: 0.343
Epoch: 73, Train Loss: 0.71185, Valid Loss: 0.97432, EPS: 0.334
Epoch: 74, Train Loss: 0.70075, Valid Loss: 0.97351, EPS: 0.325
Epoch: 75, Train Loss: 0.70103, Valid Loss: 0.97625, EPS: 0.316
Epoch: 76, Train Loss: 0.70418, Valid Loss: 0.97264, EPS: 0.307
Epoch: 77, Train Loss: 0.70526, Valid Loss: 0.97218, EPS: 0.298
Epoch: 78, Train Loss: 0.70366, Valid Loss: 0.97355, EPS: 0.289
Epoch: 79, Train Loss: 0.70114, Valid Loss: 0.97366, EPS: 0.27999999999999997
Epoch: 80, Train Loss: 0.70713, Valid Loss: 0.97238, EPS: 0.27099999999999996
Epoch: 81, Train Loss: 0.70827, Valid Loss: 0.97171, EPS: 0.26200000000000007
Epoch: 82, Train Loss: 0.70543, Valid Loss: 0.97119, EPS: 0.25300000000000006
Epoch: 83, Train Loss: 0.70483, Valid Loss: 0.97291, EPS: 0.24400000000000005
Epoch: 84, Train Loss: 0.70768, Valid Loss: 0.97197, EPS: 0.23500000000000004
Epoch: 85, Train Loss: 0.69653, Valid Loss: 0.97248, EPS: 0.22600000000000003
Epoch: 86, Train Loss: 0.70924, Valid Loss: 0.97169, EPS: 0.21700000000000003
Epoch: 87, Train Loss: 0.70565, Valid Loss: 0.97081, EPS: 0.20800000000000002
Epoch: 88, Train Loss: 0.70098, Valid Loss: 0.97090, EPS: 0.199
Epoch: 89, Train Loss: 0.70770, Valid Loss: 0.97005, EPS: 0.19
Epoch: 90, Train Loss: 0.70752, Valid Loss: 0.97062, EPS: 0.181
Epoch: 91, Train Loss: 0.70855, Valid Loss: 0.97075, EPS: 0.172
Epoch: 92, Train Loss: 0.70198, Valid Loss: 0.96965, EPS: 0.16299999999999998
Epoch: 93, Train Loss: 0.69580, Valid Loss: 0.96926, EPS: 0.15400000000000005
Epoch: 94, Train Loss: 0.70471, Valid Loss: 0.97097, EPS: 0.14500000000000005
Epoch: 95, Train Loss: 0.70746, Valid Loss: 0.97164, EPS: 0.13600000000000004
Epoch: 96, Train Loss: 0.70142, Valid Loss: 0.97136, EPS: 0.12700000000000003
Epoch: 97, Train Loss: 0.69713, Valid Loss: 0.96920, EPS: 0.11800000000000002
Epoch: 98, Train Loss: 0.70709, Valid Loss: 0.96853, EPS: 0.10900000000000001
Epoch: 99, Train Loss: 0.70409, Valid Loss: 0.97205, EPS: 0.1
Test Loss: 0.96826
Test Loss: 0.96451
Running context window: 5 with stride: 10 with seed: 0
Shape: (5, 144, 72)
Epoch: 0, Train Loss: 1.55604, Valid Loss: 1.39403, EPS: 0.991
Epoch: 1, Train Loss: 1.28362, Valid Loss: 1.27568, EPS: 0.982
Epoch: 2, Train Loss: 1.13275, Valid Loss: 1.21442, EPS: 0.973
Epoch: 3, Train Loss: 1.01428, Valid Loss: 1.17239, EPS: 0.964
Epoch: 4, Train Loss: 0.89656, Valid Loss: 1.13960, EPS: 0.955
Epoch: 5, Train Loss: 0.80590, Valid Loss: 1.12329, EPS: 0.946
Epoch: 6, Train Loss: 0.72419, Valid Loss: 1.11028, EPS: 0.9369999999999999
Epoch: 7, Train Loss: 0.66227, Valid Loss: 1.10605, EPS: 0.928
Epoch: 8, Train Loss: 0.60309, Valid Loss: 1.10131, EPS: 0.919
Epoch: 9, Train Loss: 0.56130, Valid Loss: 1.10593, EPS: 0.91
Epoch: 10, Train Loss: 0.52514, Valid Loss: 1.10396, EPS: 0.901
Epoch: 11, Train Loss: 0.49689, Valid Loss: 1.11777, EPS: 0.892
Epoch: 12, Train Loss: 0.46770, Valid Loss: 1.12734, EPS: 0.883
Epoch: 13, Train Loss: 0.44618, Valid Loss: 1.13289, EPS: 0.874
Epoch: 14, Train Loss: 0.43288, Valid Loss: 1.14042, EPS: 0.865
Epoch: 15, Train Loss: 0.41970, Valid Loss: 1.13780, EPS: 0.856
Epoch: 16, Train Loss: 0.40546, Valid Loss: 1.14908, EPS: 0.847
Epoch: 17, Train Loss: 0.39155, Valid Loss: 1.15201, EPS: 0.8380000000000001
Epoch: 18, Train Loss: 0.38035, Valid Loss: 1.16664, EPS: 0.8290000000000001
Epoch: 19, Train Loss: 0.37403, Valid Loss: 1.17379, EPS: 0.8200000000000001
Epoch: 20, Train Loss: 0.35063, Valid Loss: 1.16798, EPS: 0.811
Epoch: 21, Train Loss: 0.34370, Valid Loss: 1.16741, EPS: 0.802
Epoch: 22, Train Loss: 0.33854, Valid Loss: 1.16693, EPS: 0.793
Epoch: 23, Train Loss: 0.33406, Valid Loss: 1.16689, EPS: 0.784
Epoch: 24, Train Loss: 0.33025, Valid Loss: 1.16301, EPS: 0.775
Epoch: 25, Train Loss: 0.32595, Valid Loss: 1.16395, EPS: 0.766
Epoch: 26, Train Loss: 0.32563, Valid Loss: 1.16435, EPS: 0.757
Epoch: 27, Train Loss: 0.32357, Valid Loss: 1.16274, EPS: 0.748
Epoch: 28, Train Loss: 0.31889, Valid Loss: 1.16517, EPS: 0.739
Epoch: 29, Train Loss: 0.31573, Valid Loss: 1.16482, EPS: 0.73
Epoch: 30, Train Loss: 0.31725, Valid Loss: 1.16847, EPS: 0.721
Epoch: 31, Train Loss: 0.31438, Valid Loss: 1.16240, EPS: 0.712
Epoch: 32, Train Loss: 0.31509, Valid Loss: 1.16386, EPS: 0.703
Epoch: 33, Train Loss: 0.31601, Valid Loss: 1.16614, EPS: 0.694
Epoch: 34, Train Loss: 0.31525, Valid Loss: 1.16450, EPS: 0.685
Epoch: 35, Train Loss: 0.31344, Valid Loss: 1.16298, EPS: 0.676
Epoch: 36, Train Loss: 0.31206, Valid Loss: 1.16591, EPS: 0.667
Epoch: 37, Train Loss: 0.31409, Valid Loss: 1.16917, EPS: 0.658
Epoch: 38, Train Loss: 0.31225, Valid Loss: 1.16429, EPS: 0.649
Epoch: 39, Train Loss: 0.31189, Valid Loss: 1.16532, EPS: 0.64
Epoch: 40, Train Loss: 0.31239, Valid Loss: 1.16772, EPS: 0.6310000000000001
Epoch: 41, Train Loss: 0.31291, Valid Loss: 1.16742, EPS: 0.6220000000000001
Epoch: 42, Train Loss: 0.31280, Valid Loss: 1.16828, EPS: 0.6130000000000001
Epoch: 43, Train Loss: 0.31136, Valid Loss: 1.16720, EPS: 0.6040000000000001
Epoch: 44, Train Loss: 0.31293, Valid Loss: 1.16745, EPS: 0.5950000000000001
Epoch: 45, Train Loss: 0.31054, Valid Loss: 1.16590, EPS: 0.5860000000000001
Epoch: 46, Train Loss: 0.31262, Valid Loss: 1.16993, EPS: 0.5770000000000001
Epoch: 47, Train Loss: 0.31101, Valid Loss: 1.16686, EPS: 0.5680000000000001
Epoch: 48, Train Loss: 0.31472, Valid Loss: 1.16652, EPS: 0.559
Epoch: 49, Train Loss: 0.31210, Valid Loss: 1.16904, EPS: 0.55
Epoch: 50, Train Loss: 0.31032, Valid Loss: 1.16264, EPS: 0.541
Epoch: 51, Train Loss: 0.31196, Valid Loss: 1.16633, EPS: 0.532
Epoch: 52, Train Loss: 0.31175, Valid Loss: 1.16717, EPS: 0.523
Epoch: 53, Train Loss: 0.31250, Valid Loss: 1.16728, EPS: 0.514
Epoch: 54, Train Loss: 0.31086, Valid Loss: 1.16656, EPS: 0.505
Epoch: 55, Train Loss: 0.31196, Valid Loss: 1.16484, EPS: 0.496
Epoch: 56, Train Loss: 0.31243, Valid Loss: 1.16594, EPS: 0.4870000000000001
Epoch: 57, Train Loss: 0.31219, Valid Loss: 1.16467, EPS: 0.4780000000000001
Epoch: 58, Train Loss: 0.31317, Valid Loss: 1.16714, EPS: 0.4690000000000001
Epoch: 59, Train Loss: 0.31175, Valid Loss: 1.16603, EPS: 0.4600000000000001
Epoch: 60, Train Loss: 0.31273, Valid Loss: 1.16610, EPS: 0.45100000000000007
Epoch: 61, Train Loss: 0.30930, Valid Loss: 1.16530, EPS: 0.44200000000000006
Epoch: 62, Train Loss: 0.31191, Valid Loss: 1.16735, EPS: 0.43300000000000005
Epoch: 63, Train Loss: 0.31107, Valid Loss: 1.16549, EPS: 0.42400000000000004
Epoch: 64, Train Loss: 0.31121, Valid Loss: 1.16380, EPS: 0.41500000000000004
Epoch: 65, Train Loss: 0.31026, Valid Loss: 1.16537, EPS: 0.406
Epoch: 66, Train Loss: 0.31024, Valid Loss: 1.16442, EPS: 0.397
Epoch: 67, Train Loss: 0.31270, Valid Loss: 1.16532, EPS: 0.388
Epoch: 68, Train Loss: 0.31074, Valid Loss: 1.16757, EPS: 0.3790000000000001
Epoch: 69, Train Loss: 0.31045, Valid Loss: 1.16193, EPS: 0.3700000000000001
Epoch: 70, Train Loss: 0.31261, Valid Loss: 1.16784, EPS: 0.3610000000000001
Epoch: 71, Train Loss: 0.31216, Valid Loss: 1.16491, EPS: 0.3520000000000001
Epoch: 72, Train Loss: 0.31228, Valid Loss: 1.16605, EPS: 0.343
Epoch: 73, Train Loss: 0.31181, Valid Loss: 1.16733, EPS: 0.334
Epoch: 74, Train Loss: 0.31303, Valid Loss: 1.16547, EPS: 0.325
Epoch: 75, Train Loss: 0.31023, Valid Loss: 1.16508, EPS: 0.316
Epoch: 76, Train Loss: 0.31208, Valid Loss: 1.16786, EPS: 0.307
Epoch: 77, Train Loss: 0.31098, Valid Loss: 1.16489, EPS: 0.298
Epoch: 78, Train Loss: 0.31429, Valid Loss: 1.16353, EPS: 0.289
Epoch: 79, Train Loss: 0.31101, Valid Loss: 1.16950, EPS: 0.27999999999999997
Epoch: 80, Train Loss: 0.31181, Valid Loss: 1.16881, EPS: 0.27099999999999996
Epoch: 81, Train Loss: 0.31112, Valid Loss: 1.16949, EPS: 0.26200000000000007
Epoch: 82, Train Loss: 0.31205, Valid Loss: 1.16687, EPS: 0.25300000000000006
Epoch: 83, Train Loss: 0.31231, Valid Loss: 1.16735, EPS: 0.24400000000000005
Epoch: 84, Train Loss: 0.30960, Valid Loss: 1.16455, EPS: 0.23500000000000004
Epoch: 85, Train Loss: 0.31034, Valid Loss: 1.16735, EPS: 0.22600000000000003
Epoch: 86, Train Loss: 0.31107, Valid Loss: 1.16899, EPS: 0.21700000000000003
Epoch: 87, Train Loss: 0.31266, Valid Loss: 1.16901, EPS: 0.20800000000000002
Epoch: 88, Train Loss: 0.31102, Valid Loss: 1.16912, EPS: 0.199
Epoch: 89, Train Loss: 0.31349, Valid Loss: 1.16363, EPS: 0.19
Epoch: 90, Train Loss: 0.31227, Valid Loss: 1.16732, EPS: 0.181
Epoch: 91, Train Loss: 0.31165, Valid Loss: 1.16487, EPS: 0.172
Epoch: 92, Train Loss: 0.31257, Valid Loss: 1.16754, EPS: 0.16299999999999998
Epoch: 93, Train Loss: 0.31284, Valid Loss: 1.16504, EPS: 0.15400000000000005
Epoch: 94, Train Loss: 0.31125, Valid Loss: 1.16519, EPS: 0.14500000000000005
Epoch: 95, Train Loss: 0.30965, Valid Loss: 1.16761, EPS: 0.13600000000000004
Epoch: 96, Train Loss: 0.31188, Valid Loss: 1.16586, EPS: 0.12700000000000003
Epoch: 97, Train Loss: 0.31156, Valid Loss: 1.16977, EPS: 0.11800000000000002
Epoch: 98, Train Loss: 0.30906, Valid Loss: 1.16729, EPS: 0.10900000000000001
Epoch: 99, Train Loss: 0.31372, Valid Loss: 1.17022, EPS: 0.1
Test Loss: 1.16609
Test Loss: 1.16883
Running context window: 5 with stride: 5 with seed: 42
Shape: (5, 144, 72)
Epoch: 0, Train Loss: 1.52220, Valid Loss: 1.32114, EPS: 0.991
Epoch: 1, Train Loss: 1.28378, Valid Loss: 1.22147, EPS: 0.982
Epoch: 2, Train Loss: 1.16104, Valid Loss: 1.15617, EPS: 0.973
Epoch: 3, Train Loss: 1.07802, Valid Loss: 1.10738, EPS: 0.964
Epoch: 4, Train Loss: 1.00544, Valid Loss: 1.07086, EPS: 0.955
Epoch: 5, Train Loss: 0.96060, Valid Loss: 1.05000, EPS: 0.946
Epoch: 6, Train Loss: 0.92699, Valid Loss: 1.03522, EPS: 0.9369999999999999
Epoch: 7, Train Loss: 0.89974, Valid Loss: 1.02256, EPS: 0.928
Epoch: 8, Train Loss: 0.88502, Valid Loss: 1.01698, EPS: 0.919
Epoch: 9, Train Loss: 0.86541, Valid Loss: 1.01365, EPS: 0.91
Epoch: 10, Train Loss: 0.85217, Valid Loss: 1.01266, EPS: 0.901
Epoch: 11, Train Loss: 0.83907, Valid Loss: 1.01026, EPS: 0.892
Epoch: 12, Train Loss: 0.83033, Valid Loss: 1.00799, EPS: 0.883
Epoch: 13, Train Loss: 0.81559, Valid Loss: 1.00679, EPS: 0.874
Epoch: 14, Train Loss: 0.81984, Valid Loss: 1.00887, EPS: 0.865
Epoch: 15, Train Loss: 0.80708, Valid Loss: 1.00488, EPS: 0.856
Epoch: 16, Train Loss: 0.80456, Valid Loss: 1.00132, EPS: 0.847
Epoch: 17, Train Loss: 0.79678, Valid Loss: 1.00370, EPS: 0.8380000000000001
Epoch: 18, Train Loss: 0.79617, Valid Loss: 1.00413, EPS: 0.8290000000000001
Epoch: 19, Train Loss: 0.79337, Valid Loss: 1.00573, EPS: 0.8200000000000001
Epoch: 20, Train Loss: 0.79173, Valid Loss: 1.00882, EPS: 0.811
Epoch: 21, Train Loss: 0.78602, Valid Loss: 1.00172, EPS: 0.802
Epoch: 22, Train Loss: 0.78173, Valid Loss: 1.00891, EPS: 0.793
Epoch: 23, Train Loss: 0.77999, Valid Loss: 1.00634, EPS: 0.784
Epoch: 24, Train Loss: 0.77353, Valid Loss: 1.00808, EPS: 0.775
Epoch: 25, Train Loss: 0.77839, Valid Loss: 1.00777, EPS: 0.766
Epoch: 26, Train Loss: 0.76876, Valid Loss: 1.00617, EPS: 0.757
Epoch: 27, Train Loss: 0.77026, Valid Loss: 1.00850, EPS: 0.748
Epoch: 28, Train Loss: 0.75469, Valid Loss: 1.00702, EPS: 0.739
Epoch: 29, Train Loss: 0.75369, Valid Loss: 1.00566, EPS: 0.73
Epoch: 30, Train Loss: 0.74638, Valid Loss: 1.00433, EPS: 0.721
Epoch: 31, Train Loss: 0.75039, Valid Loss: 1.00053, EPS: 0.712
Epoch: 32, Train Loss: 0.73569, Valid Loss: 1.00144, EPS: 0.703
Epoch: 33, Train Loss: 0.73799, Valid Loss: 0.99956, EPS: 0.694
Epoch: 34, Train Loss: 0.73420, Valid Loss: 0.99787, EPS: 0.685
Epoch: 35, Train Loss: 0.73668, Valid Loss: 0.99901, EPS: 0.676
Epoch: 36, Train Loss: 0.73410, Valid Loss: 0.99941, EPS: 0.667
Epoch: 37, Train Loss: 0.73509, Valid Loss: 0.99668, EPS: 0.658
Epoch: 38, Train Loss: 0.73778, Valid Loss: 0.99640, EPS: 0.649
Epoch: 39, Train Loss: 0.72956, Valid Loss: 0.99590, EPS: 0.64
Epoch: 40, Train Loss: 0.73069, Valid Loss: 0.99459, EPS: 0.6310000000000001
Epoch: 41, Train Loss: 0.72509, Valid Loss: 0.99449, EPS: 0.6220000000000001
Epoch: 42, Train Loss: 0.73070, Valid Loss: 0.99550, EPS: 0.6130000000000001
Epoch: 43, Train Loss: 0.72846, Valid Loss: 0.99368, EPS: 0.6040000000000001
Epoch: 44, Train Loss: 0.71995, Valid Loss: 0.99472, EPS: 0.5950000000000001
Epoch: 45, Train Loss: 0.71988, Valid Loss: 0.99417, EPS: 0.5860000000000001
Epoch: 46, Train Loss: 0.73004, Valid Loss: 0.99322, EPS: 0.5770000000000001
Epoch: 47, Train Loss: 0.72293, Valid Loss: 0.99322, EPS: 0.5680000000000001
Epoch: 48, Train Loss: 0.71691, Valid Loss: 0.99172, EPS: 0.559
Epoch: 49, Train Loss: 0.72589, Valid Loss: 0.99111, EPS: 0.55
Epoch: 50, Train Loss: 0.72104, Valid Loss: 0.99118, EPS: 0.541
Epoch: 51, Train Loss: 0.72461, Valid Loss: 0.98870, EPS: 0.532
Epoch: 52, Train Loss: 0.71841, Valid Loss: 0.98909, EPS: 0.523
Epoch: 53, Train Loss: 0.72025, Valid Loss: 0.98935, EPS: 0.514
Epoch: 54, Train Loss: 0.72250, Valid Loss: 0.98974, EPS: 0.505
Epoch: 55, Train Loss: 0.71962, Valid Loss: 0.99043, EPS: 0.496
Epoch: 56, Train Loss: 0.71641, Valid Loss: 0.98884, EPS: 0.4870000000000001
Epoch: 57, Train Loss: 0.72011, Valid Loss: 0.98991, EPS: 0.4780000000000001
Epoch: 58, Train Loss: 0.71245, Valid Loss: 0.98891, EPS: 0.4690000000000001
Epoch: 59, Train Loss: 0.71780, Valid Loss: 0.98810, EPS: 0.4600000000000001
Epoch: 60, Train Loss: 0.71644, Valid Loss: 0.98704, EPS: 0.45100000000000007
Epoch: 61, Train Loss: 0.71192, Valid Loss: 0.98983, EPS: 0.44200000000000006
Epoch: 62, Train Loss: 0.71222, Valid Loss: 0.98871, EPS: 0.43300000000000005
Epoch: 63, Train Loss: 0.71265, Valid Loss: 0.98698, EPS: 0.42400000000000004
Epoch: 64, Train Loss: 0.71413, Valid Loss: 0.98854, EPS: 0.41500000000000004
Epoch: 65, Train Loss: 0.71646, Valid Loss: 0.98742, EPS: 0.406
Epoch: 66, Train Loss: 0.71302, Valid Loss: 0.98856, EPS: 0.397
Epoch: 67, Train Loss: 0.71126, Valid Loss: 0.98844, EPS: 0.388
Epoch: 68, Train Loss: 0.71721, Valid Loss: 0.98647, EPS: 0.3790000000000001
Epoch: 69, Train Loss: 0.71328, Valid Loss: 0.98726, EPS: 0.3700000000000001
Epoch: 70, Train Loss: 0.70940, Valid Loss: 0.98676, EPS: 0.3610000000000001
Epoch: 71, Train Loss: 0.71014, Valid Loss: 0.98634, EPS: 0.3520000000000001
Epoch: 72, Train Loss: 0.71726, Valid Loss: 0.98589, EPS: 0.343
Epoch: 73, Train Loss: 0.70592, Valid Loss: 0.98505, EPS: 0.334
Epoch: 74, Train Loss: 0.71330, Valid Loss: 0.98632, EPS: 0.325
Epoch: 75, Train Loss: 0.70817, Valid Loss: 0.98406, EPS: 0.316
Epoch: 76, Train Loss: 0.71030, Valid Loss: 0.98415, EPS: 0.307
Epoch: 77, Train Loss: 0.70799, Valid Loss: 0.98563, EPS: 0.298
Epoch: 78, Train Loss: 0.70406, Valid Loss: 0.98664, EPS: 0.289
Epoch: 79, Train Loss: 0.71176, Valid Loss: 0.98682, EPS: 0.27999999999999997
Epoch: 80, Train Loss: 0.70787, Valid Loss: 0.98410, EPS: 0.27099999999999996
Epoch: 81, Train Loss: 0.70601, Valid Loss: 0.98681, EPS: 0.26200000000000007
Epoch: 82, Train Loss: 0.70844, Valid Loss: 0.98517, EPS: 0.25300000000000006
Epoch: 83, Train Loss: 0.70483, Valid Loss: 0.98605, EPS: 0.24400000000000005
Epoch: 84, Train Loss: 0.70228, Valid Loss: 0.98421, EPS: 0.23500000000000004
Epoch: 85, Train Loss: 0.70496, Valid Loss: 0.98347, EPS: 0.22600000000000003
Epoch: 86, Train Loss: 0.70539, Valid Loss: 0.98423, EPS: 0.21700000000000003
Epoch: 87, Train Loss: 0.70607, Valid Loss: 0.98180, EPS: 0.20800000000000002
Epoch: 88, Train Loss: 0.70750, Valid Loss: 0.98358, EPS: 0.199
Epoch: 89, Train Loss: 0.70057, Valid Loss: 0.98302, EPS: 0.19
Epoch: 90, Train Loss: 0.70044, Valid Loss: 0.98388, EPS: 0.181
Epoch: 91, Train Loss: 0.70611, Valid Loss: 0.98248, EPS: 0.172
Epoch: 92, Train Loss: 0.70675, Valid Loss: 0.98227, EPS: 0.16299999999999998
Epoch: 93, Train Loss: 0.70425, Valid Loss: 0.98251, EPS: 0.15400000000000005
Epoch: 94, Train Loss: 0.70582, Valid Loss: 0.98246, EPS: 0.14500000000000005
Epoch: 95, Train Loss: 0.70746, Valid Loss: 0.98363, EPS: 0.13600000000000004
Epoch: 96, Train Loss: 0.70103, Valid Loss: 0.98132, EPS: 0.12700000000000003
Epoch: 97, Train Loss: 0.70280, Valid Loss: 0.98209, EPS: 0.11800000000000002
Epoch: 98, Train Loss: 0.69953, Valid Loss: 0.98156, EPS: 0.10900000000000001
Epoch: 99, Train Loss: 0.70643, Valid Loss: 0.98233, EPS: 0.1
Test Loss: 0.98064
Test Loss: 0.97294
Running context window: 5 with stride: 10 with seed: 42
Shape: (5, 144, 72)
Epoch: 0, Train Loss: 1.57440, Valid Loss: 1.41337, EPS: 0.991
Epoch: 1, Train Loss: 1.30407, Valid Loss: 1.28559, EPS: 0.982
Epoch: 2, Train Loss: 1.14541, Valid Loss: 1.22489, EPS: 0.973
Epoch: 3, Train Loss: 1.02103, Valid Loss: 1.17967, EPS: 0.964
Epoch: 4, Train Loss: 0.90311, Valid Loss: 1.14827, EPS: 0.955
Epoch: 5, Train Loss: 0.79859, Valid Loss: 1.13936, EPS: 0.946
Epoch: 6, Train Loss: 0.72211, Valid Loss: 1.12924, EPS: 0.9369999999999999
Epoch: 7, Train Loss: 0.65003, Valid Loss: 1.12722, EPS: 0.928
Epoch: 8, Train Loss: 0.59898, Valid Loss: 1.12791, EPS: 0.919
Epoch: 9, Train Loss: 0.55244, Valid Loss: 1.14013, EPS: 0.91
Epoch: 10, Train Loss: 0.51871, Valid Loss: 1.14501, EPS: 0.901
Epoch: 11, Train Loss: 0.48779, Valid Loss: 1.14368, EPS: 0.892
Epoch: 12, Train Loss: 0.45930, Valid Loss: 1.15829, EPS: 0.883
Epoch: 13, Train Loss: 0.44139, Valid Loss: 1.16475, EPS: 0.874
Epoch: 14, Train Loss: 0.42098, Valid Loss: 1.16904, EPS: 0.865
Epoch: 15, Train Loss: 0.41032, Valid Loss: 1.17821, EPS: 0.856
Epoch: 16, Train Loss: 0.39577, Valid Loss: 1.18753, EPS: 0.847
Epoch: 17, Train Loss: 0.38450, Valid Loss: 1.19445, EPS: 0.8380000000000001
Epoch: 18, Train Loss: 0.37675, Valid Loss: 1.20566, EPS: 0.8290000000000001
Epoch: 19, Train Loss: 0.35392, Valid Loss: 1.20564, EPS: 0.8200000000000001
Epoch: 20, Train Loss: 0.34772, Valid Loss: 1.20085, EPS: 0.811
Epoch: 21, Train Loss: 0.33857, Valid Loss: 1.20197, EPS: 0.802
Epoch: 22, Train Loss: 0.33688, Valid Loss: 1.19800, EPS: 0.793
Epoch: 23, Train Loss: 0.33064, Valid Loss: 1.19981, EPS: 0.784
Epoch: 24, Train Loss: 0.32784, Valid Loss: 1.20081, EPS: 0.775
Epoch: 25, Train Loss: 0.32550, Valid Loss: 1.19664, EPS: 0.766
Epoch: 26, Train Loss: 0.32405, Valid Loss: 1.20332, EPS: 0.757
Epoch: 27, Train Loss: 0.32100, Valid Loss: 1.19715, EPS: 0.748
Epoch: 28, Train Loss: 0.31975, Valid Loss: 1.20421, EPS: 0.739
Epoch: 29, Train Loss: 0.31857, Valid Loss: 1.20123, EPS: 0.73
Epoch: 30, Train Loss: 0.31525, Valid Loss: 1.20400, EPS: 0.721
Epoch: 31, Train Loss: 0.31452, Valid Loss: 1.20238, EPS: 0.712
Epoch: 32, Train Loss: 0.31495, Valid Loss: 1.20223, EPS: 0.703
Epoch: 33, Train Loss: 0.31451, Valid Loss: 1.20119, EPS: 0.694
Epoch: 34, Train Loss: 0.31434, Valid Loss: 1.20195, EPS: 0.685
Epoch: 35, Train Loss: 0.31514, Valid Loss: 1.20537, EPS: 0.676
Epoch: 36, Train Loss: 0.31397, Valid Loss: 1.20389, EPS: 0.667
Epoch: 37, Train Loss: 0.31256, Valid Loss: 1.20027, EPS: 0.658
Epoch: 38, Train Loss: 0.31466, Valid Loss: 1.19907, EPS: 0.649
Epoch: 39, Train Loss: 0.31402, Valid Loss: 1.20189, EPS: 0.64
Epoch: 40, Train Loss: 0.31226, Valid Loss: 1.19764, EPS: 0.6310000000000001
Epoch: 41, Train Loss: 0.31115, Valid Loss: 1.19903, EPS: 0.6220000000000001
Epoch: 42, Train Loss: 0.31352, Valid Loss: 1.19955, EPS: 0.6130000000000001
Epoch: 43, Train Loss: 0.31332, Valid Loss: 1.20194, EPS: 0.6040000000000001
Epoch: 44, Train Loss: 0.31196, Valid Loss: 1.20413, EPS: 0.5950000000000001
Epoch: 45, Train Loss: 0.31381, Valid Loss: 1.20326, EPS: 0.5860000000000001
Epoch: 46, Train Loss: 0.31179, Valid Loss: 1.20056, EPS: 0.5770000000000001
Epoch: 47, Train Loss: 0.31182, Valid Loss: 1.20029, EPS: 0.5680000000000001
Epoch: 48, Train Loss: 0.31318, Valid Loss: 1.20365, EPS: 0.559
Epoch: 49, Train Loss: 0.31155, Valid Loss: 1.19993, EPS: 0.55
Epoch: 50, Train Loss: 0.31320, Valid Loss: 1.20344, EPS: 0.541
Epoch: 51, Train Loss: 0.31334, Valid Loss: 1.20001, EPS: 0.532
Epoch: 52, Train Loss: 0.30954, Valid Loss: 1.20463, EPS: 0.523
Epoch: 53, Train Loss: 0.31251, Valid Loss: 1.20216, EPS: 0.514
Epoch: 54, Train Loss: 0.31402, Valid Loss: 1.20505, EPS: 0.505
Epoch: 55, Train Loss: 0.31473, Valid Loss: 1.19842, EPS: 0.496
Epoch: 56, Train Loss: 0.31093, Valid Loss: 1.20026, EPS: 0.4870000000000001
Epoch: 57, Train Loss: 0.31203, Valid Loss: 1.19960, EPS: 0.4780000000000001
Epoch: 58, Train Loss: 0.31264, Valid Loss: 1.20123, EPS: 0.4690000000000001
Epoch: 59, Train Loss: 0.31222, Valid Loss: 1.19852, EPS: 0.4600000000000001
Epoch: 60, Train Loss: 0.31371, Valid Loss: 1.19995, EPS: 0.45100000000000007
Epoch: 61, Train Loss: 0.31231, Valid Loss: 1.20272, EPS: 0.44200000000000006
Epoch: 62, Train Loss: 0.31176, Valid Loss: 1.20180, EPS: 0.43300000000000005
Epoch: 63, Train Loss: 0.31322, Valid Loss: 1.20033, EPS: 0.42400000000000004
Epoch: 64, Train Loss: 0.31240, Valid Loss: 1.20085, EPS: 0.41500000000000004
Epoch: 65, Train Loss: 0.31131, Valid Loss: 1.20214, EPS: 0.406
Epoch: 66, Train Loss: 0.31397, Valid Loss: 1.19856, EPS: 0.397
Epoch: 67, Train Loss: 0.31346, Valid Loss: 1.20407, EPS: 0.388
Epoch: 68, Train Loss: 0.31278, Valid Loss: 1.20272, EPS: 0.3790000000000001
Epoch: 69, Train Loss: 0.31544, Valid Loss: 1.20022, EPS: 0.3700000000000001
Epoch: 70, Train Loss: 0.31277, Valid Loss: 1.19949, EPS: 0.3610000000000001
Epoch: 71, Train Loss: 0.30903, Valid Loss: 1.20217, EPS: 0.3520000000000001
Epoch: 72, Train Loss: 0.31237, Valid Loss: 1.20016, EPS: 0.343
Epoch: 73, Train Loss: 0.31292, Valid Loss: 1.20001, EPS: 0.334
Epoch: 74, Train Loss: 0.31305, Valid Loss: 1.20738, EPS: 0.325
Epoch: 75, Train Loss: 0.31246, Valid Loss: 1.20549, EPS: 0.316
Epoch: 76, Train Loss: 0.31271, Valid Loss: 1.20386, EPS: 0.307
Epoch: 77, Train Loss: 0.31404, Valid Loss: 1.20257, EPS: 0.298
Epoch: 78, Train Loss: 0.31341, Valid Loss: 1.19846, EPS: 0.289
Epoch: 79, Train Loss: 0.31250, Valid Loss: 1.20533, EPS: 0.27999999999999997
Epoch: 80, Train Loss: 0.31355, Valid Loss: 1.20346, EPS: 0.27099999999999996
Epoch: 81, Train Loss: 0.31359, Valid Loss: 1.20559, EPS: 0.26200000000000007
Epoch: 82, Train Loss: 0.31264, Valid Loss: 1.19992, EPS: 0.25300000000000006
Epoch: 83, Train Loss: 0.31184, Valid Loss: 1.20235, EPS: 0.24400000000000005
Epoch: 84, Train Loss: 0.31072, Valid Loss: 1.20402, EPS: 0.23500000000000004
Epoch: 85, Train Loss: 0.31223, Valid Loss: 1.20041, EPS: 0.22600000000000003
Epoch: 86, Train Loss: 0.31202, Valid Loss: 1.19996, EPS: 0.21700000000000003
Epoch: 87, Train Loss: 0.31263, Valid Loss: 1.20022, EPS: 0.20800000000000002
Epoch: 88, Train Loss: 0.31438, Valid Loss: 1.20312, EPS: 0.199
Epoch: 89, Train Loss: 0.31423, Valid Loss: 1.19986, EPS: 0.19
Epoch: 90, Train Loss: 0.31266, Valid Loss: 1.20006, EPS: 0.181
Epoch: 91, Train Loss: 0.31398, Valid Loss: 1.20129, EPS: 0.172
Epoch: 92, Train Loss: 0.31435, Valid Loss: 1.20274, EPS: 0.16299999999999998
Epoch: 93, Train Loss: 0.31257, Valid Loss: 1.20282, EPS: 0.15400000000000005
Epoch: 94, Train Loss: 0.31175, Valid Loss: 1.20276, EPS: 0.14500000000000005
Epoch: 95, Train Loss: 0.31250, Valid Loss: 1.20157, EPS: 0.13600000000000004
Epoch: 96, Train Loss: 0.31222, Valid Loss: 1.20238, EPS: 0.12700000000000003
Epoch: 97, Train Loss: 0.31425, Valid Loss: 1.20208, EPS: 0.11800000000000002
Epoch: 98, Train Loss: 0.31496, Valid Loss: 1.19886, EPS: 0.10900000000000001
Epoch: 99, Train Loss: 0.31251, Valid Loss: 1.20443, EPS: 0.1
Test Loss: 1.20366
Test Loss: 1.20430
Running context window: 5 with stride: 5 with seed: 123
Shape: (5, 144, 72)
Epoch: 0, Train Loss: 1.51878, Valid Loss: 1.32084, EPS: 0.991
Epoch: 1, Train Loss: 1.27450, Valid Loss: 1.21272, EPS: 0.982
Epoch: 2, Train Loss: 1.14678, Valid Loss: 1.14049, EPS: 0.973
Epoch: 3, Train Loss: 1.05799, Valid Loss: 1.09701, EPS: 0.964
Epoch: 4, Train Loss: 0.98454, Valid Loss: 1.06331, EPS: 0.955
Epoch: 5, Train Loss: 0.95017, Valid Loss: 1.04184, EPS: 0.946
Epoch: 6, Train Loss: 0.91797, Valid Loss: 1.02777, EPS: 0.9369999999999999
Epoch: 7, Train Loss: 0.89754, Valid Loss: 1.02111, EPS: 0.928
Epoch: 8, Train Loss: 0.87767, Valid Loss: 1.01208, EPS: 0.919
Epoch: 9, Train Loss: 0.86008, Valid Loss: 1.00583, EPS: 0.91
Epoch: 10, Train Loss: 0.84413, Valid Loss: 1.00564, EPS: 0.901
Epoch: 11, Train Loss: 0.83147, Valid Loss: 1.00797, EPS: 0.892
Epoch: 12, Train Loss: 0.82862, Valid Loss: 1.00218, EPS: 0.883
Epoch: 13, Train Loss: 0.82222, Valid Loss: 1.00471, EPS: 0.874
Epoch: 14, Train Loss: 0.81311, Valid Loss: 1.00841, EPS: 0.865
Epoch: 15, Train Loss: 0.80946, Valid Loss: 0.99826, EPS: 0.856
Epoch: 16, Train Loss: 0.80195, Valid Loss: 0.99897, EPS: 0.847
Epoch: 17, Train Loss: 0.80464, Valid Loss: 0.99634, EPS: 0.8380000000000001
Epoch: 18, Train Loss: 0.79626, Valid Loss: 0.99736, EPS: 0.8290000000000001
Epoch: 19, Train Loss: 0.78982, Valid Loss: 0.99843, EPS: 0.8200000000000001
Epoch: 20, Train Loss: 0.79149, Valid Loss: 0.99613, EPS: 0.811
Epoch: 21, Train Loss: 0.78707, Valid Loss: 0.99309, EPS: 0.802
Epoch: 22, Train Loss: 0.78401, Valid Loss: 0.99448, EPS: 0.793
Epoch: 23, Train Loss: 0.78510, Valid Loss: 0.99890, EPS: 0.784
Epoch: 24, Train Loss: 0.78387, Valid Loss: 0.99572, EPS: 0.775
Epoch: 25, Train Loss: 0.77987, Valid Loss: 0.99273, EPS: 0.766
Epoch: 26, Train Loss: 0.77449, Valid Loss: 0.99077, EPS: 0.757
Epoch: 27, Train Loss: 0.77278, Valid Loss: 0.98941, EPS: 0.748
Epoch: 28, Train Loss: 0.77097, Valid Loss: 0.99344, EPS: 0.739
Epoch: 29, Train Loss: 0.77315, Valid Loss: 0.99627, EPS: 0.73
Epoch: 30, Train Loss: 0.77093, Valid Loss: 0.98970, EPS: 0.721
Epoch: 31, Train Loss: 0.77110, Valid Loss: 0.99816, EPS: 0.712
Epoch: 32, Train Loss: 0.76700, Valid Loss: 0.99794, EPS: 0.703
Epoch: 33, Train Loss: 0.76986, Valid Loss: 0.99629, EPS: 0.694
Epoch: 34, Train Loss: 0.76770, Valid Loss: 0.99642, EPS: 0.685
Epoch: 35, Train Loss: 0.76383, Valid Loss: 0.99582, EPS: 0.676
Epoch: 36, Train Loss: 0.77063, Valid Loss: 0.99495, EPS: 0.667
Epoch: 37, Train Loss: 0.76146, Valid Loss: 0.99110, EPS: 0.658
Epoch: 38, Train Loss: 0.76238, Valid Loss: 0.99228, EPS: 0.649
Epoch: 39, Train Loss: 0.74945, Valid Loss: 0.98840, EPS: 0.64
Epoch: 40, Train Loss: 0.74083, Valid Loss: 0.98893, EPS: 0.6310000000000001
Epoch: 41, Train Loss: 0.74170, Valid Loss: 0.98582, EPS: 0.6220000000000001
Epoch: 42, Train Loss: 0.73851, Valid Loss: 0.98536, EPS: 0.6130000000000001
Epoch: 43, Train Loss: 0.73397, Valid Loss: 0.98343, EPS: 0.6040000000000001
Epoch: 44, Train Loss: 0.73041, Valid Loss: 0.98371, EPS: 0.5950000000000001
Epoch: 45, Train Loss: 0.72606, Valid Loss: 0.98370, EPS: 0.5860000000000001
Epoch: 46, Train Loss: 0.72168, Valid Loss: 0.98196, EPS: 0.5770000000000001
Epoch: 47, Train Loss: 0.73179, Valid Loss: 0.98358, EPS: 0.5680000000000001
Epoch: 48, Train Loss: 0.72497, Valid Loss: 0.98202, EPS: 0.559
Epoch: 49, Train Loss: 0.72754, Valid Loss: 0.98222, EPS: 0.55
Epoch: 50, Train Loss: 0.72934, Valid Loss: 0.98090, EPS: 0.541
Epoch: 51, Train Loss: 0.72148, Valid Loss: 0.98025, EPS: 0.532
Epoch: 52, Train Loss: 0.71699, Valid Loss: 0.97927, EPS: 0.523
Epoch: 53, Train Loss: 0.71225, Valid Loss: 0.97896, EPS: 0.514
Epoch: 54, Train Loss: 0.72347, Valid Loss: 0.97873, EPS: 0.505
Epoch: 55, Train Loss: 0.71974, Valid Loss: 0.98073, EPS: 0.496
Epoch: 56, Train Loss: 0.71999, Valid Loss: 0.97950, EPS: 0.4870000000000001
Epoch: 57, Train Loss: 0.71887, Valid Loss: 0.98083, EPS: 0.4780000000000001
Epoch: 58, Train Loss: 0.71445, Valid Loss: 0.97854, EPS: 0.4690000000000001
Epoch: 59, Train Loss: 0.71391, Valid Loss: 0.97810, EPS: 0.4600000000000001
Epoch: 60, Train Loss: 0.71453, Valid Loss: 0.97823, EPS: 0.45100000000000007
Epoch: 61, Train Loss: 0.71500, Valid Loss: 0.97766, EPS: 0.44200000000000006
Epoch: 62, Train Loss: 0.71004, Valid Loss: 0.97601, EPS: 0.43300000000000005
Epoch: 63, Train Loss: 0.71806, Valid Loss: 0.97756, EPS: 0.42400000000000004
Epoch: 64, Train Loss: 0.70691, Valid Loss: 0.97683, EPS: 0.41500000000000004
Epoch: 65, Train Loss: 0.71385, Valid Loss: 0.97738, EPS: 0.406
Epoch: 66, Train Loss: 0.71232, Valid Loss: 0.97670, EPS: 0.397
Epoch: 67, Train Loss: 0.71040, Valid Loss: 0.97731, EPS: 0.388
Epoch: 68, Train Loss: 0.71119, Valid Loss: 0.97669, EPS: 0.3790000000000001
Epoch: 69, Train Loss: 0.71699, Valid Loss: 0.97605, EPS: 0.3700000000000001
Epoch: 70, Train Loss: 0.70795, Valid Loss: 0.97465, EPS: 0.3610000000000001
Epoch: 71, Train Loss: 0.71418, Valid Loss: 0.97436, EPS: 0.3520000000000001
Epoch: 72, Train Loss: 0.70969, Valid Loss: 0.97421, EPS: 0.343
Epoch: 73, Train Loss: 0.71454, Valid Loss: 0.97431, EPS: 0.334
Epoch: 74, Train Loss: 0.71231, Valid Loss: 0.97354, EPS: 0.325
Epoch: 75, Train Loss: 0.71120, Valid Loss: 0.97551, EPS: 0.316
Epoch: 76, Train Loss: 0.70895, Valid Loss: 0.97406, EPS: 0.307
Epoch: 77, Train Loss: 0.70985, Valid Loss: 0.97359, EPS: 0.298
Epoch: 78, Train Loss: 0.71214, Valid Loss: 0.97333, EPS: 0.289
Epoch: 79, Train Loss: 0.70857, Valid Loss: 0.97130, EPS: 0.27999999999999997
Epoch: 80, Train Loss: 0.70334, Valid Loss: 0.97210, EPS: 0.27099999999999996
Epoch: 81, Train Loss: 0.70445, Valid Loss: 0.97152, EPS: 0.26200000000000007
Epoch: 82, Train Loss: 0.70946, Valid Loss: 0.97132, EPS: 0.25300000000000006
Epoch: 83, Train Loss: 0.70607, Valid Loss: 0.97063, EPS: 0.24400000000000005
Epoch: 84, Train Loss: 0.70994, Valid Loss: 0.97395, EPS: 0.23500000000000004
Epoch: 85, Train Loss: 0.70125, Valid Loss: 0.97202, EPS: 0.22600000000000003
Epoch: 86, Train Loss: 0.69747, Valid Loss: 0.97261, EPS: 0.21700000000000003
Epoch: 87, Train Loss: 0.70457, Valid Loss: 0.97124, EPS: 0.20800000000000002
Epoch: 88, Train Loss: 0.70194, Valid Loss: 0.97245, EPS: 0.199
Epoch: 89, Train Loss: 0.70978, Valid Loss: 0.97188, EPS: 0.19
Epoch: 90, Train Loss: 0.69609, Valid Loss: 0.97291, EPS: 0.181
Epoch: 91, Train Loss: 0.70189, Valid Loss: 0.97092, EPS: 0.172
Epoch: 92, Train Loss: 0.69915, Valid Loss: 0.97190, EPS: 0.16299999999999998
Epoch: 93, Train Loss: 0.70240, Valid Loss: 0.97149, EPS: 0.15400000000000005
Epoch: 94, Train Loss: 0.70516, Valid Loss: 0.97135, EPS: 0.14500000000000005
Epoch: 95, Train Loss: 0.69850, Valid Loss: 0.97043, EPS: 0.13600000000000004
Epoch: 96, Train Loss: 0.69829, Valid Loss: 0.96965, EPS: 0.12700000000000003
Epoch: 97, Train Loss: 0.70126, Valid Loss: 0.96982, EPS: 0.11800000000000002
Epoch: 98, Train Loss: 0.70630, Valid Loss: 0.97033, EPS: 0.10900000000000001
Epoch: 99, Train Loss: 0.69733, Valid Loss: 0.97011, EPS: 0.1
Test Loss: 0.97108
Test Loss: 0.96594
Running context window: 5 with stride: 10 with seed: 123
Shape: (5, 144, 72)
Epoch: 0, Train Loss: 1.57863, Valid Loss: 1.41332, EPS: 0.991
Epoch: 1, Train Loss: 1.29452, Valid Loss: 1.28311, EPS: 0.982
Epoch: 2, Train Loss: 1.13998, Valid Loss: 1.23128, EPS: 0.973
Epoch: 3, Train Loss: 1.01663, Valid Loss: 1.18838, EPS: 0.964
Epoch: 4, Train Loss: 0.90307, Valid Loss: 1.16020, EPS: 0.955
Epoch: 5, Train Loss: 0.81161, Valid Loss: 1.14061, EPS: 0.946
Epoch: 6, Train Loss: 0.73030, Valid Loss: 1.13252, EPS: 0.9369999999999999
Epoch: 7, Train Loss: 0.66410, Valid Loss: 1.12504, EPS: 0.928
Epoch: 8, Train Loss: 0.61133, Valid Loss: 1.13588, EPS: 0.919
Epoch: 9, Train Loss: 0.56445, Valid Loss: 1.14225, EPS: 0.91
Epoch: 10, Train Loss: 0.52471, Valid Loss: 1.13608, EPS: 0.901
Epoch: 11, Train Loss: 0.49497, Valid Loss: 1.15161, EPS: 0.892
Epoch: 12, Train Loss: 0.47032, Valid Loss: 1.15890, EPS: 0.883
Epoch: 13, Train Loss: 0.45000, Valid Loss: 1.15747, EPS: 0.874
Epoch: 14, Train Loss: 0.43059, Valid Loss: 1.16786, EPS: 0.865
Epoch: 15, Train Loss: 0.41693, Valid Loss: 1.16452, EPS: 0.856
Epoch: 16, Train Loss: 0.40373, Valid Loss: 1.17420, EPS: 0.847
Epoch: 17, Train Loss: 0.38814, Valid Loss: 1.18621, EPS: 0.8380000000000001
Epoch: 18, Train Loss: 0.38019, Valid Loss: 1.19164, EPS: 0.8290000000000001
Epoch: 19, Train Loss: 0.35956, Valid Loss: 1.18763, EPS: 0.8200000000000001
Epoch: 20, Train Loss: 0.35040, Valid Loss: 1.18675, EPS: 0.811
Epoch: 21, Train Loss: 0.34476, Valid Loss: 1.18885, EPS: 0.802
Epoch: 22, Train Loss: 0.34119, Valid Loss: 1.18611, EPS: 0.793
Epoch: 23, Train Loss: 0.33424, Valid Loss: 1.18759, EPS: 0.784
Epoch: 24, Train Loss: 0.33351, Valid Loss: 1.18501, EPS: 0.775
Epoch: 25, Train Loss: 0.33238, Valid Loss: 1.18660, EPS: 0.766
Epoch: 26, Train Loss: 0.32669, Valid Loss: 1.18301, EPS: 0.757
Epoch: 27, Train Loss: 0.32621, Valid Loss: 1.18711, EPS: 0.748
Epoch: 28, Train Loss: 0.32428, Valid Loss: 1.18449, EPS: 0.739
Epoch: 29, Train Loss: 0.32443, Valid Loss: 1.18976, EPS: 0.73
Epoch: 30, Train Loss: 0.32134, Valid Loss: 1.18708, EPS: 0.721
Epoch: 31, Train Loss: 0.32182, Valid Loss: 1.18819, EPS: 0.712
Epoch: 32, Train Loss: 0.32036, Valid Loss: 1.18862, EPS: 0.703
Epoch: 33, Train Loss: 0.32065, Valid Loss: 1.18683, EPS: 0.694
Epoch: 34, Train Loss: 0.32076, Valid Loss: 1.19005, EPS: 0.685
Epoch: 35, Train Loss: 0.32119, Valid Loss: 1.19000, EPS: 0.676
Epoch: 36, Train Loss: 0.32062, Valid Loss: 1.18953, EPS: 0.667
Epoch: 37, Train Loss: 0.32106, Valid Loss: 1.18473, EPS: 0.658
Epoch: 38, Train Loss: 0.31981, Valid Loss: 1.19214, EPS: 0.649
Epoch: 39, Train Loss: 0.31859, Valid Loss: 1.18775, EPS: 0.64
Epoch: 40, Train Loss: 0.32065, Valid Loss: 1.18983, EPS: 0.6310000000000001
Epoch: 41, Train Loss: 0.31893, Valid Loss: 1.18150, EPS: 0.6220000000000001
Epoch: 42, Train Loss: 0.31758, Valid Loss: 1.18786, EPS: 0.6130000000000001
Epoch: 43, Train Loss: 0.31671, Valid Loss: 1.18517, EPS: 0.6040000000000001
Epoch: 44, Train Loss: 0.31848, Valid Loss: 1.18985, EPS: 0.5950000000000001
Epoch: 45, Train Loss: 0.31936, Valid Loss: 1.19077, EPS: 0.5860000000000001
Epoch: 46, Train Loss: 0.31697, Valid Loss: 1.18425, EPS: 0.5770000000000001
Epoch: 47, Train Loss: 0.31644, Valid Loss: 1.18872, EPS: 0.5680000000000001
Epoch: 48, Train Loss: 0.31940, Valid Loss: 1.19034, EPS: 0.559
Epoch: 49, Train Loss: 0.31880, Valid Loss: 1.19127, EPS: 0.55
Epoch: 50, Train Loss: 0.31690, Valid Loss: 1.18829, EPS: 0.541
Epoch: 51, Train Loss: 0.31819, Valid Loss: 1.18953, EPS: 0.532
Epoch: 52, Train Loss: 0.31843, Valid Loss: 1.18980, EPS: 0.523
Epoch: 53, Train Loss: 0.31599, Valid Loss: 1.19008, EPS: 0.514
Epoch: 54, Train Loss: 0.31655, Valid Loss: 1.18981, EPS: 0.505
Epoch: 55, Train Loss: 0.31744, Valid Loss: 1.19053, EPS: 0.496
Epoch: 56, Train Loss: 0.31501, Valid Loss: 1.19056, EPS: 0.4870000000000001
Epoch: 57, Train Loss: 0.31720, Valid Loss: 1.18467, EPS: 0.4780000000000001
Epoch: 58, Train Loss: 0.31781, Valid Loss: 1.18776, EPS: 0.4690000000000001
Epoch: 59, Train Loss: 0.31770, Valid Loss: 1.18687, EPS: 0.4600000000000001
Epoch: 60, Train Loss: 0.31817, Valid Loss: 1.18845, EPS: 0.45100000000000007
Epoch: 61, Train Loss: 0.31671, Valid Loss: 1.18763, EPS: 0.44200000000000006
Epoch: 62, Train Loss: 0.31637, Valid Loss: 1.19058, EPS: 0.43300000000000005
Epoch: 63, Train Loss: 0.31880, Valid Loss: 1.18866, EPS: 0.42400000000000004
Epoch: 64, Train Loss: 0.31737, Valid Loss: 1.19264, EPS: 0.41500000000000004
Epoch: 65, Train Loss: 0.31830, Valid Loss: 1.19220, EPS: 0.406
Epoch: 66, Train Loss: 0.31745, Valid Loss: 1.18807, EPS: 0.397
Epoch: 67, Train Loss: 0.31857, Valid Loss: 1.19083, EPS: 0.388
Epoch: 68, Train Loss: 0.31662, Valid Loss: 1.19340, EPS: 0.3790000000000001
Epoch: 69, Train Loss: 0.31562, Valid Loss: 1.19079, EPS: 0.3700000000000001
Epoch: 70, Train Loss: 0.31715, Valid Loss: 1.18851, EPS: 0.3610000000000001
Epoch: 71, Train Loss: 0.31907, Valid Loss: 1.18939, EPS: 0.3520000000000001
Epoch: 72, Train Loss: 0.31767, Valid Loss: 1.18936, EPS: 0.343
Epoch: 73, Train Loss: 0.31768, Valid Loss: 1.19058, EPS: 0.334
Epoch: 74, Train Loss: 0.31892, Valid Loss: 1.19195, EPS: 0.325
Epoch: 75, Train Loss: 0.31976, Valid Loss: 1.18957, EPS: 0.316
Epoch: 76, Train Loss: 0.31768, Valid Loss: 1.18510, EPS: 0.307
Epoch: 77, Train Loss: 0.31800, Valid Loss: 1.18828, EPS: 0.298
Epoch: 78, Train Loss: 0.31802, Valid Loss: 1.18897, EPS: 0.289
Epoch: 79, Train Loss: 0.31797, Valid Loss: 1.19305, EPS: 0.27999999999999997
Epoch: 80, Train Loss: 0.31742, Valid Loss: 1.18862, EPS: 0.27099999999999996
Epoch: 81, Train Loss: 0.31860, Valid Loss: 1.18980, EPS: 0.26200000000000007
Epoch: 82, Train Loss: 0.31665, Valid Loss: 1.19137, EPS: 0.25300000000000006
Epoch: 83, Train Loss: 0.31745, Valid Loss: 1.18913, EPS: 0.24400000000000005
Epoch: 84, Train Loss: 0.31847, Valid Loss: 1.19233, EPS: 0.23500000000000004
Epoch: 85, Train Loss: 0.31735, Valid Loss: 1.18905, EPS: 0.22600000000000003
Epoch: 86, Train Loss: 0.31567, Valid Loss: 1.18799, EPS: 0.21700000000000003
Epoch: 87, Train Loss: 0.31957, Valid Loss: 1.19295, EPS: 0.20800000000000002
Epoch: 88, Train Loss: 0.31695, Valid Loss: 1.18862, EPS: 0.199
Epoch: 89, Train Loss: 0.31671, Valid Loss: 1.18883, EPS: 0.19
Epoch: 90, Train Loss: 0.31732, Valid Loss: 1.19186, EPS: 0.181
Epoch: 91, Train Loss: 0.31604, Valid Loss: 1.19013, EPS: 0.172
Epoch: 92, Train Loss: 0.31898, Valid Loss: 1.19102, EPS: 0.16299999999999998
Epoch: 93, Train Loss: 0.31959, Valid Loss: 1.18712, EPS: 0.15400000000000005
Epoch: 94, Train Loss: 0.31634, Valid Loss: 1.19009, EPS: 0.14500000000000005
Epoch: 95, Train Loss: 0.31830, Valid Loss: 1.18929, EPS: 0.13600000000000004
Epoch: 96, Train Loss: 0.31709, Valid Loss: 1.18904, EPS: 0.12700000000000003
Epoch: 97, Train Loss: 0.31905, Valid Loss: 1.18590, EPS: 0.11800000000000002
Epoch: 98, Train Loss: 0.31922, Valid Loss: 1.19048, EPS: 0.10900000000000001
Epoch: 99, Train Loss: 0.31810, Valid Loss: 1.19262, EPS: 0.1
Test Loss: 1.19061
Test Loss: 1.19238
