Train: torch.Size([14031, 5, 64, 32]), Valid: torch.Size([4677, 5, 64, 32]), Test: torch.Size([4678, 5, 64, 32])
Input shape: (C=5, H=144, W=72)
Fine Tuning Both
Starting Downstream Task
torch.Size([2806, 5, 64, 32])
torch.Size([935, 5, 64, 32])
torch.Size([937, 5, 64, 32])
Shape: (5, 144, 72)
Epoch: 0, Train Loss: 0.00429, Valid Loss: 0.00320, EPS: 0.991
Epoch: 1, Train Loss: 0.00295, Valid Loss: 0.00313, EPS: 0.982
Epoch: 2, Train Loss: 0.00291, Valid Loss: 0.00307, EPS: 0.973
Epoch: 3, Train Loss: 0.00289, Valid Loss: 0.00306, EPS: 0.964
Epoch: 4, Train Loss: 0.00287, Valid Loss: 0.00306, EPS: 0.955
Epoch: 5, Train Loss: 0.00285, Valid Loss: 0.00306, EPS: 0.946
Epoch: 6, Train Loss: 0.00281, Valid Loss: 0.00303, EPS: 0.9369999999999999
Epoch: 7, Train Loss: 0.00281, Valid Loss: 0.00307, EPS: 0.928
Epoch: 8, Train Loss: 0.00280, Valid Loss: 0.00297, EPS: 0.919
Epoch: 9, Train Loss: 0.00278, Valid Loss: 0.00295, EPS: 0.91
Epoch: 10, Train Loss: 0.00279, Valid Loss: 0.00300, EPS: 0.901
Epoch: 11, Train Loss: 0.00277, Valid Loss: 0.00303, EPS: 0.892
Epoch: 12, Train Loss: 0.00277, Valid Loss: 0.00301, EPS: 0.883
Epoch: 13, Train Loss: 0.00276, Valid Loss: 0.00297, EPS: 0.874
Epoch: 14, Train Loss: 0.00275, Valid Loss: 0.00301, EPS: 0.865
Epoch: 15, Train Loss: 0.00276, Valid Loss: 0.00296, EPS: 0.856
Epoch: 16, Train Loss: 0.00274, Valid Loss: 0.00300, EPS: 0.847
Epoch: 17, Train Loss: 0.00275, Valid Loss: 0.00297, EPS: 0.8380000000000001
Epoch: 18, Train Loss: 0.00274, Valid Loss: 0.00299, EPS: 0.8290000000000001
Epoch: 19, Train Loss: 0.00275, Valid Loss: 0.00298, EPS: 0.8200000000000001
Epoch: 20, Train Loss: 0.00274, Valid Loss: 0.00300, EPS: 0.811
Epoch: 21, Train Loss: 0.00242, Valid Loss: 0.00257, EPS: 0.802
Epoch: 22, Train Loss: 0.00224, Valid Loss: 0.00253, EPS: 0.793
Epoch: 23, Train Loss: 0.00222, Valid Loss: 0.00251, EPS: 0.784
Epoch: 24, Train Loss: 0.00220, Valid Loss: 0.00250, EPS: 0.775
Epoch: 25, Train Loss: 0.00219, Valid Loss: 0.00248, EPS: 0.766
Epoch: 26, Train Loss: 0.00218, Valid Loss: 0.00248, EPS: 0.757
Epoch: 27, Train Loss: 0.00218, Valid Loss: 0.00248, EPS: 0.748
Epoch: 28, Train Loss: 0.00217, Valid Loss: 0.00248, EPS: 0.739
Epoch: 29, Train Loss: 0.00216, Valid Loss: 0.00246, EPS: 0.73
Epoch: 30, Train Loss: 0.00215, Valid Loss: 0.00245, EPS: 0.721
Epoch: 31, Train Loss: 0.00214, Valid Loss: 0.00246, EPS: 0.712
Epoch: 32, Train Loss: 0.00213, Valid Loss: 0.00243, EPS: 0.703
Epoch: 33, Train Loss: 0.00212, Valid Loss: 0.00243, EPS: 0.694
Epoch: 34, Train Loss: 0.00211, Valid Loss: 0.00241, EPS: 0.685
Epoch: 35, Train Loss: 0.00210, Valid Loss: 0.00241, EPS: 0.676
Epoch: 36, Train Loss: 0.00209, Valid Loss: 0.00242, EPS: 0.667
Epoch: 37, Train Loss: 0.00209, Valid Loss: 0.00241, EPS: 0.658
Epoch: 38, Train Loss: 0.00208, Valid Loss: 0.00242, EPS: 0.649
Epoch: 39, Train Loss: 0.00208, Valid Loss: 0.00241, EPS: 0.64
Epoch: 40, Train Loss: 0.00207, Valid Loss: 0.00240, EPS: 0.6310000000000001
Epoch: 41, Train Loss: 0.00207, Valid Loss: 0.00240, EPS: 0.6220000000000001
Epoch: 42, Train Loss: 0.00207, Valid Loss: 0.00239, EPS: 0.6130000000000001
Epoch: 43, Train Loss: 0.00207, Valid Loss: 0.00239, EPS: 0.6040000000000001
Epoch: 44, Train Loss: 0.00207, Valid Loss: 0.00241, EPS: 0.5950000000000001
Epoch: 45, Train Loss: 0.00207, Valid Loss: 0.00240, EPS: 0.5860000000000001
Epoch: 46, Train Loss: 0.00206, Valid Loss: 0.00240, EPS: 0.5770000000000001
Epoch: 47, Train Loss: 0.00206, Valid Loss: 0.00240, EPS: 0.5680000000000001
Epoch: 48, Train Loss: 0.00206, Valid Loss: 0.00240, EPS: 0.559
Epoch: 49, Train Loss: 0.00206, Valid Loss: 0.00240, EPS: 0.55
Epoch: 50, Train Loss: 0.00206, Valid Loss: 0.00239, EPS: 0.541
Epoch: 51, Train Loss: 0.00206, Valid Loss: 0.00241, EPS: 0.532
Epoch: 52, Train Loss: 0.00206, Valid Loss: 0.00239, EPS: 0.523
Epoch: 53, Train Loss: 0.00206, Valid Loss: 0.00241, EPS: 0.514
Epoch: 54, Train Loss: 0.00206, Valid Loss: 0.00240, EPS: 0.505
Epoch: 55, Train Loss: 0.00197, Valid Loss: 0.00233, EPS: 0.496
Epoch: 56, Train Loss: 0.00194, Valid Loss: 0.00233, EPS: 0.4870000000000001
Epoch: 57, Train Loss: 0.00194, Valid Loss: 0.00233, EPS: 0.4780000000000001
Epoch: 58, Train Loss: 0.00193, Valid Loss: 0.00233, EPS: 0.4690000000000001
Epoch: 59, Train Loss: 0.00193, Valid Loss: 0.00234, EPS: 0.4600000000000001
Epoch: 60, Train Loss: 0.00193, Valid Loss: 0.00233, EPS: 0.45100000000000007
Epoch: 61, Train Loss: 0.00194, Valid Loss: 0.00233, EPS: 0.44200000000000006
Epoch: 62, Train Loss: 0.00193, Valid Loss: 0.00233, EPS: 0.43300000000000005
Epoch: 63, Train Loss: 0.00193, Valid Loss: 0.00234, EPS: 0.42400000000000004
Epoch: 64, Train Loss: 0.00193, Valid Loss: 0.00234, EPS: 0.41500000000000004
Epoch: 65, Train Loss: 0.00193, Valid Loss: 0.00234, EPS: 0.406
Epoch: 66, Train Loss: 0.00193, Valid Loss: 0.00234, EPS: 0.397
Epoch: 67, Train Loss: 0.00194, Valid Loss: 0.00234, EPS: 0.388
Epoch: 68, Train Loss: 0.00193, Valid Loss: 0.00234, EPS: 0.3790000000000001
Epoch: 69, Train Loss: 0.00192, Valid Loss: 0.00233, EPS: 0.3700000000000001
Epoch: 70, Train Loss: 0.00191, Valid Loss: 0.00233, EPS: 0.3610000000000001
Epoch: 71, Train Loss: 0.00191, Valid Loss: 0.00233, EPS: 0.3520000000000001
Epoch: 72, Train Loss: 0.00191, Valid Loss: 0.00233, EPS: 0.343
Epoch: 73, Train Loss: 0.00191, Valid Loss: 0.00233, EPS: 0.334
Epoch: 74, Train Loss: 0.00191, Valid Loss: 0.00233, EPS: 0.325
Epoch: 75, Train Loss: 0.00191, Valid Loss: 0.00233, EPS: 0.316
Epoch: 76, Train Loss: 0.00191, Valid Loss: 0.00233, EPS: 0.307
Epoch: 77, Train Loss: 0.00191, Valid Loss: 0.00234, EPS: 0.298
Epoch: 78, Train Loss: 0.00191, Valid Loss: 0.00233, EPS: 0.289
Epoch: 79, Train Loss: 0.00191, Valid Loss: 0.00233, EPS: 0.27999999999999997
Epoch: 80, Train Loss: 0.00191, Valid Loss: 0.00233, EPS: 0.27099999999999996
Epoch: 81, Train Loss: 0.00191, Valid Loss: 0.00233, EPS: 0.26200000000000007
Epoch: 82, Train Loss: 0.00191, Valid Loss: 0.00233, EPS: 0.25300000000000006
Epoch: 83, Train Loss: 0.00191, Valid Loss: 0.00233, EPS: 0.24400000000000005
Epoch: 84, Train Loss: 0.00191, Valid Loss: 0.00233, EPS: 0.23500000000000004
Epoch: 85, Train Loss: 0.00191, Valid Loss: 0.00233, EPS: 0.22600000000000003
Epoch: 86, Train Loss: 0.00191, Valid Loss: 0.00232, EPS: 0.21700000000000003
Epoch: 87, Train Loss: 0.00191, Valid Loss: 0.00234, EPS: 0.20800000000000002
Epoch: 88, Train Loss: 0.00191, Valid Loss: 0.00233, EPS: 0.199
Epoch: 89, Train Loss: 0.00191, Valid Loss: 0.00233, EPS: 0.19
Epoch: 90, Train Loss: 0.00191, Valid Loss: 0.00233, EPS: 0.181
Epoch: 91, Train Loss: 0.00191, Valid Loss: 0.00233, EPS: 0.172
Epoch: 92, Train Loss: 0.00191, Valid Loss: 0.00233, EPS: 0.16299999999999998
Epoch: 93, Train Loss: 0.00191, Valid Loss: 0.00234, EPS: 0.15400000000000005
Epoch: 94, Train Loss: 0.00191, Valid Loss: 0.00233, EPS: 0.14500000000000005
Epoch: 95, Train Loss: 0.00191, Valid Loss: 0.00234, EPS: 0.13600000000000004
Epoch: 96, Train Loss: 0.00191, Valid Loss: 0.00233, EPS: 0.12700000000000003
Epoch: 97, Train Loss: 0.00191, Valid Loss: 0.00233, EPS: 0.11800000000000002
Epoch: 98, Train Loss: 0.00191, Valid Loss: 0.00233, EPS: 0.10900000000000001
Epoch: 99, Train Loss: 0.00190, Valid Loss: 0.00233, EPS: 0.1
Test Loss: 0.00234
Test Loss: 0.00224
Training Decoder
Starting Latent Downstream Task
MSE Loss Between Generated and Conditioned: 397419.4062
Epoch: 1, Loss: 1.0088
MSE Loss Between Generated and Conditioned: 91516.0469
Epoch: 2, Loss: 0.9047
MSE Loss Between Generated and Conditioned: 57085.7695
Epoch: 3, Loss: 0.8280
MSE Loss Between Generated and Conditioned: 47479.1562
Epoch: 4, Loss: 0.7664
MSE Loss Between Generated and Conditioned: 36275.7617
Epoch: 5, Loss: 0.7152
MSE Loss Between Generated and Conditioned: 30821.5293
Epoch: 6, Loss: 0.6723
MSE Loss Between Generated and Conditioned: 26673.4004
Epoch: 7, Loss: 0.6361
MSE Loss Between Generated and Conditioned: 21719.8906
Epoch: 8, Loss: 0.6054
MSE Loss Between Generated and Conditioned: 12543.2207
Epoch: 9, Loss: 0.5786
MSE Loss Between Generated and Conditioned: 17635.2285
Epoch: 10, Loss: 0.5546
MSE Loss Between Generated and Conditioned: 12838.1182
Epoch: 11, Loss: 0.5331
MSE Loss Between Generated and Conditioned: 10477.3066
Epoch: 12, Loss: 0.5131
MSE Loss Between Generated and Conditioned: 11421.3779
Epoch: 13, Loss: 0.4955
MSE Loss Between Generated and Conditioned: 9099.9639
Epoch: 14, Loss: 0.4792
MSE Loss Between Generated and Conditioned: 7929.5752
Epoch: 15, Loss: 0.4643
MSE Loss Between Generated and Conditioned: 7024.9478
Epoch: 16, Loss: 0.4510
MSE Loss Between Generated and Conditioned: 6974.5854
Epoch: 17, Loss: 0.4388
MSE Loss Between Generated and Conditioned: 5778.6240
Epoch: 18, Loss: 0.4275
MSE Loss Between Generated and Conditioned: 4255.0103
Epoch: 19, Loss: 0.4174
MSE Loss Between Generated and Conditioned: 4937.9219
Epoch: 20, Loss: 0.4076
MSE Loss Between Generated and Conditioned: 5579.0288
Epoch: 21, Loss: 0.3989
MSE Loss Between Generated and Conditioned: 6671.5010
Epoch: 22, Loss: 0.3910
MSE Loss Between Generated and Conditioned: 4743.3188
Epoch: 23, Loss: 0.3837
MSE Loss Between Generated and Conditioned: 4791.3228
Epoch: 24, Loss: 0.3768
MSE Loss Between Generated and Conditioned: 3799.7969
Epoch: 25, Loss: 0.3700
MSE Loss Between Generated and Conditioned: 3250.5312
Epoch: 26, Loss: 0.3637
MSE Loss Between Generated and Conditioned: 3351.3025
Epoch: 27, Loss: 0.3575
MSE Loss Between Generated and Conditioned: 4151.6084
Epoch: 28, Loss: 0.3517
MSE Loss Between Generated and Conditioned: 3729.8906
Epoch: 29, Loss: 0.3464
MSE Loss Between Generated and Conditioned: 2942.3972
Epoch: 30, Loss: 0.3415
MSE Loss Between Generated and Conditioned: 2531.4519
Epoch: 31, Loss: 0.3368
MSE Loss Between Generated and Conditioned: 2480.1301
Epoch: 32, Loss: 0.3323
MSE Loss Between Generated and Conditioned: 2166.9434
Epoch: 33, Loss: 0.3279
MSE Loss Between Generated and Conditioned: 1704.6351
Epoch: 34, Loss: 0.3237
MSE Loss Between Generated and Conditioned: 1190.0465
Epoch: 35, Loss: 0.3198
MSE Loss Between Generated and Conditioned: 1292.9760
Epoch: 36, Loss: 0.3158
MSE Loss Between Generated and Conditioned: 1594.3944
Epoch: 37, Loss: 0.3120
MSE Loss Between Generated and Conditioned: 1282.5380
Epoch: 38, Loss: 0.3086
MSE Loss Between Generated and Conditioned: 1781.1946
Epoch: 39, Loss: 0.3053
MSE Loss Between Generated and Conditioned: 1296.4602
Epoch: 40, Loss: 0.3020
MSE Loss Between Generated and Conditioned: 959.4332
Epoch: 41, Loss: 0.2986
MSE Loss Between Generated and Conditioned: 1194.1310
Epoch: 42, Loss: 0.2955
MSE Loss Between Generated and Conditioned: 1220.6965
Epoch: 43, Loss: 0.2924
MSE Loss Between Generated and Conditioned: 813.9515
Epoch: 44, Loss: 0.2895
MSE Loss Between Generated and Conditioned: 607.0564
Epoch: 45, Loss: 0.2868
MSE Loss Between Generated and Conditioned: 700.3094
Epoch: 46, Loss: 0.2842
MSE Loss Between Generated and Conditioned: 578.8915
Epoch: 47, Loss: 0.2816
MSE Loss Between Generated and Conditioned: 421.7047
Epoch: 48, Loss: 0.2790
MSE Loss Between Generated and Conditioned: 453.9168
Epoch: 49, Loss: 0.2767
MSE Loss Between Generated and Conditioned: 682.9251
Epoch: 50, Loss: 0.2743
MSE Loss Between Generated and Conditioned: 429.9247
Epoch: 51, Loss: 0.2719
MSE Loss Between Generated and Conditioned: 354.7924
Epoch: 52, Loss: 0.2696
MSE Loss Between Generated and Conditioned: 425.7075
Epoch: 53, Loss: 0.2674
MSE Loss Between Generated and Conditioned: 421.3481
Epoch: 54, Loss: 0.2653
MSE Loss Between Generated and Conditioned: 396.8122
Epoch: 55, Loss: 0.2632
MSE Loss Between Generated and Conditioned: 351.0946
Epoch: 56, Loss: 0.2613
MSE Loss Between Generated and Conditioned: 456.6147
Epoch: 57, Loss: 0.2593
MSE Loss Between Generated and Conditioned: 350.4496
Epoch: 58, Loss: 0.2575
MSE Loss Between Generated and Conditioned: 246.9837
Epoch: 59, Loss: 0.2557
MSE Loss Between Generated and Conditioned: 396.5902
Epoch: 60, Loss: 0.2541
MSE Loss Between Generated and Conditioned: 198.9012
Epoch: 61, Loss: 0.2523
MSE Loss Between Generated and Conditioned: 294.4495
Epoch: 62, Loss: 0.2508
MSE Loss Between Generated and Conditioned: 142.8172
Epoch: 63, Loss: 0.2492
MSE Loss Between Generated and Conditioned: 101.8255
Epoch: 64, Loss: 0.2476
MSE Loss Between Generated and Conditioned: 252.4131
Epoch: 65, Loss: 0.2461
MSE Loss Between Generated and Conditioned: 191.7158
Epoch: 66, Loss: 0.2445
MSE Loss Between Generated and Conditioned: 173.3037
Epoch: 67, Loss: 0.2431
MSE Loss Between Generated and Conditioned: 88.0656
Epoch: 68, Loss: 0.2418
MSE Loss Between Generated and Conditioned: 188.9179
Epoch: 69, Loss: 0.2403
MSE Loss Between Generated and Conditioned: 124.5083
Epoch: 70, Loss: 0.2390
MSE Loss Between Generated and Conditioned: 108.9775
Epoch: 71, Loss: 0.2376
MSE Loss Between Generated and Conditioned: 269.2412
Epoch: 72, Loss: 0.2363
MSE Loss Between Generated and Conditioned: 143.1392
Epoch: 73, Loss: 0.2350
MSE Loss Between Generated and Conditioned: 155.0805
Epoch: 74, Loss: 0.2338
MSE Loss Between Generated and Conditioned: 124.9813
Epoch: 75, Loss: 0.2326
MSE Loss Between Generated and Conditioned: 67.9287
Epoch: 76, Loss: 0.2315
MSE Loss Between Generated and Conditioned: 66.6664
Epoch: 77, Loss: 0.2303
MSE Loss Between Generated and Conditioned: 64.3222
Epoch: 78, Loss: 0.2292
MSE Loss Between Generated and Conditioned: 81.9940
Epoch: 79, Loss: 0.2281
MSE Loss Between Generated and Conditioned: 63.9517
Epoch: 80, Loss: 0.2270
MSE Loss Between Generated and Conditioned: 64.4363
Epoch: 81, Loss: 0.2259
MSE Loss Between Generated and Conditioned: 62.6939
Epoch: 82, Loss: 0.2249
MSE Loss Between Generated and Conditioned: 56.3926
Epoch: 83, Loss: 0.2238
MSE Loss Between Generated and Conditioned: 57.3776
Epoch: 84, Loss: 0.2229
MSE Loss Between Generated and Conditioned: 47.4195
Epoch: 85, Loss: 0.2219
MSE Loss Between Generated and Conditioned: 51.4422
Epoch: 86, Loss: 0.2210
MSE Loss Between Generated and Conditioned: 52.4457
Epoch: 87, Loss: 0.2201
MSE Loss Between Generated and Conditioned: 45.6337
Epoch: 88, Loss: 0.2192
MSE Loss Between Generated and Conditioned: 50.8706
Epoch: 89, Loss: 0.2184
MSE Loss Between Generated and Conditioned: 40.5913
Epoch: 90, Loss: 0.2176
MSE Loss Between Generated and Conditioned: 31.2275
Epoch: 91, Loss: 0.2169
MSE Loss Between Generated and Conditioned: 49.0507
Epoch: 92, Loss: 0.2161
MSE Loss Between Generated and Conditioned: 25.2186
Epoch: 93, Loss: 0.2153
MSE Loss Between Generated and Conditioned: 22.0743
Epoch: 94, Loss: 0.2144
MSE Loss Between Generated and Conditioned: 23.0402
Epoch: 95, Loss: 0.2137
MSE Loss Between Generated and Conditioned: 38.3062
Epoch: 96, Loss: 0.2129
MSE Loss Between Generated and Conditioned: 32.7109
Epoch: 97, Loss: 0.2122
MSE Loss Between Generated and Conditioned: 28.7185
Epoch: 98, Loss: 0.2115
MSE Loss Between Generated and Conditioned: 36.4179
Epoch: 99, Loss: 0.2108
MSE Loss Between Generated and Conditioned: 34.4320
Epoch: 100, Loss: 0.2100
MSE Loss Between Generated and Conditioned: 12.0909
Epoch: 101, Loss: 0.2093
MSE Loss Between Generated and Conditioned: 24.0281
Epoch: 102, Loss: 0.2087
MSE Loss Between Generated and Conditioned: 35.8269
Epoch: 103, Loss: 0.2080
MSE Loss Between Generated and Conditioned: 22.1756
Epoch: 104, Loss: 0.2073
MSE Loss Between Generated and Conditioned: 24.2030
Epoch: 105, Loss: 0.2068
MSE Loss Between Generated and Conditioned: 13.6731
Epoch: 106, Loss: 0.2061
MSE Loss Between Generated and Conditioned: 26.8886
Epoch: 107, Loss: 0.2055
MSE Loss Between Generated and Conditioned: 13.9553
Epoch: 108, Loss: 0.2050
MSE Loss Between Generated and Conditioned: 22.7080
Epoch: 109, Loss: 0.2045
MSE Loss Between Generated and Conditioned: 38.2558
Epoch: 110, Loss: 0.2039
MSE Loss Between Generated and Conditioned: 39.0484
Epoch: 111, Loss: 0.2032
MSE Loss Between Generated and Conditioned: 37.7836
Epoch: 112, Loss: 0.2027
MSE Loss Between Generated and Conditioned: 23.6715
Epoch: 113, Loss: 0.2021
MSE Loss Between Generated and Conditioned: 21.0361
Epoch: 114, Loss: 0.2015
MSE Loss Between Generated and Conditioned: 19.7041
Epoch: 115, Loss: 0.2010
MSE Loss Between Generated and Conditioned: 33.0151
Epoch: 116, Loss: 0.2005
MSE Loss Between Generated and Conditioned: 26.4291
Epoch: 117, Loss: 0.1999
MSE Loss Between Generated and Conditioned: 26.1919
Epoch: 118, Loss: 0.1994
MSE Loss Between Generated and Conditioned: 11.6165
Epoch: 119, Loss: 0.1989
MSE Loss Between Generated and Conditioned: 19.0645
Epoch: 120, Loss: 0.1984
MSE Loss Between Generated and Conditioned: 19.4174
Epoch: 121, Loss: 0.1979
MSE Loss Between Generated and Conditioned: 19.2691
Epoch: 122, Loss: 0.1975
MSE Loss Between Generated and Conditioned: 14.6056
Epoch: 123, Loss: 0.1970
MSE Loss Between Generated and Conditioned: 20.0338
Epoch: 124, Loss: 0.1965
MSE Loss Between Generated and Conditioned: 18.7305
Epoch: 125, Loss: 0.1961
MSE Loss Between Generated and Conditioned: 26.8399
Epoch: 126, Loss: 0.1957
MSE Loss Between Generated and Conditioned: 6.4968
Epoch: 127, Loss: 0.1953
MSE Loss Between Generated and Conditioned: 14.5135
Epoch: 128, Loss: 0.1949
MSE Loss Between Generated and Conditioned: 7.2415
Epoch: 129, Loss: 0.1944
MSE Loss Between Generated and Conditioned: 9.3130
Epoch: 130, Loss: 0.1939
MSE Loss Between Generated and Conditioned: 13.3662
Epoch: 131, Loss: 0.1935
MSE Loss Between Generated and Conditioned: 9.6516
Epoch: 132, Loss: 0.1931
MSE Loss Between Generated and Conditioned: 15.9817
Epoch: 133, Loss: 0.1927
MSE Loss Between Generated and Conditioned: 19.0320
Epoch: 134, Loss: 0.1923
MSE Loss Between Generated and Conditioned: 9.9293
Epoch: 135, Loss: 0.1919
MSE Loss Between Generated and Conditioned: 5.3008
Epoch: 136, Loss: 0.1915
MSE Loss Between Generated and Conditioned: 8.6899
Epoch: 137, Loss: 0.1911
MSE Loss Between Generated and Conditioned: 11.5606
Epoch: 138, Loss: 0.1907
MSE Loss Between Generated and Conditioned: 16.6906
Epoch: 139, Loss: 0.1903
MSE Loss Between Generated and Conditioned: 8.0682
Epoch: 140, Loss: 0.1900
MSE Loss Between Generated and Conditioned: 8.1969
Epoch: 141, Loss: 0.1896
MSE Loss Between Generated and Conditioned: 7.6098
Epoch: 142, Loss: 0.1892
MSE Loss Between Generated and Conditioned: 8.3913
Epoch: 143, Loss: 0.1889
MSE Loss Between Generated and Conditioned: 9.1281
Epoch: 144, Loss: 0.1885
MSE Loss Between Generated and Conditioned: 11.9755
Epoch: 145, Loss: 0.1880
MSE Loss Between Generated and Conditioned: 7.8607
Epoch: 146, Loss: 0.1877
MSE Loss Between Generated and Conditioned: 6.5802
Epoch: 147, Loss: 0.1873
MSE Loss Between Generated and Conditioned: 7.3343
Epoch: 148, Loss: 0.1870
MSE Loss Between Generated and Conditioned: 14.9876
Epoch: 149, Loss: 0.1867
MSE Loss Between Generated and Conditioned: 9.5606
Epoch: 150, Loss: 0.1864
MSE Loss Between Generated and Conditioned: 19.1520
Epoch: 151, Loss: 0.1860
MSE Loss Between Generated and Conditioned: 6.3010
Epoch: 152, Loss: 0.1857
MSE Loss Between Generated and Conditioned: 5.0122
Epoch: 153, Loss: 0.1854
MSE Loss Between Generated and Conditioned: 13.6667
Epoch: 154, Loss: 0.1851
MSE Loss Between Generated and Conditioned: 11.0340
Epoch: 155, Loss: 0.1848
MSE Loss Between Generated and Conditioned: 7.6252
Epoch: 156, Loss: 0.1845
MSE Loss Between Generated and Conditioned: 7.0843
Epoch: 157, Loss: 0.1841
MSE Loss Between Generated and Conditioned: 3.5841
Epoch: 158, Loss: 0.1838
MSE Loss Between Generated and Conditioned: 9.1082
Epoch: 159, Loss: 0.1836
MSE Loss Between Generated and Conditioned: 4.8195
Epoch: 160, Loss: 0.1833
MSE Loss Between Generated and Conditioned: 7.0229
Epoch: 161, Loss: 0.1830
MSE Loss Between Generated and Conditioned: 6.4045
Epoch: 162, Loss: 0.1827
MSE Loss Between Generated and Conditioned: 7.5250
Epoch: 163, Loss: 0.1825
MSE Loss Between Generated and Conditioned: 3.4812
Epoch: 164, Loss: 0.1822
MSE Loss Between Generated and Conditioned: 4.4703
Epoch: 165, Loss: 0.1819
MSE Loss Between Generated and Conditioned: 11.8684
Epoch: 166, Loss: 0.1817
MSE Loss Between Generated and Conditioned: 3.7053
Epoch: 167, Loss: 0.1814
MSE Loss Between Generated and Conditioned: 7.3133
Epoch: 168, Loss: 0.1811
MSE Loss Between Generated and Conditioned: 3.1337
Epoch: 169, Loss: 0.1809
MSE Loss Between Generated and Conditioned: 2.9453
Epoch: 170, Loss: 0.1806
MSE Loss Between Generated and Conditioned: 15.4717
Epoch: 171, Loss: 0.1804
MSE Loss Between Generated and Conditioned: 4.2040
Epoch: 172, Loss: 0.1802
MSE Loss Between Generated and Conditioned: 3.9699
Epoch: 173, Loss: 0.1799
MSE Loss Between Generated and Conditioned: 4.2425
Epoch: 174, Loss: 0.1796
MSE Loss Between Generated and Conditioned: 3.4648
Epoch: 175, Loss: 0.1794
MSE Loss Between Generated and Conditioned: 5.8097
Epoch: 176, Loss: 0.1791
MSE Loss Between Generated and Conditioned: 4.6324
Epoch: 177, Loss: 0.1788
MSE Loss Between Generated and Conditioned: 5.4495
Epoch: 178, Loss: 0.1786
MSE Loss Between Generated and Conditioned: 2.9173
Epoch: 179, Loss: 0.1783
MSE Loss Between Generated and Conditioned: 2.5004
Epoch: 180, Loss: 0.1781
MSE Loss Between Generated and Conditioned: 5.6127
Epoch: 181, Loss: 0.1779
MSE Loss Between Generated and Conditioned: 4.5302
Epoch: 182, Loss: 0.1777
MSE Loss Between Generated and Conditioned: 2.9127
Epoch: 183, Loss: 0.1774
MSE Loss Between Generated and Conditioned: 3.3495
Epoch: 184, Loss: 0.1773
MSE Loss Between Generated and Conditioned: 10.7872
Epoch: 185, Loss: 0.1770
MSE Loss Between Generated and Conditioned: 4.6921
Epoch: 186, Loss: 0.1768
MSE Loss Between Generated and Conditioned: 2.9134
Epoch: 187, Loss: 0.1767
MSE Loss Between Generated and Conditioned: 2.3973
Epoch: 188, Loss: 0.1764
MSE Loss Between Generated and Conditioned: 4.5960
Epoch: 189, Loss: 0.1762
MSE Loss Between Generated and Conditioned: 5.4577
Epoch: 190, Loss: 0.1760
MSE Loss Between Generated and Conditioned: 2.8156
Epoch: 191, Loss: 0.1759
MSE Loss Between Generated and Conditioned: 3.7939
Epoch: 192, Loss: 0.1757
MSE Loss Between Generated and Conditioned: 7.2632
Epoch: 193, Loss: 0.1755
MSE Loss Between Generated and Conditioned: 4.0195
Epoch: 194, Loss: 0.1753
MSE Loss Between Generated and Conditioned: 4.9647
Epoch: 195, Loss: 0.1751
MSE Loss Between Generated and Conditioned: 2.5324
Epoch: 196, Loss: 0.1750
MSE Loss Between Generated and Conditioned: 2.4956
Epoch: 197, Loss: 0.1747
MSE Loss Between Generated and Conditioned: 2.9408
Epoch: 198, Loss: 0.1746
MSE Loss Between Generated and Conditioned: 4.1639
Epoch: 199, Loss: 0.1744
MSE Loss Between Generated and Conditioned: 1.7094
Epoch: 200, Loss: 0.1742
MSE Loss Between Generated and Conditioned: 6.2377
Epoch: 201, Loss: 0.1741
MSE Loss Between Generated and Conditioned: 4.1069
Epoch: 202, Loss: 0.1738
MSE Loss Between Generated and Conditioned: 6.2474
Epoch: 203, Loss: 0.1736
MSE Loss Between Generated and Conditioned: 1.7292
Epoch: 204, Loss: 0.1735
MSE Loss Between Generated and Conditioned: 2.8294
Epoch: 205, Loss: 0.1733
MSE Loss Between Generated and Conditioned: 1.9906
Epoch: 206, Loss: 0.1731
MSE Loss Between Generated and Conditioned: 2.0523
Epoch: 207, Loss: 0.1729
MSE Loss Between Generated and Conditioned: 2.2922
Epoch: 208, Loss: 0.1727
MSE Loss Between Generated and Conditioned: 1.6130
Epoch: 209, Loss: 0.1725
MSE Loss Between Generated and Conditioned: 1.4902
Epoch: 210, Loss: 0.1723
MSE Loss Between Generated and Conditioned: 2.1331
Epoch: 211, Loss: 0.1722
MSE Loss Between Generated and Conditioned: 2.9113
Epoch: 212, Loss: 0.1720
MSE Loss Between Generated and Conditioned: 3.3456
Epoch: 213, Loss: 0.1719
MSE Loss Between Generated and Conditioned: 2.5965
Epoch: 214, Loss: 0.1717
MSE Loss Between Generated and Conditioned: 1.8069
Epoch: 215, Loss: 0.1716
MSE Loss Between Generated and Conditioned: 2.7553
Epoch: 216, Loss: 0.1714
MSE Loss Between Generated and Conditioned: 2.3296
Epoch: 217, Loss: 0.1713
MSE Loss Between Generated and Conditioned: 2.0174
Epoch: 218, Loss: 0.1711
MSE Loss Between Generated and Conditioned: 1.7953
Epoch: 219, Loss: 0.1710
MSE Loss Between Generated and Conditioned: 1.7815
Epoch: 220, Loss: 0.1708
MSE Loss Between Generated and Conditioned: 2.1854
Epoch: 221, Loss: 0.1707
MSE Loss Between Generated and Conditioned: 2.2974
Epoch: 222, Loss: 0.1706
MSE Loss Between Generated and Conditioned: 4.1959
Epoch: 223, Loss: 0.1704
MSE Loss Between Generated and Conditioned: 1.8876
Epoch: 224, Loss: 0.1703
MSE Loss Between Generated and Conditioned: 2.4416
Epoch: 225, Loss: 0.1701
MSE Loss Between Generated and Conditioned: 2.0501
Epoch: 226, Loss: 0.1700
MSE Loss Between Generated and Conditioned: 1.4224
Epoch: 227, Loss: 0.1699
MSE Loss Between Generated and Conditioned: 2.3163
Epoch: 228, Loss: 0.1697
MSE Loss Between Generated and Conditioned: 1.6949
Epoch: 229, Loss: 0.1696
MSE Loss Between Generated and Conditioned: 1.5734
Epoch: 230, Loss: 0.1694
MSE Loss Between Generated and Conditioned: 2.4719
Epoch: 231, Loss: 0.1693
MSE Loss Between Generated and Conditioned: 3.1532
Epoch: 232, Loss: 0.1691
MSE Loss Between Generated and Conditioned: 1.9984
Epoch: 233, Loss: 0.1689
MSE Loss Between Generated and Conditioned: 1.8554
Epoch: 234, Loss: 0.1688
MSE Loss Between Generated and Conditioned: 2.3360
Epoch: 235, Loss: 0.1687
MSE Loss Between Generated and Conditioned: 1.7962
Epoch: 236, Loss: 0.1686
MSE Loss Between Generated and Conditioned: 2.1408
Epoch: 237, Loss: 0.1684
MSE Loss Between Generated and Conditioned: 2.4139
Epoch: 238, Loss: 0.1683
MSE Loss Between Generated and Conditioned: 1.3757
Epoch: 239, Loss: 0.1682
MSE Loss Between Generated and Conditioned: 1.4535
Epoch: 240, Loss: 0.1681
MSE Loss Between Generated and Conditioned: 1.4225
Epoch: 241, Loss: 0.1679
MSE Loss Between Generated and Conditioned: 2.7172
Epoch: 242, Loss: 0.1678
MSE Loss Between Generated and Conditioned: 1.4292
Epoch: 243, Loss: 0.1677
MSE Loss Between Generated and Conditioned: 3.2008
Epoch: 244, Loss: 0.1675
MSE Loss Between Generated and Conditioned: 1.6378
Epoch: 245, Loss: 0.1674
MSE Loss Between Generated and Conditioned: 1.5375
Epoch: 246, Loss: 0.1673
MSE Loss Between Generated and Conditioned: 1.5105
Epoch: 247, Loss: 0.1671
MSE Loss Between Generated and Conditioned: 2.3868
Epoch: 248, Loss: 0.1670
MSE Loss Between Generated and Conditioned: 1.8158
Epoch: 249, Loss: 0.1669
MSE Loss Between Generated and Conditioned: 2.1802
Epoch: 250, Loss: 0.1667
MSE Loss Between Generated and Conditioned: 1.4421
Epoch: 251, Loss: 0.1666
MSE Loss Between Generated and Conditioned: 1.7141
Epoch: 252, Loss: 0.1665
MSE Loss Between Generated and Conditioned: 1.4642
Epoch: 253, Loss: 0.1664
MSE Loss Between Generated and Conditioned: 2.6129
Epoch: 254, Loss: 0.1663
MSE Loss Between Generated and Conditioned: 2.4544
Epoch: 255, Loss: 0.1662
MSE Loss Between Generated and Conditioned: 3.0378
Epoch: 256, Loss: 0.1661
MSE Loss Between Generated and Conditioned: 1.4176
Epoch: 257, Loss: 0.1660
MSE Loss Between Generated and Conditioned: 2.5334
Epoch: 258, Loss: 0.1659
MSE Loss Between Generated and Conditioned: 1.5212
Epoch: 259, Loss: 0.1657
MSE Loss Between Generated and Conditioned: 2.1152
Epoch: 260, Loss: 0.1656
MSE Loss Between Generated and Conditioned: 2.9571
Epoch: 261, Loss: 0.1655
MSE Loss Between Generated and Conditioned: 1.5627
Epoch: 262, Loss: 0.1654
MSE Loss Between Generated and Conditioned: 1.3809
Epoch: 263, Loss: 0.1653
MSE Loss Between Generated and Conditioned: 1.4482
Epoch: 264, Loss: 0.1652
MSE Loss Between Generated and Conditioned: 1.3402
Epoch: 265, Loss: 0.1651
MSE Loss Between Generated and Conditioned: 1.3272
Epoch: 266, Loss: 0.1650
MSE Loss Between Generated and Conditioned: 1.6441
Epoch: 267, Loss: 0.1648
MSE Loss Between Generated and Conditioned: 1.6370
Epoch: 268, Loss: 0.1647
MSE Loss Between Generated and Conditioned: 1.7061
Epoch: 269, Loss: 0.1646
MSE Loss Between Generated and Conditioned: 2.3528
Epoch: 270, Loss: 0.1645
MSE Loss Between Generated and Conditioned: 1.6405
Epoch: 271, Loss: 0.1644
MSE Loss Between Generated and Conditioned: 1.3288
Epoch: 272, Loss: 0.1643
MSE Loss Between Generated and Conditioned: 1.3206
Epoch: 273, Loss: 0.1642
MSE Loss Between Generated and Conditioned: 1.7474
Epoch: 274, Loss: 0.1640
MSE Loss Between Generated and Conditioned: 1.2769
Epoch: 275, Loss: 0.1639
MSE Loss Between Generated and Conditioned: 1.7496
Epoch: 276, Loss: 0.1638
MSE Loss Between Generated and Conditioned: 3.1761
Epoch: 277, Loss: 0.1637
MSE Loss Between Generated and Conditioned: 1.2641
Epoch: 278, Loss: 0.1636
MSE Loss Between Generated and Conditioned: 1.3349
Epoch: 279, Loss: 0.1635
MSE Loss Between Generated and Conditioned: 1.5610
Epoch: 280, Loss: 0.1634
MSE Loss Between Generated and Conditioned: 3.1515
Epoch: 281, Loss: 0.1633
MSE Loss Between Generated and Conditioned: 1.2887
Epoch: 282, Loss: 0.1632
MSE Loss Between Generated and Conditioned: 1.9174
Epoch: 283, Loss: 0.1631
MSE Loss Between Generated and Conditioned: 1.4311
Epoch: 284, Loss: 0.1630
MSE Loss Between Generated and Conditioned: 1.5120
Epoch: 285, Loss: 0.1629
MSE Loss Between Generated and Conditioned: 1.5431
Epoch: 286, Loss: 0.1628
MSE Loss Between Generated and Conditioned: 1.3822
Epoch: 287, Loss: 0.1627
MSE Loss Between Generated and Conditioned: 1.3302
Epoch: 288, Loss: 0.1626
MSE Loss Between Generated and Conditioned: 1.6228
Epoch: 289, Loss: 0.1625
MSE Loss Between Generated and Conditioned: 1.4098
Epoch: 290, Loss: 0.1624
MSE Loss Between Generated and Conditioned: 2.1196
Epoch: 291, Loss: 0.1623
MSE Loss Between Generated and Conditioned: 1.3460
Epoch: 292, Loss: 0.1622
MSE Loss Between Generated and Conditioned: 1.3338
Epoch: 293, Loss: 0.1621
MSE Loss Between Generated and Conditioned: 1.2842
Epoch: 294, Loss: 0.1620
MSE Loss Between Generated and Conditioned: 1.3719
Epoch: 295, Loss: 0.1619
MSE Loss Between Generated and Conditioned: 2.6187
Epoch: 296, Loss: 0.1618
MSE Loss Between Generated and Conditioned: 1.2897
Epoch: 297, Loss: 0.1617
MSE Loss Between Generated and Conditioned: 1.2892
Epoch: 298, Loss: 0.1616
MSE Loss Between Generated and Conditioned: 1.6300
Epoch: 299, Loss: 0.1615
Train: torch.Size([14031, 5, 64, 32]), Valid: torch.Size([4677, 5, 64, 32]), Test: torch.Size([4678, 5, 64, 32])
Starting Downstream Task
Running context window: 5 with stride: 5 with seed: 0
torch.Size([2806, 5, 64, 32])
torch.Size([935, 5, 64, 32])
torch.Size([937, 5, 64, 32])
Shape: (5, 144, 72)
Epoch: 0, Train Loss: 0.00717, Valid Loss: 0.00482, EPS: 0.991
Epoch: 1, Train Loss: 0.00426, Valid Loss: 0.00397, EPS: 0.982
Epoch: 2, Train Loss: 0.00350, Valid Loss: 0.00353, EPS: 0.973
Epoch: 3, Train Loss: 0.00308, Valid Loss: 0.00324, EPS: 0.964
Epoch: 4, Train Loss: 0.00283, Valid Loss: 0.00311, EPS: 0.955
Epoch: 5, Train Loss: 0.00269, Valid Loss: 0.00304, EPS: 0.946
Epoch: 6, Train Loss: 0.00263, Valid Loss: 0.00300, EPS: 0.9369999999999999
Epoch: 7, Train Loss: 0.00259, Valid Loss: 0.00300, EPS: 0.928
Epoch: 8, Train Loss: 0.00258, Valid Loss: 0.00295, EPS: 0.919
Epoch: 9, Train Loss: 0.00255, Valid Loss: 0.00295, EPS: 0.91
Epoch: 10, Train Loss: 0.00257, Valid Loss: 0.00294, EPS: 0.901
Epoch: 11, Train Loss: 0.00255, Valid Loss: 0.00296, EPS: 0.892
Epoch: 12, Train Loss: 0.00256, Valid Loss: 0.00295, EPS: 0.883
Epoch: 13, Train Loss: 0.00252, Valid Loss: 0.00294, EPS: 0.874
Epoch: 14, Train Loss: 0.00252, Valid Loss: 0.00293, EPS: 0.865
Epoch: 15, Train Loss: 0.00251, Valid Loss: 0.00294, EPS: 0.856
Epoch: 16, Train Loss: 0.00251, Valid Loss: 0.00292, EPS: 0.847
Epoch: 17, Train Loss: 0.00250, Valid Loss: 0.00298, EPS: 0.8380000000000001
Epoch: 18, Train Loss: 0.00252, Valid Loss: 0.00294, EPS: 0.8290000000000001
Epoch: 19, Train Loss: 0.00250, Valid Loss: 0.00292, EPS: 0.8200000000000001
Epoch: 20, Train Loss: 0.00249, Valid Loss: 0.00294, EPS: 0.811
Epoch: 21, Train Loss: 0.00248, Valid Loss: 0.00291, EPS: 0.802
Epoch: 22, Train Loss: 0.00246, Valid Loss: 0.00291, EPS: 0.793
Epoch: 23, Train Loss: 0.00246, Valid Loss: 0.00290, EPS: 0.784
Epoch: 24, Train Loss: 0.00248, Valid Loss: 0.00292, EPS: 0.775
Epoch: 25, Train Loss: 0.00247, Valid Loss: 0.00288, EPS: 0.766
Epoch: 26, Train Loss: 0.00244, Valid Loss: 0.00287, EPS: 0.757
Epoch: 27, Train Loss: 0.00243, Valid Loss: 0.00287, EPS: 0.748
Epoch: 28, Train Loss: 0.00243, Valid Loss: 0.00284, EPS: 0.739
Epoch: 29, Train Loss: 0.00242, Valid Loss: 0.00289, EPS: 0.73
Epoch: 30, Train Loss: 0.00244, Valid Loss: 0.00286, EPS: 0.721
Epoch: 31, Train Loss: 0.00244, Valid Loss: 0.00286, EPS: 0.712
Epoch: 32, Train Loss: 0.00243, Valid Loss: 0.00289, EPS: 0.703
Epoch: 33, Train Loss: 0.00245, Valid Loss: 0.00288, EPS: 0.694
Epoch: 34, Train Loss: 0.00242, Valid Loss: 0.00287, EPS: 0.685
Epoch: 35, Train Loss: 0.00241, Valid Loss: 0.00288, EPS: 0.676
Epoch: 36, Train Loss: 0.00243, Valid Loss: 0.00288, EPS: 0.667
Epoch: 37, Train Loss: 0.00244, Valid Loss: 0.00289, EPS: 0.658
Epoch: 38, Train Loss: 0.00245, Valid Loss: 0.00286, EPS: 0.649
Epoch: 39, Train Loss: 0.00243, Valid Loss: 0.00285, EPS: 0.64
Epoch: 40, Train Loss: 0.00219, Valid Loss: 0.00269, EPS: 0.6310000000000001
Epoch: 41, Train Loss: 0.00204, Valid Loss: 0.00262, EPS: 0.6220000000000001
Epoch: 42, Train Loss: 0.00196, Valid Loss: 0.00258, EPS: 0.6130000000000001
Epoch: 43, Train Loss: 0.00192, Valid Loss: 0.00256, EPS: 0.6040000000000001
Epoch: 44, Train Loss: 0.00189, Valid Loss: 0.00253, EPS: 0.5950000000000001
Epoch: 45, Train Loss: 0.00188, Valid Loss: 0.00254, EPS: 0.5860000000000001
Epoch: 46, Train Loss: 0.00187, Valid Loss: 0.00254, EPS: 0.5770000000000001
Epoch: 47, Train Loss: 0.00186, Valid Loss: 0.00254, EPS: 0.5680000000000001
Epoch: 48, Train Loss: 0.00185, Valid Loss: 0.00253, EPS: 0.559
Epoch: 49, Train Loss: 0.00184, Valid Loss: 0.00253, EPS: 0.55
Epoch: 50, Train Loss: 0.00184, Valid Loss: 0.00253, EPS: 0.541
Epoch: 51, Train Loss: 0.00183, Valid Loss: 0.00253, EPS: 0.532
Epoch: 52, Train Loss: 0.00183, Valid Loss: 0.00252, EPS: 0.523
Epoch: 53, Train Loss: 0.00182, Valid Loss: 0.00252, EPS: 0.514
Epoch: 54, Train Loss: 0.00181, Valid Loss: 0.00251, EPS: 0.505
Epoch: 55, Train Loss: 0.00181, Valid Loss: 0.00251, EPS: 0.496
Epoch: 56, Train Loss: 0.00180, Valid Loss: 0.00251, EPS: 0.4870000000000001
Epoch: 57, Train Loss: 0.00178, Valid Loss: 0.00251, EPS: 0.4780000000000001
Epoch: 58, Train Loss: 0.00178, Valid Loss: 0.00252, EPS: 0.4690000000000001
Epoch: 59, Train Loss: 0.00177, Valid Loss: 0.00251, EPS: 0.4600000000000001
Epoch: 60, Train Loss: 0.00176, Valid Loss: 0.00251, EPS: 0.45100000000000007
Epoch: 61, Train Loss: 0.00176, Valid Loss: 0.00249, EPS: 0.44200000000000006
Epoch: 62, Train Loss: 0.00174, Valid Loss: 0.00249, EPS: 0.43300000000000005
Epoch: 63, Train Loss: 0.00174, Valid Loss: 0.00250, EPS: 0.42400000000000004
Epoch: 64, Train Loss: 0.00173, Valid Loss: 0.00251, EPS: 0.41500000000000004
Epoch: 65, Train Loss: 0.00172, Valid Loss: 0.00250, EPS: 0.406
Epoch: 66, Train Loss: 0.00172, Valid Loss: 0.00249, EPS: 0.397
Epoch: 67, Train Loss: 0.00172, Valid Loss: 0.00249, EPS: 0.388
Epoch: 68, Train Loss: 0.00171, Valid Loss: 0.00249, EPS: 0.3790000000000001
Epoch: 69, Train Loss: 0.00171, Valid Loss: 0.00249, EPS: 0.3700000000000001
Epoch: 70, Train Loss: 0.00170, Valid Loss: 0.00249, EPS: 0.3610000000000001
Epoch: 71, Train Loss: 0.00169, Valid Loss: 0.00251, EPS: 0.3520000000000001
Epoch: 72, Train Loss: 0.00169, Valid Loss: 0.00249, EPS: 0.343
Epoch: 73, Train Loss: 0.00169, Valid Loss: 0.00251, EPS: 0.334
Epoch: 74, Train Loss: 0.00168, Valid Loss: 0.00250, EPS: 0.325
Epoch: 75, Train Loss: 0.00167, Valid Loss: 0.00250, EPS: 0.316
Epoch: 76, Train Loss: 0.00166, Valid Loss: 0.00249, EPS: 0.307
Epoch: 77, Train Loss: 0.00166, Valid Loss: 0.00249, EPS: 0.298
Epoch: 78, Train Loss: 0.00160, Valid Loss: 0.00247, EPS: 0.289
Epoch: 79, Train Loss: 0.00158, Valid Loss: 0.00245, EPS: 0.27999999999999997
Epoch: 80, Train Loss: 0.00156, Valid Loss: 0.00246, EPS: 0.27099999999999996
Epoch: 81, Train Loss: 0.00156, Valid Loss: 0.00246, EPS: 0.26200000000000007
Epoch: 82, Train Loss: 0.00156, Valid Loss: 0.00243, EPS: 0.25300000000000006
Epoch: 83, Train Loss: 0.00155, Valid Loss: 0.00245, EPS: 0.24400000000000005
Epoch: 84, Train Loss: 0.00155, Valid Loss: 0.00244, EPS: 0.23500000000000004
Epoch: 85, Train Loss: 0.00155, Valid Loss: 0.00246, EPS: 0.22600000000000003
Epoch: 86, Train Loss: 0.00155, Valid Loss: 0.00247, EPS: 0.21700000000000003
Epoch: 87, Train Loss: 0.00155, Valid Loss: 0.00245, EPS: 0.20800000000000002
Epoch: 88, Train Loss: 0.00155, Valid Loss: 0.00245, EPS: 0.199
Epoch: 89, Train Loss: 0.00154, Valid Loss: 0.00245, EPS: 0.19
Epoch: 90, Train Loss: 0.00154, Valid Loss: 0.00245, EPS: 0.181
Epoch: 91, Train Loss: 0.00154, Valid Loss: 0.00245, EPS: 0.172
Epoch: 92, Train Loss: 0.00154, Valid Loss: 0.00245, EPS: 0.16299999999999998
Epoch: 93, Train Loss: 0.00154, Valid Loss: 0.00245, EPS: 0.15400000000000005
Epoch: 94, Train Loss: 0.00153, Valid Loss: 0.00245, EPS: 0.14500000000000005
Epoch: 95, Train Loss: 0.00153, Valid Loss: 0.00246, EPS: 0.13600000000000004
Epoch: 96, Train Loss: 0.00153, Valid Loss: 0.00246, EPS: 0.12700000000000003
Epoch: 97, Train Loss: 0.00153, Valid Loss: 0.00245, EPS: 0.11800000000000002
Epoch: 98, Train Loss: 0.00153, Valid Loss: 0.00245, EPS: 0.10900000000000001
Epoch: 99, Train Loss: 0.00153, Valid Loss: 0.00245, EPS: 0.1
Test Loss: 0.00246
Test Loss: 0.00237
Running context window: 5 with stride: 10 with seed: 0
torch.Size([2806, 5, 64, 32])
torch.Size([935, 5, 64, 32])
torch.Size([937, 5, 64, 32])
Shape: (5, 144, 72)
Epoch: 0, Train Loss: 0.00830, Valid Loss: 0.00565, EPS: 0.991
Epoch: 1, Train Loss: 0.00503, Valid Loss: 0.00473, EPS: 0.982
Epoch: 2, Train Loss: 0.00420, Valid Loss: 0.00423, EPS: 0.973
Epoch: 3, Train Loss: 0.00363, Valid Loss: 0.00388, EPS: 0.964
Epoch: 4, Train Loss: 0.00332, Valid Loss: 0.00369, EPS: 0.955
Epoch: 5, Train Loss: 0.00305, Valid Loss: 0.00349, EPS: 0.946
Epoch: 6, Train Loss: 0.00277, Valid Loss: 0.00336, EPS: 0.9369999999999999
Epoch: 7, Train Loss: 0.00258, Valid Loss: 0.00324, EPS: 0.928
Epoch: 8, Train Loss: 0.00243, Valid Loss: 0.00319, EPS: 0.919
Epoch: 9, Train Loss: 0.00238, Valid Loss: 0.00314, EPS: 0.91
Epoch: 10, Train Loss: 0.00234, Valid Loss: 0.00315, EPS: 0.901
Epoch: 11, Train Loss: 0.00231, Valid Loss: 0.00306, EPS: 0.892
Epoch: 12, Train Loss: 0.00228, Valid Loss: 0.00308, EPS: 0.883
Epoch: 13, Train Loss: 0.00223, Valid Loss: 0.00306, EPS: 0.874
Epoch: 14, Train Loss: 0.00219, Valid Loss: 0.00304, EPS: 0.865
Epoch: 15, Train Loss: 0.00219, Valid Loss: 0.00303, EPS: 0.856
Epoch: 16, Train Loss: 0.00218, Valid Loss: 0.00306, EPS: 0.847
Epoch: 17, Train Loss: 0.00216, Valid Loss: 0.00305, EPS: 0.8380000000000001
Epoch: 18, Train Loss: 0.00216, Valid Loss: 0.00303, EPS: 0.8290000000000001
Epoch: 19, Train Loss: 0.00215, Valid Loss: 0.00308, EPS: 0.8200000000000001
Epoch: 20, Train Loss: 0.00216, Valid Loss: 0.00309, EPS: 0.811
Epoch: 21, Train Loss: 0.00218, Valid Loss: 0.00299, EPS: 0.802
Epoch: 22, Train Loss: 0.00210, Valid Loss: 0.00304, EPS: 0.793
Epoch: 23, Train Loss: 0.00210, Valid Loss: 0.00299, EPS: 0.784
Epoch: 24, Train Loss: 0.00211, Valid Loss: 0.00307, EPS: 0.775
Epoch: 25, Train Loss: 0.00214, Valid Loss: 0.00307, EPS: 0.766
Epoch: 26, Train Loss: 0.00212, Valid Loss: 0.00302, EPS: 0.757
Epoch: 27, Train Loss: 0.00211, Valid Loss: 0.00308, EPS: 0.748
Epoch: 28, Train Loss: 0.00212, Valid Loss: 0.00306, EPS: 0.739
Epoch: 29, Train Loss: 0.00212, Valid Loss: 0.00306, EPS: 0.73
Epoch: 30, Train Loss: 0.00209, Valid Loss: 0.00302, EPS: 0.721
Epoch: 31, Train Loss: 0.00206, Valid Loss: 0.00299, EPS: 0.712
Epoch: 32, Train Loss: 0.00210, Valid Loss: 0.00301, EPS: 0.703
Epoch: 33, Train Loss: 0.00192, Valid Loss: 0.00288, EPS: 0.694
Epoch: 34, Train Loss: 0.00179, Valid Loss: 0.00281, EPS: 0.685
Epoch: 35, Train Loss: 0.00170, Valid Loss: 0.00276, EPS: 0.676
Epoch: 36, Train Loss: 0.00166, Valid Loss: 0.00275, EPS: 0.667
Epoch: 37, Train Loss: 0.00162, Valid Loss: 0.00272, EPS: 0.658
Epoch: 38, Train Loss: 0.00159, Valid Loss: 0.00269, EPS: 0.649
Epoch: 39, Train Loss: 0.00156, Valid Loss: 0.00272, EPS: 0.64
Epoch: 40, Train Loss: 0.00155, Valid Loss: 0.00269, EPS: 0.6310000000000001
Epoch: 41, Train Loss: 0.00154, Valid Loss: 0.00270, EPS: 0.6220000000000001
Epoch: 42, Train Loss: 0.00152, Valid Loss: 0.00269, EPS: 0.6130000000000001
Epoch: 43, Train Loss: 0.00151, Valid Loss: 0.00272, EPS: 0.6040000000000001
Epoch: 44, Train Loss: 0.00152, Valid Loss: 0.00268, EPS: 0.5950000000000001
Epoch: 45, Train Loss: 0.00150, Valid Loss: 0.00270, EPS: 0.5860000000000001
Epoch: 46, Train Loss: 0.00149, Valid Loss: 0.00269, EPS: 0.5770000000000001
Epoch: 47, Train Loss: 0.00149, Valid Loss: 0.00271, EPS: 0.5680000000000001
Epoch: 48, Train Loss: 0.00149, Valid Loss: 0.00271, EPS: 0.559
Epoch: 49, Train Loss: 0.00147, Valid Loss: 0.00269, EPS: 0.55
Epoch: 50, Train Loss: 0.00146, Valid Loss: 0.00269, EPS: 0.541
Epoch: 51, Train Loss: 0.00147, Valid Loss: 0.00269, EPS: 0.532
Epoch: 52, Train Loss: 0.00145, Valid Loss: 0.00269, EPS: 0.523
Epoch: 53, Train Loss: 0.00145, Valid Loss: 0.00267, EPS: 0.514
Epoch: 54, Train Loss: 0.00145, Valid Loss: 0.00270, EPS: 0.505
Epoch: 55, Train Loss: 0.00144, Valid Loss: 0.00268, EPS: 0.496
Epoch: 56, Train Loss: 0.00144, Valid Loss: 0.00269, EPS: 0.4870000000000001
Epoch: 57, Train Loss: 0.00143, Valid Loss: 0.00272, EPS: 0.4780000000000001
Epoch: 58, Train Loss: 0.00143, Valid Loss: 0.00271, EPS: 0.4690000000000001
Epoch: 59, Train Loss: 0.00142, Valid Loss: 0.00271, EPS: 0.4600000000000001
Epoch: 60, Train Loss: 0.00143, Valid Loss: 0.00270, EPS: 0.45100000000000007
Epoch: 61, Train Loss: 0.00141, Valid Loss: 0.00271, EPS: 0.44200000000000006
Epoch: 62, Train Loss: 0.00141, Valid Loss: 0.00270, EPS: 0.43300000000000005
Epoch: 63, Train Loss: 0.00140, Valid Loss: 0.00270, EPS: 0.42400000000000004
Epoch: 64, Train Loss: 0.00139, Valid Loss: 0.00270, EPS: 0.41500000000000004
Epoch: 65, Train Loss: 0.00137, Valid Loss: 0.00270, EPS: 0.406
Epoch: 66, Train Loss: 0.00136, Valid Loss: 0.00269, EPS: 0.397
Epoch: 67, Train Loss: 0.00136, Valid Loss: 0.00270, EPS: 0.388
Epoch: 68, Train Loss: 0.00136, Valid Loss: 0.00270, EPS: 0.3790000000000001
Epoch: 69, Train Loss: 0.00135, Valid Loss: 0.00271, EPS: 0.3700000000000001
Epoch: 70, Train Loss: 0.00136, Valid Loss: 0.00269, EPS: 0.3610000000000001
Epoch: 71, Train Loss: 0.00135, Valid Loss: 0.00269, EPS: 0.3520000000000001
Epoch: 72, Train Loss: 0.00135, Valid Loss: 0.00268, EPS: 0.343
Epoch: 73, Train Loss: 0.00135, Valid Loss: 0.00270, EPS: 0.334
Epoch: 74, Train Loss: 0.00136, Valid Loss: 0.00269, EPS: 0.325
Epoch: 75, Train Loss: 0.00134, Valid Loss: 0.00270, EPS: 0.316
Epoch: 76, Train Loss: 0.00134, Valid Loss: 0.00269, EPS: 0.307
Epoch: 77, Train Loss: 0.00134, Valid Loss: 0.00268, EPS: 0.298
Epoch: 78, Train Loss: 0.00134, Valid Loss: 0.00269, EPS: 0.289
Epoch: 79, Train Loss: 0.00134, Valid Loss: 0.00269, EPS: 0.27999999999999997
Epoch: 80, Train Loss: 0.00134, Valid Loss: 0.00269, EPS: 0.27099999999999996
Epoch: 81, Train Loss: 0.00133, Valid Loss: 0.00267, EPS: 0.26200000000000007
Epoch: 82, Train Loss: 0.00134, Valid Loss: 0.00270, EPS: 0.25300000000000006
Epoch: 83, Train Loss: 0.00134, Valid Loss: 0.00269, EPS: 0.24400000000000005
Epoch: 84, Train Loss: 0.00134, Valid Loss: 0.00268, EPS: 0.23500000000000004
Epoch: 85, Train Loss: 0.00134, Valid Loss: 0.00269, EPS: 0.22600000000000003
Epoch: 86, Train Loss: 0.00134, Valid Loss: 0.00269, EPS: 0.21700000000000003
Epoch: 87, Train Loss: 0.00134, Valid Loss: 0.00266, EPS: 0.20800000000000002
Epoch: 88, Train Loss: 0.00134, Valid Loss: 0.00269, EPS: 0.199
Epoch: 89, Train Loss: 0.00135, Valid Loss: 0.00271, EPS: 0.19
Epoch: 90, Train Loss: 0.00134, Valid Loss: 0.00269, EPS: 0.181
Epoch: 91, Train Loss: 0.00134, Valid Loss: 0.00268, EPS: 0.172
Epoch: 92, Train Loss: 0.00134, Valid Loss: 0.00270, EPS: 0.16299999999999998
Epoch: 93, Train Loss: 0.00134, Valid Loss: 0.00269, EPS: 0.15400000000000005
Epoch: 94, Train Loss: 0.00135, Valid Loss: 0.00269, EPS: 0.14500000000000005
Epoch: 95, Train Loss: 0.00134, Valid Loss: 0.00268, EPS: 0.13600000000000004
Epoch: 96, Train Loss: 0.00134, Valid Loss: 0.00270, EPS: 0.12700000000000003
Epoch: 97, Train Loss: 0.00134, Valid Loss: 0.00268, EPS: 0.11800000000000002
Epoch: 98, Train Loss: 0.00133, Valid Loss: 0.00269, EPS: 0.10900000000000001
Epoch: 99, Train Loss: 0.00134, Valid Loss: 0.00268, EPS: 0.1
Test Loss: 0.00268
Test Loss: 0.00265
Running context window: 5 with stride: 5 with seed: 42
torch.Size([2806, 5, 64, 32])
torch.Size([935, 5, 64, 32])
torch.Size([937, 5, 64, 32])
Shape: (5, 144, 72)
Epoch: 0, Train Loss: 0.00717, Valid Loss: 0.00485, EPS: 0.991
Epoch: 1, Train Loss: 0.00429, Valid Loss: 0.00403, EPS: 0.982
Epoch: 2, Train Loss: 0.00350, Valid Loss: 0.00351, EPS: 0.973
Epoch: 3, Train Loss: 0.00305, Valid Loss: 0.00323, EPS: 0.964
Epoch: 4, Train Loss: 0.00279, Valid Loss: 0.00307, EPS: 0.955
Epoch: 5, Train Loss: 0.00266, Valid Loss: 0.00301, EPS: 0.946
Epoch: 6, Train Loss: 0.00262, Valid Loss: 0.00298, EPS: 0.9369999999999999
Epoch: 7, Train Loss: 0.00257, Valid Loss: 0.00299, EPS: 0.928
Epoch: 8, Train Loss: 0.00258, Valid Loss: 0.00298, EPS: 0.919
Epoch: 9, Train Loss: 0.00257, Valid Loss: 0.00293, EPS: 0.91
Epoch: 10, Train Loss: 0.00253, Valid Loss: 0.00291, EPS: 0.901
Epoch: 11, Train Loss: 0.00251, Valid Loss: 0.00293, EPS: 0.892
Epoch: 12, Train Loss: 0.00253, Valid Loss: 0.00293, EPS: 0.883
Epoch: 13, Train Loss: 0.00254, Valid Loss: 0.00294, EPS: 0.874
Epoch: 14, Train Loss: 0.00253, Valid Loss: 0.00291, EPS: 0.865
Epoch: 15, Train Loss: 0.00250, Valid Loss: 0.00296, EPS: 0.856
Epoch: 16, Train Loss: 0.00248, Valid Loss: 0.00296, EPS: 0.847
Epoch: 17, Train Loss: 0.00251, Valid Loss: 0.00293, EPS: 0.8380000000000001
Epoch: 18, Train Loss: 0.00251, Valid Loss: 0.00295, EPS: 0.8290000000000001
Epoch: 19, Train Loss: 0.00248, Valid Loss: 0.00293, EPS: 0.8200000000000001
Epoch: 20, Train Loss: 0.00247, Valid Loss: 0.00289, EPS: 0.811
Epoch: 21, Train Loss: 0.00243, Valid Loss: 0.00287, EPS: 0.802
Epoch: 22, Train Loss: 0.00242, Valid Loss: 0.00288, EPS: 0.793
Epoch: 23, Train Loss: 0.00242, Valid Loss: 0.00286, EPS: 0.784
Epoch: 24, Train Loss: 0.00242, Valid Loss: 0.00286, EPS: 0.775
Epoch: 25, Train Loss: 0.00242, Valid Loss: 0.00292, EPS: 0.766
Epoch: 26, Train Loss: 0.00243, Valid Loss: 0.00290, EPS: 0.757
Epoch: 27, Train Loss: 0.00244, Valid Loss: 0.00290, EPS: 0.748
Epoch: 28, Train Loss: 0.00242, Valid Loss: 0.00290, EPS: 0.739
Epoch: 29, Train Loss: 0.00245, Valid Loss: 0.00287, EPS: 0.73
Epoch: 30, Train Loss: 0.00244, Valid Loss: 0.00292, EPS: 0.721
Epoch: 31, Train Loss: 0.00243, Valid Loss: 0.00287, EPS: 0.712
Epoch: 32, Train Loss: 0.00242, Valid Loss: 0.00286, EPS: 0.703
Epoch: 33, Train Loss: 0.00240, Valid Loss: 0.00290, EPS: 0.694
Epoch: 34, Train Loss: 0.00241, Valid Loss: 0.00289, EPS: 0.685
Epoch: 35, Train Loss: 0.00243, Valid Loss: 0.00286, EPS: 0.676
Epoch: 36, Train Loss: 0.00241, Valid Loss: 0.00285, EPS: 0.667
Epoch: 37, Train Loss: 0.00240, Valid Loss: 0.00295, EPS: 0.658
Epoch: 38, Train Loss: 0.00242, Valid Loss: 0.00283, EPS: 0.649
Epoch: 39, Train Loss: 0.00239, Valid Loss: 0.00289, EPS: 0.64
Epoch: 40, Train Loss: 0.00240, Valid Loss: 0.00284, EPS: 0.6310000000000001
Epoch: 41, Train Loss: 0.00241, Valid Loss: 0.00288, EPS: 0.6220000000000001
Epoch: 42, Train Loss: 0.00241, Valid Loss: 0.00288, EPS: 0.6130000000000001
Epoch: 43, Train Loss: 0.00239, Valid Loss: 0.00285, EPS: 0.6040000000000001
Epoch: 44, Train Loss: 0.00238, Valid Loss: 0.00286, EPS: 0.5950000000000001
Epoch: 45, Train Loss: 0.00238, Valid Loss: 0.00285, EPS: 0.5860000000000001
Epoch: 46, Train Loss: 0.00238, Valid Loss: 0.00284, EPS: 0.5770000000000001
Epoch: 47, Train Loss: 0.00238, Valid Loss: 0.00287, EPS: 0.5680000000000001
Epoch: 48, Train Loss: 0.00240, Valid Loss: 0.00283, EPS: 0.559
Epoch: 49, Train Loss: 0.00237, Valid Loss: 0.00284, EPS: 0.55
Epoch: 50, Train Loss: 0.00216, Valid Loss: 0.00269, EPS: 0.541
Epoch: 51, Train Loss: 0.00200, Valid Loss: 0.00263, EPS: 0.532
Epoch: 52, Train Loss: 0.00193, Valid Loss: 0.00258, EPS: 0.523
Epoch: 53, Train Loss: 0.00190, Valid Loss: 0.00255, EPS: 0.514
Epoch: 54, Train Loss: 0.00187, Valid Loss: 0.00254, EPS: 0.505
Epoch: 55, Train Loss: 0.00186, Valid Loss: 0.00255, EPS: 0.496
Epoch: 56, Train Loss: 0.00185, Valid Loss: 0.00254, EPS: 0.4870000000000001
Epoch: 57, Train Loss: 0.00184, Valid Loss: 0.00253, EPS: 0.4780000000000001
Epoch: 58, Train Loss: 0.00184, Valid Loss: 0.00253, EPS: 0.4690000000000001
Epoch: 59, Train Loss: 0.00183, Valid Loss: 0.00253, EPS: 0.4600000000000001
Epoch: 60, Train Loss: 0.00183, Valid Loss: 0.00252, EPS: 0.45100000000000007
Epoch: 61, Train Loss: 0.00183, Valid Loss: 0.00252, EPS: 0.44200000000000006
Epoch: 62, Train Loss: 0.00182, Valid Loss: 0.00253, EPS: 0.43300000000000005
Epoch: 63, Train Loss: 0.00181, Valid Loss: 0.00252, EPS: 0.42400000000000004
Epoch: 64, Train Loss: 0.00181, Valid Loss: 0.00252, EPS: 0.41500000000000004
Epoch: 65, Train Loss: 0.00180, Valid Loss: 0.00252, EPS: 0.406
Epoch: 66, Train Loss: 0.00180, Valid Loss: 0.00251, EPS: 0.397
Epoch: 67, Train Loss: 0.00178, Valid Loss: 0.00250, EPS: 0.388
Epoch: 68, Train Loss: 0.00178, Valid Loss: 0.00251, EPS: 0.3790000000000001
Epoch: 69, Train Loss: 0.00177, Valid Loss: 0.00252, EPS: 0.3700000000000001
Epoch: 70, Train Loss: 0.00175, Valid Loss: 0.00251, EPS: 0.3610000000000001
Epoch: 71, Train Loss: 0.00175, Valid Loss: 0.00250, EPS: 0.3520000000000001
Epoch: 72, Train Loss: 0.00174, Valid Loss: 0.00250, EPS: 0.343
Epoch: 73, Train Loss: 0.00173, Valid Loss: 0.00248, EPS: 0.334
Epoch: 74, Train Loss: 0.00172, Valid Loss: 0.00251, EPS: 0.325
Epoch: 75, Train Loss: 0.00171, Valid Loss: 0.00248, EPS: 0.316
Epoch: 76, Train Loss: 0.00172, Valid Loss: 0.00249, EPS: 0.307
Epoch: 77, Train Loss: 0.00171, Valid Loss: 0.00249, EPS: 0.298
Epoch: 78, Train Loss: 0.00171, Valid Loss: 0.00249, EPS: 0.289
Epoch: 79, Train Loss: 0.00170, Valid Loss: 0.00249, EPS: 0.27999999999999997
Epoch: 80, Train Loss: 0.00170, Valid Loss: 0.00251, EPS: 0.27099999999999996
Epoch: 81, Train Loss: 0.00169, Valid Loss: 0.00249, EPS: 0.26200000000000007
Epoch: 82, Train Loss: 0.00170, Valid Loss: 0.00250, EPS: 0.25300000000000006
Epoch: 83, Train Loss: 0.00169, Valid Loss: 0.00250, EPS: 0.24400000000000005
Epoch: 84, Train Loss: 0.00168, Valid Loss: 0.00250, EPS: 0.23500000000000004
Epoch: 85, Train Loss: 0.00163, Valid Loss: 0.00246, EPS: 0.22600000000000003
Epoch: 86, Train Loss: 0.00159, Valid Loss: 0.00245, EPS: 0.21700000000000003
Epoch: 87, Train Loss: 0.00158, Valid Loss: 0.00244, EPS: 0.20800000000000002
Epoch: 88, Train Loss: 0.00158, Valid Loss: 0.00245, EPS: 0.199
Epoch: 89, Train Loss: 0.00157, Valid Loss: 0.00246, EPS: 0.19
Epoch: 90, Train Loss: 0.00156, Valid Loss: 0.00245, EPS: 0.181
Epoch: 91, Train Loss: 0.00156, Valid Loss: 0.00244, EPS: 0.172
Epoch: 92, Train Loss: 0.00156, Valid Loss: 0.00245, EPS: 0.16299999999999998
Epoch: 93, Train Loss: 0.00156, Valid Loss: 0.00245, EPS: 0.15400000000000005
Epoch: 94, Train Loss: 0.00156, Valid Loss: 0.00247, EPS: 0.14500000000000005
Epoch: 95, Train Loss: 0.00156, Valid Loss: 0.00245, EPS: 0.13600000000000004
Epoch: 96, Train Loss: 0.00156, Valid Loss: 0.00245, EPS: 0.12700000000000003
Epoch: 97, Train Loss: 0.00156, Valid Loss: 0.00246, EPS: 0.11800000000000002
Epoch: 98, Train Loss: 0.00156, Valid Loss: 0.00246, EPS: 0.10900000000000001
Epoch: 99, Train Loss: 0.00156, Valid Loss: 0.00245, EPS: 0.1
Test Loss: 0.00244
Test Loss: 0.00236
Running context window: 5 with stride: 10 with seed: 42
torch.Size([2806, 5, 64, 32])
torch.Size([935, 5, 64, 32])
torch.Size([937, 5, 64, 32])
Shape: (5, 144, 72)
Epoch: 0, Train Loss: 0.00870, Valid Loss: 0.00586, EPS: 0.991
Epoch: 1, Train Loss: 0.00522, Valid Loss: 0.00472, EPS: 0.982
Epoch: 2, Train Loss: 0.00430, Valid Loss: 0.00431, EPS: 0.973
Epoch: 3, Train Loss: 0.00368, Valid Loss: 0.00388, EPS: 0.964
Epoch: 4, Train Loss: 0.00324, Valid Loss: 0.00357, EPS: 0.955
Epoch: 5, Train Loss: 0.00295, Valid Loss: 0.00342, EPS: 0.946
Epoch: 6, Train Loss: 0.00274, Valid Loss: 0.00333, EPS: 0.9369999999999999
Epoch: 7, Train Loss: 0.00258, Valid Loss: 0.00319, EPS: 0.928
Epoch: 8, Train Loss: 0.00247, Valid Loss: 0.00315, EPS: 0.919
Epoch: 9, Train Loss: 0.00238, Valid Loss: 0.00313, EPS: 0.91
Epoch: 10, Train Loss: 0.00233, Valid Loss: 0.00307, EPS: 0.901
Epoch: 11, Train Loss: 0.00228, Valid Loss: 0.00306, EPS: 0.892
Epoch: 12, Train Loss: 0.00222, Valid Loss: 0.00307, EPS: 0.883
Epoch: 13, Train Loss: 0.00221, Valid Loss: 0.00304, EPS: 0.874
Epoch: 14, Train Loss: 0.00218, Valid Loss: 0.00306, EPS: 0.865
Epoch: 15, Train Loss: 0.00217, Valid Loss: 0.00310, EPS: 0.856
Epoch: 16, Train Loss: 0.00213, Valid Loss: 0.00308, EPS: 0.847
Epoch: 17, Train Loss: 0.00216, Valid Loss: 0.00309, EPS: 0.8380000000000001
Epoch: 18, Train Loss: 0.00213, Valid Loss: 0.00308, EPS: 0.8290000000000001
Epoch: 19, Train Loss: 0.00215, Valid Loss: 0.00302, EPS: 0.8200000000000001
Epoch: 20, Train Loss: 0.00214, Valid Loss: 0.00303, EPS: 0.811
Epoch: 21, Train Loss: 0.00211, Valid Loss: 0.00303, EPS: 0.802
Epoch: 22, Train Loss: 0.00215, Valid Loss: 0.00304, EPS: 0.793
Epoch: 23, Train Loss: 0.00213, Valid Loss: 0.00300, EPS: 0.784
Epoch: 24, Train Loss: 0.00209, Valid Loss: 0.00296, EPS: 0.775
Epoch: 25, Train Loss: 0.00206, Valid Loss: 0.00300, EPS: 0.766
Epoch: 26, Train Loss: 0.00207, Valid Loss: 0.00302, EPS: 0.757
Epoch: 27, Train Loss: 0.00206, Valid Loss: 0.00297, EPS: 0.748
Epoch: 28, Train Loss: 0.00206, Valid Loss: 0.00303, EPS: 0.739
Epoch: 29, Train Loss: 0.00206, Valid Loss: 0.00299, EPS: 0.73
Epoch: 30, Train Loss: 0.00207, Valid Loss: 0.00302, EPS: 0.721
Epoch: 31, Train Loss: 0.00212, Valid Loss: 0.00304, EPS: 0.712
Epoch: 32, Train Loss: 0.00209, Valid Loss: 0.00305, EPS: 0.703
Epoch: 33, Train Loss: 0.00212, Valid Loss: 0.00306, EPS: 0.694
Epoch: 34, Train Loss: 0.00213, Valid Loss: 0.00308, EPS: 0.685
Epoch: 35, Train Loss: 0.00211, Valid Loss: 0.00302, EPS: 0.676
Epoch: 36, Train Loss: 0.00193, Valid Loss: 0.00290, EPS: 0.667
Epoch: 37, Train Loss: 0.00179, Valid Loss: 0.00283, EPS: 0.658
Epoch: 38, Train Loss: 0.00172, Valid Loss: 0.00280, EPS: 0.649
Epoch: 39, Train Loss: 0.00166, Valid Loss: 0.00274, EPS: 0.64
Epoch: 40, Train Loss: 0.00162, Valid Loss: 0.00275, EPS: 0.6310000000000001
Epoch: 41, Train Loss: 0.00159, Valid Loss: 0.00271, EPS: 0.6220000000000001
Epoch: 42, Train Loss: 0.00157, Valid Loss: 0.00270, EPS: 0.6130000000000001
Epoch: 43, Train Loss: 0.00154, Valid Loss: 0.00270, EPS: 0.6040000000000001
Epoch: 44, Train Loss: 0.00155, Valid Loss: 0.00271, EPS: 0.5950000000000001
Epoch: 45, Train Loss: 0.00151, Valid Loss: 0.00270, EPS: 0.5860000000000001
Epoch: 46, Train Loss: 0.00151, Valid Loss: 0.00269, EPS: 0.5770000000000001
Epoch: 47, Train Loss: 0.00150, Valid Loss: 0.00270, EPS: 0.5680000000000001
Epoch: 48, Train Loss: 0.00150, Valid Loss: 0.00268, EPS: 0.559
Epoch: 49, Train Loss: 0.00149, Valid Loss: 0.00270, EPS: 0.55
Epoch: 50, Train Loss: 0.00148, Valid Loss: 0.00270, EPS: 0.541
Epoch: 51, Train Loss: 0.00149, Valid Loss: 0.00269, EPS: 0.532
Epoch: 52, Train Loss: 0.00147, Valid Loss: 0.00268, EPS: 0.523
Epoch: 53, Train Loss: 0.00146, Valid Loss: 0.00269, EPS: 0.514
Epoch: 54, Train Loss: 0.00147, Valid Loss: 0.00269, EPS: 0.505
Epoch: 55, Train Loss: 0.00145, Valid Loss: 0.00269, EPS: 0.496
Epoch: 56, Train Loss: 0.00145, Valid Loss: 0.00268, EPS: 0.4870000000000001
Epoch: 57, Train Loss: 0.00144, Valid Loss: 0.00269, EPS: 0.4780000000000001
Epoch: 58, Train Loss: 0.00144, Valid Loss: 0.00268, EPS: 0.4690000000000001
Epoch: 59, Train Loss: 0.00144, Valid Loss: 0.00271, EPS: 0.4600000000000001
Epoch: 60, Train Loss: 0.00142, Valid Loss: 0.00269, EPS: 0.45100000000000007
Epoch: 61, Train Loss: 0.00142, Valid Loss: 0.00269, EPS: 0.44200000000000006
Epoch: 62, Train Loss: 0.00141, Valid Loss: 0.00270, EPS: 0.43300000000000005
Epoch: 63, Train Loss: 0.00141, Valid Loss: 0.00268, EPS: 0.42400000000000004
Epoch: 64, Train Loss: 0.00141, Valid Loss: 0.00267, EPS: 0.41500000000000004
Epoch: 65, Train Loss: 0.00139, Valid Loss: 0.00269, EPS: 0.406
Epoch: 66, Train Loss: 0.00139, Valid Loss: 0.00271, EPS: 0.397
Epoch: 67, Train Loss: 0.00138, Valid Loss: 0.00270, EPS: 0.388
Epoch: 68, Train Loss: 0.00138, Valid Loss: 0.00270, EPS: 0.3790000000000001
Epoch: 69, Train Loss: 0.00137, Valid Loss: 0.00270, EPS: 0.3700000000000001
Epoch: 70, Train Loss: 0.00136, Valid Loss: 0.00270, EPS: 0.3610000000000001
Epoch: 71, Train Loss: 0.00135, Valid Loss: 0.00270, EPS: 0.3520000000000001
Epoch: 72, Train Loss: 0.00133, Valid Loss: 0.00271, EPS: 0.343
Epoch: 73, Train Loss: 0.00132, Valid Loss: 0.00271, EPS: 0.334
Epoch: 74, Train Loss: 0.00133, Valid Loss: 0.00273, EPS: 0.325
Epoch: 75, Train Loss: 0.00133, Valid Loss: 0.00270, EPS: 0.316
Epoch: 76, Train Loss: 0.00130, Valid Loss: 0.00271, EPS: 0.307
Epoch: 77, Train Loss: 0.00128, Valid Loss: 0.00270, EPS: 0.298
Epoch: 78, Train Loss: 0.00127, Valid Loss: 0.00270, EPS: 0.289
Epoch: 79, Train Loss: 0.00126, Valid Loss: 0.00267, EPS: 0.27999999999999997
Epoch: 80, Train Loss: 0.00125, Valid Loss: 0.00269, EPS: 0.27099999999999996
Epoch: 81, Train Loss: 0.00124, Valid Loss: 0.00269, EPS: 0.26200000000000007
Epoch: 82, Train Loss: 0.00124, Valid Loss: 0.00267, EPS: 0.25300000000000006
Epoch: 83, Train Loss: 0.00123, Valid Loss: 0.00268, EPS: 0.24400000000000005
Epoch: 84, Train Loss: 0.00124, Valid Loss: 0.00269, EPS: 0.23500000000000004
Epoch: 85, Train Loss: 0.00123, Valid Loss: 0.00269, EPS: 0.22600000000000003
Epoch: 86, Train Loss: 0.00123, Valid Loss: 0.00268, EPS: 0.21700000000000003
Epoch: 87, Train Loss: 0.00124, Valid Loss: 0.00267, EPS: 0.20800000000000002
Epoch: 88, Train Loss: 0.00123, Valid Loss: 0.00267, EPS: 0.199
Epoch: 89, Train Loss: 0.00123, Valid Loss: 0.00269, EPS: 0.19
Epoch: 90, Train Loss: 0.00124, Valid Loss: 0.00269, EPS: 0.181
Epoch: 91, Train Loss: 0.00123, Valid Loss: 0.00269, EPS: 0.172
Epoch: 92, Train Loss: 0.00123, Valid Loss: 0.00268, EPS: 0.16299999999999998
Epoch: 93, Train Loss: 0.00122, Valid Loss: 0.00270, EPS: 0.15400000000000005
Epoch: 94, Train Loss: 0.00123, Valid Loss: 0.00268, EPS: 0.14500000000000005
Epoch: 95, Train Loss: 0.00123, Valid Loss: 0.00268, EPS: 0.13600000000000004
Epoch: 96, Train Loss: 0.00123, Valid Loss: 0.00269, EPS: 0.12700000000000003
Epoch: 97, Train Loss: 0.00123, Valid Loss: 0.00268, EPS: 0.11800000000000002
Epoch: 98, Train Loss: 0.00123, Valid Loss: 0.00267, EPS: 0.10900000000000001
Epoch: 99, Train Loss: 0.00123, Valid Loss: 0.00268, EPS: 0.1
Test Loss: 0.00269
Test Loss: 0.00263
Running context window: 5 with stride: 5 with seed: 123
torch.Size([2806, 5, 64, 32])
torch.Size([935, 5, 64, 32])
torch.Size([937, 5, 64, 32])
Shape: (5, 144, 72)
Epoch: 0, Train Loss: 0.00720, Valid Loss: 0.00490, EPS: 0.991
Epoch: 1, Train Loss: 0.00437, Valid Loss: 0.00406, EPS: 0.982
Epoch: 2, Train Loss: 0.00356, Valid Loss: 0.00352, EPS: 0.973
Epoch: 3, Train Loss: 0.00307, Valid Loss: 0.00324, EPS: 0.964
Epoch: 4, Train Loss: 0.00282, Valid Loss: 0.00312, EPS: 0.955
Epoch: 5, Train Loss: 0.00270, Valid Loss: 0.00306, EPS: 0.946
Epoch: 6, Train Loss: 0.00264, Valid Loss: 0.00297, EPS: 0.9369999999999999
Epoch: 7, Train Loss: 0.00258, Valid Loss: 0.00294, EPS: 0.928
Epoch: 8, Train Loss: 0.00255, Valid Loss: 0.00297, EPS: 0.919
Epoch: 9, Train Loss: 0.00258, Valid Loss: 0.00295, EPS: 0.91
Epoch: 10, Train Loss: 0.00257, Valid Loss: 0.00295, EPS: 0.901
Epoch: 11, Train Loss: 0.00257, Valid Loss: 0.00298, EPS: 0.892
Epoch: 12, Train Loss: 0.00256, Valid Loss: 0.00292, EPS: 0.883
Epoch: 13, Train Loss: 0.00252, Valid Loss: 0.00290, EPS: 0.874
Epoch: 14, Train Loss: 0.00252, Valid Loss: 0.00290, EPS: 0.865
Epoch: 15, Train Loss: 0.00251, Valid Loss: 0.00290, EPS: 0.856
Epoch: 16, Train Loss: 0.00248, Valid Loss: 0.00289, EPS: 0.847
Epoch: 17, Train Loss: 0.00249, Valid Loss: 0.00290, EPS: 0.8380000000000001
Epoch: 18, Train Loss: 0.00251, Valid Loss: 0.00295, EPS: 0.8290000000000001
Epoch: 19, Train Loss: 0.00250, Valid Loss: 0.00293, EPS: 0.8200000000000001
Epoch: 20, Train Loss: 0.00250, Valid Loss: 0.00292, EPS: 0.811
Epoch: 21, Train Loss: 0.00247, Valid Loss: 0.00292, EPS: 0.802
Epoch: 22, Train Loss: 0.00248, Valid Loss: 0.00290, EPS: 0.793
Epoch: 23, Train Loss: 0.00248, Valid Loss: 0.00292, EPS: 0.784
Epoch: 24, Train Loss: 0.00246, Valid Loss: 0.00292, EPS: 0.775
Epoch: 25, Train Loss: 0.00249, Valid Loss: 0.00287, EPS: 0.766
Epoch: 26, Train Loss: 0.00245, Valid Loss: 0.00288, EPS: 0.757
Epoch: 27, Train Loss: 0.00244, Valid Loss: 0.00286, EPS: 0.748
Epoch: 28, Train Loss: 0.00243, Valid Loss: 0.00294, EPS: 0.739
Epoch: 29, Train Loss: 0.00243, Valid Loss: 0.00289, EPS: 0.73
Epoch: 30, Train Loss: 0.00242, Valid Loss: 0.00285, EPS: 0.721
Epoch: 31, Train Loss: 0.00242, Valid Loss: 0.00283, EPS: 0.712
Epoch: 32, Train Loss: 0.00241, Valid Loss: 0.00286, EPS: 0.703
Epoch: 33, Train Loss: 0.00241, Valid Loss: 0.00285, EPS: 0.694
Epoch: 34, Train Loss: 0.00242, Valid Loss: 0.00289, EPS: 0.685
Epoch: 35, Train Loss: 0.00240, Valid Loss: 0.00284, EPS: 0.676
Epoch: 36, Train Loss: 0.00238, Valid Loss: 0.00284, EPS: 0.667
Epoch: 37, Train Loss: 0.00236, Valid Loss: 0.00285, EPS: 0.658
Epoch: 38, Train Loss: 0.00239, Valid Loss: 0.00290, EPS: 0.649
Epoch: 39, Train Loss: 0.00241, Valid Loss: 0.00286, EPS: 0.64
Epoch: 40, Train Loss: 0.00240, Valid Loss: 0.00288, EPS: 0.6310000000000001
Epoch: 41, Train Loss: 0.00240, Valid Loss: 0.00285, EPS: 0.6220000000000001
Epoch: 42, Train Loss: 0.00241, Valid Loss: 0.00286, EPS: 0.6130000000000001
Epoch: 43, Train Loss: 0.00218, Valid Loss: 0.00270, EPS: 0.6040000000000001
Epoch: 44, Train Loss: 0.00203, Valid Loss: 0.00262, EPS: 0.5950000000000001
Epoch: 45, Train Loss: 0.00195, Valid Loss: 0.00257, EPS: 0.5860000000000001
Epoch: 46, Train Loss: 0.00190, Valid Loss: 0.00255, EPS: 0.5770000000000001
Epoch: 47, Train Loss: 0.00189, Valid Loss: 0.00256, EPS: 0.5680000000000001
Epoch: 48, Train Loss: 0.00187, Valid Loss: 0.00254, EPS: 0.559
Epoch: 49, Train Loss: 0.00186, Valid Loss: 0.00253, EPS: 0.55
Epoch: 50, Train Loss: 0.00185, Valid Loss: 0.00253, EPS: 0.541
Epoch: 51, Train Loss: 0.00185, Valid Loss: 0.00252, EPS: 0.532
Epoch: 52, Train Loss: 0.00184, Valid Loss: 0.00253, EPS: 0.523
Epoch: 53, Train Loss: 0.00183, Valid Loss: 0.00254, EPS: 0.514
Epoch: 54, Train Loss: 0.00183, Valid Loss: 0.00252, EPS: 0.505
Epoch: 55, Train Loss: 0.00182, Valid Loss: 0.00253, EPS: 0.496
Epoch: 56, Train Loss: 0.00182, Valid Loss: 0.00251, EPS: 0.4870000000000001
Epoch: 57, Train Loss: 0.00181, Valid Loss: 0.00252, EPS: 0.4780000000000001
Epoch: 58, Train Loss: 0.00180, Valid Loss: 0.00251, EPS: 0.4690000000000001
Epoch: 59, Train Loss: 0.00179, Valid Loss: 0.00251, EPS: 0.4600000000000001
Epoch: 60, Train Loss: 0.00179, Valid Loss: 0.00250, EPS: 0.45100000000000007
Epoch: 61, Train Loss: 0.00178, Valid Loss: 0.00250, EPS: 0.44200000000000006
Epoch: 62, Train Loss: 0.00177, Valid Loss: 0.00252, EPS: 0.43300000000000005
Epoch: 63, Train Loss: 0.00176, Valid Loss: 0.00249, EPS: 0.42400000000000004
Epoch: 64, Train Loss: 0.00175, Valid Loss: 0.00251, EPS: 0.41500000000000004
Epoch: 65, Train Loss: 0.00175, Valid Loss: 0.00251, EPS: 0.406
Epoch: 66, Train Loss: 0.00174, Valid Loss: 0.00251, EPS: 0.397
Epoch: 67, Train Loss: 0.00174, Valid Loss: 0.00250, EPS: 0.388
Epoch: 68, Train Loss: 0.00173, Valid Loss: 0.00250, EPS: 0.3790000000000001
Epoch: 69, Train Loss: 0.00173, Valid Loss: 0.00250, EPS: 0.3700000000000001
Epoch: 70, Train Loss: 0.00173, Valid Loss: 0.00250, EPS: 0.3610000000000001
Epoch: 71, Train Loss: 0.00172, Valid Loss: 0.00252, EPS: 0.3520000000000001
Epoch: 72, Train Loss: 0.00172, Valid Loss: 0.00253, EPS: 0.343
Epoch: 73, Train Loss: 0.00172, Valid Loss: 0.00251, EPS: 0.334
Epoch: 74, Train Loss: 0.00171, Valid Loss: 0.00251, EPS: 0.325
Epoch: 75, Train Loss: 0.00165, Valid Loss: 0.00248, EPS: 0.316
Epoch: 76, Train Loss: 0.00163, Valid Loss: 0.00248, EPS: 0.307
Epoch: 77, Train Loss: 0.00162, Valid Loss: 0.00248, EPS: 0.298
Epoch: 78, Train Loss: 0.00161, Valid Loss: 0.00247, EPS: 0.289
Epoch: 79, Train Loss: 0.00160, Valid Loss: 0.00246, EPS: 0.27999999999999997
Epoch: 80, Train Loss: 0.00161, Valid Loss: 0.00247, EPS: 0.27099999999999996
Epoch: 81, Train Loss: 0.00160, Valid Loss: 0.00246, EPS: 0.26200000000000007
Epoch: 82, Train Loss: 0.00160, Valid Loss: 0.00247, EPS: 0.25300000000000006
Epoch: 83, Train Loss: 0.00160, Valid Loss: 0.00245, EPS: 0.24400000000000005
Epoch: 84, Train Loss: 0.00160, Valid Loss: 0.00246, EPS: 0.23500000000000004
Epoch: 85, Train Loss: 0.00160, Valid Loss: 0.00246, EPS: 0.22600000000000003
Epoch: 86, Train Loss: 0.00159, Valid Loss: 0.00247, EPS: 0.21700000000000003
Epoch: 87, Train Loss: 0.00159, Valid Loss: 0.00246, EPS: 0.20800000000000002
Epoch: 88, Train Loss: 0.00159, Valid Loss: 0.00247, EPS: 0.199
Epoch: 89, Train Loss: 0.00159, Valid Loss: 0.00247, EPS: 0.19
Epoch: 90, Train Loss: 0.00159, Valid Loss: 0.00247, EPS: 0.181
Epoch: 91, Train Loss: 0.00159, Valid Loss: 0.00247, EPS: 0.172
Epoch: 92, Train Loss: 0.00159, Valid Loss: 0.00247, EPS: 0.16299999999999998
Epoch: 93, Train Loss: 0.00159, Valid Loss: 0.00247, EPS: 0.15400000000000005
Epoch: 94, Train Loss: 0.00159, Valid Loss: 0.00246, EPS: 0.14500000000000005
Epoch: 95, Train Loss: 0.00158, Valid Loss: 0.00246, EPS: 0.13600000000000004
Epoch: 96, Train Loss: 0.00158, Valid Loss: 0.00246, EPS: 0.12700000000000003
Epoch: 97, Train Loss: 0.00157, Valid Loss: 0.00246, EPS: 0.11800000000000002
Epoch: 98, Train Loss: 0.00157, Valid Loss: 0.00246, EPS: 0.10900000000000001
Epoch: 99, Train Loss: 0.00157, Valid Loss: 0.00246, EPS: 0.1
Test Loss: 0.00246
Test Loss: 0.00239
Running context window: 5 with stride: 10 with seed: 123
torch.Size([2806, 5, 64, 32])
torch.Size([935, 5, 64, 32])
torch.Size([937, 5, 64, 32])
Shape: (5, 144, 72)
Epoch: 0, Train Loss: 0.00859, Valid Loss: 0.00552, EPS: 0.991
Epoch: 1, Train Loss: 0.00512, Valid Loss: 0.00477, EPS: 0.982
Epoch: 2, Train Loss: 0.00430, Valid Loss: 0.00422, EPS: 0.973
Epoch: 3, Train Loss: 0.00370, Valid Loss: 0.00399, EPS: 0.964
Epoch: 4, Train Loss: 0.00330, Valid Loss: 0.00358, EPS: 0.955
Epoch: 5, Train Loss: 0.00293, Valid Loss: 0.00344, EPS: 0.946
Epoch: 6, Train Loss: 0.00270, Valid Loss: 0.00331, EPS: 0.9369999999999999
Epoch: 7, Train Loss: 0.00254, Valid Loss: 0.00321, EPS: 0.928
Epoch: 8, Train Loss: 0.00242, Valid Loss: 0.00316, EPS: 0.919
Epoch: 9, Train Loss: 0.00236, Valid Loss: 0.00316, EPS: 0.91
Epoch: 10, Train Loss: 0.00232, Valid Loss: 0.00314, EPS: 0.901
Epoch: 11, Train Loss: 0.00229, Valid Loss: 0.00312, EPS: 0.892
Epoch: 12, Train Loss: 0.00227, Valid Loss: 0.00307, EPS: 0.883
Epoch: 13, Train Loss: 0.00223, Valid Loss: 0.00304, EPS: 0.874
Epoch: 14, Train Loss: 0.00222, Valid Loss: 0.00310, EPS: 0.865
Epoch: 15, Train Loss: 0.00219, Valid Loss: 0.00309, EPS: 0.856
Epoch: 16, Train Loss: 0.00219, Valid Loss: 0.00303, EPS: 0.847
Epoch: 17, Train Loss: 0.00218, Valid Loss: 0.00301, EPS: 0.8380000000000001
Epoch: 18, Train Loss: 0.00218, Valid Loss: 0.00304, EPS: 0.8290000000000001
Epoch: 19, Train Loss: 0.00216, Valid Loss: 0.00303, EPS: 0.8200000000000001
Epoch: 20, Train Loss: 0.00216, Valid Loss: 0.00302, EPS: 0.811
Epoch: 21, Train Loss: 0.00215, Valid Loss: 0.00305, EPS: 0.802
Epoch: 22, Train Loss: 0.00215, Valid Loss: 0.00300, EPS: 0.793
Epoch: 23, Train Loss: 0.00212, Valid Loss: 0.00302, EPS: 0.784
Epoch: 24, Train Loss: 0.00211, Valid Loss: 0.00309, EPS: 0.775
Epoch: 25, Train Loss: 0.00216, Valid Loss: 0.00305, EPS: 0.766
Epoch: 26, Train Loss: 0.00212, Valid Loss: 0.00296, EPS: 0.757
Epoch: 27, Train Loss: 0.00207, Valid Loss: 0.00303, EPS: 0.748
Epoch: 28, Train Loss: 0.00209, Valid Loss: 0.00301, EPS: 0.739
Epoch: 29, Train Loss: 0.00206, Valid Loss: 0.00300, EPS: 0.73
Epoch: 30, Train Loss: 0.00208, Valid Loss: 0.00298, EPS: 0.721
Epoch: 31, Train Loss: 0.00207, Valid Loss: 0.00300, EPS: 0.712
Epoch: 32, Train Loss: 0.00210, Valid Loss: 0.00299, EPS: 0.703
Epoch: 33, Train Loss: 0.00207, Valid Loss: 0.00303, EPS: 0.694
Epoch: 34, Train Loss: 0.00208, Valid Loss: 0.00300, EPS: 0.685
Epoch: 35, Train Loss: 0.00205, Valid Loss: 0.00300, EPS: 0.676
Epoch: 36, Train Loss: 0.00204, Valid Loss: 0.00299, EPS: 0.667
Epoch: 37, Train Loss: 0.00205, Valid Loss: 0.00297, EPS: 0.658
Epoch: 38, Train Loss: 0.00188, Valid Loss: 0.00289, EPS: 0.649
Epoch: 39, Train Loss: 0.00176, Valid Loss: 0.00282, EPS: 0.64
Epoch: 40, Train Loss: 0.00168, Valid Loss: 0.00276, EPS: 0.6310000000000001
Epoch: 41, Train Loss: 0.00163, Valid Loss: 0.00274, EPS: 0.6220000000000001
Epoch: 42, Train Loss: 0.00157, Valid Loss: 0.00271, EPS: 0.6130000000000001
Epoch: 43, Train Loss: 0.00155, Valid Loss: 0.00270, EPS: 0.6040000000000001
Epoch: 44, Train Loss: 0.00154, Valid Loss: 0.00270, EPS: 0.5950000000000001
Epoch: 45, Train Loss: 0.00152, Valid Loss: 0.00271, EPS: 0.5860000000000001
Epoch: 46, Train Loss: 0.00151, Valid Loss: 0.00267, EPS: 0.5770000000000001
Epoch: 47, Train Loss: 0.00151, Valid Loss: 0.00268, EPS: 0.5680000000000001
Epoch: 48, Train Loss: 0.00149, Valid Loss: 0.00270, EPS: 0.559
Epoch: 49, Train Loss: 0.00148, Valid Loss: 0.00268, EPS: 0.55
Epoch: 50, Train Loss: 0.00148, Valid Loss: 0.00270, EPS: 0.541
Epoch: 51, Train Loss: 0.00148, Valid Loss: 0.00270, EPS: 0.532
Epoch: 52, Train Loss: 0.00147, Valid Loss: 0.00268, EPS: 0.523
Epoch: 53, Train Loss: 0.00147, Valid Loss: 0.00269, EPS: 0.514
Epoch: 54, Train Loss: 0.00146, Valid Loss: 0.00270, EPS: 0.505
Epoch: 55, Train Loss: 0.00145, Valid Loss: 0.00270, EPS: 0.496
Epoch: 56, Train Loss: 0.00145, Valid Loss: 0.00268, EPS: 0.4870000000000001
Epoch: 57, Train Loss: 0.00145, Valid Loss: 0.00268, EPS: 0.4780000000000001
Epoch: 58, Train Loss: 0.00142, Valid Loss: 0.00270, EPS: 0.4690000000000001
Epoch: 59, Train Loss: 0.00141, Valid Loss: 0.00269, EPS: 0.4600000000000001
Epoch: 60, Train Loss: 0.00142, Valid Loss: 0.00267, EPS: 0.45100000000000007
Epoch: 61, Train Loss: 0.00142, Valid Loss: 0.00269, EPS: 0.44200000000000006
Epoch: 62, Train Loss: 0.00141, Valid Loss: 0.00267, EPS: 0.43300000000000005
Epoch: 63, Train Loss: 0.00141, Valid Loss: 0.00269, EPS: 0.42400000000000004
Epoch: 64, Train Loss: 0.00141, Valid Loss: 0.00268, EPS: 0.41500000000000004
Epoch: 65, Train Loss: 0.00141, Valid Loss: 0.00269, EPS: 0.406
Epoch: 66, Train Loss: 0.00141, Valid Loss: 0.00268, EPS: 0.397
Epoch: 67, Train Loss: 0.00141, Valid Loss: 0.00268, EPS: 0.388
Epoch: 68, Train Loss: 0.00140, Valid Loss: 0.00268, EPS: 0.3790000000000001
Epoch: 69, Train Loss: 0.00140, Valid Loss: 0.00269, EPS: 0.3700000000000001
Epoch: 70, Train Loss: 0.00141, Valid Loss: 0.00268, EPS: 0.3610000000000001
Epoch: 71, Train Loss: 0.00140, Valid Loss: 0.00269, EPS: 0.3520000000000001
Epoch: 72, Train Loss: 0.00140, Valid Loss: 0.00269, EPS: 0.343
Epoch: 73, Train Loss: 0.00141, Valid Loss: 0.00268, EPS: 0.334
Epoch: 74, Train Loss: 0.00139, Valid Loss: 0.00269, EPS: 0.325
Epoch: 75, Train Loss: 0.00140, Valid Loss: 0.00269, EPS: 0.316
Epoch: 76, Train Loss: 0.00139, Valid Loss: 0.00269, EPS: 0.307
Epoch: 77, Train Loss: 0.00140, Valid Loss: 0.00270, EPS: 0.298
Epoch: 78, Train Loss: 0.00140, Valid Loss: 0.00269, EPS: 0.289
Epoch: 79, Train Loss: 0.00140, Valid Loss: 0.00267, EPS: 0.27999999999999997
Epoch: 80, Train Loss: 0.00139, Valid Loss: 0.00269, EPS: 0.27099999999999996
Epoch: 81, Train Loss: 0.00139, Valid Loss: 0.00268, EPS: 0.26200000000000007
Epoch: 82, Train Loss: 0.00139, Valid Loss: 0.00268, EPS: 0.25300000000000006
Epoch: 83, Train Loss: 0.00140, Valid Loss: 0.00268, EPS: 0.24400000000000005
Epoch: 84, Train Loss: 0.00140, Valid Loss: 0.00267, EPS: 0.23500000000000004
Epoch: 85, Train Loss: 0.00140, Valid Loss: 0.00268, EPS: 0.22600000000000003
Epoch: 86, Train Loss: 0.00139, Valid Loss: 0.00268, EPS: 0.21700000000000003
Epoch: 87, Train Loss: 0.00141, Valid Loss: 0.00268, EPS: 0.20800000000000002
Epoch: 88, Train Loss: 0.00139, Valid Loss: 0.00270, EPS: 0.199
Epoch: 89, Train Loss: 0.00140, Valid Loss: 0.00268, EPS: 0.19
Epoch: 90, Train Loss: 0.00140, Valid Loss: 0.00269, EPS: 0.181
Epoch: 91, Train Loss: 0.00140, Valid Loss: 0.00268, EPS: 0.172
Epoch: 92, Train Loss: 0.00139, Valid Loss: 0.00270, EPS: 0.16299999999999998
Epoch: 93, Train Loss: 0.00139, Valid Loss: 0.00268, EPS: 0.15400000000000005
Epoch: 94, Train Loss: 0.00139, Valid Loss: 0.00268, EPS: 0.14500000000000005
Epoch: 95, Train Loss: 0.00140, Valid Loss: 0.00269, EPS: 0.13600000000000004
Epoch: 96, Train Loss: 0.00139, Valid Loss: 0.00268, EPS: 0.12700000000000003
Epoch: 97, Train Loss: 0.00140, Valid Loss: 0.00268, EPS: 0.11800000000000002
Epoch: 98, Train Loss: 0.00140, Valid Loss: 0.00269, EPS: 0.10900000000000001
Epoch: 99, Train Loss: 0.00140, Valid Loss: 0.00265, EPS: 0.1
Test Loss: 0.00267
Test Loss: 0.00266
