Train shape: torch.Size([14031, 5, 64, 32])
Valid shape: torch.Size([4677, 5, 64, 32])
Test shape: torch.Size([4678, 5, 64, 32])
Shape: (5, 144, 72)
Starting Downstream Task
Shape: (5, 144, 72)
Epoch: 0, Train Loss: 936.89456, Valid Loss: 461.11523, EPS: 0.991
Epoch: 1, Train Loss: 321.45553, Valid Loss: 200.07237, EPS: 0.982
Epoch: 2, Train Loss: 172.77185, Valid Loss: 121.59081, EPS: 0.973
Epoch: 3, Train Loss: 134.34089, Valid Loss: 117.44374, EPS: 0.964
Epoch: 4, Train Loss: 111.61600, Valid Loss: 89.60450, EPS: 0.955
Epoch: 5, Train Loss: 94.52249, Valid Loss: 84.52043, EPS: 0.946
Epoch: 6, Train Loss: 93.78786, Valid Loss: 86.65817, EPS: 0.9369999999999999
Epoch: 7, Train Loss: 95.61424, Valid Loss: 84.47046, EPS: 0.928
Epoch: 8, Train Loss: 89.57815, Valid Loss: 83.34632, EPS: 0.919
Epoch: 9, Train Loss: 89.29822, Valid Loss: 83.64065, EPS: 0.91
Epoch: 10, Train Loss: 88.70855, Valid Loss: 82.79164, EPS: 0.901
Epoch: 11, Train Loss: 88.66867, Valid Loss: 83.98577, EPS: 0.892
Epoch: 12, Train Loss: 88.26943, Valid Loss: 82.98675, EPS: 0.883
Epoch: 13, Train Loss: 90.23121, Valid Loss: 83.01904, EPS: 0.874
Epoch: 14, Train Loss: 90.20548, Valid Loss: 83.53861, EPS: 0.865
Epoch: 15, Train Loss: 89.14708, Valid Loss: 82.75427, EPS: 0.856
Epoch: 16, Train Loss: 90.24189, Valid Loss: 84.74836, EPS: 0.847
Epoch: 17, Train Loss: 91.61023, Valid Loss: 85.88619, EPS: 0.8380000000000001
Epoch: 18, Train Loss: 91.93535, Valid Loss: 83.12822, EPS: 0.8290000000000001
Epoch: 19, Train Loss: 88.06808, Valid Loss: 82.41061, EPS: 0.8200000000000001
Epoch: 20, Train Loss: 88.34473, Valid Loss: 82.90137, EPS: 0.811
Epoch: 21, Train Loss: 87.58150, Valid Loss: 82.96866, EPS: 0.802
Epoch: 22, Train Loss: 87.98816, Valid Loss: 83.50573, EPS: 0.793
Epoch: 23, Train Loss: 88.84756, Valid Loss: 83.97122, EPS: 0.784
Epoch: 24, Train Loss: 88.05071, Valid Loss: 83.45936, EPS: 0.775
Epoch: 25, Train Loss: 88.45810, Valid Loss: 82.40293, EPS: 0.766
Epoch: 26, Train Loss: 87.63540, Valid Loss: 83.00583, EPS: 0.757
Epoch: 27, Train Loss: 87.76429, Valid Loss: 83.23695, EPS: 0.748
Epoch: 28, Train Loss: 89.68913, Valid Loss: 83.70968, EPS: 0.739
Epoch: 29, Train Loss: 90.20591, Valid Loss: 86.21861, EPS: 0.73
Epoch: 30, Train Loss: 89.58995, Valid Loss: 83.22958, EPS: 0.721
Epoch: 31, Train Loss: 88.15222, Valid Loss: 82.58123, EPS: 0.712
Epoch: 32, Train Loss: 87.92312, Valid Loss: 82.47421, EPS: 0.703
Epoch: 33, Train Loss: 87.67078, Valid Loss: 83.05167, EPS: 0.694
Epoch: 34, Train Loss: 87.63974, Valid Loss: 82.90849, EPS: 0.685
Epoch: 35, Train Loss: 87.55448, Valid Loss: 83.06414, EPS: 0.676
Epoch: 36, Train Loss: 87.54228, Valid Loss: 82.84513, EPS: 0.667
Epoch: 37, Train Loss: 87.71093, Valid Loss: 83.10942, EPS: 0.658
Epoch: 38, Train Loss: 87.62179, Valid Loss: 82.80575, EPS: 0.649
Epoch: 39, Train Loss: 90.11072, Valid Loss: 82.69464, EPS: 0.64
Epoch: 40, Train Loss: 88.75554, Valid Loss: 83.25349, EPS: 0.6310000000000001
Epoch: 41, Train Loss: 88.38105, Valid Loss: 83.02386, EPS: 0.6220000000000001
Epoch: 42, Train Loss: 87.98386, Valid Loss: 82.99337, EPS: 0.6130000000000001
Epoch: 43, Train Loss: 87.80553, Valid Loss: 82.93283, EPS: 0.6040000000000001
Epoch: 44, Train Loss: 88.27057, Valid Loss: 82.55236, EPS: 0.5950000000000001
Epoch: 45, Train Loss: 83.28813, Valid Loss: 74.92494, EPS: 0.5860000000000001
Epoch: 46, Train Loss: 81.10429, Valid Loss: 74.51721, EPS: 0.5770000000000001
Epoch: 47, Train Loss: 80.87044, Valid Loss: 74.68415, EPS: 0.5680000000000001
Epoch: 48, Train Loss: 80.58970, Valid Loss: 74.71600, EPS: 0.559
Epoch: 49, Train Loss: 80.69776, Valid Loss: 74.58003, EPS: 0.55
Epoch: 50, Train Loss: 80.22943, Valid Loss: 74.78399, EPS: 0.541
Epoch: 51, Train Loss: 80.49365, Valid Loss: 74.67107, EPS: 0.532
Epoch: 52, Train Loss: 79.99980, Valid Loss: 74.25056, EPS: 0.523
Epoch: 53, Train Loss: 80.46345, Valid Loss: 74.58909, EPS: 0.514
Epoch: 54, Train Loss: 80.00910, Valid Loss: 74.27638, EPS: 0.505
Epoch: 55, Train Loss: 79.98384, Valid Loss: 74.75093, EPS: 0.496
Epoch: 56, Train Loss: 79.78107, Valid Loss: 74.39290, EPS: 0.4870000000000001
Epoch: 57, Train Loss: 79.76860, Valid Loss: 74.57689, EPS: 0.4780000000000001
Epoch: 58, Train Loss: 79.71161, Valid Loss: 74.30815, EPS: 0.4690000000000001
Epoch: 59, Train Loss: 80.24392, Valid Loss: 74.53615, EPS: 0.4600000000000001
Epoch: 60, Train Loss: 80.01078, Valid Loss: 74.30476, EPS: 0.45100000000000007
Epoch: 61, Train Loss: 79.56468, Valid Loss: 74.35643, EPS: 0.44200000000000006
Epoch: 62, Train Loss: 79.74751, Valid Loss: 74.58931, EPS: 0.43300000000000005
Epoch: 63, Train Loss: 79.26178, Valid Loss: 74.34719, EPS: 0.42400000000000004
Epoch: 64, Train Loss: 79.62624, Valid Loss: 74.41748, EPS: 0.41500000000000004
Epoch: 65, Train Loss: 79.50920, Valid Loss: 74.14320, EPS: 0.406
Epoch: 66, Train Loss: 79.21261, Valid Loss: 74.34376, EPS: 0.397
Epoch: 67, Train Loss: 79.28861, Valid Loss: 74.24144, EPS: 0.388
Epoch: 68, Train Loss: 79.84150, Valid Loss: 74.34855, EPS: 0.3790000000000001
Epoch: 69, Train Loss: 79.60698, Valid Loss: 74.41228, EPS: 0.3700000000000001
Epoch: 70, Train Loss: 79.83940, Valid Loss: 74.44486, EPS: 0.3610000000000001
Epoch: 71, Train Loss: 79.22209, Valid Loss: 74.47564, EPS: 0.3520000000000001
Epoch: 72, Train Loss: 79.60708, Valid Loss: 74.38086, EPS: 0.343
Epoch: 73, Train Loss: 79.60620, Valid Loss: 74.70517, EPS: 0.334
Epoch: 74, Train Loss: 79.73334, Valid Loss: 73.93556, EPS: 0.325
Epoch: 75, Train Loss: 79.68976, Valid Loss: 74.44487, EPS: 0.316
Epoch: 76, Train Loss: 79.72832, Valid Loss: 74.46007, EPS: 0.307
Epoch: 77, Train Loss: 79.56983, Valid Loss: 74.06107, EPS: 0.298
Epoch: 78, Train Loss: 79.22561, Valid Loss: 74.35871, EPS: 0.289
Epoch: 79, Train Loss: 79.77903, Valid Loss: 74.21138, EPS: 0.27999999999999997
Epoch: 80, Train Loss: 79.79017, Valid Loss: 74.31062, EPS: 0.27099999999999996
Epoch: 81, Train Loss: 79.60539, Valid Loss: 73.89306, EPS: 0.26200000000000007
Epoch: 82, Train Loss: 79.29833, Valid Loss: 74.43673, EPS: 0.25300000000000006
Epoch: 83, Train Loss: 79.26914, Valid Loss: 74.20265, EPS: 0.24400000000000005
Epoch: 84, Train Loss: 79.68969, Valid Loss: 74.68227, EPS: 0.23500000000000004
Epoch: 85, Train Loss: 79.53125, Valid Loss: 74.15206, EPS: 0.22600000000000003
Epoch: 86, Train Loss: 79.68526, Valid Loss: 74.34300, EPS: 0.21700000000000003
Epoch: 87, Train Loss: 79.67370, Valid Loss: 74.25753, EPS: 0.20800000000000002
Epoch: 88, Train Loss: 79.27563, Valid Loss: 74.27239, EPS: 0.199
Epoch: 89, Train Loss: 79.42356, Valid Loss: 74.38870, EPS: 0.19
Epoch: 90, Train Loss: 79.36892, Valid Loss: 74.22730, EPS: 0.181
Epoch: 91, Train Loss: 79.78163, Valid Loss: 74.14403, EPS: 0.172
Epoch: 92, Train Loss: 79.68056, Valid Loss: 74.52637, EPS: 0.16299999999999998
Epoch: 93, Train Loss: 79.34053, Valid Loss: 74.46523, EPS: 0.15400000000000005
Epoch: 94, Train Loss: 79.25491, Valid Loss: 74.05583, EPS: 0.14500000000000005
Epoch: 95, Train Loss: 79.31868, Valid Loss: 74.27055, EPS: 0.13600000000000004
Epoch: 96, Train Loss: 79.49912, Valid Loss: 74.29436, EPS: 0.12700000000000003
Epoch: 97, Train Loss: 79.55252, Valid Loss: 74.53232, EPS: 0.11800000000000002
Epoch: 98, Train Loss: 79.78410, Valid Loss: 74.50658, EPS: 0.10900000000000001
Epoch: 99, Train Loss: 79.44225, Valid Loss: 73.90729, EPS: 0.1
Test Loss: 74.26805
Test Loss: 72.74220
Train: torch.Size([14031, 5, 64, 32]), Valid: torch.Size([4677, 5, 64, 32]), Test: torch.Size([4678, 5, 64, 32])
Starting Downstream Task
Shape: (5, 144, 72)
Epoch: 0, Train Loss: 1312.12021, Valid Loss: 1091.67698, EPS: 0.991
Epoch: 1, Train Loss: 1086.68009, Valid Loss: 856.39209, EPS: 0.982
Epoch: 2, Train Loss: 854.20658, Valid Loss: 654.70437, EPS: 0.973
Epoch: 3, Train Loss: 656.09148, Valid Loss: 495.75915, EPS: 0.964
Epoch: 4, Train Loss: 509.85285, Valid Loss: 378.28762, EPS: 0.955
Epoch: 5, Train Loss: 391.76930, Valid Loss: 288.89961, EPS: 0.946
Epoch: 6, Train Loss: 316.63508, Valid Loss: 244.82661, EPS: 0.9369999999999999
Epoch: 7, Train Loss: 276.74663, Valid Loss: 219.44240, EPS: 0.928
Epoch: 8, Train Loss: 234.87069, Valid Loss: 178.82979, EPS: 0.919
Epoch: 9, Train Loss: 191.64152, Valid Loss: 154.71041, EPS: 0.91
Epoch: 10, Train Loss: 193.72265, Valid Loss: 159.98647, EPS: 0.901
Epoch: 11, Train Loss: 182.72727, Valid Loss: 141.53702, EPS: 0.892
Epoch: 12, Train Loss: 174.46512, Valid Loss: 148.18506, EPS: 0.883
Epoch: 13, Train Loss: 169.92811, Valid Loss: 123.75539, EPS: 0.874
Epoch: 14, Train Loss: 154.02939, Valid Loss: 121.08823, EPS: 0.865
Epoch: 15, Train Loss: 140.90368, Valid Loss: 113.05287, EPS: 0.856
Epoch: 16, Train Loss: 137.72224, Valid Loss: 121.44763, EPS: 0.847
Epoch: 17, Train Loss: 160.19463, Valid Loss: 122.47529, EPS: 0.8380000000000001
Epoch: 18, Train Loss: 145.58112, Valid Loss: 111.22105, EPS: 0.8290000000000001
Epoch: 19, Train Loss: 137.31761, Valid Loss: 111.49618, EPS: 0.8200000000000001
Epoch: 20, Train Loss: 133.73278, Valid Loss: 102.75904, EPS: 0.811
Epoch: 21, Train Loss: 126.59297, Valid Loss: 99.45802, EPS: 0.802
Epoch: 22, Train Loss: 122.04412, Valid Loss: 94.59549, EPS: 0.793
Epoch: 23, Train Loss: 115.94994, Valid Loss: 91.27266, EPS: 0.784
Epoch: 24, Train Loss: 117.94616, Valid Loss: 99.52748, EPS: 0.775
Epoch: 25, Train Loss: 126.23584, Valid Loss: 97.58476, EPS: 0.766
Epoch: 26, Train Loss: 119.09829, Valid Loss: 90.42266, EPS: 0.757
Epoch: 27, Train Loss: 108.76192, Valid Loss: 88.06970, EPS: 0.748
Epoch: 28, Train Loss: 111.92260, Valid Loss: 87.23900, EPS: 0.739
Epoch: 29, Train Loss: 109.69950, Valid Loss: 86.11255, EPS: 0.73
Epoch: 30, Train Loss: 106.18615, Valid Loss: 83.77053, EPS: 0.721
Epoch: 31, Train Loss: 109.54667, Valid Loss: 85.38234, EPS: 0.712
Epoch: 32, Train Loss: 107.40979, Valid Loss: 87.39471, EPS: 0.703
Epoch: 33, Train Loss: 122.19135, Valid Loss: 107.24764, EPS: 0.694
Epoch: 34, Train Loss: 127.12574, Valid Loss: 92.10969, EPS: 0.685
Epoch: 35, Train Loss: 126.96899, Valid Loss: 97.38549, EPS: 0.676
Epoch: 36, Train Loss: 130.18079, Valid Loss: 106.06182, EPS: 0.667
Epoch: 37, Train Loss: 134.17774, Valid Loss: 98.72756, EPS: 0.658
Epoch: 38, Train Loss: 131.85472, Valid Loss: 95.17529, EPS: 0.649
Epoch: 39, Train Loss: 121.31523, Valid Loss: 92.41791, EPS: 0.64
Epoch: 40, Train Loss: 118.00303, Valid Loss: 98.57763, EPS: 0.6310000000000001
Epoch: 41, Train Loss: 128.72133, Valid Loss: 94.66226, EPS: 0.6220000000000001
Epoch: 42, Train Loss: 119.27645, Valid Loss: 93.80079, EPS: 0.6130000000000001
Epoch: 43, Train Loss: 122.20749, Valid Loss: 93.19511, EPS: 0.6040000000000001
Epoch: 44, Train Loss: 118.66740, Valid Loss: 91.57889, EPS: 0.5950000000000001
Epoch: 45, Train Loss: 122.89526, Valid Loss: 92.16320, EPS: 0.5860000000000001
Epoch: 46, Train Loss: 122.47445, Valid Loss: 91.90634, EPS: 0.5770000000000001
Epoch: 47, Train Loss: 123.61866, Valid Loss: 91.28117, EPS: 0.5680000000000001
Epoch: 48, Train Loss: 125.77345, Valid Loss: 90.78381, EPS: 0.559
Epoch: 49, Train Loss: 114.91627, Valid Loss: 90.68591, EPS: 0.55
Epoch: 50, Train Loss: 116.50994, Valid Loss: 89.95242, EPS: 0.541
Epoch: 51, Train Loss: 117.62987, Valid Loss: 89.92586, EPS: 0.532
Epoch: 52, Train Loss: 121.81606, Valid Loss: 91.77421, EPS: 0.523
Epoch: 53, Train Loss: 123.52201, Valid Loss: 91.33294, EPS: 0.514
Epoch: 54, Train Loss: 118.09328, Valid Loss: 91.74865, EPS: 0.505
Epoch: 55, Train Loss: 120.38064, Valid Loss: 91.42037, EPS: 0.496
Epoch: 56, Train Loss: 121.60835, Valid Loss: 91.53177, EPS: 0.4870000000000001
Epoch: 57, Train Loss: 121.02580, Valid Loss: 91.94722, EPS: 0.4780000000000001
Epoch: 58, Train Loss: 117.71472, Valid Loss: 91.11786, EPS: 0.4690000000000001
Epoch: 59, Train Loss: 120.69219, Valid Loss: 90.96519, EPS: 0.4600000000000001
Epoch: 60, Train Loss: 119.24872, Valid Loss: 92.05039, EPS: 0.45100000000000007
Epoch: 61, Train Loss: 118.53066, Valid Loss: 90.92926, EPS: 0.44200000000000006
Epoch: 62, Train Loss: 119.78699, Valid Loss: 89.71925, EPS: 0.43300000000000005
Epoch: 63, Train Loss: 126.43313, Valid Loss: 91.37041, EPS: 0.42400000000000004
Epoch: 64, Train Loss: 119.01112, Valid Loss: 90.94507, EPS: 0.41500000000000004
Epoch: 65, Train Loss: 118.79740, Valid Loss: 90.87485, EPS: 0.406
Epoch: 66, Train Loss: 119.97064, Valid Loss: 91.37521, EPS: 0.397
Epoch: 67, Train Loss: 122.54064, Valid Loss: 90.18439, EPS: 0.388
Epoch: 68, Train Loss: 120.84261, Valid Loss: 90.93676, EPS: 0.3790000000000001
Epoch: 69, Train Loss: 123.05513, Valid Loss: 91.08837, EPS: 0.3700000000000001
Epoch: 70, Train Loss: 118.59701, Valid Loss: 91.07851, EPS: 0.3610000000000001
Epoch: 71, Train Loss: 118.18169, Valid Loss: 91.46711, EPS: 0.3520000000000001
Epoch: 72, Train Loss: 122.76585, Valid Loss: 91.13074, EPS: 0.343
Epoch: 73, Train Loss: 117.82431, Valid Loss: 90.32859, EPS: 0.334
Epoch: 74, Train Loss: 123.58308, Valid Loss: 90.32666, EPS: 0.325
Epoch: 75, Train Loss: 116.56201, Valid Loss: 91.62680, EPS: 0.316
Epoch: 76, Train Loss: 123.57111, Valid Loss: 91.63447, EPS: 0.307
Epoch: 77, Train Loss: 121.49632, Valid Loss: 91.14290, EPS: 0.298
Epoch: 78, Train Loss: 116.97187, Valid Loss: 90.51811, EPS: 0.289
Epoch: 79, Train Loss: 119.81889, Valid Loss: 90.22192, EPS: 0.27999999999999997
Epoch: 80, Train Loss: 119.26808, Valid Loss: 90.91283, EPS: 0.27099999999999996
Epoch: 81, Train Loss: 120.91739, Valid Loss: 90.81969, EPS: 0.26200000000000007
Epoch: 82, Train Loss: 120.58615, Valid Loss: 91.46189, EPS: 0.25300000000000006
Epoch: 83, Train Loss: 119.07072, Valid Loss: 91.07065, EPS: 0.24400000000000005
Epoch: 84, Train Loss: 119.98123, Valid Loss: 90.97370, EPS: 0.23500000000000004
Epoch: 85, Train Loss: 119.18827, Valid Loss: 91.17703, EPS: 0.22600000000000003
Epoch: 86, Train Loss: 120.69217, Valid Loss: 90.65258, EPS: 0.21700000000000003
Epoch: 87, Train Loss: 120.70483, Valid Loss: 90.92170, EPS: 0.20800000000000002
Epoch: 88, Train Loss: 118.46867, Valid Loss: 90.94977, EPS: 0.199
Epoch: 89, Train Loss: 122.98456, Valid Loss: 91.76904, EPS: 0.19
Epoch: 90, Train Loss: 120.94928, Valid Loss: 91.16142, EPS: 0.181
Epoch: 91, Train Loss: 124.01871, Valid Loss: 90.70202, EPS: 0.172
Epoch: 92, Train Loss: 120.76043, Valid Loss: 90.83852, EPS: 0.16299999999999998
Epoch: 93, Train Loss: 113.32330, Valid Loss: 91.03278, EPS: 0.15400000000000005
Epoch: 94, Train Loss: 122.90911, Valid Loss: 90.73313, EPS: 0.14500000000000005
Epoch: 95, Train Loss: 120.89489, Valid Loss: 90.41327, EPS: 0.13600000000000004
Epoch: 96, Train Loss: 117.30487, Valid Loss: 90.05238, EPS: 0.12700000000000003
Epoch: 97, Train Loss: 119.58932, Valid Loss: 90.74857, EPS: 0.11800000000000002
Epoch: 98, Train Loss: 118.97188, Valid Loss: 90.72913, EPS: 0.10900000000000001
Epoch: 99, Train Loss: 117.41115, Valid Loss: 90.76183, EPS: 0.1
Test Loss: 90.67898
Test Loss: 103.55114
Shape: (5, 144, 72)
Epoch: 0, Train Loss: 1311.26622, Valid Loss: 1077.08248, EPS: 0.991
Epoch: 1, Train Loss: 1069.27642, Valid Loss: 830.90743, EPS: 0.982
Epoch: 2, Train Loss: 825.01820, Valid Loss: 622.85128, EPS: 0.973
Epoch: 3, Train Loss: 629.02143, Valid Loss: 474.42204, EPS: 0.964
Epoch: 4, Train Loss: 496.25640, Valid Loss: 366.04486, EPS: 0.955
Epoch: 5, Train Loss: 387.08643, Valid Loss: 292.62149, EPS: 0.946
Epoch: 6, Train Loss: 312.97302, Valid Loss: 249.01443, EPS: 0.9369999999999999
Epoch: 7, Train Loss: 269.43428, Valid Loss: 204.80004, EPS: 0.928
Epoch: 8, Train Loss: 229.42912, Valid Loss: 174.51546, EPS: 0.919
Epoch: 9, Train Loss: 200.21481, Valid Loss: 162.23338, EPS: 0.91
Epoch: 10, Train Loss: 189.81920, Valid Loss: 144.47633, EPS: 0.901
Epoch: 11, Train Loss: 164.21562, Valid Loss: 128.94076, EPS: 0.892
Epoch: 12, Train Loss: 152.46771, Valid Loss: 137.69153, EPS: 0.883
Epoch: 13, Train Loss: 158.38738, Valid Loss: 122.61494, EPS: 0.874
Epoch: 14, Train Loss: 143.71730, Valid Loss: 121.33901, EPS: 0.865
Epoch: 15, Train Loss: 155.87109, Valid Loss: 115.81571, EPS: 0.856
Epoch: 16, Train Loss: 136.58582, Valid Loss: 104.86754, EPS: 0.847
Epoch: 17, Train Loss: 120.39239, Valid Loss: 102.23581, EPS: 0.8380000000000001
Epoch: 18, Train Loss: 125.61618, Valid Loss: 100.16168, EPS: 0.8290000000000001
Epoch: 19, Train Loss: 127.59974, Valid Loss: 98.03227, EPS: 0.8200000000000001
Epoch: 20, Train Loss: 123.80597, Valid Loss: 95.54475, EPS: 0.811
Epoch: 21, Train Loss: 117.45681, Valid Loss: 91.50462, EPS: 0.802
Epoch: 22, Train Loss: 112.07919, Valid Loss: 89.66072, EPS: 0.793
Epoch: 23, Train Loss: 120.25512, Valid Loss: 93.01372, EPS: 0.784
Epoch: 24, Train Loss: 118.89868, Valid Loss: 93.48301, EPS: 0.775
Epoch: 25, Train Loss: 112.81192, Valid Loss: 92.33117, EPS: 0.766
Epoch: 26, Train Loss: 119.57841, Valid Loss: 101.40457, EPS: 0.757
Epoch: 27, Train Loss: 126.31406, Valid Loss: 93.76477, EPS: 0.748
Epoch: 28, Train Loss: 116.88180, Valid Loss: 93.56361, EPS: 0.739
Epoch: 29, Train Loss: 116.62208, Valid Loss: 89.17809, EPS: 0.73
Epoch: 30, Train Loss: 110.69207, Valid Loss: 88.16442, EPS: 0.721
Epoch: 31, Train Loss: 115.60965, Valid Loss: 89.21191, EPS: 0.712
Epoch: 32, Train Loss: 127.67394, Valid Loss: 97.91324, EPS: 0.703
Epoch: 33, Train Loss: 122.93197, Valid Loss: 93.00010, EPS: 0.694
Epoch: 34, Train Loss: 117.85203, Valid Loss: 92.11139, EPS: 0.685
Epoch: 35, Train Loss: 120.01142, Valid Loss: 90.04461, EPS: 0.676
Epoch: 36, Train Loss: 114.96216, Valid Loss: 87.01655, EPS: 0.667
Epoch: 37, Train Loss: 109.26326, Valid Loss: 87.45229, EPS: 0.658
Epoch: 38, Train Loss: 108.08090, Valid Loss: 88.70613, EPS: 0.649
Epoch: 39, Train Loss: 113.38006, Valid Loss: 89.40063, EPS: 0.64
Epoch: 40, Train Loss: 120.02229, Valid Loss: 89.68789, EPS: 0.6310000000000001
Epoch: 41, Train Loss: 109.48108, Valid Loss: 87.15991, EPS: 0.6220000000000001
Epoch: 42, Train Loss: 112.81113, Valid Loss: 87.18437, EPS: 0.6130000000000001
Epoch: 43, Train Loss: 119.70889, Valid Loss: 90.01535, EPS: 0.6040000000000001
Epoch: 44, Train Loss: 122.77921, Valid Loss: 95.89568, EPS: 0.5950000000000001
Epoch: 45, Train Loss: 132.15474, Valid Loss: 96.45076, EPS: 0.5860000000000001
Epoch: 46, Train Loss: 120.54144, Valid Loss: 93.19791, EPS: 0.5770000000000001
Epoch: 47, Train Loss: 120.36956, Valid Loss: 94.88080, EPS: 0.5680000000000001
Epoch: 48, Train Loss: 120.54515, Valid Loss: 94.26635, EPS: 0.559
Epoch: 49, Train Loss: 123.61450, Valid Loss: 93.78127, EPS: 0.55
Epoch: 50, Train Loss: 126.33636, Valid Loss: 93.51537, EPS: 0.541
Epoch: 51, Train Loss: 123.68565, Valid Loss: 93.61429, EPS: 0.532
Epoch: 52, Train Loss: 114.22324, Valid Loss: 91.96613, EPS: 0.523
Epoch: 53, Train Loss: 116.65346, Valid Loss: 91.61561, EPS: 0.514
Epoch: 54, Train Loss: 124.85334, Valid Loss: 91.53263, EPS: 0.505
Epoch: 55, Train Loss: 124.52468, Valid Loss: 100.63409, EPS: 0.496
Epoch: 56, Train Loss: 131.14773, Valid Loss: 98.85609, EPS: 0.4870000000000001
Epoch: 57, Train Loss: 137.12224, Valid Loss: 99.17679, EPS: 0.4780000000000001
Epoch: 58, Train Loss: 127.48545, Valid Loss: 97.94578, EPS: 0.4690000000000001
Epoch: 59, Train Loss: 130.51496, Valid Loss: 98.64270, EPS: 0.4600000000000001
Epoch: 60, Train Loss: 127.79723, Valid Loss: 98.13902, EPS: 0.45100000000000007
Epoch: 61, Train Loss: 135.51950, Valid Loss: 97.78715, EPS: 0.44200000000000006
Epoch: 62, Train Loss: 128.23206, Valid Loss: 97.16342, EPS: 0.43300000000000005
Epoch: 63, Train Loss: 132.38075, Valid Loss: 98.00715, EPS: 0.42400000000000004
Epoch: 64, Train Loss: 133.01721, Valid Loss: 97.50073, EPS: 0.41500000000000004
Epoch: 65, Train Loss: 130.36739, Valid Loss: 97.35932, EPS: 0.406
Epoch: 66, Train Loss: 129.26656, Valid Loss: 97.25624, EPS: 0.397
Epoch: 67, Train Loss: 131.58025, Valid Loss: 97.09709, EPS: 0.388
Epoch: 68, Train Loss: 127.46930, Valid Loss: 96.88329, EPS: 0.3790000000000001
Epoch: 69, Train Loss: 131.64962, Valid Loss: 97.26662, EPS: 0.3700000000000001
Epoch: 70, Train Loss: 132.99991, Valid Loss: 96.75860, EPS: 0.3610000000000001
Epoch: 71, Train Loss: 134.30040, Valid Loss: 97.27451, EPS: 0.3520000000000001
Epoch: 72, Train Loss: 126.52100, Valid Loss: 96.51607, EPS: 0.343
Epoch: 73, Train Loss: 127.62829, Valid Loss: 97.70892, EPS: 0.334
Epoch: 74, Train Loss: 127.59507, Valid Loss: 97.70082, EPS: 0.325
Epoch: 75, Train Loss: 128.96163, Valid Loss: 96.67199, EPS: 0.316
Epoch: 76, Train Loss: 130.84995, Valid Loss: 96.54309, EPS: 0.307
Epoch: 77, Train Loss: 134.94768, Valid Loss: 96.99436, EPS: 0.298
Epoch: 78, Train Loss: 129.91891, Valid Loss: 97.73729, EPS: 0.289
Epoch: 79, Train Loss: 135.01978, Valid Loss: 96.16577, EPS: 0.27999999999999997
Epoch: 80, Train Loss: 126.28751, Valid Loss: 96.77452, EPS: 0.27099999999999996
Epoch: 81, Train Loss: 132.72898, Valid Loss: 96.53427, EPS: 0.26200000000000007
Epoch: 82, Train Loss: 127.94952, Valid Loss: 96.58192, EPS: 0.25300000000000006
Epoch: 83, Train Loss: 130.34048, Valid Loss: 97.26219, EPS: 0.24400000000000005
Epoch: 84, Train Loss: 127.48085, Valid Loss: 96.31084, EPS: 0.23500000000000004
Epoch: 85, Train Loss: 128.84495, Valid Loss: 97.20634, EPS: 0.22600000000000003
Epoch: 86, Train Loss: 131.22180, Valid Loss: 96.78796, EPS: 0.21700000000000003
Epoch: 87, Train Loss: 133.45140, Valid Loss: 96.79593, EPS: 0.20800000000000002
Epoch: 88, Train Loss: 131.60318, Valid Loss: 97.57656, EPS: 0.199
Epoch: 89, Train Loss: 129.15995, Valid Loss: 96.57384, EPS: 0.19
Epoch: 90, Train Loss: 133.43357, Valid Loss: 97.33241, EPS: 0.181
Epoch: 91, Train Loss: 126.56120, Valid Loss: 97.48297, EPS: 0.172
Epoch: 92, Train Loss: 126.10068, Valid Loss: 97.35706, EPS: 0.16299999999999998
Epoch: 93, Train Loss: 135.77771, Valid Loss: 97.08556, EPS: 0.15400000000000005
Epoch: 94, Train Loss: 128.08412, Valid Loss: 97.25406, EPS: 0.14500000000000005
Epoch: 95, Train Loss: 125.95207, Valid Loss: 97.15601, EPS: 0.13600000000000004
Epoch: 96, Train Loss: 126.17960, Valid Loss: 97.89291, EPS: 0.12700000000000003
Epoch: 97, Train Loss: 127.75740, Valid Loss: 96.79638, EPS: 0.11800000000000002
Epoch: 98, Train Loss: 130.11323, Valid Loss: 97.15607, EPS: 0.10900000000000001
Epoch: 99, Train Loss: 131.15715, Valid Loss: 96.70007, EPS: 0.1
Test Loss: 97.01816
Test Loss: 114.19239
Shape: (5, 144, 72)
Epoch: 0, Train Loss: 1295.57726, Valid Loss: 1052.62620, EPS: 0.991
Epoch: 1, Train Loss: 1044.09317, Valid Loss: 797.67973, EPS: 0.982
Epoch: 2, Train Loss: 780.71887, Valid Loss: 585.37410, EPS: 0.973
Epoch: 3, Train Loss: 582.32934, Valid Loss: 431.46209, EPS: 0.964
Epoch: 4, Train Loss: 455.58798, Valid Loss: 336.68924, EPS: 0.955
Epoch: 5, Train Loss: 349.80353, Valid Loss: 267.33556, EPS: 0.946
Epoch: 6, Train Loss: 278.71228, Valid Loss: 219.75169, EPS: 0.9369999999999999
Epoch: 7, Train Loss: 240.12191, Valid Loss: 186.45675, EPS: 0.928
Epoch: 8, Train Loss: 208.57773, Valid Loss: 159.00779, EPS: 0.919
Epoch: 9, Train Loss: 185.39650, Valid Loss: 144.44529, EPS: 0.91
Epoch: 10, Train Loss: 164.24942, Valid Loss: 131.65862, EPS: 0.901
Epoch: 11, Train Loss: 154.89655, Valid Loss: 124.35264, EPS: 0.892
Epoch: 12, Train Loss: 154.06880, Valid Loss: 125.06965, EPS: 0.883
Epoch: 13, Train Loss: 154.45765, Valid Loss: 118.21942, EPS: 0.874
Epoch: 14, Train Loss: 142.00303, Valid Loss: 111.35786, EPS: 0.865
Epoch: 15, Train Loss: 142.72219, Valid Loss: 120.02224, EPS: 0.856
Epoch: 16, Train Loss: 149.56945, Valid Loss: 116.12148, EPS: 0.847
Epoch: 17, Train Loss: 145.03685, Valid Loss: 110.50769, EPS: 0.8380000000000001
Epoch: 18, Train Loss: 144.23284, Valid Loss: 106.91149, EPS: 0.8290000000000001
Epoch: 19, Train Loss: 131.94537, Valid Loss: 109.17642, EPS: 0.8200000000000001
Epoch: 20, Train Loss: 134.01323, Valid Loss: 102.80210, EPS: 0.811
Epoch: 21, Train Loss: 123.16263, Valid Loss: 98.30965, EPS: 0.802
Epoch: 22, Train Loss: 122.10420, Valid Loss: 99.23910, EPS: 0.793
Epoch: 23, Train Loss: 119.83281, Valid Loss: 93.24560, EPS: 0.784
Epoch: 24, Train Loss: 117.67855, Valid Loss: 94.66760, EPS: 0.775
Epoch: 25, Train Loss: 115.90771, Valid Loss: 91.36142, EPS: 0.766
Epoch: 26, Train Loss: 114.66671, Valid Loss: 91.42282, EPS: 0.757
Epoch: 27, Train Loss: 115.50501, Valid Loss: 95.77553, EPS: 0.748
Epoch: 28, Train Loss: 114.30349, Valid Loss: 92.11100, EPS: 0.739
Epoch: 29, Train Loss: 111.02576, Valid Loss: 89.31401, EPS: 0.73
Epoch: 30, Train Loss: 119.23879, Valid Loss: 89.65080, EPS: 0.721
Epoch: 31, Train Loss: 112.90726, Valid Loss: 88.96564, EPS: 0.712
Epoch: 32, Train Loss: 106.54182, Valid Loss: 86.48026, EPS: 0.703
Epoch: 33, Train Loss: 110.48631, Valid Loss: 85.93145, EPS: 0.694
Epoch: 34, Train Loss: 106.61211, Valid Loss: 85.71839, EPS: 0.685
Epoch: 35, Train Loss: 110.75276, Valid Loss: 86.29354, EPS: 0.676
Epoch: 36, Train Loss: 104.80622, Valid Loss: 85.57295, EPS: 0.667
Epoch: 37, Train Loss: 115.21107, Valid Loss: 89.76054, EPS: 0.658
Epoch: 38, Train Loss: 119.30117, Valid Loss: 92.67632, EPS: 0.649
Epoch: 39, Train Loss: 116.20891, Valid Loss: 89.32364, EPS: 0.64
Epoch: 40, Train Loss: 112.16026, Valid Loss: 94.92743, EPS: 0.6310000000000001
Epoch: 41, Train Loss: 118.72948, Valid Loss: 89.93581, EPS: 0.6220000000000001
Epoch: 42, Train Loss: 113.73889, Valid Loss: 90.65634, EPS: 0.6130000000000001
Epoch: 43, Train Loss: 120.09418, Valid Loss: 92.16776, EPS: 0.6040000000000001
Epoch: 44, Train Loss: 110.82966, Valid Loss: 87.33752, EPS: 0.5950000000000001
Epoch: 45, Train Loss: 110.35960, Valid Loss: 88.84960, EPS: 0.5860000000000001
Epoch: 46, Train Loss: 109.34088, Valid Loss: 87.71820, EPS: 0.5770000000000001
Epoch: 47, Train Loss: 110.90528, Valid Loss: 86.37666, EPS: 0.5680000000000001
Epoch: 48, Train Loss: 109.66600, Valid Loss: 86.03512, EPS: 0.559
Epoch: 49, Train Loss: 113.86045, Valid Loss: 85.31764, EPS: 0.55
Epoch: 50, Train Loss: 111.83426, Valid Loss: 85.44553, EPS: 0.541
Epoch: 51, Train Loss: 110.87650, Valid Loss: 85.58259, EPS: 0.532
Epoch: 52, Train Loss: 110.39453, Valid Loss: 85.09465, EPS: 0.523
Epoch: 53, Train Loss: 110.35047, Valid Loss: 85.56101, EPS: 0.514
Epoch: 54, Train Loss: 108.68213, Valid Loss: 85.40225, EPS: 0.505
Epoch: 55, Train Loss: 111.40825, Valid Loss: 84.85630, EPS: 0.496
Epoch: 56, Train Loss: 106.67021, Valid Loss: 85.34410, EPS: 0.4870000000000001
Epoch: 57, Train Loss: 109.27107, Valid Loss: 84.39157, EPS: 0.4780000000000001
Epoch: 58, Train Loss: 111.73241, Valid Loss: 85.17328, EPS: 0.4690000000000001
Epoch: 59, Train Loss: 111.12284, Valid Loss: 88.97358, EPS: 0.4600000000000001
Epoch: 60, Train Loss: 115.03323, Valid Loss: 88.39525, EPS: 0.45100000000000007
Epoch: 61, Train Loss: 117.13630, Valid Loss: 87.32515, EPS: 0.44200000000000006
Epoch: 62, Train Loss: 114.91665, Valid Loss: 87.80964, EPS: 0.43300000000000005
Epoch: 63, Train Loss: 110.87824, Valid Loss: 87.84169, EPS: 0.42400000000000004
Epoch: 64, Train Loss: 115.25165, Valid Loss: 86.69613, EPS: 0.41500000000000004
Epoch: 65, Train Loss: 110.57467, Valid Loss: 86.68251, EPS: 0.406
Epoch: 66, Train Loss: 119.08235, Valid Loss: 92.57888, EPS: 0.397
Epoch: 67, Train Loss: 118.50759, Valid Loss: 91.85406, EPS: 0.388
Epoch: 68, Train Loss: 121.74923, Valid Loss: 91.72482, EPS: 0.3790000000000001
Epoch: 69, Train Loss: 121.09151, Valid Loss: 91.95577, EPS: 0.3700000000000001
Epoch: 70, Train Loss: 116.96771, Valid Loss: 91.79317, EPS: 0.3610000000000001
Epoch: 71, Train Loss: 121.83761, Valid Loss: 91.70095, EPS: 0.3520000000000001
Epoch: 72, Train Loss: 123.85146, Valid Loss: 90.84089, EPS: 0.343
Epoch: 73, Train Loss: 125.30021, Valid Loss: 90.97397, EPS: 0.334
Epoch: 74, Train Loss: 121.48917, Valid Loss: 91.03496, EPS: 0.325
Epoch: 75, Train Loss: 123.10078, Valid Loss: 90.49941, EPS: 0.316
Epoch: 76, Train Loss: 118.25961, Valid Loss: 90.63531, EPS: 0.307
Epoch: 77, Train Loss: 117.68019, Valid Loss: 90.22930, EPS: 0.298
Epoch: 78, Train Loss: 123.15783, Valid Loss: 91.22944, EPS: 0.289
Epoch: 79, Train Loss: 120.13800, Valid Loss: 90.69826, EPS: 0.27999999999999997
Epoch: 80, Train Loss: 123.52886, Valid Loss: 90.49812, EPS: 0.27099999999999996
Epoch: 81, Train Loss: 123.02078, Valid Loss: 90.49237, EPS: 0.26200000000000007
Epoch: 82, Train Loss: 118.73124, Valid Loss: 89.85739, EPS: 0.25300000000000006
Epoch: 83, Train Loss: 114.89588, Valid Loss: 90.15409, EPS: 0.24400000000000005
Epoch: 84, Train Loss: 120.96709, Valid Loss: 90.76333, EPS: 0.23500000000000004
Epoch: 85, Train Loss: 123.24617, Valid Loss: 90.70333, EPS: 0.22600000000000003
Epoch: 86, Train Loss: 117.34432, Valid Loss: 91.06021, EPS: 0.21700000000000003
Epoch: 87, Train Loss: 123.32050, Valid Loss: 91.09715, EPS: 0.20800000000000002
Epoch: 88, Train Loss: 123.88191, Valid Loss: 90.18949, EPS: 0.199
Epoch: 89, Train Loss: 124.88882, Valid Loss: 90.58603, EPS: 0.19
Epoch: 90, Train Loss: 119.72495, Valid Loss: 91.00964, EPS: 0.181
Epoch: 91, Train Loss: 123.50442, Valid Loss: 90.22007, EPS: 0.172
Epoch: 92, Train Loss: 120.19442, Valid Loss: 90.88904, EPS: 0.16299999999999998
Epoch: 93, Train Loss: 125.82156, Valid Loss: 90.76897, EPS: 0.15400000000000005
Epoch: 94, Train Loss: 128.07875, Valid Loss: 90.62869, EPS: 0.14500000000000005
Epoch: 95, Train Loss: 116.69487, Valid Loss: 90.78298, EPS: 0.13600000000000004
Epoch: 96, Train Loss: 120.72290, Valid Loss: 90.50104, EPS: 0.12700000000000003
Epoch: 97, Train Loss: 121.49270, Valid Loss: 90.27350, EPS: 0.11800000000000002
Epoch: 98, Train Loss: 119.91484, Valid Loss: 90.67346, EPS: 0.10900000000000001
Epoch: 99, Train Loss: 122.09212, Valid Loss: 90.73817, EPS: 0.1
Test Loss: 90.17646
Test Loss: 104.78864
