nohup: ignoring input
Train: torch.Size([14031, 5, 64, 32]), Valid: torch.Size([4677, 5, 64, 32]), Test: torch.Size([4678, 5, 64, 32])
Input shape: (C=5, H=144, W=72)
Fine Tuning Both
Starting Downstream Task
Training Decoder
Starting Latent Downstream Task
4
Epoch: 1, Train Loss: 0.4411, Valid Loss: 0.2465, LR: 0.001
Epoch: 2, Train Loss: 0.1918, Valid Loss: 0.1572, LR: 0.001
Epoch: 3, Train Loss: 0.1535, Valid Loss: 0.1472, LR: 0.001
Epoch: 4, Train Loss: 0.1354, Valid Loss: 0.1226, LR: 0.001
Epoch: 5, Train Loss: 0.1181, Valid Loss: 0.1520, LR: 0.001
Epoch: 6, Train Loss: 0.1170, Valid Loss: 0.1331, LR: 0.001
Epoch: 7, Train Loss: 0.1117, Valid Loss: 0.1390, LR: 0.001
Epoch: 8, Train Loss: 0.1085, Valid Loss: 0.1420, LR: 0.001
Epoch: 9, Train Loss: 0.1249, Valid Loss: 0.1377, LR: 0.001
Epoch: 10, Train Loss: 0.1186, Valid Loss: 0.1571, LR: 0.001
Epoch: 11, Train Loss: 0.1129, Valid Loss: 0.1143, LR: 0.001
Epoch: 12, Train Loss: 0.1086, Valid Loss: 0.1272, LR: 0.001
Epoch: 13, Train Loss: 0.1069, Valid Loss: 0.1152, LR: 0.001
Epoch: 14, Train Loss: 0.1064, Valid Loss: 0.1415, LR: 0.001
Epoch: 15, Train Loss: 0.1094, Valid Loss: 0.1272, LR: 0.001
Epoch: 16, Train Loss: 0.1207, Valid Loss: 0.1281, LR: 0.001
Epoch: 17, Train Loss: 0.1151, Valid Loss: 0.1596, LR: 0.001
Epoch: 18, Train Loss: 0.1042, Valid Loss: 0.1159, LR: 0.001
Epoch: 19, Train Loss: 0.1104, Valid Loss: 0.1092, LR: 0.001
Epoch: 20, Train Loss: 0.0994, Valid Loss: 0.1636, LR: 0.001
Epoch: 21, Train Loss: 0.1276, Valid Loss: 0.1507, LR: 0.001
Epoch: 22, Train Loss: 0.1122, Valid Loss: 0.1234, LR: 0.001
Epoch: 23, Train Loss: 0.1072, Valid Loss: 0.1325, LR: 0.001
Epoch: 24, Train Loss: 0.0969, Valid Loss: 0.1272, LR: 0.001
Epoch: 25, Train Loss: 0.1032, Valid Loss: 0.1358, LR: 0.001
Epoch: 26, Train Loss: 0.1051, Valid Loss: 0.1493, LR: 0.001
Epoch: 27, Train Loss: 0.1169, Valid Loss: 0.1181, LR: 0.001
Epoch: 28, Train Loss: 0.1116, Valid Loss: 0.1200, LR: 0.001
Epoch: 29, Train Loss: 0.1118, Valid Loss: 0.1138, LR: 0.001
Epoch: 30, Train Loss: 0.1281, Valid Loss: 0.1174, LR: 0.0001
Epoch: 31, Train Loss: 0.0954, Valid Loss: 0.1080, LR: 0.0001
Epoch: 32, Train Loss: 0.0839, Valid Loss: 0.1118, LR: 0.0001
Epoch: 33, Train Loss: 0.0867, Valid Loss: 0.1122, LR: 0.0001
Epoch: 34, Train Loss: 0.0724, Valid Loss: 0.1112, LR: 0.0001
Epoch: 35, Train Loss: 0.0775, Valid Loss: 0.1134, LR: 0.0001
Epoch: 36, Train Loss: 0.0811, Valid Loss: 0.1160, LR: 0.0001
Epoch: 37, Train Loss: 0.0684, Valid Loss: 0.1155, LR: 0.0001
Epoch: 38, Train Loss: 0.0724, Valid Loss: 0.1112, LR: 0.0001
Epoch: 39, Train Loss: 0.0672, Valid Loss: 0.1155, LR: 0.0001
Epoch: 40, Train Loss: 0.0663, Valid Loss: 0.1150, LR: 0.0001
Epoch: 41, Train Loss: 0.0673, Valid Loss: 0.1194, LR: 0.0001
Epoch: 42, Train Loss: 0.0653, Valid Loss: 0.1208, LR: 1e-05
Epoch: 43, Train Loss: 0.0598, Valid Loss: 0.1179, LR: 1e-05
Epoch: 44, Train Loss: 0.0571, Valid Loss: 0.1198, LR: 1e-05
Epoch: 45, Train Loss: 0.0625, Valid Loss: 0.1179, LR: 1e-05
Epoch: 46, Train Loss: 0.0563, Valid Loss: 0.1193, LR: 1e-05
Epoch: 47, Train Loss: 0.0612, Valid Loss: 0.1101, LR: 1e-05
Epoch: 48, Train Loss: 0.0567, Valid Loss: 0.1114, LR: 1e-05
Epoch: 49, Train Loss: 0.0590, Valid Loss: 0.1126, LR: 1e-05
Epoch: 50, Train Loss: 0.0643, Valid Loss: 0.1149, LR: 1e-05
Epoch: 51, Train Loss: 0.0598, Valid Loss: 0.1175, LR: 1e-05
Epoch: 52, Train Loss: 0.0616, Valid Loss: 0.1157, LR: 1e-05
Epoch: 53, Train Loss: 0.0618, Valid Loss: 0.1200, LR: 1.0000000000000002e-06
Epoch: 54, Train Loss: 0.0549, Valid Loss: 0.1199, LR: 1.0000000000000002e-06
Epoch: 55, Train Loss: 0.0595, Valid Loss: 0.1203, LR: 1.0000000000000002e-06
Epoch: 56, Train Loss: 0.0604, Valid Loss: 0.1158, LR: 1.0000000000000002e-06
Epoch: 57, Train Loss: 0.0591, Valid Loss: 0.1179, LR: 1.0000000000000002e-06
Epoch: 58, Train Loss: 0.0592, Valid Loss: 0.1181, LR: 1.0000000000000002e-06
Epoch: 59, Train Loss: 0.0557, Valid Loss: 0.1135, LR: 1.0000000000000002e-06
Epoch: 60, Train Loss: 0.0567, Valid Loss: 0.1147, LR: 1.0000000000000002e-06
Epoch: 61, Train Loss: 0.0599, Valid Loss: 0.1141, LR: 1.0000000000000002e-06
Epoch: 62, Train Loss: 0.0560, Valid Loss: 0.1110, LR: 1.0000000000000002e-06
Epoch: 63, Train Loss: 0.0553, Valid Loss: 0.1195, LR: 1.0000000000000002e-06
Epoch: 64, Train Loss: 0.0548, Valid Loss: 0.1148, LR: 1.0000000000000002e-07
Epoch: 65, Train Loss: 0.0607, Valid Loss: 0.1147, LR: 1.0000000000000002e-07
Epoch: 66, Train Loss: 0.0559, Valid Loss: 0.1166, LR: 1.0000000000000002e-07
Epoch: 67, Train Loss: 0.0535, Valid Loss: 0.1182, LR: 1.0000000000000002e-07
Epoch: 68, Train Loss: 0.0557, Valid Loss: 0.1147, LR: 1.0000000000000002e-07
Epoch: 69, Train Loss: 0.0573, Valid Loss: 0.1165, LR: 1.0000000000000002e-07
Epoch: 70, Train Loss: 0.0621, Valid Loss: 0.1253, LR: 1.0000000000000002e-07
Epoch: 71, Train Loss: 0.0542, Valid Loss: 0.1218, LR: 1.0000000000000002e-07
Epoch: 72, Train Loss: 0.0581, Valid Loss: 0.1136, LR: 1.0000000000000002e-07
Epoch: 73, Train Loss: 0.0532, Valid Loss: 0.1200, LR: 1.0000000000000002e-07
Epoch: 74, Train Loss: 0.0535, Valid Loss: 0.1163, LR: 1.0000000000000002e-07
Epoch: 75, Train Loss: 0.0568, Valid Loss: 0.1205, LR: 1.0000000000000004e-08
Epoch: 76, Train Loss: 0.0580, Valid Loss: 0.1179, LR: 1.0000000000000004e-08
Epoch: 77, Train Loss: 0.0627, Valid Loss: 0.1210, LR: 1.0000000000000004e-08
Epoch: 78, Train Loss: 0.0576, Valid Loss: 0.1188, LR: 1.0000000000000004e-08
Epoch: 79, Train Loss: 0.0532, Valid Loss: 0.1171, LR: 1.0000000000000004e-08
Epoch: 80, Train Loss: 0.0603, Valid Loss: 0.1173, LR: 1.0000000000000004e-08
Epoch: 81, Train Loss: 0.0588, Valid Loss: 0.1135, LR: 1.0000000000000004e-08
Epoch: 82, Train Loss: 0.0562, Valid Loss: 0.1122, LR: 1.0000000000000004e-08
Epoch: 83, Train Loss: 0.0514, Valid Loss: 0.1126, LR: 1.0000000000000004e-08
Epoch: 84, Train Loss: 0.0581, Valid Loss: 0.1170, LR: 1.0000000000000004e-08
Epoch: 85, Train Loss: 0.0554, Valid Loss: 0.1129, LR: 1.0000000000000004e-08
Epoch: 86, Train Loss: 0.0581, Valid Loss: 0.1143, LR: 1.0000000000000004e-08
Epoch: 87, Train Loss: 0.0577, Valid Loss: 0.1132, LR: 1.0000000000000004e-08
Epoch: 88, Train Loss: 0.0588, Valid Loss: 0.1168, LR: 1.0000000000000004e-08
Epoch: 89, Train Loss: 0.0534, Valid Loss: 0.1167, LR: 1.0000000000000004e-08
Epoch: 90, Train Loss: 0.0557, Valid Loss: 0.1173, LR: 1.0000000000000004e-08
Epoch: 91, Train Loss: 0.0549, Valid Loss: 0.1219, LR: 1.0000000000000004e-08
Epoch: 92, Train Loss: 0.0589, Valid Loss: 0.1168, LR: 1.0000000000000004e-08
Epoch: 93, Train Loss: 0.0565, Valid Loss: 0.1171, LR: 1.0000000000000004e-08
Epoch: 94, Train Loss: 0.0539, Valid Loss: 0.1230, LR: 1.0000000000000004e-08
Epoch: 95, Train Loss: 0.0550, Valid Loss: 0.1173, LR: 1.0000000000000004e-08
Epoch: 96, Train Loss: 0.0601, Valid Loss: 0.1166, LR: 1.0000000000000004e-08
Epoch: 97, Train Loss: 0.0544, Valid Loss: 0.1158, LR: 1.0000000000000004e-08
Epoch: 98, Train Loss: 0.0574, Valid Loss: 0.1226, LR: 1.0000000000000004e-08
Epoch: 99, Train Loss: 0.0512, Valid Loss: 0.1144, LR: 1.0000000000000004e-08
Epoch: 100, Train Loss: 0.0622, Valid Loss: 0.1192, LR: 1.0000000000000004e-08
Test Loss: 0.1187
MSE Loss Between Generated and Conditioned: 297223.4688
Epoch: 1, Loss: 1.0108
MSE Loss Between Generated and Conditioned: 72383.9297
Epoch: 2, Loss: 0.9065
MSE Loss Between Generated and Conditioned: 40151.0586
Epoch: 3, Loss: 0.8318
MSE Loss Between Generated and Conditioned: 31421.1094
Epoch: 4, Loss: 0.7740
MSE Loss Between Generated and Conditioned: 26282.6387
Epoch: 5, Loss: 0.7249
MSE Loss Between Generated and Conditioned: 22706.4160
Epoch: 6, Loss: 0.6834
MSE Loss Between Generated and Conditioned: 18368.0156
Epoch: 7, Loss: 0.6489
MSE Loss Between Generated and Conditioned: 15528.1748
Epoch: 8, Loss: 0.6186
MSE Loss Between Generated and Conditioned: 15103.8193
Epoch: 9, Loss: 0.5911
MSE Loss Between Generated and Conditioned: 11808.2920
Epoch: 10, Loss: 0.5664
MSE Loss Between Generated and Conditioned: 9770.8438
Epoch: 11, Loss: 0.5438
MSE Loss Between Generated and Conditioned: 7301.4009
Epoch: 12, Loss: 0.5232
MSE Loss Between Generated and Conditioned: 7570.2319
Epoch: 13, Loss: 0.5049
MSE Loss Between Generated and Conditioned: 6629.9780
Epoch: 14, Loss: 0.4882
MSE Loss Between Generated and Conditioned: 4771.0991
Epoch: 15, Loss: 0.4728
MSE Loss Between Generated and Conditioned: 4265.0752
Epoch: 16, Loss: 0.4589
MSE Loss Between Generated and Conditioned: 4763.8369
Epoch: 17, Loss: 0.4463
MSE Loss Between Generated and Conditioned: 4060.3279
Epoch: 18, Loss: 0.4347
MSE Loss Between Generated and Conditioned: 3872.0476
Epoch: 19, Loss: 0.4241
MSE Loss Between Generated and Conditioned: 4733.8647
Epoch: 20, Loss: 0.4143
MSE Loss Between Generated and Conditioned: 4030.1677
Epoch: 21, Loss: 0.4056
MSE Loss Between Generated and Conditioned: 3892.0273
Epoch: 22, Loss: 0.3972
MSE Loss Between Generated and Conditioned: 2999.5803
Epoch: 23, Loss: 0.3896
MSE Loss Between Generated and Conditioned: 3424.4524
Epoch: 24, Loss: 0.3824
MSE Loss Between Generated and Conditioned: 2389.1199
Epoch: 25, Loss: 0.3756
MSE Loss Between Generated and Conditioned: 2341.9221
Epoch: 26, Loss: 0.3692
MSE Loss Between Generated and Conditioned: 2398.4441
Epoch: 27, Loss: 0.3633
MSE Loss Between Generated and Conditioned: 1920.7040
Epoch: 28, Loss: 0.3578
MSE Loss Between Generated and Conditioned: 1945.0973
Epoch: 29, Loss: 0.3524
MSE Loss Between Generated and Conditioned: 2896.9705
Epoch: 30, Loss: 0.3470
MSE Loss Between Generated and Conditioned: 2650.9961
Epoch: 31, Loss: 0.3424
MSE Loss Between Generated and Conditioned: 1557.5474
Epoch: 32, Loss: 0.3378
MSE Loss Between Generated and Conditioned: 1653.4727
Epoch: 33, Loss: 0.3332
MSE Loss Between Generated and Conditioned: 969.3777
Epoch: 34, Loss: 0.3289
MSE Loss Between Generated and Conditioned: 995.4263
Epoch: 35, Loss: 0.3249
MSE Loss Between Generated and Conditioned: 822.6842
Epoch: 36, Loss: 0.3209
MSE Loss Between Generated and Conditioned: 539.1066
Epoch: 37, Loss: 0.3172
MSE Loss Between Generated and Conditioned: 792.6315
Epoch: 38, Loss: 0.3135
MSE Loss Between Generated and Conditioned: 810.0544
Epoch: 39, Loss: 0.3100
MSE Loss Between Generated and Conditioned: 959.7267
Epoch: 40, Loss: 0.3065
MSE Loss Between Generated and Conditioned: 547.7945
Epoch: 41, Loss: 0.3032
MSE Loss Between Generated and Conditioned: 715.5426
Epoch: 42, Loss: 0.3001
MSE Loss Between Generated and Conditioned: 467.8899
Epoch: 43, Loss: 0.2971
MSE Loss Between Generated and Conditioned: 588.3819
Epoch: 44, Loss: 0.2943
MSE Loss Between Generated and Conditioned: 875.7233
Epoch: 45, Loss: 0.2918
MSE Loss Between Generated and Conditioned: 615.0355
Epoch: 46, Loss: 0.2892
MSE Loss Between Generated and Conditioned: 787.4087
Epoch: 47, Loss: 0.2865
MSE Loss Between Generated and Conditioned: 684.5889
Epoch: 48, Loss: 0.2840
MSE Loss Between Generated and Conditioned: 347.4706
Epoch: 49, Loss: 0.2815
MSE Loss Between Generated and Conditioned: 225.1744
Epoch: 50, Loss: 0.2790
MSE Loss Between Generated and Conditioned: 337.3418
Epoch: 51, Loss: 0.2767
MSE Loss Between Generated and Conditioned: 229.8506
Epoch: 52, Loss: 0.2743
MSE Loss Between Generated and Conditioned: 315.7689
Epoch: 53, Loss: 0.2720
MSE Loss Between Generated and Conditioned: 456.9074
Epoch: 54, Loss: 0.2699
MSE Loss Between Generated and Conditioned: 354.1316
Epoch: 55, Loss: 0.2678
MSE Loss Between Generated and Conditioned: 336.1682
Epoch: 56, Loss: 0.2657
MSE Loss Between Generated and Conditioned: 201.5566
Epoch: 57, Loss: 0.2638
MSE Loss Between Generated and Conditioned: 216.4097
Epoch: 58, Loss: 0.2618
MSE Loss Between Generated and Conditioned: 166.5758
Epoch: 59, Loss: 0.2600
MSE Loss Between Generated and Conditioned: 123.5457
Epoch: 60, Loss: 0.2581
MSE Loss Between Generated and Conditioned: 154.9641
Epoch: 61, Loss: 0.2563
MSE Loss Between Generated and Conditioned: 155.9109
Epoch: 62, Loss: 0.2547
MSE Loss Between Generated and Conditioned: 101.9285
Epoch: 63, Loss: 0.2530
MSE Loss Between Generated and Conditioned: 147.5589
Epoch: 64, Loss: 0.2514
MSE Loss Between Generated and Conditioned: 227.0516
Epoch: 65, Loss: 0.2498
MSE Loss Between Generated and Conditioned: 141.0751
Epoch: 66, Loss: 0.2483
MSE Loss Between Generated and Conditioned: 157.3245
Epoch: 67, Loss: 0.2468
MSE Loss Between Generated and Conditioned: 85.2656
Epoch: 68, Loss: 0.2453
MSE Loss Between Generated and Conditioned: 59.4838
Epoch: 69, Loss: 0.2439
MSE Loss Between Generated and Conditioned: 97.6860
Epoch: 70, Loss: 0.2423
MSE Loss Between Generated and Conditioned: 87.2284
Epoch: 71, Loss: 0.2409
MSE Loss Between Generated and Conditioned: 58.7525
Epoch: 72, Loss: 0.2395
MSE Loss Between Generated and Conditioned: 91.6872
Epoch: 73, Loss: 0.2384
MSE Loss Between Generated and Conditioned: 67.8599
Epoch: 74, Loss: 0.2372
MSE Loss Between Generated and Conditioned: 100.2813
Epoch: 75, Loss: 0.2359
MSE Loss Between Generated and Conditioned: 90.5334
Epoch: 76, Loss: 0.2348
MSE Loss Between Generated and Conditioned: 60.3235
Epoch: 77, Loss: 0.2336
MSE Loss Between Generated and Conditioned: 50.0300
Epoch: 78, Loss: 0.2324
MSE Loss Between Generated and Conditioned: 73.1829
Epoch: 79, Loss: 0.2312
MSE Loss Between Generated and Conditioned: 46.1945
Epoch: 80, Loss: 0.2301
MSE Loss Between Generated and Conditioned: 22.9101
Epoch: 81, Loss: 0.2290
MSE Loss Between Generated and Conditioned: 49.2472
Epoch: 82, Loss: 0.2280
MSE Loss Between Generated and Conditioned: 40.2411
Epoch: 83, Loss: 0.2269
MSE Loss Between Generated and Conditioned: 51.2154
Epoch: 84, Loss: 0.2259
MSE Loss Between Generated and Conditioned: 67.9717
Epoch: 85, Loss: 0.2249
MSE Loss Between Generated and Conditioned: 33.0739
Epoch: 86, Loss: 0.2239
MSE Loss Between Generated and Conditioned: 26.8259
Epoch: 87, Loss: 0.2230
MSE Loss Between Generated and Conditioned: 26.7852
Epoch: 88, Loss: 0.2221
MSE Loss Between Generated and Conditioned: 16.2139
Epoch: 89, Loss: 0.2212
MSE Loss Between Generated and Conditioned: 55.4166
Epoch: 90, Loss: 0.2205
MSE Loss Between Generated and Conditioned: 47.9950
Epoch: 91, Loss: 0.2195
MSE Loss Between Generated and Conditioned: 51.3701
Epoch: 92, Loss: 0.2187
MSE Loss Between Generated and Conditioned: 16.8152
Epoch: 93, Loss: 0.2179
MSE Loss Between Generated and Conditioned: 23.0043
Epoch: 94, Loss: 0.2171
MSE Loss Between Generated and Conditioned: 39.9474
Epoch: 95, Loss: 0.2163
MSE Loss Between Generated and Conditioned: 27.3167
Epoch: 96, Loss: 0.2156
MSE Loss Between Generated and Conditioned: 21.0252
Epoch: 97, Loss: 0.2149
MSE Loss Between Generated and Conditioned: 36.6678
Epoch: 98, Loss: 0.2141
MSE Loss Between Generated and Conditioned: 15.1268
Epoch: 99, Loss: 0.2134
MSE Loss Between Generated and Conditioned: 17.1540
Epoch: 100, Loss: 0.2127
MSE Loss Between Generated and Conditioned: 9.4009
Epoch: 101, Loss: 0.2121
MSE Loss Between Generated and Conditioned: 19.5741
Epoch: 102, Loss: 0.2115
MSE Loss Between Generated and Conditioned: 34.8795
Epoch: 103, Loss: 0.2108
MSE Loss Between Generated and Conditioned: 22.9726
Epoch: 104, Loss: 0.2100
MSE Loss Between Generated and Conditioned: 19.5640
Epoch: 105, Loss: 0.2094
MSE Loss Between Generated and Conditioned: 18.5538
Epoch: 106, Loss: 0.2087
MSE Loss Between Generated and Conditioned: 15.9729
Epoch: 107, Loss: 0.2081
MSE Loss Between Generated and Conditioned: 8.7153
Epoch: 108, Loss: 0.2075
MSE Loss Between Generated and Conditioned: 20.9118
Epoch: 109, Loss: 0.2069
MSE Loss Between Generated and Conditioned: 15.7846
Epoch: 110, Loss: 0.2063
MSE Loss Between Generated and Conditioned: 21.9071
Epoch: 111, Loss: 0.2057
MSE Loss Between Generated and Conditioned: 11.2571
Epoch: 112, Loss: 0.2051
MSE Loss Between Generated and Conditioned: 8.6753
Epoch: 113, Loss: 0.2046
MSE Loss Between Generated and Conditioned: 20.5115
Epoch: 114, Loss: 0.2041
MSE Loss Between Generated and Conditioned: 19.8587
Epoch: 115, Loss: 0.2035
MSE Loss Between Generated and Conditioned: 13.9998
Epoch: 116, Loss: 0.2030
MSE Loss Between Generated and Conditioned: 15.9454
Epoch: 117, Loss: 0.2024
MSE Loss Between Generated and Conditioned: 13.6404
Epoch: 118, Loss: 0.2019
MSE Loss Between Generated and Conditioned: 11.1235
Epoch: 119, Loss: 0.2014
MSE Loss Between Generated and Conditioned: 5.5503
Epoch: 120, Loss: 0.2009
MSE Loss Between Generated and Conditioned: 20.2163
Epoch: 121, Loss: 0.2004
MSE Loss Between Generated and Conditioned: 16.4166
Epoch: 122, Loss: 0.1999
MSE Loss Between Generated and Conditioned: 17.3725
Epoch: 123, Loss: 0.1994
MSE Loss Between Generated and Conditioned: 10.3189
Epoch: 124, Loss: 0.1990
MSE Loss Between Generated and Conditioned: 8.1485
Epoch: 125, Loss: 0.1985
MSE Loss Between Generated and Conditioned: 8.0943
Epoch: 126, Loss: 0.1980
MSE Loss Between Generated and Conditioned: 7.6805
Epoch: 127, Loss: 0.1975
MSE Loss Between Generated and Conditioned: 10.0898
Epoch: 128, Loss: 0.1971
MSE Loss Between Generated and Conditioned: 10.9954
Epoch: 129, Loss: 0.1966
MSE Loss Between Generated and Conditioned: 13.6303
Epoch: 130, Loss: 0.1962
MSE Loss Between Generated and Conditioned: 11.1044
Epoch: 131, Loss: 0.1957
MSE Loss Between Generated and Conditioned: 5.7385
Epoch: 132, Loss: 0.1953
MSE Loss Between Generated and Conditioned: 5.9744
Epoch: 133, Loss: 0.1949
MSE Loss Between Generated and Conditioned: 16.3806
Epoch: 134, Loss: 0.1945
MSE Loss Between Generated and Conditioned: 9.8848
Epoch: 135, Loss: 0.1941
MSE Loss Between Generated and Conditioned: 8.2032
Epoch: 136, Loss: 0.1937
MSE Loss Between Generated and Conditioned: 5.2746
Epoch: 137, Loss: 0.1933
MSE Loss Between Generated and Conditioned: 6.3330
Epoch: 138, Loss: 0.1930
MSE Loss Between Generated and Conditioned: 12.2553
Epoch: 139, Loss: 0.1926
MSE Loss Between Generated and Conditioned: 4.6281
Epoch: 140, Loss: 0.1923
MSE Loss Between Generated and Conditioned: 8.3890
Epoch: 141, Loss: 0.1918
MSE Loss Between Generated and Conditioned: 8.9408
Epoch: 142, Loss: 0.1915
MSE Loss Between Generated and Conditioned: 3.0231
Epoch: 143, Loss: 0.1911
MSE Loss Between Generated and Conditioned: 6.1653
Epoch: 144, Loss: 0.1907
MSE Loss Between Generated and Conditioned: 4.1180
Epoch: 145, Loss: 0.1904
MSE Loss Between Generated and Conditioned: 7.8693
Epoch: 146, Loss: 0.1900
MSE Loss Between Generated and Conditioned: 7.5090
Epoch: 147, Loss: 0.1897
MSE Loss Between Generated and Conditioned: 3.6318
Epoch: 148, Loss: 0.1894
MSE Loss Between Generated and Conditioned: 5.6204
Epoch: 149, Loss: 0.1891
MSE Loss Between Generated and Conditioned: 6.1644
Epoch: 150, Loss: 0.1887
MSE Loss Between Generated and Conditioned: 7.1397
Epoch: 151, Loss: 0.1884
MSE Loss Between Generated and Conditioned: 7.1033
Epoch: 152, Loss: 0.1881
MSE Loss Between Generated and Conditioned: 5.7406
Epoch: 153, Loss: 0.1877
MSE Loss Between Generated and Conditioned: 5.7254
Epoch: 154, Loss: 0.1874
MSE Loss Between Generated and Conditioned: 4.7620
Epoch: 155, Loss: 0.1870
MSE Loss Between Generated and Conditioned: 9.6667
Epoch: 156, Loss: 0.1867
MSE Loss Between Generated and Conditioned: 5.0714
Epoch: 157, Loss: 0.1864
MSE Loss Between Generated and Conditioned: 5.6861
Epoch: 158, Loss: 0.1861
MSE Loss Between Generated and Conditioned: 4.1512
Epoch: 159, Loss: 0.1858
MSE Loss Between Generated and Conditioned: 2.6990
Epoch: 160, Loss: 0.1856
MSE Loss Between Generated and Conditioned: 9.3465
Epoch: 161, Loss: 0.1853
MSE Loss Between Generated and Conditioned: 6.9655
Epoch: 162, Loss: 0.1850
MSE Loss Between Generated and Conditioned: 4.8694
Epoch: 163, Loss: 0.1847
MSE Loss Between Generated and Conditioned: 4.7651
Epoch: 164, Loss: 0.1844
MSE Loss Between Generated and Conditioned: 4.3945
Epoch: 165, Loss: 0.1841
MSE Loss Between Generated and Conditioned: 6.1692
Epoch: 166, Loss: 0.1839
MSE Loss Between Generated and Conditioned: 7.5454
Epoch: 167, Loss: 0.1836
MSE Loss Between Generated and Conditioned: 3.3630
Epoch: 168, Loss: 0.1833
MSE Loss Between Generated and Conditioned: 1.6167
Epoch: 169, Loss: 0.1830
MSE Loss Between Generated and Conditioned: 2.8997
Epoch: 170, Loss: 0.1827
MSE Loss Between Generated and Conditioned: 6.6816
Epoch: 171, Loss: 0.1825
MSE Loss Between Generated and Conditioned: 2.2876
Epoch: 172, Loss: 0.1822
MSE Loss Between Generated and Conditioned: 5.8316
Epoch: 173, Loss: 0.1819
MSE Loss Between Generated and Conditioned: 3.0680
Epoch: 174, Loss: 0.1817
MSE Loss Between Generated and Conditioned: 3.9672
Epoch: 175, Loss: 0.1814
MSE Loss Between Generated and Conditioned: 1.9836
Epoch: 176, Loss: 0.1812
MSE Loss Between Generated and Conditioned: 1.7880
Epoch: 177, Loss: 0.1810
MSE Loss Between Generated and Conditioned: 3.7161
Epoch: 178, Loss: 0.1808
MSE Loss Between Generated and Conditioned: 2.4251
Epoch: 179, Loss: 0.1805
MSE Loss Between Generated and Conditioned: 6.2621
Epoch: 180, Loss: 0.1803
MSE Loss Between Generated and Conditioned: 2.4814
Epoch: 181, Loss: 0.1801
MSE Loss Between Generated and Conditioned: 2.9028
Epoch: 182, Loss: 0.1798
MSE Loss Between Generated and Conditioned: 2.0018
Epoch: 183, Loss: 0.1796
MSE Loss Between Generated and Conditioned: 1.9200
Epoch: 184, Loss: 0.1794
MSE Loss Between Generated and Conditioned: 4.1286
Epoch: 185, Loss: 0.1792
MSE Loss Between Generated and Conditioned: 2.7437
Epoch: 186, Loss: 0.1789
MSE Loss Between Generated and Conditioned: 2.6834
Epoch: 187, Loss: 0.1787
MSE Loss Between Generated and Conditioned: 1.6975
Epoch: 188, Loss: 0.1785
MSE Loss Between Generated and Conditioned: 3.1530
Epoch: 189, Loss: 0.1783
MSE Loss Between Generated and Conditioned: 3.0653
Epoch: 190, Loss: 0.1781
MSE Loss Between Generated and Conditioned: 1.5676
Epoch: 191, Loss: 0.1778
MSE Loss Between Generated and Conditioned: 2.8448
Epoch: 192, Loss: 0.1777
MSE Loss Between Generated and Conditioned: 2.2594
Epoch: 193, Loss: 0.1775
MSE Loss Between Generated and Conditioned: 3.0314
Epoch: 194, Loss: 0.1772
MSE Loss Between Generated and Conditioned: 2.2554
Epoch: 195, Loss: 0.1770
MSE Loss Between Generated and Conditioned: 2.3280
Epoch: 196, Loss: 0.1769
MSE Loss Between Generated and Conditioned: 2.9169
Epoch: 197, Loss: 0.1767
MSE Loss Between Generated and Conditioned: 2.7666
Epoch: 198, Loss: 0.1765
MSE Loss Between Generated and Conditioned: 2.7934
Epoch: 199, Loss: 0.1762
MSE Loss Between Generated and Conditioned: 1.7843
Epoch: 200, Loss: 0.1760
MSE Loss Between Generated and Conditioned: 3.2600
Epoch: 201, Loss: 0.1758
MSE Loss Between Generated and Conditioned: 2.0492
Epoch: 202, Loss: 0.1756
MSE Loss Between Generated and Conditioned: 1.3924
Epoch: 203, Loss: 0.1754
MSE Loss Between Generated and Conditioned: 1.4533
Epoch: 204, Loss: 0.1752
MSE Loss Between Generated and Conditioned: 2.2158
Epoch: 205, Loss: 0.1750
MSE Loss Between Generated and Conditioned: 1.1252
Epoch: 206, Loss: 0.1749
MSE Loss Between Generated and Conditioned: 1.5411
Epoch: 207, Loss: 0.1747
MSE Loss Between Generated and Conditioned: 1.9718
Epoch: 208, Loss: 0.1745
MSE Loss Between Generated and Conditioned: 1.2854
Epoch: 209, Loss: 0.1743
MSE Loss Between Generated and Conditioned: 2.4335
Epoch: 210, Loss: 0.1741
MSE Loss Between Generated and Conditioned: 1.7666
Epoch: 211, Loss: 0.1740
MSE Loss Between Generated and Conditioned: 1.5569
Epoch: 212, Loss: 0.1738
MSE Loss Between Generated and Conditioned: 1.7239
Epoch: 213, Loss: 0.1736
MSE Loss Between Generated and Conditioned: 1.7964
Epoch: 214, Loss: 0.1734
MSE Loss Between Generated and Conditioned: 1.5956
Epoch: 215, Loss: 0.1733
MSE Loss Between Generated and Conditioned: 1.1497
Epoch: 216, Loss: 0.1732
MSE Loss Between Generated and Conditioned: 1.9669
Epoch: 217, Loss: 0.1729
MSE Loss Between Generated and Conditioned: 2.5548
Epoch: 218, Loss: 0.1728
MSE Loss Between Generated and Conditioned: 1.7933
Epoch: 219, Loss: 0.1726
MSE Loss Between Generated and Conditioned: 1.0774
Epoch: 220, Loss: 0.1725
MSE Loss Between Generated and Conditioned: 1.6166
Epoch: 221, Loss: 0.1723
MSE Loss Between Generated and Conditioned: 2.6869
Epoch: 222, Loss: 0.1721
MSE Loss Between Generated and Conditioned: 1.4356
Epoch: 223, Loss: 0.1719
MSE Loss Between Generated and Conditioned: 2.3079
Epoch: 224, Loss: 0.1718
MSE Loss Between Generated and Conditioned: 2.2993
Epoch: 225, Loss: 0.1716
MSE Loss Between Generated and Conditioned: 2.1803
Epoch: 226, Loss: 0.1715
MSE Loss Between Generated and Conditioned: 1.7261
Epoch: 227, Loss: 0.1713
MSE Loss Between Generated and Conditioned: 1.6264
Epoch: 228, Loss: 0.1712
MSE Loss Between Generated and Conditioned: 1.9709
Epoch: 229, Loss: 0.1710
MSE Loss Between Generated and Conditioned: 1.1410
Epoch: 230, Loss: 0.1709
MSE Loss Between Generated and Conditioned: 1.7460
Epoch: 231, Loss: 0.1707
MSE Loss Between Generated and Conditioned: 1.3020
Epoch: 232, Loss: 0.1706
MSE Loss Between Generated and Conditioned: 1.6026
Epoch: 233, Loss: 0.1705
MSE Loss Between Generated and Conditioned: 1.1564
Epoch: 234, Loss: 0.1703
MSE Loss Between Generated and Conditioned: 1.0971
Epoch: 235, Loss: 0.1702
MSE Loss Between Generated and Conditioned: 1.3517
Epoch: 236, Loss: 0.1701
MSE Loss Between Generated and Conditioned: 2.0970
Epoch: 237, Loss: 0.1699
MSE Loss Between Generated and Conditioned: 1.3999
Epoch: 238, Loss: 0.1698
MSE Loss Between Generated and Conditioned: 1.1848
Epoch: 239, Loss: 0.1696
MSE Loss Between Generated and Conditioned: 1.9003
Epoch: 240, Loss: 0.1695
MSE Loss Between Generated and Conditioned: 1.4804
Epoch: 241, Loss: 0.1693
MSE Loss Between Generated and Conditioned: 1.2712
Epoch: 242, Loss: 0.1692
MSE Loss Between Generated and Conditioned: 1.0041
Epoch: 243, Loss: 0.1690
MSE Loss Between Generated and Conditioned: 1.3495
Epoch: 244, Loss: 0.1689
MSE Loss Between Generated and Conditioned: 1.3829
Epoch: 245, Loss: 0.1688
MSE Loss Between Generated and Conditioned: 1.0164
Epoch: 246, Loss: 0.1686
MSE Loss Between Generated and Conditioned: 1.2997
Epoch: 247, Loss: 0.1685
MSE Loss Between Generated and Conditioned: 1.9039
Epoch: 248, Loss: 0.1684
MSE Loss Between Generated and Conditioned: 1.0532
Epoch: 249, Loss: 0.1683
MSE Loss Between Generated and Conditioned: 1.4461
Epoch: 250, Loss: 0.1681
MSE Loss Between Generated and Conditioned: 1.1061
Epoch: 251, Loss: 0.1680
MSE Loss Between Generated and Conditioned: 1.2576
Epoch: 252, Loss: 0.1679
MSE Loss Between Generated and Conditioned: 1.1872
Epoch: 253, Loss: 0.1678
MSE Loss Between Generated and Conditioned: 1.1149
Epoch: 254, Loss: 0.1677
MSE Loss Between Generated and Conditioned: 1.4761
Epoch: 255, Loss: 0.1676
MSE Loss Between Generated and Conditioned: 1.0515
Epoch: 256, Loss: 0.1675
MSE Loss Between Generated and Conditioned: 1.1544
Epoch: 257, Loss: 0.1673
MSE Loss Between Generated and Conditioned: 1.3235
Epoch: 258, Loss: 0.1672
MSE Loss Between Generated and Conditioned: 1.2550
Epoch: 259, Loss: 0.1671
MSE Loss Between Generated and Conditioned: 1.0383
Epoch: 260, Loss: 0.1670
MSE Loss Between Generated and Conditioned: 1.0750
Epoch: 261, Loss: 0.1669
MSE Loss Between Generated and Conditioned: 1.2176
Epoch: 262, Loss: 0.1667
MSE Loss Between Generated and Conditioned: 1.0236
Epoch: 263, Loss: 0.1666
MSE Loss Between Generated and Conditioned: 1.1126
Epoch: 264, Loss: 0.1665
MSE Loss Between Generated and Conditioned: 1.2725
Epoch: 265, Loss: 0.1664
MSE Loss Between Generated and Conditioned: 1.1761
Epoch: 266, Loss: 0.1663
MSE Loss Between Generated and Conditioned: 1.3304
Epoch: 267, Loss: 0.1662
MSE Loss Between Generated and Conditioned: 1.0324
Epoch: 268, Loss: 0.1661
MSE Loss Between Generated and Conditioned: 1.0638
Epoch: 269, Loss: 0.1660
MSE Loss Between Generated and Conditioned: 1.0533
Epoch: 270, Loss: 0.1659
MSE Loss Between Generated and Conditioned: 1.0889
Epoch: 271, Loss: 0.1658
MSE Loss Between Generated and Conditioned: 1.0501
Epoch: 272, Loss: 0.1656
MSE Loss Between Generated and Conditioned: 1.1845
Epoch: 273, Loss: 0.1655
MSE Loss Between Generated and Conditioned: 1.5092
Epoch: 274, Loss: 0.1654
MSE Loss Between Generated and Conditioned: 1.5747
Epoch: 275, Loss: 0.1653
MSE Loss Between Generated and Conditioned: 1.0374
Epoch: 276, Loss: 0.1652
MSE Loss Between Generated and Conditioned: 1.1442
Epoch: 277, Loss: 0.1651
MSE Loss Between Generated and Conditioned: 1.3166
Epoch: 278, Loss: 0.1650
MSE Loss Between Generated and Conditioned: 1.3519
Epoch: 279, Loss: 0.1649
MSE Loss Between Generated and Conditioned: 1.9256
Epoch: 280, Loss: 0.1648
MSE Loss Between Generated and Conditioned: 1.7095
Epoch: 281, Loss: 0.1647
MSE Loss Between Generated and Conditioned: 1.0202
Epoch: 282, Loss: 0.1646
MSE Loss Between Generated and Conditioned: 1.1242
Epoch: 283, Loss: 0.1645
MSE Loss Between Generated and Conditioned: 1.0197
Epoch: 284, Loss: 0.1643
MSE Loss Between Generated and Conditioned: 2.4816
Epoch: 285, Loss: 0.1642
MSE Loss Between Generated and Conditioned: 1.1425
Epoch: 286, Loss: 0.1641
MSE Loss Between Generated and Conditioned: 1.1781
Epoch: 287, Loss: 0.1640
MSE Loss Between Generated and Conditioned: 0.9994
Epoch: 288, Loss: 0.1639
MSE Loss Between Generated and Conditioned: 1.0633
Epoch: 289, Loss: 0.1638
MSE Loss Between Generated and Conditioned: 1.0363
Epoch: 290, Loss: 0.1637
MSE Loss Between Generated and Conditioned: 1.1131
Epoch: 291, Loss: 0.1636
MSE Loss Between Generated and Conditioned: 1.1152
Epoch: 292, Loss: 0.1635
MSE Loss Between Generated and Conditioned: 1.0399
Epoch: 293, Loss: 0.1634
MSE Loss Between Generated and Conditioned: 1.0348
Epoch: 294, Loss: 0.1633
MSE Loss Between Generated and Conditioned: 1.0438
Epoch: 295, Loss: 0.1632
MSE Loss Between Generated and Conditioned: 1.0326
Epoch: 296, Loss: 0.1632
MSE Loss Between Generated and Conditioned: 1.0135
Epoch: 297, Loss: 0.1631
MSE Loss Between Generated and Conditioned: 1.0915
Epoch: 298, Loss: 0.1630
MSE Loss Between Generated and Conditioned: 1.1047
Epoch: 299, Loss: 0.1629
MSE Loss Between Generated and Conditioned: 1.1595
Epoch: 300, Loss: 0.1627
