nohup: ignoring input
torch.Size([14031, 5, 64, 32])
torch.Size([4677, 5, 64, 32])
torch.Size([4678, 5, 64, 32])
Shape: (5, 144, 72)
Training Decoder
Starting Downstream Task
Shape: (5, 144, 72)
Epoch: 0, Train Loss: 0.00507, Valid Loss: 0.00357, EPS: 0.991
Epoch: 1, Train Loss: 0.00331, Valid Loss: 0.00338, EPS: 0.982
Epoch: 2, Train Loss: 0.00319, Valid Loss: 0.00331, EPS: 0.973
Epoch: 3, Train Loss: 0.00315, Valid Loss: 0.00325, EPS: 0.964
Epoch: 4, Train Loss: 0.00311, Valid Loss: 0.00323, EPS: 0.955
Epoch: 5, Train Loss: 0.00309, Valid Loss: 0.00324, EPS: 0.946
Epoch: 6, Train Loss: 0.00306, Valid Loss: 0.00320, EPS: 0.9369999999999999
Epoch: 7, Train Loss: 0.00305, Valid Loss: 0.00319, EPS: 0.928
Epoch: 8, Train Loss: 0.00304, Valid Loss: 0.00318, EPS: 0.919
Epoch: 9, Train Loss: 0.00303, Valid Loss: 0.00319, EPS: 0.91
Epoch: 10, Train Loss: 0.00302, Valid Loss: 0.00316, EPS: 0.901
Epoch: 11, Train Loss: 0.00301, Valid Loss: 0.00317, EPS: 0.892
Epoch: 12, Train Loss: 0.00301, Valid Loss: 0.00315, EPS: 0.883
Epoch: 13, Train Loss: 0.00300, Valid Loss: 0.00315, EPS: 0.874
Epoch: 14, Train Loss: 0.00300, Valid Loss: 0.00314, EPS: 0.865
Epoch: 15, Train Loss: 0.00300, Valid Loss: 0.00314, EPS: 0.856
Epoch: 16, Train Loss: 0.00300, Valid Loss: 0.00312, EPS: 0.847
Epoch: 17, Train Loss: 0.00300, Valid Loss: 0.00314, EPS: 0.8380000000000001
Epoch: 18, Train Loss: 0.00299, Valid Loss: 0.00315, EPS: 0.8290000000000001
Epoch: 19, Train Loss: 0.00299, Valid Loss: 0.00313, EPS: 0.8200000000000001
Epoch: 20, Train Loss: 0.00299, Valid Loss: 0.00314, EPS: 0.811
Epoch: 21, Train Loss: 0.00299, Valid Loss: 0.00315, EPS: 0.802
Epoch: 22, Train Loss: 0.00298, Valid Loss: 0.00314, EPS: 0.793
Epoch: 23, Train Loss: 0.00299, Valid Loss: 0.00312, EPS: 0.784
Epoch: 24, Train Loss: 0.00298, Valid Loss: 0.00314, EPS: 0.775
Epoch: 25, Train Loss: 0.00297, Valid Loss: 0.00313, EPS: 0.766
Epoch: 26, Train Loss: 0.00297, Valid Loss: 0.00314, EPS: 0.757
Epoch: 27, Train Loss: 0.00298, Valid Loss: 0.00315, EPS: 0.748
Epoch: 28, Train Loss: 0.00298, Valid Loss: 0.00312, EPS: 0.739
Epoch: 29, Train Loss: 0.00298, Valid Loss: 0.00313, EPS: 0.73
Epoch: 30, Train Loss: 0.00299, Valid Loss: 0.00313, EPS: 0.721
Epoch: 31, Train Loss: 0.00297, Valid Loss: 0.00314, EPS: 0.712
Epoch: 32, Train Loss: 0.00297, Valid Loss: 0.00313, EPS: 0.703
Epoch: 33, Train Loss: 0.00298, Valid Loss: 0.00312, EPS: 0.694
Epoch: 34, Train Loss: 0.00298, Valid Loss: 0.00313, EPS: 0.685
Epoch: 35, Train Loss: 0.00273, Valid Loss: 0.00286, EPS: 0.676
Epoch: 36, Train Loss: 0.00258, Valid Loss: 0.00281, EPS: 0.667
Epoch: 37, Train Loss: 0.00255, Valid Loss: 0.00280, EPS: 0.658
Epoch: 38, Train Loss: 0.00254, Valid Loss: 0.00280, EPS: 0.649
Epoch: 39, Train Loss: 0.00253, Valid Loss: 0.00280, EPS: 0.64
Epoch: 40, Train Loss: 0.00253, Valid Loss: 0.00280, EPS: 0.6310000000000001
Epoch: 41, Train Loss: 0.00253, Valid Loss: 0.00280, EPS: 0.6220000000000001
Epoch: 42, Train Loss: 0.00252, Valid Loss: 0.00280, EPS: 0.6130000000000001
Epoch: 43, Train Loss: 0.00252, Valid Loss: 0.00281, EPS: 0.6040000000000001
Epoch: 44, Train Loss: 0.00253, Valid Loss: 0.00281, EPS: 0.5950000000000001
Epoch: 45, Train Loss: 0.00253, Valid Loss: 0.00281, EPS: 0.5860000000000001
Epoch: 46, Train Loss: 0.00252, Valid Loss: 0.00280, EPS: 0.5770000000000001
Epoch: 47, Train Loss: 0.00252, Valid Loss: 0.00280, EPS: 0.5680000000000001
Epoch: 48, Train Loss: 0.00251, Valid Loss: 0.00280, EPS: 0.559
Epoch: 49, Train Loss: 0.00250, Valid Loss: 0.00279, EPS: 0.55
Epoch: 50, Train Loss: 0.00250, Valid Loss: 0.00279, EPS: 0.541
Epoch: 51, Train Loss: 0.00249, Valid Loss: 0.00278, EPS: 0.532
Epoch: 52, Train Loss: 0.00249, Valid Loss: 0.00277, EPS: 0.523
Epoch: 53, Train Loss: 0.00249, Valid Loss: 0.00277, EPS: 0.514
Epoch: 54, Train Loss: 0.00248, Valid Loss: 0.00276, EPS: 0.505
Epoch: 55, Train Loss: 0.00248, Valid Loss: 0.00276, EPS: 0.496
Epoch: 56, Train Loss: 0.00248, Valid Loss: 0.00276, EPS: 0.4870000000000001
Epoch: 57, Train Loss: 0.00247, Valid Loss: 0.00276, EPS: 0.4780000000000001
Epoch: 58, Train Loss: 0.00247, Valid Loss: 0.00275, EPS: 0.4690000000000001
Epoch: 59, Train Loss: 0.00247, Valid Loss: 0.00276, EPS: 0.4600000000000001
Epoch: 60, Train Loss: 0.00247, Valid Loss: 0.00275, EPS: 0.45100000000000007
Epoch: 61, Train Loss: 0.00246, Valid Loss: 0.00276, EPS: 0.44200000000000006
Epoch: 62, Train Loss: 0.00246, Valid Loss: 0.00275, EPS: 0.43300000000000005
Epoch: 63, Train Loss: 0.00246, Valid Loss: 0.00275, EPS: 0.42400000000000004
Epoch: 64, Train Loss: 0.00246, Valid Loss: 0.00275, EPS: 0.41500000000000004
Epoch: 65, Train Loss: 0.00246, Valid Loss: 0.00275, EPS: 0.406
Epoch: 66, Train Loss: 0.00246, Valid Loss: 0.00275, EPS: 0.397
Epoch: 67, Train Loss: 0.00246, Valid Loss: 0.00275, EPS: 0.388
Epoch: 68, Train Loss: 0.00245, Valid Loss: 0.00276, EPS: 0.3790000000000001
Epoch: 69, Train Loss: 0.00246, Valid Loss: 0.00276, EPS: 0.3700000000000001
Epoch: 70, Train Loss: 0.00246, Valid Loss: 0.00275, EPS: 0.3610000000000001
Epoch: 71, Train Loss: 0.00245, Valid Loss: 0.00275, EPS: 0.3520000000000001
Epoch: 72, Train Loss: 0.00245, Valid Loss: 0.00275, EPS: 0.343
Epoch: 73, Train Loss: 0.00245, Valid Loss: 0.00275, EPS: 0.334
Epoch: 74, Train Loss: 0.00245, Valid Loss: 0.00275, EPS: 0.325
Epoch: 75, Train Loss: 0.00246, Valid Loss: 0.00275, EPS: 0.316
Epoch: 76, Train Loss: 0.00245, Valid Loss: 0.00276, EPS: 0.307
Epoch: 77, Train Loss: 0.00245, Valid Loss: 0.00275, EPS: 0.298
Epoch: 78, Train Loss: 0.00245, Valid Loss: 0.00276, EPS: 0.289
Epoch: 79, Train Loss: 0.00245, Valid Loss: 0.00275, EPS: 0.27999999999999997
Epoch: 80, Train Loss: 0.00245, Valid Loss: 0.00275, EPS: 0.27099999999999996
Epoch: 81, Train Loss: 0.00245, Valid Loss: 0.00275, EPS: 0.26200000000000007
Epoch: 82, Train Loss: 0.00245, Valid Loss: 0.00275, EPS: 0.25300000000000006
Epoch: 83, Train Loss: 0.00238, Valid Loss: 0.00273, EPS: 0.24400000000000005
Epoch: 84, Train Loss: 0.00236, Valid Loss: 0.00272, EPS: 0.23500000000000004
Epoch: 85, Train Loss: 0.00236, Valid Loss: 0.00272, EPS: 0.22600000000000003
Epoch: 86, Train Loss: 0.00236, Valid Loss: 0.00272, EPS: 0.21700000000000003
Epoch: 87, Train Loss: 0.00235, Valid Loss: 0.00272, EPS: 0.20800000000000002
Epoch: 88, Train Loss: 0.00236, Valid Loss: 0.00272, EPS: 0.199
Epoch: 89, Train Loss: 0.00236, Valid Loss: 0.00272, EPS: 0.19
Epoch: 90, Train Loss: 0.00236, Valid Loss: 0.00272, EPS: 0.181
Epoch: 91, Train Loss: 0.00236, Valid Loss: 0.00272, EPS: 0.172
Epoch: 92, Train Loss: 0.00236, Valid Loss: 0.00272, EPS: 0.16299999999999998
Epoch: 93, Train Loss: 0.00235, Valid Loss: 0.00272, EPS: 0.15400000000000005
Epoch: 94, Train Loss: 0.00235, Valid Loss: 0.00272, EPS: 0.14500000000000005
Epoch: 95, Train Loss: 0.00235, Valid Loss: 0.00272, EPS: 0.13600000000000004
Epoch: 96, Train Loss: 0.00235, Valid Loss: 0.00272, EPS: 0.12700000000000003
Epoch: 97, Train Loss: 0.00234, Valid Loss: 0.00272, EPS: 0.11800000000000002
Epoch: 98, Train Loss: 0.00234, Valid Loss: 0.00272, EPS: 0.10900000000000001
Epoch: 99, Train Loss: 0.00234, Valid Loss: 0.00271, EPS: 0.1
Test Loss: 0.00271
Test Loss: 0.00270
Starting Latent Downstream Task
MSE Loss Between Generated and Conditioned: 573549.7500
Epoch: 1, Loss: 1.0125
MSE Loss Between Generated and Conditioned: 130101.5547
Epoch: 2, Loss: 0.9161
MSE Loss Between Generated and Conditioned: 85107.5859
Epoch: 3, Loss: 0.8488
MSE Loss Between Generated and Conditioned: 63332.6562
Epoch: 4, Loss: 0.7957
MSE Loss Between Generated and Conditioned: 54564.7500
Epoch: 5, Loss: 0.7499
MSE Loss Between Generated and Conditioned: 45932.9688
Epoch: 6, Loss: 0.7099
MSE Loss Between Generated and Conditioned: 38361.0742
Epoch: 7, Loss: 0.6742
MSE Loss Between Generated and Conditioned: 33451.4375
Epoch: 8, Loss: 0.6429
MSE Loss Between Generated and Conditioned: 29739.3340
Epoch: 9, Loss: 0.6154
MSE Loss Between Generated and Conditioned: 27333.7129
Epoch: 10, Loss: 0.5908
MSE Loss Between Generated and Conditioned: 22390.5195
Epoch: 11, Loss: 0.5690
MSE Loss Between Generated and Conditioned: 20223.3203
Epoch: 12, Loss: 0.5488
MSE Loss Between Generated and Conditioned: 20008.5879
Epoch: 13, Loss: 0.5306
MSE Loss Between Generated and Conditioned: 16962.0723
Epoch: 14, Loss: 0.5137
MSE Loss Between Generated and Conditioned: 15633.6455
Epoch: 15, Loss: 0.4985
MSE Loss Between Generated and Conditioned: 13283.1113
Epoch: 16, Loss: 0.4838
MSE Loss Between Generated and Conditioned: 10622.9297
Epoch: 17, Loss: 0.4700
MSE Loss Between Generated and Conditioned: 9705.5342
Epoch: 18, Loss: 0.4576
MSE Loss Between Generated and Conditioned: 9960.2139
Epoch: 19, Loss: 0.4462
MSE Loss Between Generated and Conditioned: 10104.8955
Epoch: 20, Loss: 0.4354
MSE Loss Between Generated and Conditioned: 9266.6904
Epoch: 21, Loss: 0.4257
MSE Loss Between Generated and Conditioned: 6521.8203
Epoch: 22, Loss: 0.4163
MSE Loss Between Generated and Conditioned: 6840.2329
Epoch: 23, Loss: 0.4078
MSE Loss Between Generated and Conditioned: 6288.8833
Epoch: 24, Loss: 0.3995
MSE Loss Between Generated and Conditioned: 6024.0879
Epoch: 25, Loss: 0.3918
MSE Loss Between Generated and Conditioned: 4620.3618
Epoch: 26, Loss: 0.3845
MSE Loss Between Generated and Conditioned: 3815.6575
Epoch: 27, Loss: 0.3777
MSE Loss Between Generated and Conditioned: 4628.2134
Epoch: 28, Loss: 0.3713
MSE Loss Between Generated and Conditioned: 4802.4009
Epoch: 29, Loss: 0.3653
MSE Loss Between Generated and Conditioned: 4146.4844
Epoch: 30, Loss: 0.3594
MSE Loss Between Generated and Conditioned: 2871.5908
Epoch: 31, Loss: 0.3538
MSE Loss Between Generated and Conditioned: 2518.5728
Epoch: 32, Loss: 0.3485
MSE Loss Between Generated and Conditioned: 1914.0833
Epoch: 33, Loss: 0.3436
MSE Loss Between Generated and Conditioned: 2369.6296
Epoch: 34, Loss: 0.3387
MSE Loss Between Generated and Conditioned: 2666.7161
Epoch: 35, Loss: 0.3338
MSE Loss Between Generated and Conditioned: 1963.1356
Epoch: 36, Loss: 0.3294
MSE Loss Between Generated and Conditioned: 1694.1688
Epoch: 37, Loss: 0.3252
MSE Loss Between Generated and Conditioned: 1422.0648
Epoch: 38, Loss: 0.3211
MSE Loss Between Generated and Conditioned: 1206.5425
Epoch: 39, Loss: 0.3174
MSE Loss Between Generated and Conditioned: 1514.9214
Epoch: 40, Loss: 0.3135
MSE Loss Between Generated and Conditioned: 1723.6797
Epoch: 41, Loss: 0.3098
MSE Loss Between Generated and Conditioned: 883.9168
Epoch: 42, Loss: 0.3062
MSE Loss Between Generated and Conditioned: 953.4146
Epoch: 43, Loss: 0.3028
MSE Loss Between Generated and Conditioned: 1037.1387
Epoch: 44, Loss: 0.2994
MSE Loss Between Generated and Conditioned: 815.6490
Epoch: 45, Loss: 0.2963
MSE Loss Between Generated and Conditioned: 705.8434
Epoch: 46, Loss: 0.2932
MSE Loss Between Generated and Conditioned: 599.5704
Epoch: 47, Loss: 0.2903
MSE Loss Between Generated and Conditioned: 420.6583
Epoch: 48, Loss: 0.2875
MSE Loss Between Generated and Conditioned: 714.4432
Epoch: 49, Loss: 0.2848
MSE Loss Between Generated and Conditioned: 446.6960
Epoch: 50, Loss: 0.2823
MSE Loss Between Generated and Conditioned: 420.2154
Epoch: 51, Loss: 0.2797
MSE Loss Between Generated and Conditioned: 308.1228
Epoch: 52, Loss: 0.2771
MSE Loss Between Generated and Conditioned: 406.3234
Epoch: 53, Loss: 0.2747
MSE Loss Between Generated and Conditioned: 464.3214
Epoch: 54, Loss: 0.2724
MSE Loss Between Generated and Conditioned: 436.5518
Epoch: 55, Loss: 0.2701
MSE Loss Between Generated and Conditioned: 589.8130
Epoch: 56, Loss: 0.2680
MSE Loss Between Generated and Conditioned: 293.9769
Epoch: 57, Loss: 0.2659
MSE Loss Between Generated and Conditioned: 220.7560
Epoch: 58, Loss: 0.2639
MSE Loss Between Generated and Conditioned: 337.1255
Epoch: 59, Loss: 0.2619
MSE Loss Between Generated and Conditioned: 318.7292
Epoch: 60, Loss: 0.2601
MSE Loss Between Generated and Conditioned: 212.0352
Epoch: 61, Loss: 0.2583
MSE Loss Between Generated and Conditioned: 311.9555
Epoch: 62, Loss: 0.2564
MSE Loss Between Generated and Conditioned: 215.3138
Epoch: 63, Loss: 0.2545
MSE Loss Between Generated and Conditioned: 233.9036
Epoch: 64, Loss: 0.2528
MSE Loss Between Generated and Conditioned: 194.9378
Epoch: 65, Loss: 0.2511
MSE Loss Between Generated and Conditioned: 280.6779
Epoch: 66, Loss: 0.2496
MSE Loss Between Generated and Conditioned: 161.7788
Epoch: 67, Loss: 0.2480
MSE Loss Between Generated and Conditioned: 195.6047
Epoch: 68, Loss: 0.2464
MSE Loss Between Generated and Conditioned: 152.6956
Epoch: 69, Loss: 0.2448
MSE Loss Between Generated and Conditioned: 116.0141
Epoch: 70, Loss: 0.2433
MSE Loss Between Generated and Conditioned: 111.9560
Epoch: 71, Loss: 0.2420
MSE Loss Between Generated and Conditioned: 169.6106
Epoch: 72, Loss: 0.2407
MSE Loss Between Generated and Conditioned: 107.4657
Epoch: 73, Loss: 0.2393
MSE Loss Between Generated and Conditioned: 58.8459
Epoch: 74, Loss: 0.2380
MSE Loss Between Generated and Conditioned: 109.1726
Epoch: 75, Loss: 0.2367
MSE Loss Between Generated and Conditioned: 114.0147
Epoch: 76, Loss: 0.2354
MSE Loss Between Generated and Conditioned: 136.4057
Epoch: 77, Loss: 0.2342
MSE Loss Between Generated and Conditioned: 58.7058
Epoch: 78, Loss: 0.2329
MSE Loss Between Generated and Conditioned: 96.1846
Epoch: 79, Loss: 0.2318
MSE Loss Between Generated and Conditioned: 62.1485
Epoch: 80, Loss: 0.2307
MSE Loss Between Generated and Conditioned: 82.9083
Epoch: 81, Loss: 0.2295
MSE Loss Between Generated and Conditioned: 58.3392
Epoch: 82, Loss: 0.2284
MSE Loss Between Generated and Conditioned: 77.7621
Epoch: 83, Loss: 0.2273
MSE Loss Between Generated and Conditioned: 46.4279
Epoch: 84, Loss: 0.2264
MSE Loss Between Generated and Conditioned: 46.5554
Epoch: 85, Loss: 0.2254
MSE Loss Between Generated and Conditioned: 68.7449
Epoch: 86, Loss: 0.2244
MSE Loss Between Generated and Conditioned: 48.6577
Epoch: 87, Loss: 0.2234
MSE Loss Between Generated and Conditioned: 55.4888
Epoch: 88, Loss: 0.2226
MSE Loss Between Generated and Conditioned: 60.9562
Epoch: 89, Loss: 0.2217
MSE Loss Between Generated and Conditioned: 67.8130
Epoch: 90, Loss: 0.2208
MSE Loss Between Generated and Conditioned: 25.7376
Epoch: 91, Loss: 0.2199
MSE Loss Between Generated and Conditioned: 45.8458
Epoch: 92, Loss: 0.2190
MSE Loss Between Generated and Conditioned: 82.3486
Epoch: 93, Loss: 0.2182
MSE Loss Between Generated and Conditioned: 57.3351
Epoch: 94, Loss: 0.2174
MSE Loss Between Generated and Conditioned: 96.2134
Epoch: 95, Loss: 0.2166
MSE Loss Between Generated and Conditioned: 36.3029
Epoch: 96, Loss: 0.2158
MSE Loss Between Generated and Conditioned: 35.9572
Epoch: 97, Loss: 0.2151
MSE Loss Between Generated and Conditioned: 31.0635
Epoch: 98, Loss: 0.2143
MSE Loss Between Generated and Conditioned: 31.1492
Epoch: 99, Loss: 0.2136
MSE Loss Between Generated and Conditioned: 69.9691
Epoch: 100, Loss: 0.2128
MSE Loss Between Generated and Conditioned: 42.9153
Epoch: 101, Loss: 0.2121
MSE Loss Between Generated and Conditioned: 33.6453
Epoch: 102, Loss: 0.2114
MSE Loss Between Generated and Conditioned: 34.6418
Epoch: 103, Loss: 0.2107
MSE Loss Between Generated and Conditioned: 47.9632
Epoch: 104, Loss: 0.2099
MSE Loss Between Generated and Conditioned: 63.0902
Epoch: 105, Loss: 0.2092
MSE Loss Between Generated and Conditioned: 39.7345
Epoch: 106, Loss: 0.2085
MSE Loss Between Generated and Conditioned: 32.2557
Epoch: 107, Loss: 0.2079
MSE Loss Between Generated and Conditioned: 18.4392
Epoch: 108, Loss: 0.2073
MSE Loss Between Generated and Conditioned: 45.6015
Epoch: 109, Loss: 0.2068
MSE Loss Between Generated and Conditioned: 56.9026
Epoch: 110, Loss: 0.2061
MSE Loss Between Generated and Conditioned: 33.0342
Epoch: 111, Loss: 0.2055
MSE Loss Between Generated and Conditioned: 30.0428
Epoch: 112, Loss: 0.2049
MSE Loss Between Generated and Conditioned: 29.7348
Epoch: 113, Loss: 0.2044
MSE Loss Between Generated and Conditioned: 19.7277
Epoch: 114, Loss: 0.2039
MSE Loss Between Generated and Conditioned: 29.0299
Epoch: 115, Loss: 0.2033
MSE Loss Between Generated and Conditioned: 46.0152
Epoch: 116, Loss: 0.2028
MSE Loss Between Generated and Conditioned: 28.8081
Epoch: 117, Loss: 0.2023
MSE Loss Between Generated and Conditioned: 13.9740
Epoch: 118, Loss: 0.2018
MSE Loss Between Generated and Conditioned: 20.7787
Epoch: 119, Loss: 0.2013
MSE Loss Between Generated and Conditioned: 28.3386
Epoch: 120, Loss: 0.2008
MSE Loss Between Generated and Conditioned: 33.5317
Epoch: 121, Loss: 0.2003
MSE Loss Between Generated and Conditioned: 33.7160
Epoch: 122, Loss: 0.1998
MSE Loss Between Generated and Conditioned: 21.4517
Epoch: 123, Loss: 0.1993
MSE Loss Between Generated and Conditioned: 19.8908
Epoch: 124, Loss: 0.1988
MSE Loss Between Generated and Conditioned: 20.3904
Epoch: 125, Loss: 0.1983
MSE Loss Between Generated and Conditioned: 25.2953
Epoch: 126, Loss: 0.1978
MSE Loss Between Generated and Conditioned: 34.1066
Epoch: 127, Loss: 0.1974
MSE Loss Between Generated and Conditioned: 16.5363
Epoch: 128, Loss: 0.1969
MSE Loss Between Generated and Conditioned: 25.3896
Epoch: 129, Loss: 0.1965
MSE Loss Between Generated and Conditioned: 11.0877
Epoch: 130, Loss: 0.1961
MSE Loss Between Generated and Conditioned: 18.3328
Epoch: 131, Loss: 0.1956
MSE Loss Between Generated and Conditioned: 30.0056
Epoch: 132, Loss: 0.1952
MSE Loss Between Generated and Conditioned: 19.5321
Epoch: 133, Loss: 0.1947
MSE Loss Between Generated and Conditioned: 27.8596
Epoch: 134, Loss: 0.1943
MSE Loss Between Generated and Conditioned: 10.5461
Epoch: 135, Loss: 0.1939
MSE Loss Between Generated and Conditioned: 18.9735
Epoch: 136, Loss: 0.1935
MSE Loss Between Generated and Conditioned: 11.8336
Epoch: 137, Loss: 0.1931
MSE Loss Between Generated and Conditioned: 18.6103
Epoch: 138, Loss: 0.1927
MSE Loss Between Generated and Conditioned: 22.7723
Epoch: 139, Loss: 0.1923
MSE Loss Between Generated and Conditioned: 18.5741
Epoch: 140, Loss: 0.1920
MSE Loss Between Generated and Conditioned: 7.6440
Epoch: 141, Loss: 0.1916
MSE Loss Between Generated and Conditioned: 9.2531
Epoch: 142, Loss: 0.1912
MSE Loss Between Generated and Conditioned: 10.5420
Epoch: 143, Loss: 0.1909
MSE Loss Between Generated and Conditioned: 18.1603
Epoch: 144, Loss: 0.1905
MSE Loss Between Generated and Conditioned: 18.4002
Epoch: 145, Loss: 0.1902
MSE Loss Between Generated and Conditioned: 8.4658
Epoch: 146, Loss: 0.1899
MSE Loss Between Generated and Conditioned: 14.8858
Epoch: 147, Loss: 0.1895
MSE Loss Between Generated and Conditioned: 12.4680
Epoch: 148, Loss: 0.1891
MSE Loss Between Generated and Conditioned: 10.8479
Epoch: 149, Loss: 0.1887
MSE Loss Between Generated and Conditioned: 9.5519
Epoch: 150, Loss: 0.1884
MSE Loss Between Generated and Conditioned: 11.0436
Epoch: 151, Loss: 0.1881
MSE Loss Between Generated and Conditioned: 10.9647
Epoch: 152, Loss: 0.1877
MSE Loss Between Generated and Conditioned: 14.8007
Epoch: 153, Loss: 0.1874
MSE Loss Between Generated and Conditioned: 16.0037
Epoch: 154, Loss: 0.1870
MSE Loss Between Generated and Conditioned: 12.8872
Epoch: 155, Loss: 0.1867
MSE Loss Between Generated and Conditioned: 9.7604
Epoch: 156, Loss: 0.1864
MSE Loss Between Generated and Conditioned: 10.5775
Epoch: 157, Loss: 0.1860
MSE Loss Between Generated and Conditioned: 20.3581
Epoch: 158, Loss: 0.1857
MSE Loss Between Generated and Conditioned: 9.1244
Epoch: 159, Loss: 0.1854
MSE Loss Between Generated and Conditioned: 13.5635
Epoch: 160, Loss: 0.1851
MSE Loss Between Generated and Conditioned: 8.6432
Epoch: 161, Loss: 0.1848
MSE Loss Between Generated and Conditioned: 11.9994
Epoch: 162, Loss: 0.1846
MSE Loss Between Generated and Conditioned: 14.8700
Epoch: 163, Loss: 0.1843
MSE Loss Between Generated and Conditioned: 8.2493
Epoch: 164, Loss: 0.1840
MSE Loss Between Generated and Conditioned: 4.3253
Epoch: 165, Loss: 0.1837
MSE Loss Between Generated and Conditioned: 8.6602
Epoch: 166, Loss: 0.1834
MSE Loss Between Generated and Conditioned: 5.8922
Epoch: 167, Loss: 0.1831
MSE Loss Between Generated and Conditioned: 9.0028
Epoch: 168, Loss: 0.1829
MSE Loss Between Generated and Conditioned: 5.8566
Epoch: 169, Loss: 0.1826
MSE Loss Between Generated and Conditioned: 10.0758
Epoch: 170, Loss: 0.1823
MSE Loss Between Generated and Conditioned: 6.6562
Epoch: 171, Loss: 0.1821
MSE Loss Between Generated and Conditioned: 7.9809
Epoch: 172, Loss: 0.1818
MSE Loss Between Generated and Conditioned: 8.9959
Epoch: 173, Loss: 0.1816
MSE Loss Between Generated and Conditioned: 4.6795
Epoch: 174, Loss: 0.1813
MSE Loss Between Generated and Conditioned: 8.1683
Epoch: 175, Loss: 0.1811
MSE Loss Between Generated and Conditioned: 6.7529
Epoch: 176, Loss: 0.1808
MSE Loss Between Generated and Conditioned: 8.6233
Epoch: 177, Loss: 0.1806
MSE Loss Between Generated and Conditioned: 5.3028
Epoch: 178, Loss: 0.1803
MSE Loss Between Generated and Conditioned: 5.0701
Epoch: 179, Loss: 0.1800
MSE Loss Between Generated and Conditioned: 5.7043
Epoch: 180, Loss: 0.1798
MSE Loss Between Generated and Conditioned: 6.0108
Epoch: 181, Loss: 0.1795
MSE Loss Between Generated and Conditioned: 3.6280
Epoch: 182, Loss: 0.1793
MSE Loss Between Generated and Conditioned: 5.7032
Epoch: 183, Loss: 0.1791
MSE Loss Between Generated and Conditioned: 7.6092
Epoch: 184, Loss: 0.1788
MSE Loss Between Generated and Conditioned: 4.1400
Epoch: 185, Loss: 0.1786
MSE Loss Between Generated and Conditioned: 3.1783
Epoch: 186, Loss: 0.1784
MSE Loss Between Generated and Conditioned: 4.8100
Epoch: 187, Loss: 0.1782
MSE Loss Between Generated and Conditioned: 3.3293
Epoch: 188, Loss: 0.1780
MSE Loss Between Generated and Conditioned: 4.8555
Epoch: 189, Loss: 0.1778
MSE Loss Between Generated and Conditioned: 3.9622
Epoch: 190, Loss: 0.1775
MSE Loss Between Generated and Conditioned: 4.9130
Epoch: 191, Loss: 0.1773
MSE Loss Between Generated and Conditioned: 4.8042
Epoch: 192, Loss: 0.1771
MSE Loss Between Generated and Conditioned: 3.6567
Epoch: 193, Loss: 0.1769
MSE Loss Between Generated and Conditioned: 4.3718
Epoch: 194, Loss: 0.1767
MSE Loss Between Generated and Conditioned: 3.3581
Epoch: 195, Loss: 0.1764
MSE Loss Between Generated and Conditioned: 6.6892
Epoch: 196, Loss: 0.1762
MSE Loss Between Generated and Conditioned: 8.5964
Epoch: 197, Loss: 0.1760
MSE Loss Between Generated and Conditioned: 4.4263
Epoch: 198, Loss: 0.1758
MSE Loss Between Generated and Conditioned: 3.4280
Epoch: 199, Loss: 0.1756
MSE Loss Between Generated and Conditioned: 5.7264
Epoch: 200, Loss: 0.1754
MSE Loss Between Generated and Conditioned: 4.3668
Epoch: 201, Loss: 0.1752
MSE Loss Between Generated and Conditioned: 3.2690
Epoch: 202, Loss: 0.1750
MSE Loss Between Generated and Conditioned: 3.7818
Epoch: 203, Loss: 0.1748
MSE Loss Between Generated and Conditioned: 3.1601
Epoch: 204, Loss: 0.1746
MSE Loss Between Generated and Conditioned: 4.6539
Epoch: 205, Loss: 0.1744
MSE Loss Between Generated and Conditioned: 3.3922
Epoch: 206, Loss: 0.1742
MSE Loss Between Generated and Conditioned: 3.9247
Epoch: 207, Loss: 0.1740
MSE Loss Between Generated and Conditioned: 4.5921
Epoch: 208, Loss: 0.1738
MSE Loss Between Generated and Conditioned: 4.5554
Epoch: 209, Loss: 0.1737
MSE Loss Between Generated and Conditioned: 4.2934
Epoch: 210, Loss: 0.1735
MSE Loss Between Generated and Conditioned: 2.9466
Epoch: 211, Loss: 0.1733
MSE Loss Between Generated and Conditioned: 2.7300
Epoch: 212, Loss: 0.1731
MSE Loss Between Generated and Conditioned: 4.5067
Epoch: 213, Loss: 0.1729
MSE Loss Between Generated and Conditioned: 2.5358
Epoch: 214, Loss: 0.1728
MSE Loss Between Generated and Conditioned: 4.1576
Epoch: 215, Loss: 0.1726
MSE Loss Between Generated and Conditioned: 2.9739
Epoch: 216, Loss: 0.1724
MSE Loss Between Generated and Conditioned: 2.2722
Epoch: 217, Loss: 0.1723
MSE Loss Between Generated and Conditioned: 3.8267
Epoch: 218, Loss: 0.1721
MSE Loss Between Generated and Conditioned: 2.5066
Epoch: 219, Loss: 0.1719
MSE Loss Between Generated and Conditioned: 3.9350
Epoch: 220, Loss: 0.1718
MSE Loss Between Generated and Conditioned: 3.5277
Epoch: 221, Loss: 0.1716
MSE Loss Between Generated and Conditioned: 2.6766
Epoch: 222, Loss: 0.1714
MSE Loss Between Generated and Conditioned: 2.6069
Epoch: 223, Loss: 0.1712
MSE Loss Between Generated and Conditioned: 2.9052
Epoch: 224, Loss: 0.1711
MSE Loss Between Generated and Conditioned: 2.5016
Epoch: 225, Loss: 0.1709
MSE Loss Between Generated and Conditioned: 3.0911
Epoch: 226, Loss: 0.1708
MSE Loss Between Generated and Conditioned: 4.3894
Epoch: 227, Loss: 0.1706
MSE Loss Between Generated and Conditioned: 2.8511
Epoch: 228, Loss: 0.1705
MSE Loss Between Generated and Conditioned: 2.8712
Epoch: 229, Loss: 0.1704
MSE Loss Between Generated and Conditioned: 2.6950
Epoch: 230, Loss: 0.1702
MSE Loss Between Generated and Conditioned: 2.6931
Epoch: 231, Loss: 0.1701
MSE Loss Between Generated and Conditioned: 6.5223
Epoch: 232, Loss: 0.1699
MSE Loss Between Generated and Conditioned: 2.4243
Epoch: 233, Loss: 0.1698
MSE Loss Between Generated and Conditioned: 2.3950
Epoch: 234, Loss: 0.1696
MSE Loss Between Generated and Conditioned: 2.9505
Epoch: 235, Loss: 0.1695
MSE Loss Between Generated and Conditioned: 3.8203
Epoch: 236, Loss: 0.1693
MSE Loss Between Generated and Conditioned: 3.3984
Epoch: 237, Loss: 0.1692
MSE Loss Between Generated and Conditioned: 2.2011
Epoch: 238, Loss: 0.1690
MSE Loss Between Generated and Conditioned: 2.2226
Epoch: 239, Loss: 0.1689
MSE Loss Between Generated and Conditioned: 2.7976
Epoch: 240, Loss: 0.1687
MSE Loss Between Generated and Conditioned: 2.1366
Epoch: 241, Loss: 0.1686
MSE Loss Between Generated and Conditioned: 3.2783
Epoch: 242, Loss: 0.1685
MSE Loss Between Generated and Conditioned: 5.5639
Epoch: 243, Loss: 0.1684
MSE Loss Between Generated and Conditioned: 2.3258
Epoch: 244, Loss: 0.1682
MSE Loss Between Generated and Conditioned: 3.1254
Epoch: 245, Loss: 0.1681
MSE Loss Between Generated and Conditioned: 2.6431
Epoch: 246, Loss: 0.1679
MSE Loss Between Generated and Conditioned: 2.1323
Epoch: 247, Loss: 0.1678
MSE Loss Between Generated and Conditioned: 2.8113
Epoch: 248, Loss: 0.1677
MSE Loss Between Generated and Conditioned: 2.8819
Epoch: 249, Loss: 0.1676
MSE Loss Between Generated and Conditioned: 2.1740
Epoch: 250, Loss: 0.1674
MSE Loss Between Generated and Conditioned: 2.7388
Epoch: 251, Loss: 0.1673
MSE Loss Between Generated and Conditioned: 3.2295
Epoch: 252, Loss: 0.1671
MSE Loss Between Generated and Conditioned: 2.5782
Epoch: 253, Loss: 0.1670
MSE Loss Between Generated and Conditioned: 2.4540
Epoch: 254, Loss: 0.1669
MSE Loss Between Generated and Conditioned: 3.7974
Epoch: 255, Loss: 0.1667
MSE Loss Between Generated and Conditioned: 3.0480
Epoch: 256, Loss: 0.1666
MSE Loss Between Generated and Conditioned: 2.9141
Epoch: 257, Loss: 0.1665
MSE Loss Between Generated and Conditioned: 2.3783
Epoch: 258, Loss: 0.1664
MSE Loss Between Generated and Conditioned: 2.5959
Epoch: 259, Loss: 0.1662
MSE Loss Between Generated and Conditioned: 3.2871
Epoch: 260, Loss: 0.1661
MSE Loss Between Generated and Conditioned: 2.5040
Epoch: 261, Loss: 0.1660
MSE Loss Between Generated and Conditioned: 3.1262
Epoch: 262, Loss: 0.1659
MSE Loss Between Generated and Conditioned: 2.4681
Epoch: 263, Loss: 0.1658
MSE Loss Between Generated and Conditioned: 2.4667
Epoch: 264, Loss: 0.1657
MSE Loss Between Generated and Conditioned: 2.4593
Epoch: 265, Loss: 0.1655
MSE Loss Between Generated and Conditioned: 2.3872
Epoch: 266, Loss: 0.1654
MSE Loss Between Generated and Conditioned: 2.7886
Epoch: 267, Loss: 0.1653
MSE Loss Between Generated and Conditioned: 2.9695
Epoch: 268, Loss: 0.1652
MSE Loss Between Generated and Conditioned: 2.9069
Epoch: 269, Loss: 0.1651
MSE Loss Between Generated and Conditioned: 2.7839
Epoch: 270, Loss: 0.1649
MSE Loss Between Generated and Conditioned: 2.4614
Epoch: 271, Loss: 0.1648
MSE Loss Between Generated and Conditioned: 2.2812
Epoch: 272, Loss: 0.1647
MSE Loss Between Generated and Conditioned: 2.3127
Epoch: 273, Loss: 0.1646
MSE Loss Between Generated and Conditioned: 7.0397
Epoch: 274, Loss: 0.1645
MSE Loss Between Generated and Conditioned: 2.4064
Epoch: 275, Loss: 0.1644
MSE Loss Between Generated and Conditioned: 5.0719
Epoch: 276, Loss: 0.1643
MSE Loss Between Generated and Conditioned: 2.1998
Epoch: 277, Loss: 0.1642
MSE Loss Between Generated and Conditioned: 2.2602
Epoch: 278, Loss: 0.1641
MSE Loss Between Generated and Conditioned: 2.8902
Epoch: 279, Loss: 0.1640
MSE Loss Between Generated and Conditioned: 2.3392
Epoch: 280, Loss: 0.1639
MSE Loss Between Generated and Conditioned: 2.5434
Epoch: 281, Loss: 0.1638
MSE Loss Between Generated and Conditioned: 2.4400
Epoch: 282, Loss: 0.1637
MSE Loss Between Generated and Conditioned: 2.1818
Epoch: 283, Loss: 0.1635
MSE Loss Between Generated and Conditioned: 5.0972
Epoch: 284, Loss: 0.1634
MSE Loss Between Generated and Conditioned: 2.2181
Epoch: 285, Loss: 0.1634
MSE Loss Between Generated and Conditioned: 2.2528
Epoch: 286, Loss: 0.1632
MSE Loss Between Generated and Conditioned: 2.3052
Epoch: 287, Loss: 0.1631
MSE Loss Between Generated and Conditioned: 3.3279
Epoch: 288, Loss: 0.1630
MSE Loss Between Generated and Conditioned: 2.2892
Epoch: 289, Loss: 0.1629
MSE Loss Between Generated and Conditioned: 2.2047
Epoch: 290, Loss: 0.1628
MSE Loss Between Generated and Conditioned: 2.3886
Epoch: 291, Loss: 0.1627
MSE Loss Between Generated and Conditioned: 2.1615
Epoch: 292, Loss: 0.1626
MSE Loss Between Generated and Conditioned: 3.0286
Epoch: 293, Loss: 0.1625
MSE Loss Between Generated and Conditioned: 2.1416
Epoch: 294, Loss: 0.1624
MSE Loss Between Generated and Conditioned: 2.6508
Epoch: 295, Loss: 0.1624
MSE Loss Between Generated and Conditioned: 2.1815
Epoch: 296, Loss: 0.1622
MSE Loss Between Generated and Conditioned: 2.2903
Epoch: 297, Loss: 0.1622
MSE Loss Between Generated and Conditioned: 2.2327
Epoch: 298, Loss: 0.1620
MSE Loss Between Generated and Conditioned: 2.4626
Epoch: 299, Loss: 0.1620
MSE Loss Between Generated and Conditioned: 2.2761
Epoch: 300, Loss: 0.1619
/vol/bitbucket/nb324/masters_project/msc_repo/part_4_improved_decoder/latent_diffusion_model_conditional_attn/latent_model_main.py:112: UserWarning: No artists with labels found to put in legend.  Note that artists whose label start with an underscore are ignored when legend() is called with no argument.
Traceback (most recent call last):
  File "/vol/bitbucket/nb324/masters_project/msc_repo/part_4_improved_decoder/autoencoder_l1_l2_sampling/main.py", line 139, in <module>
    main()
  File "/vol/bitbucket/nb324/masters_project/msc_repo/part_4_improved_decoder/autoencoder_l1_l2_sampling/main.py", line 121, in main
    downstream_task_latent_diffusion_conditional_attn(
  File "/vol/bitbucket/nb324/masters_project/msc_repo/part_4_improved_decoder/latent_diffusion_model_conditional_attn/latent_model_main.py", line 117, in downstream_task
  File "/vol/bitbucket/nb324/masters_project/.venv/lib/python3.12/site-packages/matplotlib/pyplot.py", line 3827, in plot
    return gca().plot(
           ^^^^^^^^^^^
  File "/vol/bitbucket/nb324/masters_project/.venv/lib/python3.12/site-packages/matplotlib/axes/_axes.py", line 1777, in plot
    lines = [*self._get_lines(self, *args, data=data, **kwargs)]
            ^^^^^^^^^^^^^^^^^^^^^^^^^^^^^^^^^^^^^^^^^^^^^^^^^^^^
  File "/vol/bitbucket/nb324/masters_project/.venv/lib/python3.12/site-packages/matplotlib/axes/_base.py", line 297, in __call__
    yield from self._plot_args(
               ^^^^^^^^^^^^^^^^
  File "/vol/bitbucket/nb324/masters_project/.venv/lib/python3.12/site-packages/matplotlib/axes/_base.py", line 494, in _plot_args
    raise ValueError(f"x and y must have same first dimension, but "
ValueError: x and y must have same first dimension, but have shapes (300,) and (13200,)
nohup: ignoring input
Train: torch.Size([14031, 5, 64, 32]), Valid: torch.Size([4677, 5, 64, 32]), Test: torch.Size([4678, 5, 64, 32])
Starting Downstream Task
Running context window: 5 with stride: 5 with seed: 0
Shape: (5, 144, 72)
Epoch: 0, Train Loss: 0.00837, Valid Loss: 0.00542, EPS: 0.991
Epoch: 1, Train Loss: 0.00468, Valid Loss: 0.00430, EPS: 0.982
Epoch: 2, Train Loss: 0.00389, Valid Loss: 0.00387, EPS: 0.973
Epoch: 3, Train Loss: 0.00347, Valid Loss: 0.00357, EPS: 0.964
Epoch: 4, Train Loss: 0.00319, Valid Loss: 0.00343, EPS: 0.955
Epoch: 5, Train Loss: 0.00302, Valid Loss: 0.00334, EPS: 0.946
Epoch: 6, Train Loss: 0.00291, Valid Loss: 0.00327, EPS: 0.9369999999999999
Epoch: 7, Train Loss: 0.00283, Valid Loss: 0.00323, EPS: 0.928
Epoch: 8, Train Loss: 0.00281, Valid Loss: 0.00322, EPS: 0.919
Epoch: 9, Train Loss: 0.00277, Valid Loss: 0.00322, EPS: 0.91
Epoch: 10, Train Loss: 0.00274, Valid Loss: 0.00318, EPS: 0.901
Epoch: 11, Train Loss: 0.00270, Valid Loss: 0.00315, EPS: 0.892
Epoch: 12, Train Loss: 0.00267, Valid Loss: 0.00318, EPS: 0.883
Epoch: 13, Train Loss: 0.00265, Valid Loss: 0.00313, EPS: 0.874
Epoch: 14, Train Loss: 0.00262, Valid Loss: 0.00311, EPS: 0.865
Epoch: 15, Train Loss: 0.00260, Valid Loss: 0.00311, EPS: 0.856
Epoch: 16, Train Loss: 0.00258, Valid Loss: 0.00309, EPS: 0.847
Epoch: 17, Train Loss: 0.00257, Valid Loss: 0.00312, EPS: 0.8380000000000001
Epoch: 18, Train Loss: 0.00257, Valid Loss: 0.00310, EPS: 0.8290000000000001
Epoch: 19, Train Loss: 0.00256, Valid Loss: 0.00311, EPS: 0.8200000000000001
Epoch: 20, Train Loss: 0.00255, Valid Loss: 0.00311, EPS: 0.811
Epoch: 21, Train Loss: 0.00255, Valid Loss: 0.00308, EPS: 0.802
Epoch: 22, Train Loss: 0.00255, Valid Loss: 0.00306, EPS: 0.793
Epoch: 23, Train Loss: 0.00254, Valid Loss: 0.00308, EPS: 0.784
Epoch: 24, Train Loss: 0.00255, Valid Loss: 0.00309, EPS: 0.775
Epoch: 25, Train Loss: 0.00252, Valid Loss: 0.00306, EPS: 0.766
Epoch: 26, Train Loss: 0.00251, Valid Loss: 0.00306, EPS: 0.757
Epoch: 27, Train Loss: 0.00251, Valid Loss: 0.00305, EPS: 0.748
Epoch: 28, Train Loss: 0.00252, Valid Loss: 0.00305, EPS: 0.739
Epoch: 29, Train Loss: 0.00252, Valid Loss: 0.00305, EPS: 0.73
Epoch: 30, Train Loss: 0.00251, Valid Loss: 0.00306, EPS: 0.721
Epoch: 31, Train Loss: 0.00250, Valid Loss: 0.00306, EPS: 0.712
Epoch: 32, Train Loss: 0.00249, Valid Loss: 0.00305, EPS: 0.703
Epoch: 33, Train Loss: 0.00248, Valid Loss: 0.00306, EPS: 0.694
Epoch: 34, Train Loss: 0.00250, Valid Loss: 0.00302, EPS: 0.685
Epoch: 35, Train Loss: 0.00249, Valid Loss: 0.00303, EPS: 0.676
Epoch: 36, Train Loss: 0.00247, Valid Loss: 0.00305, EPS: 0.667
Epoch: 37, Train Loss: 0.00248, Valid Loss: 0.00304, EPS: 0.658
Epoch: 38, Train Loss: 0.00248, Valid Loss: 0.00303, EPS: 0.649
Epoch: 39, Train Loss: 0.00246, Valid Loss: 0.00304, EPS: 0.64
Epoch: 40, Train Loss: 0.00246, Valid Loss: 0.00304, EPS: 0.6310000000000001
Epoch: 41, Train Loss: 0.00246, Valid Loss: 0.00304, EPS: 0.6220000000000001
Epoch: 42, Train Loss: 0.00245, Valid Loss: 0.00303, EPS: 0.6130000000000001
Epoch: 43, Train Loss: 0.00245, Valid Loss: 0.00303, EPS: 0.6040000000000001
Epoch: 44, Train Loss: 0.00246, Valid Loss: 0.00300, EPS: 0.5950000000000001
Epoch: 45, Train Loss: 0.00247, Valid Loss: 0.00303, EPS: 0.5860000000000001
Epoch: 46, Train Loss: 0.00247, Valid Loss: 0.00304, EPS: 0.5770000000000001
Epoch: 47, Train Loss: 0.00246, Valid Loss: 0.00303, EPS: 0.5680000000000001
Epoch: 48, Train Loss: 0.00246, Valid Loss: 0.00301, EPS: 0.559
Epoch: 49, Train Loss: 0.00244, Valid Loss: 0.00300, EPS: 0.55
Epoch: 50, Train Loss: 0.00245, Valid Loss: 0.00303, EPS: 0.541
Epoch: 51, Train Loss: 0.00246, Valid Loss: 0.00302, EPS: 0.532
Epoch: 52, Train Loss: 0.00247, Valid Loss: 0.00301, EPS: 0.523
Epoch: 53, Train Loss: 0.00245, Valid Loss: 0.00300, EPS: 0.514
Epoch: 54, Train Loss: 0.00244, Valid Loss: 0.00303, EPS: 0.505
Epoch: 55, Train Loss: 0.00245, Valid Loss: 0.00301, EPS: 0.496
Epoch: 56, Train Loss: 0.00244, Valid Loss: 0.00302, EPS: 0.4870000000000001
Epoch: 57, Train Loss: 0.00244, Valid Loss: 0.00300, EPS: 0.4780000000000001
Epoch: 58, Train Loss: 0.00244, Valid Loss: 0.00299, EPS: 0.4690000000000001
Epoch: 59, Train Loss: 0.00245, Valid Loss: 0.00301, EPS: 0.4600000000000001
Epoch: 60, Train Loss: 0.00244, Valid Loss: 0.00301, EPS: 0.45100000000000007
Epoch: 61, Train Loss: 0.00244, Valid Loss: 0.00300, EPS: 0.44200000000000006
Epoch: 62, Train Loss: 0.00245, Valid Loss: 0.00302, EPS: 0.43300000000000005
Epoch: 63, Train Loss: 0.00243, Valid Loss: 0.00301, EPS: 0.42400000000000004
Epoch: 64, Train Loss: 0.00243, Valid Loss: 0.00299, EPS: 0.41500000000000004
Epoch: 65, Train Loss: 0.00243, Valid Loss: 0.00300, EPS: 0.406
Epoch: 66, Train Loss: 0.00244, Valid Loss: 0.00302, EPS: 0.397
Epoch: 67, Train Loss: 0.00243, Valid Loss: 0.00301, EPS: 0.388
Epoch: 68, Train Loss: 0.00244, Valid Loss: 0.00300, EPS: 0.3790000000000001
Epoch: 69, Train Loss: 0.00241, Valid Loss: 0.00300, EPS: 0.3700000000000001
Epoch: 70, Train Loss: 0.00243, Valid Loss: 0.00299, EPS: 0.3610000000000001
Epoch: 71, Train Loss: 0.00243, Valid Loss: 0.00300, EPS: 0.3520000000000001
Epoch: 72, Train Loss: 0.00243, Valid Loss: 0.00300, EPS: 0.343
Epoch: 73, Train Loss: 0.00243, Valid Loss: 0.00301, EPS: 0.334
Epoch: 74, Train Loss: 0.00243, Valid Loss: 0.00300, EPS: 0.325
Epoch: 75, Train Loss: 0.00242, Valid Loss: 0.00299, EPS: 0.316
Epoch: 76, Train Loss: 0.00221, Valid Loss: 0.00292, EPS: 0.307
Epoch: 77, Train Loss: 0.00211, Valid Loss: 0.00287, EPS: 0.298
Epoch: 78, Train Loss: 0.00206, Valid Loss: 0.00285, EPS: 0.289
Epoch: 79, Train Loss: 0.00203, Valid Loss: 0.00284, EPS: 0.27999999999999997
Epoch: 80, Train Loss: 0.00201, Valid Loss: 0.00283, EPS: 0.27099999999999996
Epoch: 81, Train Loss: 0.00200, Valid Loss: 0.00282, EPS: 0.26200000000000007
Epoch: 82, Train Loss: 0.00199, Valid Loss: 0.00283, EPS: 0.25300000000000006
Epoch: 83, Train Loss: 0.00198, Valid Loss: 0.00283, EPS: 0.24400000000000005
Epoch: 84, Train Loss: 0.00197, Valid Loss: 0.00283, EPS: 0.23500000000000004
Epoch: 85, Train Loss: 0.00197, Valid Loss: 0.00282, EPS: 0.22600000000000003
Epoch: 86, Train Loss: 0.00196, Valid Loss: 0.00283, EPS: 0.21700000000000003
Epoch: 87, Train Loss: 0.00196, Valid Loss: 0.00283, EPS: 0.20800000000000002
Epoch: 88, Train Loss: 0.00196, Valid Loss: 0.00283, EPS: 0.199
Epoch: 89, Train Loss: 0.00195, Valid Loss: 0.00284, EPS: 0.19
Epoch: 90, Train Loss: 0.00195, Valid Loss: 0.00283, EPS: 0.181
Epoch: 91, Train Loss: 0.00195, Valid Loss: 0.00284, EPS: 0.172
Epoch: 92, Train Loss: 0.00194, Valid Loss: 0.00284, EPS: 0.16299999999999998
Epoch: 93, Train Loss: 0.00194, Valid Loss: 0.00285, EPS: 0.15400000000000005
Epoch: 94, Train Loss: 0.00194, Valid Loss: 0.00285, EPS: 0.14500000000000005
Epoch: 95, Train Loss: 0.00194, Valid Loss: 0.00285, EPS: 0.13600000000000004
Epoch: 96, Train Loss: 0.00194, Valid Loss: 0.00286, EPS: 0.12700000000000003
Epoch: 97, Train Loss: 0.00191, Valid Loss: 0.00286, EPS: 0.11800000000000002
Epoch: 98, Train Loss: 0.00190, Valid Loss: 0.00285, EPS: 0.10900000000000001
Epoch: 99, Train Loss: 0.00190, Valid Loss: 0.00285, EPS: 0.1
Test Loss: 0.00285
Test Loss: 0.00285
Running context window: 5 with stride: 10 with seed: 0
Shape: (5, 144, 72)
Epoch: 0, Train Loss: 0.00979, Valid Loss: 0.00794, EPS: 0.991
Epoch: 1, Train Loss: 0.00646, Valid Loss: 0.00519, EPS: 0.982
Epoch: 2, Train Loss: 0.00471, Valid Loss: 0.00462, EPS: 0.973
Epoch: 3, Train Loss: 0.00405, Valid Loss: 0.00418, EPS: 0.964
Epoch: 4, Train Loss: 0.00358, Valid Loss: 0.00392, EPS: 0.955
Epoch: 5, Train Loss: 0.00328, Valid Loss: 0.00374, EPS: 0.946
Epoch: 6, Train Loss: 0.00305, Valid Loss: 0.00363, EPS: 0.9369999999999999
Epoch: 7, Train Loss: 0.00286, Valid Loss: 0.00355, EPS: 0.928
Epoch: 8, Train Loss: 0.00267, Valid Loss: 0.00350, EPS: 0.919
Epoch: 9, Train Loss: 0.00258, Valid Loss: 0.00347, EPS: 0.91
Epoch: 10, Train Loss: 0.00252, Valid Loss: 0.00341, EPS: 0.901
Epoch: 11, Train Loss: 0.00244, Valid Loss: 0.00343, EPS: 0.892
Epoch: 12, Train Loss: 0.00238, Valid Loss: 0.00340, EPS: 0.883
Epoch: 13, Train Loss: 0.00233, Valid Loss: 0.00339, EPS: 0.874
Epoch: 14, Train Loss: 0.00229, Valid Loss: 0.00337, EPS: 0.865
Epoch: 15, Train Loss: 0.00228, Valid Loss: 0.00338, EPS: 0.856
Epoch: 16, Train Loss: 0.00226, Valid Loss: 0.00337, EPS: 0.847
Epoch: 17, Train Loss: 0.00224, Valid Loss: 0.00336, EPS: 0.8380000000000001
Epoch: 18, Train Loss: 0.00219, Valid Loss: 0.00334, EPS: 0.8290000000000001
Epoch: 19, Train Loss: 0.00217, Valid Loss: 0.00330, EPS: 0.8200000000000001
Epoch: 20, Train Loss: 0.00215, Valid Loss: 0.00333, EPS: 0.811
Epoch: 21, Train Loss: 0.00215, Valid Loss: 0.00331, EPS: 0.802
Epoch: 22, Train Loss: 0.00211, Valid Loss: 0.00332, EPS: 0.793
Epoch: 23, Train Loss: 0.00208, Valid Loss: 0.00330, EPS: 0.784
Epoch: 24, Train Loss: 0.00207, Valid Loss: 0.00329, EPS: 0.775
Epoch: 25, Train Loss: 0.00206, Valid Loss: 0.00330, EPS: 0.766
Epoch: 26, Train Loss: 0.00206, Valid Loss: 0.00329, EPS: 0.757
Epoch: 27, Train Loss: 0.00204, Valid Loss: 0.00331, EPS: 0.748
Epoch: 28, Train Loss: 0.00204, Valid Loss: 0.00330, EPS: 0.739
Epoch: 29, Train Loss: 0.00203, Valid Loss: 0.00330, EPS: 0.73
Epoch: 30, Train Loss: 0.00204, Valid Loss: 0.00331, EPS: 0.721
Epoch: 31, Train Loss: 0.00201, Valid Loss: 0.00329, EPS: 0.712
Epoch: 32, Train Loss: 0.00203, Valid Loss: 0.00330, EPS: 0.703
Epoch: 33, Train Loss: 0.00199, Valid Loss: 0.00325, EPS: 0.694
Epoch: 34, Train Loss: 0.00201, Valid Loss: 0.00329, EPS: 0.685
Epoch: 35, Train Loss: 0.00197, Valid Loss: 0.00325, EPS: 0.676
Epoch: 36, Train Loss: 0.00197, Valid Loss: 0.00327, EPS: 0.667
Epoch: 37, Train Loss: 0.00196, Valid Loss: 0.00327, EPS: 0.658
Epoch: 38, Train Loss: 0.00196, Valid Loss: 0.00329, EPS: 0.649
Epoch: 39, Train Loss: 0.00196, Valid Loss: 0.00327, EPS: 0.64
Epoch: 40, Train Loss: 0.00198, Valid Loss: 0.00333, EPS: 0.6310000000000001
Epoch: 41, Train Loss: 0.00197, Valid Loss: 0.00331, EPS: 0.6220000000000001
Epoch: 42, Train Loss: 0.00196, Valid Loss: 0.00328, EPS: 0.6130000000000001
Epoch: 43, Train Loss: 0.00194, Valid Loss: 0.00331, EPS: 0.6040000000000001
Epoch: 44, Train Loss: 0.00197, Valid Loss: 0.00328, EPS: 0.5950000000000001
Epoch: 45, Train Loss: 0.00179, Valid Loss: 0.00321, EPS: 0.5860000000000001
Epoch: 46, Train Loss: 0.00167, Valid Loss: 0.00316, EPS: 0.5770000000000001
Epoch: 47, Train Loss: 0.00161, Valid Loss: 0.00314, EPS: 0.5680000000000001
Epoch: 48, Train Loss: 0.00157, Valid Loss: 0.00312, EPS: 0.559
Epoch: 49, Train Loss: 0.00152, Valid Loss: 0.00311, EPS: 0.55
Epoch: 50, Train Loss: 0.00149, Valid Loss: 0.00310, EPS: 0.541
Epoch: 51, Train Loss: 0.00147, Valid Loss: 0.00310, EPS: 0.532
Epoch: 52, Train Loss: 0.00145, Valid Loss: 0.00309, EPS: 0.523
Epoch: 53, Train Loss: 0.00144, Valid Loss: 0.00310, EPS: 0.514
Epoch: 54, Train Loss: 0.00145, Valid Loss: 0.00311, EPS: 0.505
Epoch: 55, Train Loss: 0.00142, Valid Loss: 0.00311, EPS: 0.496
Epoch: 56, Train Loss: 0.00141, Valid Loss: 0.00310, EPS: 0.4870000000000001
Epoch: 57, Train Loss: 0.00139, Valid Loss: 0.00310, EPS: 0.4780000000000001
Epoch: 58, Train Loss: 0.00139, Valid Loss: 0.00311, EPS: 0.4690000000000001
Epoch: 59, Train Loss: 0.00139, Valid Loss: 0.00312, EPS: 0.4600000000000001
Epoch: 60, Train Loss: 0.00138, Valid Loss: 0.00314, EPS: 0.45100000000000007
Epoch: 61, Train Loss: 0.00137, Valid Loss: 0.00314, EPS: 0.44200000000000006
Epoch: 62, Train Loss: 0.00136, Valid Loss: 0.00314, EPS: 0.43300000000000005
Epoch: 63, Train Loss: 0.00136, Valid Loss: 0.00315, EPS: 0.42400000000000004
Epoch: 64, Train Loss: 0.00134, Valid Loss: 0.00314, EPS: 0.41500000000000004
Epoch: 65, Train Loss: 0.00134, Valid Loss: 0.00314, EPS: 0.406
Epoch: 66, Train Loss: 0.00133, Valid Loss: 0.00315, EPS: 0.397
Epoch: 67, Train Loss: 0.00133, Valid Loss: 0.00315, EPS: 0.388
Epoch: 68, Train Loss: 0.00133, Valid Loss: 0.00314, EPS: 0.3790000000000001
Epoch: 69, Train Loss: 0.00133, Valid Loss: 0.00314, EPS: 0.3700000000000001
Epoch: 70, Train Loss: 0.00132, Valid Loss: 0.00314, EPS: 0.3610000000000001
Epoch: 71, Train Loss: 0.00133, Valid Loss: 0.00314, EPS: 0.3520000000000001
Epoch: 72, Train Loss: 0.00132, Valid Loss: 0.00314, EPS: 0.343
Epoch: 73, Train Loss: 0.00132, Valid Loss: 0.00315, EPS: 0.334
Epoch: 74, Train Loss: 0.00133, Valid Loss: 0.00314, EPS: 0.325
Epoch: 75, Train Loss: 0.00132, Valid Loss: 0.00314, EPS: 0.316
Epoch: 76, Train Loss: 0.00132, Valid Loss: 0.00314, EPS: 0.307
Epoch: 77, Train Loss: 0.00132, Valid Loss: 0.00314, EPS: 0.298
Epoch: 78, Train Loss: 0.00132, Valid Loss: 0.00313, EPS: 0.289
Epoch: 79, Train Loss: 0.00132, Valid Loss: 0.00314, EPS: 0.27999999999999997
Epoch: 80, Train Loss: 0.00132, Valid Loss: 0.00315, EPS: 0.27099999999999996
Epoch: 81, Train Loss: 0.00132, Valid Loss: 0.00315, EPS: 0.26200000000000007
Epoch: 82, Train Loss: 0.00132, Valid Loss: 0.00315, EPS: 0.25300000000000006
Epoch: 83, Train Loss: 0.00132, Valid Loss: 0.00315, EPS: 0.24400000000000005
Epoch: 84, Train Loss: 0.00132, Valid Loss: 0.00314, EPS: 0.23500000000000004
Epoch: 85, Train Loss: 0.00132, Valid Loss: 0.00314, EPS: 0.22600000000000003
Epoch: 86, Train Loss: 0.00132, Valid Loss: 0.00315, EPS: 0.21700000000000003
Epoch: 87, Train Loss: 0.00132, Valid Loss: 0.00315, EPS: 0.20800000000000002
Epoch: 88, Train Loss: 0.00132, Valid Loss: 0.00315, EPS: 0.199
Epoch: 89, Train Loss: 0.00132, Valid Loss: 0.00315, EPS: 0.19
Epoch: 90, Train Loss: 0.00132, Valid Loss: 0.00314, EPS: 0.181
Epoch: 91, Train Loss: 0.00132, Valid Loss: 0.00314, EPS: 0.172
Epoch: 92, Train Loss: 0.00133, Valid Loss: 0.00314, EPS: 0.16299999999999998
Epoch: 93, Train Loss: 0.00132, Valid Loss: 0.00315, EPS: 0.15400000000000005
Epoch: 94, Train Loss: 0.00133, Valid Loss: 0.00314, EPS: 0.14500000000000005
Epoch: 95, Train Loss: 0.00132, Valid Loss: 0.00314, EPS: 0.13600000000000004
Epoch: 96, Train Loss: 0.00132, Valid Loss: 0.00314, EPS: 0.12700000000000003
Epoch: 97, Train Loss: 0.00132, Valid Loss: 0.00315, EPS: 0.11800000000000002
Epoch: 98, Train Loss: 0.00132, Valid Loss: 0.00315, EPS: 0.10900000000000001
Epoch: 99, Train Loss: 0.00132, Valid Loss: 0.00315, EPS: 0.1
Test Loss: 0.00314
Test Loss: 0.00317
Running context window: 5 with stride: 5 with seed: 42
Shape: (5, 144, 72)
Epoch: 0, Train Loss: 0.00863, Valid Loss: 0.00562, EPS: 0.991
Epoch: 1, Train Loss: 0.00483, Valid Loss: 0.00439, EPS: 0.982
Epoch: 2, Train Loss: 0.00393, Valid Loss: 0.00387, EPS: 0.973
Epoch: 3, Train Loss: 0.00350, Valid Loss: 0.00359, EPS: 0.964
Epoch: 4, Train Loss: 0.00323, Valid Loss: 0.00345, EPS: 0.955
Epoch: 5, Train Loss: 0.00306, Valid Loss: 0.00338, EPS: 0.946
Epoch: 6, Train Loss: 0.00294, Valid Loss: 0.00332, EPS: 0.9369999999999999
Epoch: 7, Train Loss: 0.00286, Valid Loss: 0.00325, EPS: 0.928
Epoch: 8, Train Loss: 0.00281, Valid Loss: 0.00324, EPS: 0.919
Epoch: 9, Train Loss: 0.00278, Valid Loss: 0.00321, EPS: 0.91
Epoch: 10, Train Loss: 0.00274, Valid Loss: 0.00319, EPS: 0.901
Epoch: 11, Train Loss: 0.00269, Valid Loss: 0.00317, EPS: 0.892
Epoch: 12, Train Loss: 0.00266, Valid Loss: 0.00315, EPS: 0.883
Epoch: 13, Train Loss: 0.00265, Valid Loss: 0.00315, EPS: 0.874
Epoch: 14, Train Loss: 0.00264, Valid Loss: 0.00312, EPS: 0.865
Epoch: 15, Train Loss: 0.00261, Valid Loss: 0.00311, EPS: 0.856
Epoch: 16, Train Loss: 0.00259, Valid Loss: 0.00311, EPS: 0.847
Epoch: 17, Train Loss: 0.00259, Valid Loss: 0.00309, EPS: 0.8380000000000001
Epoch: 18, Train Loss: 0.00258, Valid Loss: 0.00309, EPS: 0.8290000000000001
Epoch: 19, Train Loss: 0.00258, Valid Loss: 0.00309, EPS: 0.8200000000000001
Epoch: 20, Train Loss: 0.00255, Valid Loss: 0.00309, EPS: 0.811
Epoch: 21, Train Loss: 0.00254, Valid Loss: 0.00307, EPS: 0.802
Epoch: 22, Train Loss: 0.00253, Valid Loss: 0.00306, EPS: 0.793
Epoch: 23, Train Loss: 0.00252, Valid Loss: 0.00304, EPS: 0.784
Epoch: 24, Train Loss: 0.00251, Valid Loss: 0.00307, EPS: 0.775
Epoch: 25, Train Loss: 0.00253, Valid Loss: 0.00307, EPS: 0.766
Epoch: 26, Train Loss: 0.00253, Valid Loss: 0.00307, EPS: 0.757
Epoch: 27, Train Loss: 0.00249, Valid Loss: 0.00306, EPS: 0.748
Epoch: 28, Train Loss: 0.00250, Valid Loss: 0.00305, EPS: 0.739
Epoch: 29, Train Loss: 0.00249, Valid Loss: 0.00304, EPS: 0.73
Epoch: 30, Train Loss: 0.00249, Valid Loss: 0.00303, EPS: 0.721
Epoch: 31, Train Loss: 0.00250, Valid Loss: 0.00304, EPS: 0.712
Epoch: 32, Train Loss: 0.00251, Valid Loss: 0.00305, EPS: 0.703
Epoch: 33, Train Loss: 0.00248, Valid Loss: 0.00305, EPS: 0.694
Epoch: 34, Train Loss: 0.00248, Valid Loss: 0.00305, EPS: 0.685
Epoch: 35, Train Loss: 0.00249, Valid Loss: 0.00306, EPS: 0.676
Epoch: 36, Train Loss: 0.00249, Valid Loss: 0.00304, EPS: 0.667
Epoch: 37, Train Loss: 0.00249, Valid Loss: 0.00305, EPS: 0.658
Epoch: 38, Train Loss: 0.00248, Valid Loss: 0.00305, EPS: 0.649
Epoch: 39, Train Loss: 0.00247, Valid Loss: 0.00303, EPS: 0.64
Epoch: 40, Train Loss: 0.00248, Valid Loss: 0.00303, EPS: 0.6310000000000001
Epoch: 41, Train Loss: 0.00248, Valid Loss: 0.00306, EPS: 0.6220000000000001
Epoch: 42, Train Loss: 0.00248, Valid Loss: 0.00306, EPS: 0.6130000000000001
Epoch: 43, Train Loss: 0.00248, Valid Loss: 0.00303, EPS: 0.6040000000000001
Epoch: 44, Train Loss: 0.00247, Valid Loss: 0.00304, EPS: 0.5950000000000001
Epoch: 45, Train Loss: 0.00247, Valid Loss: 0.00302, EPS: 0.5860000000000001
Epoch: 46, Train Loss: 0.00247, Valid Loss: 0.00302, EPS: 0.5770000000000001
Epoch: 47, Train Loss: 0.00247, Valid Loss: 0.00303, EPS: 0.5680000000000001
Epoch: 48, Train Loss: 0.00246, Valid Loss: 0.00304, EPS: 0.559
Epoch: 49, Train Loss: 0.00246, Valid Loss: 0.00302, EPS: 0.55
Epoch: 50, Train Loss: 0.00245, Valid Loss: 0.00303, EPS: 0.541
Epoch: 51, Train Loss: 0.00246, Valid Loss: 0.00302, EPS: 0.532
Epoch: 52, Train Loss: 0.00245, Valid Loss: 0.00301, EPS: 0.523
Epoch: 53, Train Loss: 0.00245, Valid Loss: 0.00304, EPS: 0.514
Epoch: 54, Train Loss: 0.00246, Valid Loss: 0.00303, EPS: 0.505
Epoch: 55, Train Loss: 0.00244, Valid Loss: 0.00302, EPS: 0.496
Epoch: 56, Train Loss: 0.00245, Valid Loss: 0.00301, EPS: 0.4870000000000001
Epoch: 57, Train Loss: 0.00245, Valid Loss: 0.00304, EPS: 0.4780000000000001
Epoch: 58, Train Loss: 0.00247, Valid Loss: 0.00302, EPS: 0.4690000000000001
Epoch: 59, Train Loss: 0.00246, Valid Loss: 0.00301, EPS: 0.4600000000000001
Epoch: 60, Train Loss: 0.00246, Valid Loss: 0.00303, EPS: 0.45100000000000007
Epoch: 61, Train Loss: 0.00244, Valid Loss: 0.00300, EPS: 0.44200000000000006
Epoch: 62, Train Loss: 0.00244, Valid Loss: 0.00299, EPS: 0.43300000000000005
Epoch: 63, Train Loss: 0.00244, Valid Loss: 0.00301, EPS: 0.42400000000000004
Epoch: 64, Train Loss: 0.00243, Valid Loss: 0.00303, EPS: 0.41500000000000004
Epoch: 65, Train Loss: 0.00244, Valid Loss: 0.00299, EPS: 0.406
Epoch: 66, Train Loss: 0.00244, Valid Loss: 0.00300, EPS: 0.397
Epoch: 67, Train Loss: 0.00243, Valid Loss: 0.00299, EPS: 0.388
Epoch: 68, Train Loss: 0.00244, Valid Loss: 0.00303, EPS: 0.3790000000000001
Epoch: 69, Train Loss: 0.00245, Valid Loss: 0.00304, EPS: 0.3700000000000001
Epoch: 70, Train Loss: 0.00244, Valid Loss: 0.00300, EPS: 0.3610000000000001
Epoch: 71, Train Loss: 0.00245, Valid Loss: 0.00303, EPS: 0.3520000000000001
Epoch: 72, Train Loss: 0.00245, Valid Loss: 0.00300, EPS: 0.343
Epoch: 73, Train Loss: 0.00244, Valid Loss: 0.00301, EPS: 0.334
Epoch: 74, Train Loss: 0.00244, Valid Loss: 0.00300, EPS: 0.325
Epoch: 75, Train Loss: 0.00244, Valid Loss: 0.00299, EPS: 0.316
Epoch: 76, Train Loss: 0.00243, Valid Loss: 0.00300, EPS: 0.307
Epoch: 77, Train Loss: 0.00243, Valid Loss: 0.00300, EPS: 0.298
Epoch: 78, Train Loss: 0.00244, Valid Loss: 0.00300, EPS: 0.289
Epoch: 79, Train Loss: 0.00244, Valid Loss: 0.00299, EPS: 0.27999999999999997
Epoch: 80, Train Loss: 0.00243, Valid Loss: 0.00300, EPS: 0.27099999999999996
Epoch: 81, Train Loss: 0.00243, Valid Loss: 0.00301, EPS: 0.26200000000000007
Epoch: 82, Train Loss: 0.00244, Valid Loss: 0.00301, EPS: 0.25300000000000006
Epoch: 83, Train Loss: 0.00245, Valid Loss: 0.00300, EPS: 0.24400000000000005
Epoch: 84, Train Loss: 0.00243, Valid Loss: 0.00300, EPS: 0.23500000000000004
Epoch: 85, Train Loss: 0.00243, Valid Loss: 0.00300, EPS: 0.22600000000000003
Epoch: 86, Train Loss: 0.00243, Valid Loss: 0.00301, EPS: 0.21700000000000003
Epoch: 87, Train Loss: 0.00221, Valid Loss: 0.00291, EPS: 0.20800000000000002
Epoch: 88, Train Loss: 0.00212, Valid Loss: 0.00287, EPS: 0.199
Epoch: 89, Train Loss: 0.00207, Valid Loss: 0.00284, EPS: 0.19
Epoch: 90, Train Loss: 0.00203, Valid Loss: 0.00284, EPS: 0.181
Epoch: 91, Train Loss: 0.00201, Valid Loss: 0.00282, EPS: 0.172
Epoch: 92, Train Loss: 0.00199, Valid Loss: 0.00282, EPS: 0.16299999999999998
Epoch: 93, Train Loss: 0.00198, Valid Loss: 0.00282, EPS: 0.15400000000000005
Epoch: 94, Train Loss: 0.00197, Valid Loss: 0.00282, EPS: 0.14500000000000005
Epoch: 95, Train Loss: 0.00197, Valid Loss: 0.00282, EPS: 0.13600000000000004
Epoch: 96, Train Loss: 0.00196, Valid Loss: 0.00283, EPS: 0.12700000000000003
Epoch: 97, Train Loss: 0.00195, Valid Loss: 0.00283, EPS: 0.11800000000000002
Epoch: 98, Train Loss: 0.00195, Valid Loss: 0.00283, EPS: 0.10900000000000001
Epoch: 99, Train Loss: 0.00195, Valid Loss: 0.00283, EPS: 0.1
Test Loss: 0.00283
Test Loss: 0.00284
Running context window: 5 with stride: 10 with seed: 42
Shape: (5, 144, 72)
Epoch: 0, Train Loss: 0.01016, Valid Loss: 0.00789, EPS: 0.991
Epoch: 1, Train Loss: 0.00670, Valid Loss: 0.00547, EPS: 0.982
Epoch: 2, Train Loss: 0.00472, Valid Loss: 0.00451, EPS: 0.973
Epoch: 3, Train Loss: 0.00400, Valid Loss: 0.00419, EPS: 0.964
Epoch: 4, Train Loss: 0.00361, Valid Loss: 0.00390, EPS: 0.955
Epoch: 5, Train Loss: 0.00328, Valid Loss: 0.00372, EPS: 0.946
Epoch: 6, Train Loss: 0.00307, Valid Loss: 0.00363, EPS: 0.9369999999999999
Epoch: 7, Train Loss: 0.00288, Valid Loss: 0.00356, EPS: 0.928
Epoch: 8, Train Loss: 0.00272, Valid Loss: 0.00349, EPS: 0.919
Epoch: 9, Train Loss: 0.00260, Valid Loss: 0.00344, EPS: 0.91
Epoch: 10, Train Loss: 0.00249, Valid Loss: 0.00340, EPS: 0.901
Epoch: 11, Train Loss: 0.00239, Valid Loss: 0.00338, EPS: 0.892
Epoch: 12, Train Loss: 0.00235, Valid Loss: 0.00335, EPS: 0.883
Epoch: 13, Train Loss: 0.00230, Valid Loss: 0.00336, EPS: 0.874
Epoch: 14, Train Loss: 0.00225, Valid Loss: 0.00334, EPS: 0.865
Epoch: 15, Train Loss: 0.00223, Valid Loss: 0.00332, EPS: 0.856
Epoch: 16, Train Loss: 0.00221, Valid Loss: 0.00335, EPS: 0.847
Epoch: 17, Train Loss: 0.00219, Valid Loss: 0.00336, EPS: 0.8380000000000001
Epoch: 18, Train Loss: 0.00220, Valid Loss: 0.00333, EPS: 0.8290000000000001
Epoch: 19, Train Loss: 0.00218, Valid Loss: 0.00336, EPS: 0.8200000000000001
Epoch: 20, Train Loss: 0.00218, Valid Loss: 0.00335, EPS: 0.811
Epoch: 21, Train Loss: 0.00215, Valid Loss: 0.00331, EPS: 0.802
Epoch: 22, Train Loss: 0.00213, Valid Loss: 0.00332, EPS: 0.793
Epoch: 23, Train Loss: 0.00208, Valid Loss: 0.00330, EPS: 0.784
Epoch: 24, Train Loss: 0.00207, Valid Loss: 0.00332, EPS: 0.775
Epoch: 25, Train Loss: 0.00207, Valid Loss: 0.00326, EPS: 0.766
Epoch: 26, Train Loss: 0.00204, Valid Loss: 0.00333, EPS: 0.757
Epoch: 27, Train Loss: 0.00204, Valid Loss: 0.00327, EPS: 0.748
Epoch: 28, Train Loss: 0.00202, Valid Loss: 0.00329, EPS: 0.739
Epoch: 29, Train Loss: 0.00204, Valid Loss: 0.00331, EPS: 0.73
Epoch: 30, Train Loss: 0.00202, Valid Loss: 0.00329, EPS: 0.721
Epoch: 31, Train Loss: 0.00200, Valid Loss: 0.00329, EPS: 0.712
Epoch: 32, Train Loss: 0.00201, Valid Loss: 0.00328, EPS: 0.703
Epoch: 33, Train Loss: 0.00199, Valid Loss: 0.00328, EPS: 0.694
Epoch: 34, Train Loss: 0.00198, Valid Loss: 0.00329, EPS: 0.685
Epoch: 35, Train Loss: 0.00197, Valid Loss: 0.00327, EPS: 0.676
Epoch: 36, Train Loss: 0.00197, Valid Loss: 0.00324, EPS: 0.667
Epoch: 37, Train Loss: 0.00196, Valid Loss: 0.00325, EPS: 0.658
Epoch: 38, Train Loss: 0.00196, Valid Loss: 0.00329, EPS: 0.649
Epoch: 39, Train Loss: 0.00195, Valid Loss: 0.00329, EPS: 0.64
Epoch: 40, Train Loss: 0.00196, Valid Loss: 0.00328, EPS: 0.6310000000000001
Epoch: 41, Train Loss: 0.00194, Valid Loss: 0.00328, EPS: 0.6220000000000001
Epoch: 42, Train Loss: 0.00196, Valid Loss: 0.00329, EPS: 0.6130000000000001
Epoch: 43, Train Loss: 0.00196, Valid Loss: 0.00330, EPS: 0.6040000000000001
Epoch: 44, Train Loss: 0.00193, Valid Loss: 0.00327, EPS: 0.5950000000000001
Epoch: 45, Train Loss: 0.00197, Valid Loss: 0.00331, EPS: 0.5860000000000001
Epoch: 46, Train Loss: 0.00195, Valid Loss: 0.00330, EPS: 0.5770000000000001
Epoch: 47, Train Loss: 0.00193, Valid Loss: 0.00329, EPS: 0.5680000000000001
Epoch: 48, Train Loss: 0.00179, Valid Loss: 0.00319, EPS: 0.559
Epoch: 49, Train Loss: 0.00166, Valid Loss: 0.00315, EPS: 0.55
Epoch: 50, Train Loss: 0.00160, Valid Loss: 0.00313, EPS: 0.541
Epoch: 51, Train Loss: 0.00157, Valid Loss: 0.00312, EPS: 0.532
Epoch: 52, Train Loss: 0.00153, Valid Loss: 0.00312, EPS: 0.523
Epoch: 53, Train Loss: 0.00150, Valid Loss: 0.00312, EPS: 0.514
Epoch: 54, Train Loss: 0.00148, Valid Loss: 0.00311, EPS: 0.505
Epoch: 55, Train Loss: 0.00146, Valid Loss: 0.00311, EPS: 0.496
Epoch: 56, Train Loss: 0.00144, Valid Loss: 0.00312, EPS: 0.4870000000000001
Epoch: 57, Train Loss: 0.00144, Valid Loss: 0.00311, EPS: 0.4780000000000001
Epoch: 58, Train Loss: 0.00143, Valid Loss: 0.00311, EPS: 0.4690000000000001
Epoch: 59, Train Loss: 0.00142, Valid Loss: 0.00311, EPS: 0.4600000000000001
Epoch: 60, Train Loss: 0.00140, Valid Loss: 0.00313, EPS: 0.45100000000000007
Epoch: 61, Train Loss: 0.00139, Valid Loss: 0.00313, EPS: 0.44200000000000006
Epoch: 62, Train Loss: 0.00139, Valid Loss: 0.00315, EPS: 0.43300000000000005
Epoch: 63, Train Loss: 0.00139, Valid Loss: 0.00314, EPS: 0.42400000000000004
Epoch: 64, Train Loss: 0.00138, Valid Loss: 0.00315, EPS: 0.41500000000000004
Epoch: 65, Train Loss: 0.00136, Valid Loss: 0.00315, EPS: 0.406
Epoch: 66, Train Loss: 0.00136, Valid Loss: 0.00316, EPS: 0.397
Epoch: 67, Train Loss: 0.00136, Valid Loss: 0.00316, EPS: 0.388
Epoch: 68, Train Loss: 0.00135, Valid Loss: 0.00317, EPS: 0.3790000000000001
Epoch: 69, Train Loss: 0.00134, Valid Loss: 0.00318, EPS: 0.3700000000000001
Epoch: 70, Train Loss: 0.00132, Valid Loss: 0.00318, EPS: 0.3610000000000001
Epoch: 71, Train Loss: 0.00131, Valid Loss: 0.00317, EPS: 0.3520000000000001
Epoch: 72, Train Loss: 0.00132, Valid Loss: 0.00318, EPS: 0.343
Epoch: 73, Train Loss: 0.00131, Valid Loss: 0.00318, EPS: 0.334
Epoch: 74, Train Loss: 0.00132, Valid Loss: 0.00318, EPS: 0.325
Epoch: 75, Train Loss: 0.00131, Valid Loss: 0.00317, EPS: 0.316
Epoch: 76, Train Loss: 0.00131, Valid Loss: 0.00318, EPS: 0.307
Epoch: 77, Train Loss: 0.00131, Valid Loss: 0.00317, EPS: 0.298
Epoch: 78, Train Loss: 0.00130, Valid Loss: 0.00318, EPS: 0.289
Epoch: 79, Train Loss: 0.00130, Valid Loss: 0.00317, EPS: 0.27999999999999997
Epoch: 80, Train Loss: 0.00130, Valid Loss: 0.00317, EPS: 0.27099999999999996
Epoch: 81, Train Loss: 0.00130, Valid Loss: 0.00319, EPS: 0.26200000000000007
Epoch: 82, Train Loss: 0.00130, Valid Loss: 0.00318, EPS: 0.25300000000000006
Epoch: 83, Train Loss: 0.00130, Valid Loss: 0.00318, EPS: 0.24400000000000005
Epoch: 84, Train Loss: 0.00130, Valid Loss: 0.00318, EPS: 0.23500000000000004
Epoch: 85, Train Loss: 0.00130, Valid Loss: 0.00317, EPS: 0.22600000000000003
Epoch: 86, Train Loss: 0.00130, Valid Loss: 0.00317, EPS: 0.21700000000000003
Epoch: 87, Train Loss: 0.00130, Valid Loss: 0.00318, EPS: 0.20800000000000002
Epoch: 88, Train Loss: 0.00130, Valid Loss: 0.00318, EPS: 0.199
Epoch: 89, Train Loss: 0.00130, Valid Loss: 0.00318, EPS: 0.19
Epoch: 90, Train Loss: 0.00130, Valid Loss: 0.00319, EPS: 0.181
Epoch: 91, Train Loss: 0.00130, Valid Loss: 0.00319, EPS: 0.172
Epoch: 92, Train Loss: 0.00130, Valid Loss: 0.00318, EPS: 0.16299999999999998
Epoch: 93, Train Loss: 0.00130, Valid Loss: 0.00318, EPS: 0.15400000000000005
Epoch: 94, Train Loss: 0.00130, Valid Loss: 0.00317, EPS: 0.14500000000000005
Epoch: 95, Train Loss: 0.00130, Valid Loss: 0.00317, EPS: 0.13600000000000004
Epoch: 96, Train Loss: 0.00130, Valid Loss: 0.00318, EPS: 0.12700000000000003
Epoch: 97, Train Loss: 0.00130, Valid Loss: 0.00318, EPS: 0.11800000000000002
Epoch: 98, Train Loss: 0.00130, Valid Loss: 0.00317, EPS: 0.10900000000000001
Epoch: 99, Train Loss: 0.00130, Valid Loss: 0.00318, EPS: 0.1
Test Loss: 0.00318
Test Loss: 0.00322
Running context window: 5 with stride: 5 with seed: 123
Shape: (5, 144, 72)
Epoch: 0, Train Loss: 0.00870, Valid Loss: 0.00577, EPS: 0.991
Epoch: 1, Train Loss: 0.00482, Valid Loss: 0.00431, EPS: 0.982
Epoch: 2, Train Loss: 0.00395, Valid Loss: 0.00390, EPS: 0.973
Epoch: 3, Train Loss: 0.00354, Valid Loss: 0.00364, EPS: 0.964
Epoch: 4, Train Loss: 0.00324, Valid Loss: 0.00347, EPS: 0.955
Epoch: 5, Train Loss: 0.00307, Valid Loss: 0.00339, EPS: 0.946
Epoch: 6, Train Loss: 0.00295, Valid Loss: 0.00331, EPS: 0.9369999999999999
Epoch: 7, Train Loss: 0.00286, Valid Loss: 0.00326, EPS: 0.928
Epoch: 8, Train Loss: 0.00279, Valid Loss: 0.00321, EPS: 0.919
Epoch: 9, Train Loss: 0.00276, Valid Loss: 0.00318, EPS: 0.91
Epoch: 10, Train Loss: 0.00271, Valid Loss: 0.00320, EPS: 0.901
Epoch: 11, Train Loss: 0.00270, Valid Loss: 0.00316, EPS: 0.892
Epoch: 12, Train Loss: 0.00269, Valid Loss: 0.00317, EPS: 0.883
Epoch: 13, Train Loss: 0.00267, Valid Loss: 0.00314, EPS: 0.874
Epoch: 14, Train Loss: 0.00264, Valid Loss: 0.00311, EPS: 0.865
Epoch: 15, Train Loss: 0.00261, Valid Loss: 0.00311, EPS: 0.856
Epoch: 16, Train Loss: 0.00261, Valid Loss: 0.00311, EPS: 0.847
Epoch: 17, Train Loss: 0.00258, Valid Loss: 0.00311, EPS: 0.8380000000000001
Epoch: 18, Train Loss: 0.00257, Valid Loss: 0.00310, EPS: 0.8290000000000001
Epoch: 19, Train Loss: 0.00256, Valid Loss: 0.00308, EPS: 0.8200000000000001
Epoch: 20, Train Loss: 0.00255, Valid Loss: 0.00310, EPS: 0.811
Epoch: 21, Train Loss: 0.00255, Valid Loss: 0.00307, EPS: 0.802
Epoch: 22, Train Loss: 0.00254, Valid Loss: 0.00308, EPS: 0.793
Epoch: 23, Train Loss: 0.00254, Valid Loss: 0.00307, EPS: 0.784
Epoch: 24, Train Loss: 0.00252, Valid Loss: 0.00307, EPS: 0.775
Epoch: 25, Train Loss: 0.00252, Valid Loss: 0.00305, EPS: 0.766
Epoch: 26, Train Loss: 0.00250, Valid Loss: 0.00302, EPS: 0.757
Epoch: 27, Train Loss: 0.00249, Valid Loss: 0.00303, EPS: 0.748
Epoch: 28, Train Loss: 0.00249, Valid Loss: 0.00305, EPS: 0.739
Epoch: 29, Train Loss: 0.00250, Valid Loss: 0.00304, EPS: 0.73
Epoch: 30, Train Loss: 0.00249, Valid Loss: 0.00303, EPS: 0.721
Epoch: 31, Train Loss: 0.00248, Valid Loss: 0.00301, EPS: 0.712
Epoch: 32, Train Loss: 0.00249, Valid Loss: 0.00304, EPS: 0.703
Epoch: 33, Train Loss: 0.00249, Valid Loss: 0.00304, EPS: 0.694
Epoch: 34, Train Loss: 0.00248, Valid Loss: 0.00306, EPS: 0.685
Epoch: 35, Train Loss: 0.00251, Valid Loss: 0.00304, EPS: 0.676
Epoch: 36, Train Loss: 0.00249, Valid Loss: 0.00305, EPS: 0.667
Epoch: 37, Train Loss: 0.00247, Valid Loss: 0.00303, EPS: 0.658
Epoch: 38, Train Loss: 0.00248, Valid Loss: 0.00304, EPS: 0.649
Epoch: 39, Train Loss: 0.00247, Valid Loss: 0.00305, EPS: 0.64
Epoch: 40, Train Loss: 0.00247, Valid Loss: 0.00301, EPS: 0.6310000000000001
Epoch: 41, Train Loss: 0.00245, Valid Loss: 0.00303, EPS: 0.6220000000000001
Epoch: 42, Train Loss: 0.00247, Valid Loss: 0.00301, EPS: 0.6130000000000001
Epoch: 43, Train Loss: 0.00247, Valid Loss: 0.00301, EPS: 0.6040000000000001
Epoch: 44, Train Loss: 0.00245, Valid Loss: 0.00304, EPS: 0.5950000000000001
Epoch: 45, Train Loss: 0.00245, Valid Loss: 0.00303, EPS: 0.5860000000000001
Epoch: 46, Train Loss: 0.00247, Valid Loss: 0.00301, EPS: 0.5770000000000001
Epoch: 47, Train Loss: 0.00246, Valid Loss: 0.00302, EPS: 0.5680000000000001
Epoch: 48, Train Loss: 0.00245, Valid Loss: 0.00302, EPS: 0.559
Epoch: 49, Train Loss: 0.00245, Valid Loss: 0.00300, EPS: 0.55
Epoch: 50, Train Loss: 0.00245, Valid Loss: 0.00304, EPS: 0.541
Epoch: 51, Train Loss: 0.00245, Valid Loss: 0.00301, EPS: 0.532
Epoch: 52, Train Loss: 0.00245, Valid Loss: 0.00302, EPS: 0.523
Epoch: 53, Train Loss: 0.00245, Valid Loss: 0.00302, EPS: 0.514
Epoch: 54, Train Loss: 0.00244, Valid Loss: 0.00301, EPS: 0.505
Epoch: 55, Train Loss: 0.00246, Valid Loss: 0.00302, EPS: 0.496
Epoch: 56, Train Loss: 0.00244, Valid Loss: 0.00298, EPS: 0.4870000000000001
Epoch: 57, Train Loss: 0.00244, Valid Loss: 0.00301, EPS: 0.4780000000000001
Epoch: 58, Train Loss: 0.00243, Valid Loss: 0.00301, EPS: 0.4690000000000001
Epoch: 59, Train Loss: 0.00243, Valid Loss: 0.00300, EPS: 0.4600000000000001
Epoch: 60, Train Loss: 0.00244, Valid Loss: 0.00301, EPS: 0.45100000000000007
Epoch: 61, Train Loss: 0.00244, Valid Loss: 0.00300, EPS: 0.44200000000000006
Epoch: 62, Train Loss: 0.00243, Valid Loss: 0.00300, EPS: 0.43300000000000005
Epoch: 63, Train Loss: 0.00244, Valid Loss: 0.00300, EPS: 0.42400000000000004
Epoch: 64, Train Loss: 0.00245, Valid Loss: 0.00301, EPS: 0.41500000000000004
Epoch: 65, Train Loss: 0.00244, Valid Loss: 0.00302, EPS: 0.406
Epoch: 66, Train Loss: 0.00243, Valid Loss: 0.00298, EPS: 0.397
Epoch: 67, Train Loss: 0.00244, Valid Loss: 0.00300, EPS: 0.388
Epoch: 68, Train Loss: 0.00243, Valid Loss: 0.00302, EPS: 0.3790000000000001
Epoch: 69, Train Loss: 0.00244, Valid Loss: 0.00302, EPS: 0.3700000000000001
Epoch: 70, Train Loss: 0.00244, Valid Loss: 0.00301, EPS: 0.3610000000000001
Epoch: 71, Train Loss: 0.00244, Valid Loss: 0.00300, EPS: 0.3520000000000001
Epoch: 72, Train Loss: 0.00243, Valid Loss: 0.00301, EPS: 0.343
Epoch: 73, Train Loss: 0.00243, Valid Loss: 0.00302, EPS: 0.334
Epoch: 74, Train Loss: 0.00242, Valid Loss: 0.00301, EPS: 0.325
Epoch: 75, Train Loss: 0.00243, Valid Loss: 0.00302, EPS: 0.316
Epoch: 76, Train Loss: 0.00242, Valid Loss: 0.00302, EPS: 0.307
Epoch: 77, Train Loss: 0.00243, Valid Loss: 0.00301, EPS: 0.298
Epoch: 78, Train Loss: 0.00222, Valid Loss: 0.00291, EPS: 0.289
Epoch: 79, Train Loss: 0.00211, Valid Loss: 0.00286, EPS: 0.27999999999999997
Epoch: 80, Train Loss: 0.00204, Valid Loss: 0.00283, EPS: 0.27099999999999996
Epoch: 81, Train Loss: 0.00200, Valid Loss: 0.00282, EPS: 0.26200000000000007
Epoch: 82, Train Loss: 0.00199, Valid Loss: 0.00282, EPS: 0.25300000000000006
Epoch: 83, Train Loss: 0.00197, Valid Loss: 0.00281, EPS: 0.24400000000000005
Epoch: 84, Train Loss: 0.00196, Valid Loss: 0.00281, EPS: 0.23500000000000004
Epoch: 85, Train Loss: 0.00194, Valid Loss: 0.00281, EPS: 0.22600000000000003
Epoch: 86, Train Loss: 0.00194, Valid Loss: 0.00281, EPS: 0.21700000000000003
Epoch: 87, Train Loss: 0.00193, Valid Loss: 0.00281, EPS: 0.20800000000000002
Epoch: 88, Train Loss: 0.00193, Valid Loss: 0.00281, EPS: 0.199
Epoch: 89, Train Loss: 0.00192, Valid Loss: 0.00281, EPS: 0.19
Epoch: 90, Train Loss: 0.00192, Valid Loss: 0.00282, EPS: 0.181
Epoch: 91, Train Loss: 0.00191, Valid Loss: 0.00282, EPS: 0.172
Epoch: 92, Train Loss: 0.00192, Valid Loss: 0.00283, EPS: 0.16299999999999998
Epoch: 93, Train Loss: 0.00191, Valid Loss: 0.00283, EPS: 0.15400000000000005
Epoch: 94, Train Loss: 0.00191, Valid Loss: 0.00283, EPS: 0.14500000000000005
Epoch: 95, Train Loss: 0.00191, Valid Loss: 0.00284, EPS: 0.13600000000000004
Epoch: 96, Train Loss: 0.00191, Valid Loss: 0.00284, EPS: 0.12700000000000003
Epoch: 97, Train Loss: 0.00188, Valid Loss: 0.00283, EPS: 0.11800000000000002
Epoch: 98, Train Loss: 0.00187, Valid Loss: 0.00283, EPS: 0.10900000000000001
Epoch: 99, Train Loss: 0.00187, Valid Loss: 0.00283, EPS: 0.1
Test Loss: 0.00282
Test Loss: 0.00284
Running context window: 5 with stride: 10 with seed: 123
Shape: (5, 144, 72)
Epoch: 0, Train Loss: 0.01008, Valid Loss: 0.00771, EPS: 0.991
Epoch: 1, Train Loss: 0.00643, Valid Loss: 0.00524, EPS: 0.982
Epoch: 2, Train Loss: 0.00468, Valid Loss: 0.00455, EPS: 0.973
Epoch: 3, Train Loss: 0.00401, Valid Loss: 0.00417, EPS: 0.964
Epoch: 4, Train Loss: 0.00356, Valid Loss: 0.00391, EPS: 0.955
Epoch: 5, Train Loss: 0.00327, Valid Loss: 0.00373, EPS: 0.946
Epoch: 6, Train Loss: 0.00307, Valid Loss: 0.00359, EPS: 0.9369999999999999
Epoch: 7, Train Loss: 0.00283, Valid Loss: 0.00354, EPS: 0.928
Epoch: 8, Train Loss: 0.00271, Valid Loss: 0.00348, EPS: 0.919
Epoch: 9, Train Loss: 0.00257, Valid Loss: 0.00340, EPS: 0.91
Epoch: 10, Train Loss: 0.00246, Valid Loss: 0.00341, EPS: 0.901
Epoch: 11, Train Loss: 0.00240, Valid Loss: 0.00340, EPS: 0.892
Epoch: 12, Train Loss: 0.00234, Valid Loss: 0.00338, EPS: 0.883
Epoch: 13, Train Loss: 0.00230, Valid Loss: 0.00335, EPS: 0.874
Epoch: 14, Train Loss: 0.00229, Valid Loss: 0.00336, EPS: 0.865
Epoch: 15, Train Loss: 0.00225, Valid Loss: 0.00334, EPS: 0.856
Epoch: 16, Train Loss: 0.00223, Valid Loss: 0.00335, EPS: 0.847
Epoch: 17, Train Loss: 0.00219, Valid Loss: 0.00333, EPS: 0.8380000000000001
Epoch: 18, Train Loss: 0.00218, Valid Loss: 0.00331, EPS: 0.8290000000000001
Epoch: 19, Train Loss: 0.00218, Valid Loss: 0.00329, EPS: 0.8200000000000001
Epoch: 20, Train Loss: 0.00214, Valid Loss: 0.00332, EPS: 0.811
Epoch: 21, Train Loss: 0.00213, Valid Loss: 0.00331, EPS: 0.802
Epoch: 22, Train Loss: 0.00210, Valid Loss: 0.00331, EPS: 0.793
Epoch: 23, Train Loss: 0.00207, Valid Loss: 0.00330, EPS: 0.784
Epoch: 24, Train Loss: 0.00209, Valid Loss: 0.00329, EPS: 0.775
Epoch: 25, Train Loss: 0.00207, Valid Loss: 0.00331, EPS: 0.766
Epoch: 26, Train Loss: 0.00207, Valid Loss: 0.00329, EPS: 0.757
Epoch: 27, Train Loss: 0.00206, Valid Loss: 0.00328, EPS: 0.748
Epoch: 28, Train Loss: 0.00204, Valid Loss: 0.00330, EPS: 0.739
Epoch: 29, Train Loss: 0.00205, Valid Loss: 0.00331, EPS: 0.73
Epoch: 30, Train Loss: 0.00203, Valid Loss: 0.00331, EPS: 0.721
Epoch: 31, Train Loss: 0.00202, Valid Loss: 0.00331, EPS: 0.712
Epoch: 32, Train Loss: 0.00200, Valid Loss: 0.00328, EPS: 0.703
Epoch: 33, Train Loss: 0.00200, Valid Loss: 0.00328, EPS: 0.694
Epoch: 34, Train Loss: 0.00199, Valid Loss: 0.00330, EPS: 0.685
Epoch: 35, Train Loss: 0.00197, Valid Loss: 0.00326, EPS: 0.676
Epoch: 36, Train Loss: 0.00196, Valid Loss: 0.00327, EPS: 0.667
Epoch: 37, Train Loss: 0.00197, Valid Loss: 0.00327, EPS: 0.658
Epoch: 38, Train Loss: 0.00195, Valid Loss: 0.00328, EPS: 0.649
Epoch: 39, Train Loss: 0.00196, Valid Loss: 0.00328, EPS: 0.64
Epoch: 40, Train Loss: 0.00196, Valid Loss: 0.00327, EPS: 0.6310000000000001
Epoch: 41, Train Loss: 0.00197, Valid Loss: 0.00331, EPS: 0.6220000000000001
Epoch: 42, Train Loss: 0.00193, Valid Loss: 0.00327, EPS: 0.6130000000000001
Epoch: 43, Train Loss: 0.00194, Valid Loss: 0.00328, EPS: 0.6040000000000001
Epoch: 44, Train Loss: 0.00195, Valid Loss: 0.00328, EPS: 0.5950000000000001
Epoch: 45, Train Loss: 0.00194, Valid Loss: 0.00328, EPS: 0.5860000000000001
Epoch: 46, Train Loss: 0.00194, Valid Loss: 0.00327, EPS: 0.5770000000000001
Epoch: 47, Train Loss: 0.00179, Valid Loss: 0.00318, EPS: 0.5680000000000001
Epoch: 48, Train Loss: 0.00168, Valid Loss: 0.00313, EPS: 0.559
Epoch: 49, Train Loss: 0.00161, Valid Loss: 0.00311, EPS: 0.55
Epoch: 50, Train Loss: 0.00157, Valid Loss: 0.00309, EPS: 0.541
Epoch: 51, Train Loss: 0.00153, Valid Loss: 0.00309, EPS: 0.532
Epoch: 52, Train Loss: 0.00151, Valid Loss: 0.00309, EPS: 0.523
Epoch: 53, Train Loss: 0.00148, Valid Loss: 0.00310, EPS: 0.514
Epoch: 54, Train Loss: 0.00147, Valid Loss: 0.00309, EPS: 0.505
Epoch: 55, Train Loss: 0.00145, Valid Loss: 0.00309, EPS: 0.496
Epoch: 56, Train Loss: 0.00145, Valid Loss: 0.00309, EPS: 0.4870000000000001
Epoch: 57, Train Loss: 0.00143, Valid Loss: 0.00309, EPS: 0.4780000000000001
Epoch: 58, Train Loss: 0.00142, Valid Loss: 0.00311, EPS: 0.4690000000000001
Epoch: 59, Train Loss: 0.00141, Valid Loss: 0.00309, EPS: 0.4600000000000001
Epoch: 60, Train Loss: 0.00139, Valid Loss: 0.00310, EPS: 0.45100000000000007
Epoch: 61, Train Loss: 0.00138, Valid Loss: 0.00311, EPS: 0.44200000000000006
Epoch: 62, Train Loss: 0.00138, Valid Loss: 0.00311, EPS: 0.43300000000000005
Epoch: 63, Train Loss: 0.00136, Valid Loss: 0.00312, EPS: 0.42400000000000004
Epoch: 64, Train Loss: 0.00136, Valid Loss: 0.00312, EPS: 0.41500000000000004
Epoch: 65, Train Loss: 0.00136, Valid Loss: 0.00313, EPS: 0.406
Epoch: 66, Train Loss: 0.00135, Valid Loss: 0.00312, EPS: 0.397
Epoch: 67, Train Loss: 0.00135, Valid Loss: 0.00313, EPS: 0.388
Epoch: 68, Train Loss: 0.00134, Valid Loss: 0.00312, EPS: 0.3790000000000001
Epoch: 69, Train Loss: 0.00134, Valid Loss: 0.00313, EPS: 0.3700000000000001
Epoch: 70, Train Loss: 0.00134, Valid Loss: 0.00313, EPS: 0.3610000000000001
Epoch: 71, Train Loss: 0.00134, Valid Loss: 0.00312, EPS: 0.3520000000000001
Epoch: 72, Train Loss: 0.00134, Valid Loss: 0.00312, EPS: 0.343
Epoch: 73, Train Loss: 0.00134, Valid Loss: 0.00313, EPS: 0.334
Epoch: 74, Train Loss: 0.00134, Valid Loss: 0.00312, EPS: 0.325
Epoch: 75, Train Loss: 0.00134, Valid Loss: 0.00313, EPS: 0.316
Epoch: 76, Train Loss: 0.00133, Valid Loss: 0.00312, EPS: 0.307
Epoch: 77, Train Loss: 0.00133, Valid Loss: 0.00312, EPS: 0.298
Epoch: 78, Train Loss: 0.00134, Valid Loss: 0.00313, EPS: 0.289
Epoch: 79, Train Loss: 0.00133, Valid Loss: 0.00312, EPS: 0.27999999999999997
Epoch: 80, Train Loss: 0.00134, Valid Loss: 0.00313, EPS: 0.27099999999999996
Epoch: 81, Train Loss: 0.00134, Valid Loss: 0.00313, EPS: 0.26200000000000007
Epoch: 82, Train Loss: 0.00133, Valid Loss: 0.00313, EPS: 0.25300000000000006
Epoch: 83, Train Loss: 0.00134, Valid Loss: 0.00312, EPS: 0.24400000000000005
Epoch: 84, Train Loss: 0.00133, Valid Loss: 0.00312, EPS: 0.23500000000000004
Epoch: 85, Train Loss: 0.00133, Valid Loss: 0.00312, EPS: 0.22600000000000003
Epoch: 86, Train Loss: 0.00133, Valid Loss: 0.00312, EPS: 0.21700000000000003
Epoch: 87, Train Loss: 0.00134, Valid Loss: 0.00313, EPS: 0.20800000000000002
Epoch: 88, Train Loss: 0.00133, Valid Loss: 0.00313, EPS: 0.199
Epoch: 89, Train Loss: 0.00134, Valid Loss: 0.00312, EPS: 0.19
Epoch: 90, Train Loss: 0.00134, Valid Loss: 0.00313, EPS: 0.181
Epoch: 91, Train Loss: 0.00134, Valid Loss: 0.00312, EPS: 0.172
Epoch: 92, Train Loss: 0.00133, Valid Loss: 0.00313, EPS: 0.16299999999999998
Epoch: 93, Train Loss: 0.00134, Valid Loss: 0.00313, EPS: 0.15400000000000005
Epoch: 94, Train Loss: 0.00134, Valid Loss: 0.00313, EPS: 0.14500000000000005
Epoch: 95, Train Loss: 0.00133, Valid Loss: 0.00313, EPS: 0.13600000000000004
Epoch: 96, Train Loss: 0.00134, Valid Loss: 0.00313, EPS: 0.12700000000000003
Epoch: 97, Train Loss: 0.00134, Valid Loss: 0.00311, EPS: 0.11800000000000002
Epoch: 98, Train Loss: 0.00133, Valid Loss: 0.00313, EPS: 0.10900000000000001
Epoch: 99, Train Loss: 0.00134, Valid Loss: 0.00313, EPS: 0.1
Test Loss: 0.00312
Test Loss: 0.00316
