nohup: ignoring input
Train shape: torch.Size([14031, 5, 64, 32])
Valid shape: torch.Size([4677, 5, 64, 32])
Test shape: torch.Size([4678, 5, 64, 32])
Shape: (5, 144, 72)
Starting Downstream Task
Starting Latent Downstream Task
MSE Loss Between Generated and Conditioned: 47.0066
Epoch: 1, Loss: 1.0719
MSE Loss Between Generated and Conditioned: 39.1359
Epoch: 2, Loss: 1.0549
MSE Loss Between Generated and Conditioned: 50.2158
Epoch: 3, Loss: 1.0476
MSE Loss Between Generated and Conditioned: 47.9310
Epoch: 4, Loss: 1.0415
MSE Loss Between Generated and Conditioned: 31.6277
Epoch: 5, Loss: 1.0357
MSE Loss Between Generated and Conditioned: 36.0253
Epoch: 6, Loss: 1.0316
MSE Loss Between Generated and Conditioned: 48.7766
Epoch: 7, Loss: 1.0286
MSE Loss Between Generated and Conditioned: 27.8342
Epoch: 8, Loss: 1.0261
MSE Loss Between Generated and Conditioned: 41.8583
Epoch: 9, Loss: 1.0243
MSE Loss Between Generated and Conditioned: 44.8976
Epoch: 10, Loss: 1.0227
MSE Loss Between Generated and Conditioned: 39.1314
Epoch: 11, Loss: 1.0215
MSE Loss Between Generated and Conditioned: 41.9485
Epoch: 12, Loss: 1.0204
MSE Loss Between Generated and Conditioned: 57.6375
Epoch: 13, Loss: 1.0195
MSE Loss Between Generated and Conditioned: 34.8049
Epoch: 14, Loss: 1.0187
MSE Loss Between Generated and Conditioned: 54.5354
Epoch: 15, Loss: 1.0179
MSE Loss Between Generated and Conditioned: 42.3214
Epoch: 16, Loss: 1.0171
MSE Loss Between Generated and Conditioned: 30.0623
Epoch: 17, Loss: 1.0164
MSE Loss Between Generated and Conditioned: 46.1207
Epoch: 18, Loss: 1.0160
MSE Loss Between Generated and Conditioned: 41.2473
Epoch: 19, Loss: 1.0154
MSE Loss Between Generated and Conditioned: 47.0946
Epoch: 20, Loss: 1.0148
MSE Loss Between Generated and Conditioned: 39.4698
Epoch: 21, Loss: 1.0143
MSE Loss Between Generated and Conditioned: 35.1249
Epoch: 22, Loss: 1.0138
MSE Loss Between Generated and Conditioned: 37.7209
Epoch: 23, Loss: 1.0134
MSE Loss Between Generated and Conditioned: 52.8788
Epoch: 24, Loss: 1.0129
MSE Loss Between Generated and Conditioned: 35.9876
Epoch: 25, Loss: 1.0125
MSE Loss Between Generated and Conditioned: 38.6225
Epoch: 26, Loss: 1.0122
MSE Loss Between Generated and Conditioned: 27.5032
Epoch: 27, Loss: 1.0118
MSE Loss Between Generated and Conditioned: 33.4978
Epoch: 28, Loss: 1.0114
MSE Loss Between Generated and Conditioned: 30.5711
Epoch: 29, Loss: 1.0111
MSE Loss Between Generated and Conditioned: 29.5700
Epoch: 30, Loss: 1.0108
MSE Loss Between Generated and Conditioned: 27.1532
Epoch: 31, Loss: 1.0105
MSE Loss Between Generated and Conditioned: 38.0588
Epoch: 32, Loss: 1.0102
MSE Loss Between Generated and Conditioned: 115.5423
Epoch: 33, Loss: 1.0099
MSE Loss Between Generated and Conditioned: 28.2189
Epoch: 34, Loss: 1.0096
MSE Loss Between Generated and Conditioned: 28.4181
Epoch: 35, Loss: 1.0093
MSE Loss Between Generated and Conditioned: 52.4801
Epoch: 36, Loss: 1.0091
MSE Loss Between Generated and Conditioned: 43.2513
Epoch: 37, Loss: 1.0088
MSE Loss Between Generated and Conditioned: 22.9469
Epoch: 38, Loss: 1.0086
MSE Loss Between Generated and Conditioned: 33.4120
Epoch: 39, Loss: 1.0083
MSE Loss Between Generated and Conditioned: 45.5870
Epoch: 40, Loss: 1.0081
MSE Loss Between Generated and Conditioned: 33.6544
Epoch: 41, Loss: 1.0082
MSE Loss Between Generated and Conditioned: 51.3347
Epoch: 42, Loss: 1.0081
MSE Loss Between Generated and Conditioned: 25.8592
Epoch: 43, Loss: 1.0079
MSE Loss Between Generated and Conditioned: 33.7694
Epoch: 44, Loss: 1.0076
MSE Loss Between Generated and Conditioned: 29.5030
Epoch: 45, Loss: 1.0074
MSE Loss Between Generated and Conditioned: 38.5455
Epoch: 46, Loss: 1.0071
MSE Loss Between Generated and Conditioned: 46.8861
Epoch: 47, Loss: 1.0069
MSE Loss Between Generated and Conditioned: 34.3866
Epoch: 48, Loss: 1.0067
MSE Loss Between Generated and Conditioned: 38.7625
Epoch: 49, Loss: 1.0064
MSE Loss Between Generated and Conditioned: 56.4293
Epoch: 50, Loss: 1.0061
MSE Loss Between Generated and Conditioned: 35.2760
Epoch: 51, Loss: 1.0058
SE Loss Between Generated and Conditioned: 40.6232
Epoch: 52, Loss: 1.0050
MSE Loss Between Generated and Conditioned: 41.6276
Epoch: 53, Loss: 1.0047
MSE Loss Between Generated and Conditioned: 48.4906
Epoch: 54, Loss: 1.0044
MSE Loss Between Generated and Conditioned: 43.1707
Epoch: 55, Loss: 1.0041
MSE Loss Between Generated and Conditioned: 33.7284
Epoch: 56, Loss: 1.0038
MSE Loss Between Generated and Conditioned: 40.5557
Epoch: 57, Loss: 1.0035
MSE Loss Between Generated and Conditioned: 40.8144
Epoch: 58, Loss: 1.0031
MSE Loss Between Generated and Conditioned: 36.1219
Epoch: 59, Loss: 1.0028
MSE Loss Between Generated and Conditioned: 35.4777
Epoch: 60, Loss: 1.0025
MSE Loss Between Generated and Conditioned: 21.5630
Epoch: 61, Loss: 1.0021
MSE Loss Between Generated and Conditioned: 28.6034
Epoch: 62, Loss: 1.0017
MSE Loss Between Generated and Conditioned: 29.1128
Epoch: 63, Loss: 1.0013
MSE Loss Between Generated and Conditioned: 37.7075
Epoch: 64, Loss: 1.0008
MSE Loss Between Generated and Conditioned: 25.6340
Epoch: 65, Loss: 1.0003
MSE Loss Between Generated and Conditioned: 38.9107
Epoch: 66, Loss: 0.9998
MMSE Loss Between Generated and Conditioned: 27.8759
Epoch: 67, Loss: 1.0000
MSE Loss Between Generated and Conditioned: 32.8532
Epoch: 68, Loss: 0.9995
MSE Loss Between Generated and Conditioned: 42.4975
Epoch: 69, Loss: 0.9989
MSE Loss Between Generated and Conditioned: 36.9957
Epoch: 70, Loss: 0.9983
MSE Loss Between Generated and Conditioned: 28.8663
Epoch: 71, Loss: 0.9977
MSE Loss Between Generated and Conditioned: 33.3673
Epoch: 72, Loss: 0.9970
MSE Loss Between Generated and Conditioned: 29.1669
Epoch: 73, Loss: 0.9963
MSE Loss Between Generated and Conditioned: 28.0367
Epoch: 74, Loss: 0.9955
MSE Loss Between Generated and Conditioned: 34.4886
Epoch: 75, Loss: 0.9947
MSE Loss Between Generated and Conditioned: 54.1170
Epoch: 76, Loss: 0.9938
MSE Loss Between Generated and Conditioned: 32.1007
Epoch: 77, Loss: 0.9928
MSE Loss Between Generated and Conditioned: 36.2158
Epoch: 78, Loss: 0.9920
MSE Loss Between Generated and Conditioned: 58.6425
Epoch: 79, Loss: 0.9910
MSE Loss Between Generated and Conditioned: 50.3421
Epoch: 80, Loss: 0.9900
MSE Loss Between Generated and Conditioned: 46.0239
Epoch: 81, Loss: 0.9889
MSE Loss Between Generated and Conditioned: 41.5627
Epoch: 82, Loss: 0.9879
MSE Loss Between Generated and Conditioned: 31.0475
Epoch: 83, Loss: 0.9867
MSE Loss Between Generated and Conditioned: 28.9643
Epoch: 84, Loss: 0.9855
MSE Loss Between Generated and Conditioned: 29.2441
Epoch: 85, Loss: 0.9843
MSE Loss Between Generated and Conditioned: 32.7444
Epoch: 86, Loss: 0.9830
MSE Loss Between Generated and Conditioned: 16.5056
Epoch: 87, Loss: 0.9817
MSE Loss Between Generated and Conditioned: 32.2886
Epoch: 88, Loss: 0.9804
MSE Loss Between Generated and Conditioned: 28.9951
Epoch: 89, Loss: 0.9790
MSE Loss Between Generated and Conditioned: 29.7137
Epoch: 90, Loss: 0.9777
MSE Loss Between Generated and Conditioned: 43.4824
Epoch: 91, Loss: 0.9762
MSE Loss Between Generated and Conditioned: 27.1315
Epoch: 92, Loss: 0.9748
MSE Loss Between Generated and Conditioned: 31.8099
Epoch: 93, Loss: 0.9732
MSE Loss Between Generated and Conditioned: 26.7992
Epoch: 94, Loss: 0.9717
MSE Loss Between Generated and Conditioned: 33.4697
Epoch: 95, Loss: 0.9701
MSE Loss Between Generated and Conditioned: 34.9759
Epoch: 96, Loss: 0.9684
MSE Loss Between Generated and Conditioned: 19.2162
Epoch: 97, Loss: 0.9669
MSE Loss Between Generated and Conditioned: 29.1701
Epoch: 98, Loss: 0.9652
MSE Loss Between Generated and Conditioned: 32.5154
Epoch: 99, Loss: 0.9636
MSE Loss Between Generated and Conditioned: 26.0436
Epoch: 100, Loss: 0.9620
MSE Loss Between Generated and Conditioned: 20.5992
Epoch: 101, Loss: 0.9603
MSE Loss Between Generated and Conditioned: 21.6624
Epoch: 102, Loss: 0.9585
MSE Loss Between Generated and Conditioned: 29.1568
Epoch: 103, Loss: 0.9567
MSE Loss Between Generated and Conditioned: 37.2235
Epoch: 104, Loss: 0.9549
MSE Loss Between Generated and Conditioned: 19.7608
Epoch: 105,Loss: 0.9519
MSE Loss Between Generated and Conditioned: 39.2543
Epoch: 106, Loss: 0.9501
MMSE Loss Between Generated and Conditioned: 28.1220
Epoch: 107, Loss: 0.9494
MSE Loss Between Generated and Conditioned: 17.4606
Epoch: 108, Loss: 0.9476
MSE Loss Between Generated and Conditioned: 28.7345
Epoch: 109, Loss: 0.9458
MSE Loss Between Generated and Conditioned: 28.7723
Epoch: 110, Loss: 0.9439
MSE Loss Between Generated and Conditioned: 45.1481
Epoch: 111, Loss: 0.9420
MSE Loss Between Generated and Conditioned: 22.8368
Epoch: 112, Loss: 0.9401
MSE Loss Between Generated and Conditioned: 30.4694
Epoch: 113, Loss: 0.9381
MSE Loss Between Generated and Conditioned: 22.6242
Epoch: 114, Loss: 0.9361
MSE Loss Between Generated and Conditioned: 10.1166
Epoch: 115, Loss: 0.9343
MSE Loss Between Generated and Conditioned: 18.9144
Epoch: 116, Loss: 0.9323
MSE Loss Between Generated and Conditioned: 34.0279
Epoch: 117, Loss: 0.9305
MSE Loss Between Generated and Conditioned: 12.1932
Epoch: 118, Loss: 0.9285
MSE Loss Between Generated and Conditioned: 17.7838
Epoch: 119, Loss: 0.9265
MSE Loss Between Generated and Conditioned: 15.5466
Epoch: 120, Loss: 0.9246
MSE Loss Between Generated and Conditioned: 13.7396
Epoch: 121, Loss: 0.9226
MSE Loss Between Generated and Conditioned: 27.0052
Epoch: 122, Loss: 0.9208
MSE Loss Between Generated and Conditioned: 36.4079
Epoch: 123, Loss: 0.9188
MSE Loss Between Generated and Conditioned: 27.3699
Epoch: 124, Loss: 0.9169
MSE Loss Between Generated and Conditioned: 29.5408
Epoch: 125, Loss: 0.9151
MSE Loss Between Generated and Conditioned: 27.5652
Epoch: 126, Loss: 0.9133
MSE Loss Between Generated and Conditioned: 14.4281
Epoch: 127, Loss: 0.9114
MSE Loss Between Generated and Conditioned: 28.6056
Epoch: 128, Loss: 0.9095
MSE Loss Between Generated and Conditioned: 34.0629
Epoch: 129, Loss: 0.9077
MSE Loss Between Generated and Conditioned: 22.2138
Epoch: 130, Loss: 0.9058
MSE Loss Between Generated and Conditioned: 28.6593
Epoch: 131, Loss: 0.9039
MSE Loss Between Generated and Conditioned: 40.0876
Epoch: 132, Loss: 0.9020
MSE Loss Between Generated and Conditioned: 20.7591
Epoch: 133, Loss: 0.9001
MSE Loss Between Generated and Conditioned: 27.4476
Epoch: 134, Loss: 0.8982
MSE Loss Between Generated and Conditioned: 26.7714
Epoch: 135, Loss: 0.8964
MSE Loss Between Generated and Conditioned: 24.8379
Epoch: 136, Loss: 0.8946
MSE Loss Between Generated and Conditioned: 19.6809
Epoch: 137, Loss: 0.8928
MSE Loss Between Generated and Conditioned: 24.1950
Epoch: 138, Loss: 0.8910
MSE Loss Between Generated and Conditioned: 30.1855
Epoch: 139, Loss: 0.8892
MSE Loss Between Generated and Conditioned: 20.7825
Epoch: 140, Loss: 0.8874
MSE Loss Between Generated and Conditioned: 17.9730
Epoch: 141, Loss: 0.8857
MSE Loss Between Generated and Conditioned: 22.8110
Epoch: 142, Loss: 0.8839
MSE Loss Between Generated and Conditioned: 22.3542
Epoch: 143, Loss: 0.8821
MSE Loss Between Generated and Conditioned: 24.3431
Epoch: 144, Loss: 0.8803
MSE Loss Between Generated and Conditioned: 19.4911
Epoch: 145, Loss: 0.8786
MSE Loss Between Generated and Conditioned: 36.8699
Epoch: 146, Loss: 0.8769
MSE Loss Between Generated and Conditioned: 18.5767
Epoch: 147, Loss: 0.8751
MSE Loss Between Generated and Conditioned: 32.5342
Epoch: 148, Loss: 0.8734
MSE Loss Between Generated and Conditioned: 26.7991
Epoch: 149, Loss: 0.8717
MSE Loss Between Generated and Conditioned: 23.6437
Epoch: 150, Loss: 0.8699
MSE Loss Between Generated and Conditioned: 11.3389
Epoch: 151, Loss: 0.8683
MSE Loss Between Generated and Conditioned: 20.0107
Epoch: 152, Loss: 0.8665
MSE Loss Between Generated and Conditioned: 21.5420
Epoch: 153, Loss: 0.8650
MSE Loss Between Generated and Conditioned: 24.9658
Epoch: 154, Loss: 0.8633
MSE Loss Between Generated and Conditioned: 25.6463
Epoch: 155, Loss: 0.8617
MSE Loss Between Generated and Conditioned: 30.6398
Epoch: 156, Loss: 0.8601
MSE Loss Between Generated and Conditioned: 18.0219
Epoch: 157, Loss: 0.8584
MSE Loss Between Generated and Conditioned: 14.2700
Epoch: 158, Loss: 0.8568
MSE Loss Between Generated and Conditioned: 9.4821
Epoch: 159, Loss: 0.8552
MSE Loss Between Generated and Conditioned: 10.1665
Epoch: 160, Loss: 0.8536
MSE Loss Between Generated and Conditioned: 24.5518
Epoch: 161, Loss: 0.8520
MSE Loss Between Generated and Conditioned: 9.8465
Epoch: 162, Loss: 0.8505
MSE Loss Between Generated and Conditioned: 26.5812
Epoch: 163, Loss: 0.8489
MSE Loss Between Generated and Conditioned: 27.1158
Epoch: 164, Loss: 0.8474
MSE Loss Between Generated and Conditioned: 23.7642
Epoch: 165, Loss: 0.8459
MSE Loss Between Generated and Conditioned: 25.3228
Epoch: 166, Loss: 0.8443
MSE Loss Between Generated and Conditioned: 19.0142
Epoch: 167, Loss: 0.8428
MSE Loss Between Generated and Conditioned: 12.5713
Epoch: 168, Loss: 0.8413
MSE Loss Between Generated and Conditioned: 32.5856
Epoch: 169, Loss: 0.8398
MSE Loss Between Generated and Conditioned: 22.0835
Epoch: 170, Loss: 0.8383
MSE Loss Between Generated and Conditioned: 10.4440
Epoch: 171, Loss: 0.8368
MSE Loss Between Generated and Conditioned: 21.0537
Epoch: 172, Loss: 0.8353
MSE Loss Between Generated and Conditioned: 26.5236
Epoch: 173, Loss: 0.8338
MSE Loss Between Generated and Conditioned: 22.3468
Epoch: 174, Loss: 0.8323
MSE Loss Between Generated and Conditioned: 32.2599
Epoch: 175, Loss: 0.8309
MSE Loss Between Generated and Conditioned: 28.1868
Epoch: 176, Loss: 0.8294
MSE Loss Between Generated and Conditioned: 21.3406
Epoch: 177, Loss: 0.8280
MSE Loss Between Generated and Conditioned: 21.5181
Epoch: 178, Loss: 0.8265
MSE Loss Between Generated and Conditioned: 16.5333
Epoch: 179, Loss: 0.8250
MSE Loss Between Generated and Conditioned: 19.6362
Epoch: 180, Loss: 0.8235
MSE Loss Between Generated and Conditioned: 13.8282
Epoch: 181, Loss: 0.8221
MSE Loss Between Generated and Conditioned: 13.8972
Epoch: 182, Loss: 0.8207
MSE Loss Between Generated and Conditioned: 15.1157
Epoch: 183, Loss: 0.8192
MSE Loss Between Generated and Conditioned: 27.4827
Epoch: 184, Loss: 0.8179
MSE Loss Between Generated and Conditioned: 19.5376
Epoch: 185, Loss: 0.8164
MSE Loss Between Generated and Conditioned: 24.2156
Epoch: 186, Loss: 0.8151
MSE Loss Between Generated and Conditioned: 25.3442
Epoch: 187, Loss: 0.8137
MSE Loss Between Generated and Conditioned: 20.6368
Epoch: 188, Loss: 0.8124
MSE Loss Between Generated and Conditioned: 20.0266
Epoch: 189, Loss: 0.8110
MSE Loss Between Generated and Conditioned: 23.7906
Epoch: 190, Loss: 0.8097
MSE Loss Between Generated and Conditioned: 11.1054
Epoch: 191, Loss: 0.8083
MSE Loss Between Generated and Conditioned: 16.1258
Epoch: 192, Loss: 0.8069
MSE Loss Between Generated and Conditioned: 26.2482
Epoch: 193, Loss: 0.8056
MSE Loss Between Generated and Conditioned: 28.7958
Epoch: 194, Loss: 0.8043
MSE Loss Between Generated and Conditioned: 17.4636
Epoch: 195, Loss: 0.8029
MSE Loss Between Generated and Conditioned: 25.8813
Epoch: 196, Loss: 0.8016
MSE Loss Between Generated and Conditioned: 19.7089
Epoch: 197, Loss: 0.8003
MSE Loss Between Generated and Conditioned: 19.4012
Epoch: 198, Loss: 0.7991
MSE Loss Between Generated and Conditioned: 24.6990
Epoch: 199, Loss: 0.7978
MSE Loss Between Generated and Conditioned: 16.5631
Epoch: 200, Loss: 0.7966
MSE Loss Between Generated and Conditioned: 19.9556
Epoch: 201, Loss: 0.7953
MSE Loss Between Generated and Conditioned: 26.8107
Epoch: 202, Loss: 0.7940
MSE Loss Between Generated and Conditioned: 26.7706
Epoch: 203, Loss: 0.7927
MSE Loss Between Generated and Conditioned: 14.6045
Epoch: 204, Loss: 0.7914
MSE Loss Between Generated and Conditioned: 26.1365
Epoch: 205, Loss: 0.7902
MSE Loss Between Generated and Conditioned: 25.4912
Epoch: 206, Loss: 0.7890
MSE Loss Between Generated and Conditioned: 31.6682
Epoch: 207, Loss: 0.7877
MSE Loss Between Generated and Conditioned: 18.5483
Epoch: 208, Loss: 0.7865
MSE Loss Between Generated and Conditioned: 28.4566
Epoch: 209, Loss: 0.7853
MSE Loss Between Generated and Conditioned: 12.3083
Epoch: 210, Loss: 0.7840
MSE Loss Between Generated and Conditioned: 22.4015
Epoch: 211, Loss: 0.7827
MSE Loss Between Generated and Conditioned: 9.6494
Epoch: 212, Loss: 0.7816
MSE Loss Between Generated and Conditioned: 10.5829
Epoch: 213, Loss: 0.7804
MSE Loss Between Generated and Conditioned: 18.1016
Epoch: 214, Loss: 0.7792
MSE Loss Between Generated and Conditioned: 25.4671
Epoch: 215, Loss: 0.7780
MSE Loss Between Generated and Conditioned: 13.5572
Epoch: 216, Loss: 0.7768
MSE Loss Between Generated and Conditioned: 17.5368
Epoch: 217, Loss: 0.7756
MSE Loss Between Generated and Conditioned: 15.8862
Epoch: 218, Loss: 0.7745
MSE Loss Between Generated and Conditioned: 13.8504
Epoch: 219, Loss: 0.7733
MSE Loss Between Generated and Conditioned: 23.9615
Epoch: 220, Loss: 0.7722
MSE Loss Between Generated and Conditioned: 27.4603
Epoch: 221, Loss: 0.7711
MSE Loss Between Generated and Conditioned: 25.7963
Epoch: 222, Loss: 0.7699
MSE Loss Between Generated and Conditioned: 16.4735
Epoch: 223, Loss: 0.7688
MSE Loss Between Generated and Conditioned: 22.6412
Epoch: 224, Loss: 0.7677
MSE Loss Between Generated and Conditioned: 15.9086
Epoch: 225, Loss: 0.7665
MSE Loss Between Generated and Conditioned: 12.8642
Epoch: 226, Loss: 0.7654
MSE Loss Between Generated and Conditioned: 10.2131
Epoch: 227, Loss: 0.7642
MSE Loss Between Generated and Conditioned: 14.2985
Epoch: 228, Loss: 0.7631
MSE Loss Between Generated and Conditioned: 17.7229
Epoch: 229, Loss: 0.7621
MSE Loss Between Generated and Conditioned: 20.1000
Epoch: 230, Loss: 0.7610
MSE Loss Between Generated and Conditioned: 18.2077
Epoch: 231, Loss: 0.7600
MSE Loss Between Generated and Conditioned: 16.9063
Epoch: 232, Loss: 0.7589
MSE Loss Between Generated and Conditioned: 14.1317
Epoch: 233, Loss: 0.7578
MSE Loss Between Generated and Conditioned: 16.1230
Epoch: 234, Loss: 0.7567
MSE Loss Between Generated and Conditioned: 18.8080
Epoch: 235, Loss: 0.7557
MSE Loss Between Generated and Conditioned: 15.9612
Epoch: 236, Loss: 0.7546
MSE Loss Between Generated and Conditioned: 22.3625
Epoch: 237, Loss: 0.7536
MSE Loss Between Generated and Conditioned: 19.2378
Epoch: 238, Loss: 0.7526
MSE Loss Between Generated and Conditioned: 14.1404
Epoch: 239, Loss: 0.7515
MSE Loss Between Generated and Conditioned: 10.1642
Epoch: 240, Loss: 0.7504
MSE Loss Between Generated and Conditioned: 18.6380
Epoch: 241, Loss: 0.7494
MSE Loss Between Generated and Conditioned: 17.1827
Epoch: 242, Loss: 0.7484
MSE Loss Between Generated and Conditioned: 15.2306
Epoch: 243, Loss: 0.7474
MSE Loss Between Generated and Conditioned: 24.4801
Epoch: 244, Loss: 0.7463
MSE Loss Between Generated and Conditioned: 20.7501
Epoch: 245, Loss: 0.7453
MSE Loss Between Generated and Conditioned: 21.2816
Epoch: 246, Loss: 0.7442
MSE Loss Between Generated and Conditioned: 20.3370
Epoch: 247, Loss: 0.7433
MSE Loss Between Generated and Conditioned: 20.7341
Epoch: 248, Loss: 0.7423
MSE Loss Between Generated and Conditioned: 28.8693
Epoch: 249, Loss: 0.7413
MSE Loss Between Generated and Conditioned: 32.5256
Epoch: 250, Loss: 0.7403
MSE Loss Between Generated and Conditioned: 16.3224
Epoch: 251, Loss: 0.7393
MSE Loss Between Generated and Conditioned: 21.2256
Epoch: 252, Loss: 0.7383
MSE Loss Between Generated and Conditioned: 19.2640
Epoch: 253, Loss: 0.7373
MSE Loss Between Generated and Conditioned: 17.7225
Epoch: 254, Loss: 0.7364
MSE Loss Between Generated and Conditioned: 27.2113
Epoch: 255, Loss: 0.7354
MSE Loss Between Generated and Conditioned: 16.2335
Epoch: 256, Loss: 0.7344
MSE Loss Between Generated and Conditioned: 23.5298
Epoch: 257, Loss: 0.7334
MSE Loss Between Generated and Conditioned: 16.8158
Epoch: 258, Loss: 0.7325
MSE Loss Between Generated and Conditioned: 16.8229
Epoch: 259, Loss: 0.7315
MSE Loss Between Generated and Conditioned: 28.3476
Epoch: 260, Loss: 0.7305
MSE Loss Between Generated and Conditioned: 15.7906
Epoch: 261, Loss: 0.7295
MSE Loss Between Generated and Conditioned: 16.0407
Epoch: 262, Loss: 0.7285
MSE Loss Between Generated and Conditioned: 17.2995
Epoch: 263, Loss: 0.7276
MSE Loss Between Generated and Conditioned: 18.6288
Epoch: 264, Loss: 0.7267
MSE Loss Between Generated and Conditioned: 11.5961
Epoch: 265, Loss: 0.7257
MSE Loss Between Generated and Conditioned: 33.1723
Epoch: 266, Loss: 0.7248
MSE Loss Between Generated and Conditioned: 21.3316
Epoch: 267, Loss: 0.7238
MSE Loss Between Generated and Conditioned: 18.5482
Epoch: 268, Loss: 0.7230
MSE Loss Between Generated and Conditioned: 29.7911
Epoch: 269, Loss: 0.7221
MSE Loss Between Generated and Conditioned: 17.6717
Epoch: 270, Loss: 0.7212
MSE Loss Between Generated and Conditioned: 13.7454
Epoch: 271, Loss: 0.7202
MSE Loss Between Generated and Conditioned: 28.4773
Epoch: 272, Loss: 0.7193
MSE Loss Between Generated and Conditioned: 18.1975
Epoch: 273, Loss: 0.7184
MSE Loss Between Generated and Conditioned: 19.5897
Epoch: 274, Loss: 0.7176
MSE Loss Between Generated and Conditioned: 27.6064
Epoch: 275, Loss: 0.7167
MSE Loss Between Generated and Conditioned: 22.8798
Epoch: 276, Loss: 0.7158
MSE Loss Between Generated and Conditioned: 11.8554
Epoch: 277, Loss: 0.7149
MSE Loss Between Generated and Conditioned: 39.4705
Epoch: 278, Loss: 0.7140
MSE Loss Between Generated and Conditioned: 21.1421
Epoch: 279, Loss: 0.7132
MSE Loss Between Generated and Conditioned: 15.8355
Epoch: 280, Loss: 0.7123
MSE Loss Between Generated and Conditioned: 28.8543
Epoch: 281, Loss: 0.7114
MSE Loss Between Generated and Conditioned: 14.9747
Epoch: 282, Loss: 0.7106
MSE Loss Between Generated and Conditioned: 19.9383
Epoch: 283, Loss: 0.7097
MSE Loss Between Generated and Conditioned: 10.5555
Epoch: 284, Loss: 0.7089
MSE Loss Between Generated and Conditioned: 19.8586
Epoch: 285, Loss: 0.7081
MSE Loss Between Generated and Conditioned: 16.7639
Epoch: 286, Loss: 0.7072
MSE Loss Between Generated and Conditioned: 19.4090
Epoch: 287, Loss: 0.7064
MSE Loss Between Generated and Conditioned: 13.3349
Epoch: 288, Loss: 0.7056
MSE Loss Between Generated and Conditioned: 18.8988
Epoch: 289, Loss: 0.7048
MSE Loss Between Generated and Conditioned: 20.9372
Epoch: 290, Loss: 0.7039
MSE Loss Between Generated and Conditioned: 17.1875
Epoch: 291, Loss: 0.7031
MSE Loss Between Generated and Conditioned: 18.0632
Epoch: 292, Loss: 0.7023
MSE Loss Between Generated and Conditioned: 23.8107
Epoch: 293, Loss: 0.7015
MSE Loss Between Generated and Conditioned: 16.2409
Epoch: 294, Loss: 0.7006
MSE Loss Between Generated and Conditioned: 23.2613
Epoch: 295, Loss: 0.6999
MSE Loss Between Generated and Conditioned: 23.4405
Epoch: 296, Loss: 0.6990
MSE Loss Between Generated and Conditioned: 35.2503
Epoch: 297, Loss: 0.6983
MSE Loss Between Generated and Conditioned: 19.3057
Epoch: 298, Loss: 0.6974
MSE Loss Between Generated and Conditioned: 12.3256
Epoch: 299, Loss: 0.6966
MSE Loss Between Generated and Conditioned: 17.0227
Epoch: 300, Loss: 0.6958
4
Epoch: 1, Train Loss: 0.5382, Valid Loss: 0.2626, LR: 0.001
Epoch: 2, Train Loss: 0.2543, Valid Loss: 0.2267, LR: 0.001
Epoch: 3, Train Loss: 0.2124, Valid Loss: 0.2081, LR: 0.001
Epoch: 4, Train Loss: 0.1840, Valid Loss: 0.1852, LR: 0.001
Epoch: 5, Train Loss: 0.1992, Valid Loss: 0.1882, LR: 0.001
Epoch: 6, Train Loss: 0.1822, Valid Loss: 0.1769, LR: 0.001
Epoch: 7, Train Loss: 0.1794, Valid Loss: 0.2020, LR: 0.001
Epoch: 8, Train Loss: 0.1807, Valid Loss: 0.1972, LR: 0.001
Epoch: 9, Train Loss: 0.1711, Valid Loss: 0.1996, LR: 0.001
Epoch: 10, Train Loss: 0.1714, Valid Loss: 0.2048, LR: 0.001
Epoch: 11, Train Loss: 0.1774, Valid Loss: 0.1972, LR: 0.001
Epoch: 12, Train Loss: 0.1729, Valid Loss: 0.2224, LR: 0.001
Epoch: 13, Train Loss: 0.1695, Valid Loss: 0.1808, LR: 0.001
Epoch: 14, Train Loss: 0.1707, Valid Loss: 0.1887, LR: 0.001
Epoch: 15, Train Loss: 0.1720, Valid Loss: 0.1927, LR: 0.001
Epoch: 16, Train Loss: 0.1755, Valid Loss: 0.1835, LR: 0.001
Epoch: 17, Train Loss: 0.1836, Valid Loss: 0.1876, LR: 0.0001
Epoch: 18, Train Loss: 0.1593, Valid Loss: 0.1739, LR: 0.0001
Epoch: 19, Train Loss: 0.1525, Valid Loss: 0.1727, LR: 0.0001
Epoch: 20, Train Loss: 0.1292, Valid Loss: 0.1743, LR: 0.0001
Epoch: 21, Train Loss: 0.1329, Valid Loss: 0.1778, LR: 0.0001
Epoch: 22, Train Loss: 0.1256, Valid Loss: 0.1804, LR: 0.0001
Epoch: 23, Train Loss: 0.1173, Valid Loss: 0.1777, LR: 0.0001
Epoch: 24, Train Loss: 0.1196, Valid Loss: 0.1768, LR: 0.0001
Epoch: 25, Train Loss: 0.1168, Valid Loss: 0.1827, LR: 0.0001
Epoch: 26, Train Loss: 0.1226, Valid Loss: 0.1816, LR: 0.0001
Epoch: 27, Train Loss: 0.1128, Valid Loss: 0.1804, LR: 0.0001
Epoch: 28, Train Loss: 0.1136, Valid Loss: 0.1832, LR: 0.0001
Epoch: 29, Train Loss: 0.1202, Valid Loss: 0.1892, LR: 0.0001
Epoch: 30, Train Loss: 0.1127, Valid Loss: 0.1791, LR: 1e-05
Epoch: 31, Train Loss: 0.1011, Valid Loss: 0.1761, LR: 1e-05
Epoch: 32, Train Loss: 0.1089, Valid Loss: 0.1803, LR: 1e-05
Epoch: 33, Train Loss: 0.1113, Valid Loss: 0.1795, LR: 1e-05
Epoch: 34, Train Loss: 0.0989, Valid Loss: 0.1758, LR: 1e-05
Epoch: 35, Train Loss: 0.1002, Valid Loss: 0.1805, LR: 1e-05
Epoch: 36, Train Loss: 0.1019, Valid Loss: 0.1776, LR: 1e-05
Epoch: 37, Train Loss: 0.1110, Valid Loss: 0.1804, LR: 1e-05
Epoch: 38, Train Loss: 0.0981, Valid Loss: 0.1776, LR: 1e-05
Epoch: 39, Train Loss: 0.1016, Valid Loss: 0.1800, LR: 1e-05
Epoch: 40, Train Loss: 0.1108, Valid Loss: 0.1787, LR: 1e-05
Epoch: 41, Train Loss: 0.1028, Valid Loss: 0.1818, LR: 1.0000000000000002e-06
Epoch: 42, Train Loss: 0.0986, Valid Loss: 0.1798, LR: 1.0000000000000002e-06
Epoch: 43, Train Loss: 0.1050, Valid Loss: 0.1807, LR: 1.0000000000000002e-06
Epoch: 44, Train Loss: 0.1033, Valid Loss: 0.1791, LR: 1.0000000000000002e-06
Epoch: 45, Train Loss: 0.0996, Valid Loss: 0.1849, LR: 1.0000000000000002e-06
Epoch: 46, Train Loss: 0.1032, Valid Loss: 0.1827, LR: 1.0000000000000002e-06
Epoch: 47, Train Loss: 0.1049, Valid Loss: 0.1798, LR: 1.0000000000000002e-06
Epoch: 48, Train Loss: 0.1055, Valid Loss: 0.1805, LR: 1.0000000000000002e-06
Epoch: 49, Train Loss: 0.1102, Valid Loss: 0.1853, LR: 1.0000000000000002e-06
Epoch: 50, Train Loss: 0.1019, Valid Loss: 0.1827, LR: 1.0000000000000002e-06
Epoch: 51, Train Loss: 0.1096, Valid Loss: 0.1828, LR: 1.0000000000000002e-06
Epoch: 52, Train Loss: 0.1003, Valid Loss: 0.1839, LR: 1.0000000000000002e-07
Epoch: 53, Train Loss: 0.1094, Valid Loss: 0.1839, LR: 1.0000000000000002e-07
Epoch: 54, Train Loss: 0.1065, Valid Loss: 0.1804, LR: 1.0000000000000002e-07
Epoch: 55, Train Loss: 0.1025, Valid Loss: 0.1808, LR: 1.0000000000000002e-07
Epoch: 56, Train Loss: 0.1004, Valid Loss: 0.1831, LR: 1.0000000000000002e-07
Epoch: 57, Train Loss: 0.0942, Valid Loss: 0.1772, LR: 1.0000000000000002e-07
Epoch: 58, Train Loss: 0.0981, Valid Loss: 0.1814, LR: 1.0000000000000002e-07
Epoch: 59, Train Loss: 0.1086, Valid Loss: 0.1803, LR: 1.0000000000000002e-07
Epoch: 60, Train Loss: 0.1152, Valid Loss: 0.1801, LR: 1.0000000000000002e-07
Epoch: 61, Train Loss: 0.1007, Valid Loss: 0.1818, LR: 1.0000000000000002e-07
Epoch: 62, Train Loss: 0.1005, Valid Loss: 0.1798, LR: 1.0000000000000002e-07
Epoch: 63, Train Loss: 0.1017, Valid Loss: 0.1881, LR: 1.0000000000000004e-08
Epoch: 64, Train Loss: 0.0992, Valid Loss: 0.1821, LR: 1.0000000000000004e-08
Epoch: 65, Train Loss: 0.0952, Valid Loss: 0.1818, LR: 1.0000000000000004e-08
Epoch: 66, Train Loss: 0.1078, Valid Loss: 0.1863, LR: 1.0000000000000004e-08
Epoch: 67, Train Loss: 0.0938, Valid Loss: 0.1798, LR: 1.0000000000000004e-08
Epoch: 68, Train Loss: 0.1020, Valid Loss: 0.1829, LR: 1.0000000000000004e-08
Epoch: 69, Train Loss: 0.0958, Valid Loss: 0.1839, LR: 1.0000000000000004e-08
Epoch: 70, Train Loss: 0.1083, Valid Loss: 0.1873, LR: 1.0000000000000004e-08
Epoch: 71, Train Loss: 0.0970, Valid Loss: 0.1757, LR: 1.0000000000000004e-08
Epoch: 72, Train Loss: 0.1092, Valid Loss: 0.1812, LR: 1.0000000000000004e-08
Epoch: 73, Train Loss: 0.1056, Valid Loss: 0.1821, LR: 1.0000000000000004e-08
Epoch: 74, Train Loss: 0.1091, Valid Loss: 0.1831, LR: 1.0000000000000004e-08
Epoch: 75, Train Loss: 0.1001, Valid Loss: 0.1843, LR: 1.0000000000000004e-08
Epoch: 76, Train Loss: 0.1026, Valid Loss: 0.1799, LR: 1.0000000000000004e-08
Epoch: 77, Train Loss: 0.1078, Valid Loss: 0.1805, LR: 1.0000000000000004e-08
Epoch: 78, Train Loss: 0.1096, Valid Loss: 0.1820, LR: 1.0000000000000004e-08
Epoch: 79, Train Loss: 0.1181, Valid Loss: 0.1811, LR: 1.0000000000000004e-08
Epoch: 80, Train Loss: 0.0990, Valid Loss: 0.1842, LR: 1.0000000000000004e-08
Epoch: 81, Train Loss: 0.1074, Valid Loss: 0.1790, LR: 1.0000000000000004e-08
Epoch: 82, Train Loss: 0.1069, Valid Loss: 0.1821, LR: 1.0000000000000004e-08
Epoch: 83, Train Loss: 0.0971, Valid Loss: 0.1906, LR: 1.0000000000000004e-08
Epoch: 84, Train Loss: 0.1023, Valid Loss: 0.1802, LR: 1.0000000000000004e-08
Epoch: 85, Train Loss: 0.1013, Valid Loss: 0.1825, LR: 1.0000000000000004e-08
Epoch: 86, Train Loss: 0.1023, Valid Loss: 0.1880, LR: 1.0000000000000004e-08
Epoch: 87, Train Loss: 0.1049, Valid Loss: 0.1790, LR: 1.0000000000000004e-08
Epoch: 88, Train Loss: 0.0990, Valid Loss: 0.1812, LR: 1.0000000000000004e-08
Epoch: 89, Train Loss: 0.0982, Valid Loss: 0.1774, LR: 1.0000000000000004e-08
Epoch: 90, Train Loss: 0.0957, Valid Loss: 0.1801, LR: 1.0000000000000004e-08
Epoch: 91, Train Loss: 0.1038, Valid Loss: 0.1867, LR: 1.0000000000000004e-08
Epoch: 92, Train Loss: 0.1029, Valid Loss: 0.1803, LR: 1.0000000000000004e-08
Epoch: 93, Train Loss: 0.1076, Valid Loss: 0.1772, LR: 1.0000000000000004e-08
Epoch: 94, Train Loss: 0.0995, Valid Loss: 0.1817, LR: 1.0000000000000004e-08
Epoch: 95, Train Loss: 0.1028, Valid Loss: 0.1834, LR: 1.0000000000000004e-08
Epoch: 96, Train Loss: 0.1020, Valid Loss: 0.1807, LR: 1.0000000000000004e-08
Epoch: 97, Train Loss: 0.1005, Valid Loss: 0.1857, LR: 1.0000000000000004e-08
Epoch: 98, Train Loss: 0.1045, Valid Loss: 0.1794, LR: 1.0000000000000004e-08
Epoch: 99, Train Loss: 0.1082, Valid Loss: 0.1807, LR: 1.0000000000000004e-08
Epoch: 100, Train Loss: 0.0976, Valid Loss: 0.1830, LR: 1.0000000000000004e-08
Test Loss: 0.1833
rch.Size([4678, 5, 64, 32])
Running context window: 5 with stride: 5 with seed: 0
Shape: (5, 144, 72)
Epoch: 0, Train Loss: 2490.88175, Valid Loss: 2388.76619, EPS: 0.991
Epoch: 1, Train Loss: 2394.24753, Valid Loss: 2278.77482, EPS: 0.982
Epoch: 2, Train Loss: 2278.23633, Valid Loss: 2167.33919, EPS: 0.973
Epoch: 3, Train Loss: 2166.94992, Valid Loss: 2076.17025, EPS: 0.964
Epoch: 4, Train Loss: 2072.14317, Valid Loss: 1992.54545, EPS: 0.955
Epoch: 5, Train Loss: 1992.01750, Valid Loss: 1916.65426, EPS: 0.946
Epoch: 6, Train Loss: 1913.07743, Valid Loss: 1852.38106, EPS: 0.9369999999999999
Epoch: 7, Train Loss: 1855.11111, Valid Loss: 1801.51701, EPS: 0.928
Epoch: 8, Train Loss: 1799.93582, Valid Loss: 1757.43884, EPS: 0.919
Epoch: 9, Train Loss: 1752.49192, Valid Loss: 1710.53621, EPS: 0.91
Epoch: 10, Train Loss: 1707.39883, Valid Loss: 1669.44885, EPS: 0.901
Epoch: 11, Train Loss: 1671.56083, Valid Loss: 1642.19645, EPS: 0.892
Epoch: 12, Train Loss: 1638.83099, Valid Loss: 1606.86434, EPS: 0.883
Epoch: 13, Train Loss: 1608.54540, Valid Loss: 1583.71810, EPS: 0.874
Epoch: 14, Train Loss: 1584.52228, Valid Loss: 1562.99670, EPS: 0.865
Epoch: 15, Train Loss: 1560.92436, Valid Loss: 1543.30644, EPS: 0.856
Epoch: 16, Train Loss: 1544.66804, Valid Loss: 1520.52197, EPS: 0.847
Epoch: 17, Train Loss: 1517.51622, Valid Loss: 1502.69385, EPS: 0.8380000000000001
Epoch: 18, Train Loss: 1500.62977, Valid Loss: 1491.27128, EPS: 0.8290000000000001
Epoch: 19, Train Loss: 1484.91006, Valid Loss: 1478.43933, EPS: 0.8200000000000001
Epoch: 20, Train Loss: 1473.30250, Valid Loss: 1461.06718, EPS: 0.811
Epoch: 21, Train Loss: 1460.74836, Valid Loss: 1445.81051, EPS: 0.802
Epoch: 22, Train Loss: 1443.95231, Valid Loss: 1435.03035, EPS: 0.793
Epoch: 23, Train Loss: 1433.57666, Valid Loss: 1422.81185, EPS: 0.784
Epoch: 24, Train Loss: 1418.04871, Valid Loss: 1409.99280, EPS: 0.775
Epoch: 25, Train Loss: 1409.80199, Valid Loss: 1406.32157, EPS: 0.766
Epoch: 26, Train Loss: 1397.68165, Valid Loss: 1399.26868, EPS: 0.757
Epoch: 27, Train Loss: 1391.94579, Valid Loss: 1393.38859, EPS: 0.748
Epoch: 28, Train Loss: 1383.99627, Valid Loss: 1376.17472, EPS: 0.739
Epoch: 29, Train Loss: 1374.04929, Valid Loss: 1371.35006, EPS: 0.73
Epoch: 30, Train Loss: 1365.27615, Valid Loss: 1361.11422, EPS: 0.721
Epoch: 31, Train Loss: 1357.96190, Valid Loss: 1353.44641, EPS: 0.712
Epoch: 32, Train Loss: 1346.33247, Valid Loss: 1347.63794, EPS: 0.703
Epoch: 33, Train Loss: 1332.36013, Valid Loss: 1335.19588, EPS: 0.694
Epoch: 34, Train Loss: 1326.97831, Valid Loss: 1324.23429, EPS: 0.685
Epoch: 35, Train Loss: 1317.38519, Valid Loss: 1315.94942, EPS: 0.676
Epoch: 36, Train Loss: 1308.33059, Valid Loss: 1310.90951, EPS: 0.667
Epoch: 37, Train Loss: 1302.52919, Valid Loss: 1296.72774, EPS: 0.658
Epoch: 38, Train Loss: 1289.16797, Valid Loss: 1292.24593, EPS: 0.649
Epoch: 39, Train Loss: 1288.75755, Valid Loss: 1280.73104, EPS: 0.64
Epoch: 40, Train Loss: 1272.87313, Valid Loss: 1272.81596, EPS: 0.6310000000000001
Epoch: 41, Train Loss: 1266.67185, Valid Loss: 1270.39673, EPS: 0.6220000000000001
Epoch: 42, Train Loss: 1259.82678, Valid Loss: 1263.99137, EPS: 0.6130000000000001
Epoch: 43, Train Loss: 1254.25625, Valid Loss: 1262.84729, EPS: 0.6040000000000001
Epoch: 44, Train Loss: 1246.50650, Valid Loss: 1261.10445, EPS: 0.5950000000000001
Epoch: 45, Train Loss: 1238.21871, Valid Loss: 1253.16252, EPS: 0.5860000000000001
Epoch: 46, Train Loss: 1237.93705, Valid Loss: 1248.11235, EPS: 0.5770000000000001
Epoch: 47, Train Loss: 1234.00476, Valid Loss: 1238.89608, EPS: 0.5680000000000001
Epoch: 48, Train Loss: 1222.35520, Valid Loss: 1236.84005, EPS: 0.559
Epoch: 49, Train Loss: 1217.71471, Valid Loss: 1227.64278, EPS: 0.55
Epoch: 50, Train Loss: 1207.37596, Valid Loss: 1220.29936, EPS: 0.541
Epoch: 51, Train Loss: 1202.54579, Valid Loss: 1209.45251, EPS: 0.532
Epoch: 52, Train Loss: 1197.00309, Valid Loss: 1198.77820, EPS: 0.523
Epoch: 53, Train Loss: 1191.76747, Valid Loss: 1196.33557, EPS: 0.514
Epoch: 54, Train Loss: 1184.95775, Valid Loss: 1193.97994, EPS: 0.505
Epoch: 55, Train Loss: 1179.89578, Valid Loss: 1189.03125, EPS: 0.496
Epoch: 56, Train Loss: 1175.85855, Valid Loss: 1185.86780, EPS: 0.4870000000000001
Epoch: 57, Train Loss: 1173.09454, Valid Loss: 1184.06852, EPS: 0.4780000000000001
Epoch: 58, Train Loss: 1175.63944, Valid Loss: 1178.56376, EPS: 0.4690000000000001
Epoch: 59, Train Loss: 1172.37516, Valid Loss: 1173.63220, EPS: 0.4600000000000001
Epoch: 60, Train Loss: 1162.82020, Valid Loss: 1169.04606, EPS: 0.45100000000000007
Epoch: 61, Train Loss: 1158.27433, Valid Loss: 1165.99707, EPS: 0.44200000000000006
Epoch: 62, Train Loss: 1149.04835, Valid Loss: 1155.90719, EPS: 0.43300000000000005
Epoch: 63, Train Loss: 1138.84098, Valid Loss: 1153.51619, EPS: 0.42400000000000004
Epoch: 64, Train Loss: 1136.76847, Valid Loss: 1149.06820, EPS: 0.41500000000000004
Epoch: 65, Train Loss: 1138.02572, Valid Loss: 1144.60714, EPS: 0.406
Epoch: 66, Train Loss: 1132.16481, Valid Loss: 1142.20203, EPS: 0.397
Epoch: 67, Train Loss: 1126.70900, Valid Loss: 1134.60636, EPS: 0.388
Epoch: 68, Train Loss: 1116.90012, Valid Loss: 1125.69918, EPS: 0.3790000000000001
Epoch: 69, Train Loss: 1122.46889, Valid Loss: 1122.89807, EPS: 0.3700000000000001
Epoch: 70, Train Loss: 1114.66341, Valid Loss: 1121.73718, EPS: 0.3610000000000001
Epoch: 71, Train Loss: 1110.38553, Valid Loss: 1116.84961, EPS: 0.3520000000000001
Epoch: 72, Train Loss: 1112.19408, Valid Loss: 1115.24060, EPS: 0.343
Epoch: 73, Train Loss: 1105.00427, Valid Loss: 1109.28353, EPS: 0.334
Epoch: 74, Train Loss: 1099.10852, Valid Loss: 1102.87508, EPS: 0.325
Epoch: 75, Train Loss: 1094.79523, Valid Loss: 1099.62781, EPS: 0.316
Epoch: 76, Train Loss: 1097.84988, Valid Loss: 1100.33838, EPS: 0.307
Epoch: 77, Train Loss: 1096.92251, Valid Loss: 1094.53752, EPS: 0.298
Epoch: 78, Train Loss: 1087.46156, Valid Loss: 1090.23482, EPS: 0.289
Epoch: 79, Train Loss: 1092.80493, Valid Loss: 1096.41614, EPS: 0.27999999999999997
Epoch: 80, Train Loss: 1087.26191, Valid Loss: 1088.88924, EPS: 0.27099999999999996
Epoch: 81, Train Loss: 1088.94747, Valid Loss: 1083.66919, EPS: 0.26200000000000007
Epoch: 82, Train Loss: 1088.94332, Valid Loss: 1079.88770, EPS: 0.25300000000000006
Epoch: 83, Train Loss: 1077.78071, Valid Loss: 1078.95821, EPS: 0.24400000000000005
Epoch: 84, Train Loss: 1081.02087, Valid Loss: 1071.91573, EPS: 0.23500000000000004
Epoch: 85, Train Loss: 1074.12612, Valid Loss: 1074.50480, EPS: 0.22600000000000003
Epoch: 86, Train Loss: 1066.50582, Valid Loss: 1072.69267, EPS: 0.21700000000000003
Epoch: 87, Train Loss: 1074.34416, Valid Loss: 1064.68250, EPS: 0.20800000000000002
Epoch: 88, Train Loss: 1058.01119, Valid Loss: 1069.18038, EPS: 0.199
Epoch: 89, Train Loss: 1055.78601, Valid Loss: 1065.31612, EPS: 0.19
Epoch: 90, Train Loss: 1069.03103, Valid Loss: 1061.03617, EPS: 0.181
Epoch: 91, Train Loss: 1066.76095, Valid Loss: 1064.17965, EPS: 0.172
Epoch: 92, Train Loss: 1068.85238, Valid Loss: 1059.81645, EPS: 0.16299999999999998
Epoch: 93, Train Loss: 1064.91432, Valid Loss: 1062.77389, EPS: 0.15400000000000005
Epoch: 94, Train Loss: 1060.20098, Valid Loss: 1056.87923, EPS: 0.14500000000000005
Epoch: 95, Train Loss: 1056.84916, Valid Loss: 1052.74805, EPS: 0.13600000000000004
Epoch: 96, Train Loss: 1056.62142, Valid Loss: 1052.89001, EPS: 0.12700000000000003
Epoch: 97, Train Loss: 1058.40545, Valid Loss: 1048.58993, EPS: 0.11800000000000002
Epoch: 98, Train Loss: 1053.14266, Valid Loss: 1047.05544, EPS: 0.10900000000000001
Epoch: 99, Train Loss: 1050.33948, Valid Loss: 1048.83061, EPS: 0.1
Test Loss: 1046.24748
Test Loss: 1030.80170
Running context window: 5 with stride: 10 with seed: 0
Shape: (5, 144, 72)
Epoch: 0, Train Loss: 2472.98696, Valid Loss: 2426.57568, EPS: 0.991
Epoch: 1, Train Loss: 2411.12969, Valid Loss: 2372.53406, EPS: 0.982
Epoch: 2, Train Loss: 2360.93838, Valid Loss: 2299.82690, EPS: 0.973
Epoch: 3, Train Loss: 2290.17051, Valid Loss: 2237.75305, EPS: 0.964
Epoch: 4, Train Loss: 2239.28726, Valid Loss: 2179.41077, EPS: 0.955
Epoch: 5, Train Loss: 2163.49331, Valid Loss: 2121.14502, EPS: 0.946
Epoch: 6, Train Loss: 2088.61631, Valid Loss: 2072.58923, EPS: 0.9369999999999999
Epoch: 7, Train Loss: 2053.57952, Valid Loss: 2021.70728, EPS: 0.928
Epoch: 8, Train Loss: 1986.39058, Valid Loss: 1983.21509, EPS: 0.919
Epoch: 9, Train Loss: 1940.68572, Valid Loss: 1936.97461, EPS: 0.91
Epoch: 10, Train Loss: 1897.20710, Valid Loss: 1904.18518, EPS: 0.901
Epoch: 11, Train Loss: 1877.02007, Valid Loss: 1866.60266, EPS: 0.892
Epoch: 12, Train Loss: 1829.67957, Valid Loss: 1836.04974, EPS: 0.883
Epoch: 13, Train Loss: 1801.61250, Valid Loss: 1810.75519, EPS: 0.874
Epoch: 14, Train Loss: 1760.18684, Valid Loss: 1779.90686, EPS: 0.865
Epoch: 15, Train Loss: 1726.21160, Valid Loss: 1759.61438, EPS: 0.856
Epoch: 16, Train Loss: 1717.90962, Valid Loss: 1731.72913, EPS: 0.847
Epoch: 17, Train Loss: 1678.19937, Valid Loss: 1711.32666, EPS: 0.8380000000000001
Epoch: 18, Train Loss: 1669.72800, Valid Loss: 1693.65363, EPS: 0.8290000000000001
Epoch: 19, Train Loss: 1649.41982, Valid Loss: 1675.51740, EPS: 0.8200000000000001
Epoch: 20, Train Loss: 1624.27446, Valid Loss: 1660.11804, EPS: 0.811
Epoch: 21, Train Loss: 1607.50469, Valid Loss: 1642.72473, EPS: 0.802
Epoch: 22, Train Loss: 1590.89246, Valid Loss: 1624.92255, EPS: 0.793
Epoch: 23, Train Loss: 1565.06157, Valid Loss: 1612.06293, EPS: 0.784
Epoch: 24, Train Loss: 1557.61460, Valid Loss: 1601.01801, EPS: 0.775
Epoch: 25, Train Loss: 1550.04600, Valid Loss: 1591.51758, EPS: 0.766
Epoch: 26, Train Loss: 1533.95244, Valid Loss: 1580.50372, EPS: 0.757
Epoch: 27, Train Loss: 1514.46526, Valid Loss: 1563.06036, EPS: 0.748
Epoch: 28, Train Loss: 1513.97056, Valid Loss: 1552.96838, EPS: 0.739
Epoch: 29, Train Loss: 1494.59534, Valid Loss: 1547.15900, EPS: 0.73
Epoch: 30, Train Loss: 1478.24866, Valid Loss: 1540.14935, EPS: 0.721
Epoch: 31, Train Loss: 1466.34536, Valid Loss: 1534.05591, EPS: 0.712
Epoch: 32, Train Loss: 1464.62729, Valid Loss: 1514.98645, EPS: 0.703
Epoch: 33, Train Loss: 1450.90305, Valid Loss: 1513.48706, EPS: 0.694
Epoch: 34, Train Loss: 1441.25613, Valid Loss: 1495.95068, EPS: 0.685
Epoch: 35, Train Loss: 1425.59370, Valid Loss: 1493.22162, EPS: 0.676
Epoch: 36, Train Loss: 1423.31714, Valid Loss: 1479.35657, EPS: 0.667
Epoch: 37, Train Loss: 1408.94338, Valid Loss: 1474.60736, EPS: 0.658
Epoch: 38, Train Loss: 1396.68108, Valid Loss: 1471.98413, EPS: 0.649
Epoch: 39, Train Loss: 1389.24136, Valid Loss: 1465.94000, EPS: 0.64
Epoch: 40, Train Loss: 1385.17368, Valid Loss: 1455.86139, EPS: 0.6310000000000001
Epoch: 41, Train Loss: 1374.08245, Valid Loss: 1452.56885, EPS: 0.6220000000000001
Epoch: 42, Train Loss: 1364.45503, Valid Loss: 1442.20319, EPS: 0.6130000000000001
Epoch: 43, Train Loss: 1357.90078, Valid Loss: 1438.33948, EPS: 0.6040000000000001
Epoch: 44, Train Loss: 1355.87898, Valid Loss: 1435.80157, EPS: 0.5950000000000001
Epoch: 45, Train Loss: 1341.89993, Valid Loss: 1423.53729, EPS: 0.5860000000000001
Epoch: 46, Train Loss: 1319.01226, Valid Loss: 1418.27600, EPS: 0.5770000000000001
Epoch: 47, Train Loss: 1325.43005, Valid Loss: 1405.42090, EPS: 0.5680000000000001
Epoch: 48, Train Loss: 1322.29990, Valid Loss: 1401.69684, EPS: 0.559
Epoch: 49, Train Loss: 1310.35713, Valid Loss: 1399.55304, EPS: 0.55
Epoch: 50, Train Loss: 1304.11028, Valid Loss: 1388.52466, EPS: 0.541
Epoch: 51, Train Loss: 1295.07649, Valid Loss: 1382.67175, EPS: 0.532
Epoch: 52, Train Loss: 1294.52588, Valid Loss: 1385.36475, EPS: 0.523
Epoch: 53, Train Loss: 1280.99268, Valid Loss: 1376.61414, EPS: 0.514
Epoch: 54, Train Loss: 1283.20396, Valid Loss: 1370.30121, EPS: 0.505
Epoch: 55, Train Loss: 1274.63733, Valid Loss: 1370.65021, EPS: 0.496
Epoch: 56, Train Loss: 1267.35613, Valid Loss: 1365.96088, EPS: 0.4870000000000001
Epoch: 57, Train Loss: 1261.37676, Valid Loss: 1353.02826, EPS: 0.4780000000000001
Epoch: 58, Train Loss: 1256.92412, Valid Loss: 1350.35522, EPS: 0.4690000000000001
Epoch: 59, Train Loss: 1243.69702, Valid Loss: 1350.70203, EPS: 0.4600000000000001
Epoch: 60, Train Loss: 1238.22195, Valid Loss: 1341.48004, EPS: 0.45100000000000007
Epoch: 61, Train Loss: 1228.46450, Valid Loss: 1331.55945, EPS: 0.44200000000000006
Epoch: 62, Train Loss: 1230.34619, Valid Loss: 1332.25012, EPS: 0.43300000000000005
Epoch: 63, Train Loss: 1226.65959, Valid Loss: 1326.43048, EPS: 0.42400000000000004
Epoch: 64, Train Loss: 1217.69287, Valid Loss: 1322.39307, EPS: 0.41500000000000004
Epoch: 65, Train Loss: 1211.09849, Valid Loss: 1317.83649, EPS: 0.406
Epoch: 66, Train Loss: 1203.87502, Valid Loss: 1314.86420, EPS: 0.397
Epoch: 67, Train Loss: 1190.54348, Valid Loss: 1312.58447, EPS: 0.388
Epoch: 68, Train Loss: 1190.17708, Valid Loss: 1304.49335, EPS: 0.3790000000000001
Epoch: 69, Train Loss: 1181.38313, Valid Loss: 1294.77240, EPS: 0.3700000000000001
Epoch: 70, Train Loss: 1174.95217, Valid Loss: 1288.98981, EPS: 0.3610000000000001
Epoch: 71, Train Loss: 1165.91733, Valid Loss: 1288.59937, EPS: 0.3520000000000001
Epoch: 72, Train Loss: 1167.29993, Valid Loss: 1291.39105, EPS: 0.343
Epoch: 73, Train Loss: 1156.93381, Valid Loss: 1284.79108, EPS: 0.334
Epoch: 74, Train Loss: 1162.16233, Valid Loss: 1279.00873, EPS: 0.325
Epoch: 75, Train Loss: 1151.82583, Valid Loss: 1275.85510, EPS: 0.316
Epoch: 76, Train Loss: 1147.66248, Valid Loss: 1265.55096, EPS: 0.307
Epoch: 77, Train Loss: 1147.20806, Valid Loss: 1262.11554, EPS: 0.298
Epoch: 78, Train Loss: 1130.35000, Valid Loss: 1259.26019, EPS: 0.289
Epoch: 79, Train Loss: 1133.17283, Valid Loss: 1261.55151, EPS: 0.27999999999999997
Epoch: 80, Train Loss: 1124.13298, Valid Loss: 1259.98047, EPS: 0.27099999999999996
Epoch: 81, Train Loss: 1124.89844, Valid Loss: 1248.99695, EPS: 0.26200000000000007
Epoch: 82, Train Loss: 1116.51509, Valid Loss: 1244.09772, EPS: 0.25300000000000006
Epoch: 83, Train Loss: 1100.63328, Valid Loss: 1242.33777, EPS: 0.24400000000000005
Epoch: 84, Train Loss: 1106.58218, Valid Loss: 1240.69086, EPS: 0.23500000000000004
Epoch: 85, Train Loss: 1088.74468, Valid Loss: 1233.77081, EPS: 0.22600000000000003
Epoch: 86, Train Loss: 1095.33127, Valid Loss: 1229.46259, EPS: 0.21700000000000003
Epoch: 87, Train Loss: 1089.91387, Valid Loss: 1216.70276, EPS: 0.20800000000000002
Epoch: 88, Train Loss: 1086.34763, Valid Loss: 1213.50116, EPS: 0.199
Epoch: 89, Train Loss: 1086.35156, Valid Loss: 1208.85168, EPS: 0.19
Epoch: 90, Train Loss: 1082.26387, Valid Loss: 1202.83917, EPS: 0.181
Epoch: 91, Train Loss: 1066.85520, Valid Loss: 1195.29181, EPS: 0.172
Epoch: 92, Train Loss: 1065.34351, Valid Loss: 1200.14441, EPS: 0.16299999999999998
Epoch: 93, Train Loss: 1061.82297, Valid Loss: 1194.30426, EPS: 0.15400000000000005
Epoch: 94, Train Loss: 1049.81561, Valid Loss: 1193.90173, EPS: 0.14500000000000005
Epoch: 95, Train Loss: 1053.10522, Valid Loss: 1196.54706, EPS: 0.13600000000000004
Epoch: 96, Train Loss: 1048.12712, Valid Loss: 1189.75879, EPS: 0.12700000000000003
Epoch: 97, Train Loss: 1043.89539, Valid Loss: 1187.88000, EPS: 0.11800000000000002
Epoch: 98, Train Loss: 1040.29392, Valid Loss: 1178.72290, EPS: 0.10900000000000001
Epoch: 99, Train Loss: 1033.11918, Valid Loss: 1178.10004, EPS: 0.1
Test Loss: 1180.73444
Test Loss: 1159.29834
Running context window: 5 with stride: 5 with seed: 42
Shape: (5, 144, 72)
Epoch: 0, Train Loss: 2492.58974, Valid Loss: 2387.47803, EPS: 0.991
Epoch: 1, Train Loss: 2393.44222, Valid Loss: 2275.18180, EPS: 0.982
Epoch: 2, Train Loss: 2272.66439, Valid Loss: 2160.59359, EPS: 0.973
Epoch: 3, Train Loss: 2155.97434, Valid Loss: 2064.96493, EPS: 0.964
Epoch: 4, Train Loss: 2061.59347, Valid Loss: 1976.25875, EPS: 0.955
Epoch: 5, Train Loss: 1974.37004, Valid Loss: 1904.69210, EPS: 0.946
Epoch: 6, Train Loss: 1904.09462, Valid Loss: 1840.58451, EPS: 0.9369999999999999
Epoch: 7, Train Loss: 1844.12431, Valid Loss: 1788.20968, EPS: 0.928
Epoch: 8, Train Loss: 1792.26656, Valid Loss: 1736.28678, EPS: 0.919
Epoch: 9, Train Loss: 1743.72746, Valid Loss: 1694.95142, EPS: 0.91
Epoch: 10, Train Loss: 1697.50731, Valid Loss: 1659.59973, EPS: 0.901
Epoch: 11, Train Loss: 1659.60052, Valid Loss: 1627.74776, EPS: 0.892
Epoch: 12, Train Loss: 1629.23678, Valid Loss: 1599.84550, EPS: 0.883
Epoch: 13, Train Loss: 1601.19636, Valid Loss: 1576.52157, EPS: 0.874
Epoch: 14, Train Loss: 1574.61635, Valid Loss: 1555.22982, EPS: 0.865
Epoch: 15, Train Loss: 1552.03764, Valid Loss: 1531.84477, EPS: 0.856
Epoch: 16, Train Loss: 1531.51649, Valid Loss: 1513.79073, EPS: 0.847
Epoch: 17, Train Loss: 1514.49307, Valid Loss: 1495.90279, EPS: 0.8380000000000001
Epoch: 18, Train Loss: 1490.73916, Valid Loss: 1480.66536, EPS: 0.8290000000000001
Epoch: 19, Train Loss: 1475.86144, Valid Loss: 1464.66235, EPS: 0.8200000000000001
Epoch: 20, Train Loss: 1462.35356, Valid Loss: 1449.87590, EPS: 0.811
Epoch: 21, Train Loss: 1448.30146, Valid Loss: 1445.62777, EPS: 0.802
Epoch: 22, Train Loss: 1439.77626, Valid Loss: 1425.63708, EPS: 0.793
Epoch: 23, Train Loss: 1423.93500, Valid Loss: 1411.52856, EPS: 0.784
Epoch: 24, Train Loss: 1412.52710, Valid Loss: 1399.08610, EPS: 0.775
Epoch: 25, Train Loss: 1394.70704, Valid Loss: 1389.02254, EPS: 0.766
Epoch: 26, Train Loss: 1381.07453, Valid Loss: 1376.87276, EPS: 0.757
Epoch: 27, Train Loss: 1372.98744, Valid Loss: 1368.20882, EPS: 0.748
Epoch: 28, Train Loss: 1368.17802, Valid Loss: 1363.33512, EPS: 0.739
Epoch: 29, Train Loss: 1357.24763, Valid Loss: 1354.10592, EPS: 0.73
Epoch: 30, Train Loss: 1347.51436, Valid Loss: 1345.70296, EPS: 0.721
Epoch: 31, Train Loss: 1340.06269, Valid Loss: 1333.86751, EPS: 0.712
Epoch: 32, Train Loss: 1330.81080, Valid Loss: 1321.95837, EPS: 0.703
Epoch: 33, Train Loss: 1322.46274, Valid Loss: 1316.69950, EPS: 0.694
Epoch: 34, Train Loss: 1316.51797, Valid Loss: 1308.27022, EPS: 0.685
Epoch: 35, Train Loss: 1302.99771, Valid Loss: 1297.01652, EPS: 0.676
Epoch: 36, Train Loss: 1297.03708, Valid Loss: 1288.94348, EPS: 0.667
Epoch: 37, Train Loss: 1284.46899, Valid Loss: 1280.23234, EPS: 0.658
Epoch: 38, Train Loss: 1278.87077, Valid Loss: 1273.95146, EPS: 0.649
Epoch: 39, Train Loss: 1268.67107, Valid Loss: 1262.14539, EPS: 0.64
Epoch: 40, Train Loss: 1263.76177, Valid Loss: 1258.09017, EPS: 0.6310000000000001
Epoch: 41, Train Loss: 1256.52049, Valid Loss: 1251.48958, EPS: 0.6220000000000001
Epoch: 42, Train Loss: 1241.44202, Valid Loss: 1245.83720, EPS: 0.6130000000000001
Epoch: 43, Train Loss: 1236.66513, Valid Loss: 1233.61348, EPS: 0.6040000000000001
Epoch: 44, Train Loss: 1221.42889, Valid Loss: 1228.17008, EPS: 0.5950000000000001
Epoch: 45, Train Loss: 1217.10503, Valid Loss: 1228.36593, EPS: 0.5860000000000001
Epoch: 46, Train Loss: 1215.76558, Valid Loss: 1219.05436, EPS: 0.5770000000000001
Epoch: 47, Train Loss: 1210.27011, Valid Loss: 1216.14933, EPS: 0.5680000000000001
Epoch: 48, Train Loss: 1207.02401, Valid Loss: 1210.16968, EPS: 0.559
Epoch: 49, Train Loss: 1211.22354, Valid Loss: 1205.61169, EPS: 0.55
Epoch: 50, Train Loss: 1194.83542, Valid Loss: 1200.84196, EPS: 0.541
Epoch: 51, Train Loss: 1196.24519, Valid Loss: 1193.58577, EPS: 0.532
Epoch: 52, Train Loss: 1183.51801, Valid Loss: 1191.46533, EPS: 0.523
Epoch: 53, Train Loss: 1175.82370, Valid Loss: 1181.70577, EPS: 0.514
Epoch: 54, Train Loss: 1172.61141, Valid Loss: 1174.34440, EPS: 0.505
Epoch: 55, Train Loss: 1164.31966, Valid Loss: 1169.96659, EPS: 0.496
Epoch: 56, Train Loss: 1159.17566, Valid Loss: 1161.30929, EPS: 0.4870000000000001
Epoch: 57, Train Loss: 1159.40815, Valid Loss: 1157.19454, EPS: 0.4780000000000001
Epoch: 58, Train Loss: 1150.20618, Valid Loss: 1155.39176, EPS: 0.4690000000000001
Epoch: 59, Train Loss: 1146.78545, Valid Loss: 1148.99776, EPS: 0.4600000000000001
Epoch: 60, Train Loss: 1148.96604, Valid Loss: 1142.17566, EPS: 0.45100000000000007
Epoch: 61, Train Loss: 1132.18118, Valid Loss: 1140.73971, EPS: 0.44200000000000006
Epoch: 62, Train Loss: 1134.04643, Valid Loss: 1142.14465, EPS: 0.43300000000000005
Epoch: 63, Train Loss: 1133.14724, Valid Loss: 1138.82935, EPS: 0.42400000000000004
Epoch: 64, Train Loss: 1128.68469, Valid Loss: 1134.57564, EPS: 0.41500000000000004
Epoch: 65, Train Loss: 1120.95619, Valid Loss: 1124.50606, EPS: 0.406
Epoch: 66, Train Loss: 1117.23283, Valid Loss: 1121.50997, EPS: 0.397
Epoch: 67, Train Loss: 1114.64973, Valid Loss: 1121.88749, EPS: 0.388
Epoch: 68, Train Loss: 1112.00213, Valid Loss: 1116.27246, EPS: 0.3790000000000001
Epoch: 69, Train Loss: 1106.70827, Valid Loss: 1117.53369, EPS: 0.3700000000000001
Epoch: 70, Train Loss: 1104.66310, Valid Loss: 1108.52588, EPS: 0.3610000000000001
Epoch: 71, Train Loss: 1094.55282, Valid Loss: 1099.77722, EPS: 0.3520000000000001
Epoch: 72, Train Loss: 1101.89559, Valid Loss: 1095.02885, EPS: 0.343
Epoch: 73, Train Loss: 1097.02817, Valid Loss: 1100.16663, EPS: 0.334
Epoch: 74, Train Loss: 1099.49913, Valid Loss: 1098.36723, EPS: 0.325
Epoch: 75, Train Loss: 1079.60094, Valid Loss: 1089.07214, EPS: 0.316
Epoch: 76, Train Loss: 1079.80665, Valid Loss: 1090.05180, EPS: 0.307
Epoch: 77, Train Loss: 1087.93815, Valid Loss: 1083.52909, EPS: 0.298
Epoch: 78, Train Loss: 1081.06706, Valid Loss: 1075.07992, EPS: 0.289
Epoch: 79, Train Loss: 1077.80755, Valid Loss: 1073.76062, EPS: 0.27999999999999997
Epoch: 80, Train Loss: 1074.60441, Valid Loss: 1068.06844, EPS: 0.27099999999999996
Epoch: 81, Train Loss: 1066.31650, Valid Loss: 1069.47909, EPS: 0.26200000000000007
Epoch: 82, Train Loss: 1070.82547, Valid Loss: 1065.25765, EPS: 0.25300000000000006
Epoch: 83, Train Loss: 1062.53491, Valid Loss: 1062.31352, EPS: 0.24400000000000005
Epoch: 84, Train Loss: 1067.43264, Valid Loss: 1056.40458, EPS: 0.23500000000000004
Epoch: 85, Train Loss: 1064.13732, Valid Loss: 1051.39425, EPS: 0.22600000000000003
Epoch: 86, Train Loss: 1056.30618, Valid Loss: 1051.88562, EPS: 0.21700000000000003
Epoch: 87, Train Loss: 1059.88969, Valid Loss: 1045.26111, EPS: 0.20800000000000002
Epoch: 88, Train Loss: 1051.24266, Valid Loss: 1048.91404, EPS: 0.199
Epoch: 89, Train Loss: 1057.55710, Valid Loss: 1046.52889, EPS: 0.19
Epoch: 90, Train Loss: 1052.44710, Valid Loss: 1053.50454, EPS: 0.181
Epoch: 91, Train Loss: 1045.90659, Valid Loss: 1044.32338, EPS: 0.172
Epoch: 92, Train Loss: 1053.74296, Valid Loss: 1042.43960, EPS: 0.16299999999999998
Epoch: 93, Train Loss: 1050.94124, Valid Loss: 1043.59035, EPS: 0.15400000000000005
Epoch: 94, Train Loss: 1049.07897, Valid Loss: 1047.30280, EPS: 0.14500000000000005
Epoch: 95, Train Loss: 1053.49794, Valid Loss: 1043.84662, EPS: 0.13600000000000004
Epoch: 96, Train Loss: 1046.32659, Valid Loss: 1043.10380, EPS: 0.12700000000000003
Epoch: 97, Train Loss: 1048.59821, Valid Loss: 1041.60878, EPS: 0.11800000000000002
Epoch: 98, Train Loss: 1040.97618, Valid Loss: 1028.00859, EPS: 0.10900000000000001
Epoch: 99, Train Loss: 1036.32524, Valid Loss: 1030.09678, EPS: 0.1
Test Loss: 1030.00140
Test Loss: 1022.65582
Running context window: 5 with stride: 10 with seed: 42
Shape: (5, 144, 72)
Epoch: 0, Train Loss: 2482.72207, Valid Loss: 2426.16357, EPS: 0.991
Epoch: 1, Train Loss: 2425.85356, Valid Loss: 2373.86951, EPS: 0.982
Epoch: 2, Train Loss: 2367.94482, Valid Loss: 2311.03967, EPS: 0.973
Epoch: 3, Train Loss: 2297.32520, Valid Loss: 2244.71094, EPS: 0.964
Epoch: 4, Train Loss: 2237.57935, Valid Loss: 2182.65161, EPS: 0.955
Epoch: 5, Train Loss: 2167.22969, Valid Loss: 2133.23584, EPS: 0.946
Epoch: 6, Train Loss: 2108.56807, Valid Loss: 2086.57202, EPS: 0.9369999999999999
Epoch: 7, Train Loss: 2049.23162, Valid Loss: 2032.22369, EPS: 0.928
Epoch: 8, Train Loss: 2012.75359, Valid Loss: 1994.22736, EPS: 0.919
Epoch: 9, Train Loss: 1958.92905, Valid Loss: 1951.53748, EPS: 0.91
Epoch: 10, Train Loss: 1912.85288, Valid Loss: 1914.54492, EPS: 0.901
Epoch: 11, Train Loss: 1876.38501, Valid Loss: 1880.61224, EPS: 0.892
Epoch: 12, Train Loss: 1846.88948, Valid Loss: 1849.98663, EPS: 0.883
Epoch: 13, Train Loss: 1814.52029, Valid Loss: 1815.73102, EPS: 0.874
Epoch: 14, Train Loss: 1778.33506, Valid Loss: 1786.87262, EPS: 0.865
Epoch: 15, Train Loss: 1751.25315, Valid Loss: 1770.57074, EPS: 0.856
Epoch: 16, Train Loss: 1716.61299, Valid Loss: 1738.40527, EPS: 0.847
Epoch: 17, Train Loss: 1706.23889, Valid Loss: 1716.65613, EPS: 0.8380000000000001
Epoch: 18, Train Loss: 1679.78872, Valid Loss: 1696.04211, EPS: 0.8290000000000001
Epoch: 19, Train Loss: 1649.30496, Valid Loss: 1675.10449, EPS: 0.8200000000000001
Epoch: 20, Train Loss: 1619.51406, Valid Loss: 1658.00244, EPS: 0.811
Epoch: 21, Train Loss: 1608.63401, Valid Loss: 1638.50385, EPS: 0.802
Epoch: 22, Train Loss: 1586.69272, Valid Loss: 1628.34631, EPS: 0.793
Epoch: 23, Train Loss: 1574.64407, Valid Loss: 1617.01581, EPS: 0.784
Epoch: 24, Train Loss: 1554.80032, Valid Loss: 1598.33722, EPS: 0.775
Epoch: 25, Train Loss: 1534.67712, Valid Loss: 1586.18103, EPS: 0.766
Epoch: 26, Train Loss: 1529.24907, Valid Loss: 1566.28247, EPS: 0.757
Epoch: 27, Train Loss: 1517.23003, Valid Loss: 1556.33301, EPS: 0.748
Epoch: 28, Train Loss: 1496.42983, Valid Loss: 1553.91339, EPS: 0.739
Epoch: 29, Train Loss: 1480.29326, Valid Loss: 1537.74750, EPS: 0.73
Epoch: 30, Train Loss: 1477.42729, Valid Loss: 1524.94562, EPS: 0.721
Epoch: 31, Train Loss: 1448.47480, Valid Loss: 1514.63788, EPS: 0.712
Epoch: 32, Train Loss: 1442.33555, Valid Loss: 1505.03247, EPS: 0.703
Epoch: 33, Train Loss: 1422.36458, Valid Loss: 1492.28619, EPS: 0.694
Epoch: 34, Train Loss: 1418.13179, Valid Loss: 1480.57074, EPS: 0.685
Epoch: 35, Train Loss: 1401.81108, Valid Loss: 1471.94885, EPS: 0.676
Epoch: 36, Train Loss: 1394.66357, Valid Loss: 1463.09253, EPS: 0.667
Epoch: 37, Train Loss: 1387.50933, Valid Loss: 1455.72083, EPS: 0.658
Epoch: 38, Train Loss: 1377.61506, Valid Loss: 1446.41382, EPS: 0.649
Epoch: 39, Train Loss: 1363.00081, Valid Loss: 1439.77429, EPS: 0.64
Epoch: 40, Train Loss: 1360.06406, Valid Loss: 1434.52112, EPS: 0.6310000000000001
Epoch: 41, Train Loss: 1358.07390, Valid Loss: 1432.29395, EPS: 0.6220000000000001
Epoch: 42, Train Loss: 1337.29917, Valid Loss: 1420.19574, EPS: 0.6130000000000001
Epoch: 43, Train Loss: 1337.35669, Valid Loss: 1411.50555, EPS: 0.6040000000000001
Epoch: 44, Train Loss: 1311.71082, Valid Loss: 1404.91254, EPS: 0.5950000000000001
Epoch: 45, Train Loss: 1312.90337, Valid Loss: 1402.58295, EPS: 0.5860000000000001
Epoch: 46, Train Loss: 1304.52822, Valid Loss: 1394.44550, EPS: 0.5770000000000001
Epoch: 47, Train Loss: 1307.83171, Valid Loss: 1384.01416, EPS: 0.5680000000000001
Epoch: 48, Train Loss: 1281.77290, Valid Loss: 1381.06860, EPS: 0.559
Epoch: 49, Train Loss: 1281.98743, Valid Loss: 1374.58533, EPS: 0.55
Epoch: 50, Train Loss: 1274.07009, Valid Loss: 1372.85828, EPS: 0.541
Epoch: 51, Train Loss: 1266.46467, Valid Loss: 1364.45081, EPS: 0.532
Epoch: 52, Train Loss: 1265.29700, Valid Loss: 1356.22675, EPS: 0.523
Epoch: 53, Train Loss: 1248.57092, Valid Loss: 1346.44019, EPS: 0.514
Epoch: 54, Train Loss: 1246.00825, Valid Loss: 1340.77844, EPS: 0.505
Epoch: 55, Train Loss: 1240.47729, Valid Loss: 1333.47192, EPS: 0.496
Epoch: 56, Train Loss: 1228.51951, Valid Loss: 1329.96606, EPS: 0.4870000000000001
Epoch: 57, Train Loss: 1228.32100, Valid Loss: 1321.95148, EPS: 0.4780000000000001
Epoch: 58, Train Loss: 1214.53518, Valid Loss: 1323.20667, EPS: 0.4690000000000001
Epoch: 59, Train Loss: 1207.23025, Valid Loss: 1315.87653, EPS: 0.4600000000000001
Epoch: 60, Train Loss: 1193.97471, Valid Loss: 1313.20959, EPS: 0.45100000000000007
Epoch: 61, Train Loss: 1197.38689, Valid Loss: 1311.57947, EPS: 0.44200000000000006
Epoch: 62, Train Loss: 1189.93149, Valid Loss: 1306.77051, EPS: 0.43300000000000005
Epoch: 63, Train Loss: 1174.65642, Valid Loss: 1291.51160, EPS: 0.42400000000000004
Epoch: 64, Train Loss: 1164.60605, Valid Loss: 1294.08820, EPS: 0.41500000000000004
Epoch: 65, Train Loss: 1166.99412, Valid Loss: 1287.72766, EPS: 0.406
Epoch: 66, Train Loss: 1156.61082, Valid Loss: 1278.82782, EPS: 0.397
Epoch: 67, Train Loss: 1157.76208, Valid Loss: 1270.69080, EPS: 0.388
Epoch: 68, Train Loss: 1156.03503, Valid Loss: 1267.32806, EPS: 0.3790000000000001
Epoch: 69, Train Loss: 1146.93430, Valid Loss: 1263.70703, EPS: 0.3700000000000001
Epoch: 70, Train Loss: 1142.54858, Valid Loss: 1261.51489, EPS: 0.3610000000000001
Epoch: 71, Train Loss: 1136.29221, Valid Loss: 1259.08356, EPS: 0.3520000000000001
Epoch: 72, Train Loss: 1128.79468, Valid Loss: 1257.80615, EPS: 0.343
Epoch: 73, Train Loss: 1125.58696, Valid Loss: 1245.79877, EPS: 0.334
Epoch: 74, Train Loss: 1116.28101, Valid Loss: 1244.19336, EPS: 0.325
Epoch: 75, Train Loss: 1109.03943, Valid Loss: 1234.28149, EPS: 0.316
Epoch: 76, Train Loss: 1107.87458, Valid Loss: 1238.05029, EPS: 0.307
Epoch: 77, Train Loss: 1097.76870, Valid Loss: 1231.20093, EPS: 0.298
Epoch: 78, Train Loss: 1096.05217, Valid Loss: 1235.43585, EPS: 0.289
Epoch: 79, Train Loss: 1087.05544, Valid Loss: 1231.13763, EPS: 0.27999999999999997
Epoch: 80, Train Loss: 1095.67644, Valid Loss: 1231.03925, EPS: 0.27099999999999996
Epoch: 81, Train Loss: 1086.46399, Valid Loss: 1227.27991, EPS: 0.26200000000000007
Epoch: 82, Train Loss: 1095.31802, Valid Loss: 1228.14587, EPS: 0.25300000000000006
Epoch: 83, Train Loss: 1089.94768, Valid Loss: 1228.50549, EPS: 0.24400000000000005
Epoch: 84, Train Loss: 1081.92163, Valid Loss: 1216.22943, EPS: 0.23500000000000004
Epoch: 85, Train Loss: 1081.19983, Valid Loss: 1217.49377, EPS: 0.22600000000000003
Epoch: 86, Train Loss: 1075.45811, Valid Loss: 1209.44421, EPS: 0.21700000000000003
Epoch: 87, Train Loss: 1077.56111, Valid Loss: 1215.48157, EPS: 0.20800000000000002
Epoch: 88, Train Loss: 1055.31293, Valid Loss: 1210.65015, EPS: 0.199
Epoch: 89, Train Loss: 1066.68442, Valid Loss: 1208.05048, EPS: 0.19
Epoch: 90, Train Loss: 1055.94922, Valid Loss: 1208.96198, EPS: 0.181
Epoch: 91, Train Loss: 1055.07808, Valid Loss: 1203.86694, EPS: 0.172
Epoch: 92, Train Loss: 1048.54056, Valid Loss: 1195.68628, EPS: 0.16299999999999998
Epoch: 93, Train Loss: 1060.64611, Valid Loss: 1192.70117, EPS: 0.15400000000000005
Epoch: 94, Train Loss: 1046.53572, Valid Loss: 1182.91980, EPS: 0.14500000000000005
Epoch: 95, Train Loss: 1035.19249, Valid Loss: 1186.48792, EPS: 0.13600000000000004
Epoch: 96, Train Loss: 1041.54210, Valid Loss: 1182.98553, EPS: 0.12700000000000003
Epoch: 97, Train Loss: 1027.02258, Valid Loss: 1178.58508, EPS: 0.11800000000000002
Epoch: 98, Train Loss: 1028.49127, Valid Loss: 1176.58582, EPS: 0.10900000000000001
Epoch: 99, Train Loss: 1021.93206, Valid Loss: 1169.98364, EPS: 0.1
Test Loss: 1175.12292
Test Loss: 1124.29108
Running context window: 5 with stride: 5 with seed: 123
Shape: (5, 144, 72)
Epoch: 0, Train Loss: 2491.31586, Valid Loss: 2382.33561, EPS: 0.991
Epoch: 1, Train Loss: 2389.17917, Valid Loss: 2273.00903, EPS: 0.982
Epoch: 2, Train Loss: 2267.04723, Valid Loss: 2160.23088, EPS: 0.973
Epoch: 3, Train Loss: 2157.66900, Valid Loss: 2064.94861, EPS: 0.964
Epoch: 4, Train Loss: 2060.96122, Valid Loss: 1981.63363, EPS: 0.955
Epoch: 5, Train Loss: 1983.49264, Valid Loss: 1916.08183, EPS: 0.946
Epoch: 6, Train Loss: 1910.94710, Valid Loss: 1852.11572, EPS: 0.9369999999999999
Epoch: 7, Train Loss: 1849.93243, Valid Loss: 1798.05847, EPS: 0.928
Epoch: 8, Train Loss: 1798.03691, Valid Loss: 1749.98551, EPS: 0.919
Epoch: 9, Train Loss: 1751.45927, Valid Loss: 1708.78125, EPS: 0.91
Epoch: 10, Train Loss: 1711.74346, Valid Loss: 1674.30892, EPS: 0.901
Epoch: 11, Train Loss: 1678.52943, Valid Loss: 1643.96318, EPS: 0.892
Epoch: 12, Train Loss: 1646.31839, Valid Loss: 1614.35840, EPS: 0.883
Epoch: 13, Train Loss: 1618.09832, Valid Loss: 1590.76554, EPS: 0.874
Epoch: 14, Train Loss: 1589.83112, Valid Loss: 1566.88875, EPS: 0.865
Epoch: 15, Train Loss: 1570.28767, Valid Loss: 1542.56641, EPS: 0.856
Epoch: 16, Train Loss: 1547.88729, Valid Loss: 1528.85795, EPS: 0.847
Epoch: 17, Train Loss: 1526.89959, Valid Loss: 1505.60099, EPS: 0.8380000000000001
Epoch: 18, Train Loss: 1508.48817, Valid Loss: 1494.05461, EPS: 0.8290000000000001
Epoch: 19, Train Loss: 1492.01957, Valid Loss: 1476.91329, EPS: 0.8200000000000001
Epoch: 20, Train Loss: 1475.98104, Valid Loss: 1466.62020, EPS: 0.811
Epoch: 21, Train Loss: 1463.22541, Valid Loss: 1456.99601, EPS: 0.802
Epoch: 22, Train Loss: 1451.59989, Valid Loss: 1446.24931, EPS: 0.793
Epoch: 23, Train Loss: 1441.32788, Valid Loss: 1436.07711, EPS: 0.784
Epoch: 24, Train Loss: 1427.58184, Valid Loss: 1423.87716, EPS: 0.775
Epoch: 25, Train Loss: 1420.16177, Valid Loss: 1416.46558, EPS: 0.766
Epoch: 26, Train Loss: 1407.25007, Valid Loss: 1402.46549, EPS: 0.757
Epoch: 27, Train Loss: 1394.45247, Valid Loss: 1393.81063, EPS: 0.748
Epoch: 28, Train Loss: 1386.82602, Valid Loss: 1386.37048, EPS: 0.739
Epoch: 29, Train Loss: 1372.49967, Valid Loss: 1377.75081, EPS: 0.73
Epoch: 30, Train Loss: 1365.88371, Valid Loss: 1370.64677, EPS: 0.721
Epoch: 31, Train Loss: 1357.73058, Valid Loss: 1361.52909, EPS: 0.712
Epoch: 32, Train Loss: 1349.86393, Valid Loss: 1354.93953, EPS: 0.703
Epoch: 33, Train Loss: 1340.06729, Valid Loss: 1347.77091, EPS: 0.694
Epoch: 34, Train Loss: 1332.14133, Valid Loss: 1346.37793, EPS: 0.685
Epoch: 35, Train Loss: 1332.93937, Valid Loss: 1337.91545, EPS: 0.676
Epoch: 36, Train Loss: 1321.89022, Valid Loss: 1330.55404, EPS: 0.667
Epoch: 37, Train Loss: 1311.02687, Valid Loss: 1320.06165, EPS: 0.658
Epoch: 38, Train Loss: 1300.44465, Valid Loss: 1305.81893, EPS: 0.649
Epoch: 39, Train Loss: 1288.71069, Valid Loss: 1295.74076, EPS: 0.64
Epoch: 40, Train Loss: 1282.58877, Valid Loss: 1288.03365, EPS: 0.6310000000000001
Epoch: 41, Train Loss: 1277.74310, Valid Loss: 1280.25012, EPS: 0.6220000000000001
Epoch: 42, Train Loss: 1271.73916, Valid Loss: 1270.48197, EPS: 0.6130000000000001
Epoch: 43, Train Loss: 1264.31144, Valid Loss: 1264.04411, EPS: 0.6040000000000001
Epoch: 44, Train Loss: 1253.11780, Valid Loss: 1256.51355, EPS: 0.5950000000000001
Epoch: 45, Train Loss: 1243.44250, Valid Loss: 1244.78813, EPS: 0.5860000000000001
Epoch: 46, Train Loss: 1241.76619, Valid Loss: 1240.31755, EPS: 0.5770000000000001
Epoch: 47, Train Loss: 1238.78187, Valid Loss: 1228.29749, EPS: 0.5680000000000001
Epoch: 48, Train Loss: 1222.80181, Valid Loss: 1222.00545, EPS: 0.559
Epoch: 49, Train Loss: 1219.29203, Valid Loss: 1217.14258, EPS: 0.55
Epoch: 50, Train Loss: 1210.40370, Valid Loss: 1212.95020, EPS: 0.541
Epoch: 51, Train Loss: 1207.07064, Valid Loss: 1212.01489, EPS: 0.532
Epoch: 52, Train Loss: 1194.47061, Valid Loss: 1208.46134, EPS: 0.523
Epoch: 53, Train Loss: 1187.27414, Valid Loss: 1195.30481, EPS: 0.514
Epoch: 54, Train Loss: 1182.47049, Valid Loss: 1192.64425, EPS: 0.505
Epoch: 55, Train Loss: 1179.89001, Valid Loss: 1183.29093, EPS: 0.496
Epoch: 56, Train Loss: 1173.96343, Valid Loss: 1181.12309, EPS: 0.4870000000000001
Epoch: 57, Train Loss: 1174.80001, Valid Loss: 1173.14966, EPS: 0.4780000000000001
Epoch: 58, Train Loss: 1164.88727, Valid Loss: 1169.21948, EPS: 0.4690000000000001
Epoch: 59, Train Loss: 1163.57080, Valid Loss: 1167.02576, EPS: 0.4600000000000001
Epoch: 60, Train Loss: 1153.52289, Valid Loss: 1159.98918, EPS: 0.45100000000000007
Epoch: 61, Train Loss: 1142.16621, Valid Loss: 1155.47559, EPS: 0.44200000000000006
Epoch: 62, Train Loss: 1137.04654, Valid Loss: 1153.86104, EPS: 0.43300000000000005
Epoch: 63, Train Loss: 1134.83937, Valid Loss: 1147.36340, EPS: 0.42400000000000004
Epoch: 64, Train Loss: 1134.60461, Valid Loss: 1147.09725, EPS: 0.41500000000000004
Epoch: 65, Train Loss: 1136.54857, Valid Loss: 1138.20178, EPS: 0.406
Epoch: 66, Train Loss: 1137.86943, Valid Loss: 1138.50024, EPS: 0.397
Epoch: 67, Train Loss: 1128.54335, Valid Loss: 1133.72693, EPS: 0.388
Epoch: 68, Train Loss: 1121.97108, Valid Loss: 1131.33236, EPS: 0.3790000000000001
Epoch: 69, Train Loss: 1117.79214, Valid Loss: 1122.55937, EPS: 0.3700000000000001
Epoch: 70, Train Loss: 1107.32218, Valid Loss: 1114.49040, EPS: 0.3610000000000001
Epoch: 71, Train Loss: 1108.10173, Valid Loss: 1110.86682, EPS: 0.3520000000000001
Epoch: 72, Train Loss: 1100.36570, Valid Loss: 1105.88391, EPS: 0.343
Epoch: 73, Train Loss: 1092.78040, Valid Loss: 1105.81222, EPS: 0.334
Epoch: 74, Train Loss: 1087.69032, Valid Loss: 1098.56848, EPS: 0.325
Epoch: 75, Train Loss: 1083.13736, Valid Loss: 1097.82027, EPS: 0.316
Epoch: 76, Train Loss: 1081.53295, Valid Loss: 1090.61275, EPS: 0.307
Epoch: 77, Train Loss: 1083.53937, Valid Loss: 1086.75948, EPS: 0.298
Epoch: 78, Train Loss: 1077.66112, Valid Loss: 1085.27067, EPS: 0.289
Epoch: 79, Train Loss: 1080.14944, Valid Loss: 1077.91988, EPS: 0.27999999999999997
Epoch: 80, Train Loss: 1082.50898, Valid Loss: 1081.18140, EPS: 0.27099999999999996
Epoch: 81, Train Loss: 1071.79428, Valid Loss: 1077.41447, EPS: 0.26200000000000007
Epoch: 82, Train Loss: 1069.01154, Valid Loss: 1073.94491, EPS: 0.25300000000000006
Epoch: 83, Train Loss: 1065.82349, Valid Loss: 1069.21684, EPS: 0.24400000000000005
Epoch: 84, Train Loss: 1059.20716, Valid Loss: 1065.35132, EPS: 0.23500000000000004
Epoch: 85, Train Loss: 1058.70264, Valid Loss: 1063.59701, EPS: 0.22600000000000003
Epoch: 86, Train Loss: 1052.76183, Valid Loss: 1059.95398, EPS: 0.21700000000000003
Epoch: 87, Train Loss: 1061.25397, Valid Loss: 1062.78052, EPS: 0.20800000000000002
Epoch: 88, Train Loss: 1058.09473, Valid Loss: 1059.72913, EPS: 0.199
Epoch: 89, Train Loss: 1055.60619, Valid Loss: 1057.20125, EPS: 0.19
Epoch: 90, Train Loss: 1048.29816, Valid Loss: 1056.03121, EPS: 0.181
Epoch: 91, Train Loss: 1046.40463, Valid Loss: 1051.32332, EPS: 0.172
Epoch: 92, Train Loss: 1045.71996, Valid Loss: 1050.52808, EPS: 0.16299999999999998
Epoch: 93, Train Loss: 1042.85864, Valid Loss: 1056.15015, EPS: 0.15400000000000005
Epoch: 94, Train Loss: 1033.71339, Valid Loss: 1050.53304, EPS: 0.14500000000000005
Epoch: 95, Train Loss: 1039.79434, Valid Loss: 1050.63843, EPS: 0.13600000000000004
Epoch: 96, Train Loss: 1035.75211, Valid Loss: 1044.32064, EPS: 0.12700000000000003
Epoch: 97, Train Loss: 1027.70739, Valid Loss: 1043.58167, EPS: 0.11800000000000002
Epoch: 98, Train Loss: 1037.84622, Valid Loss: 1053.10592, EPS: 0.10900000000000001
Epoch: 99, Train Loss: 1032.24011, Valid Loss: 1048.51953, EPS: 0.1
Test Loss: 1048.18758
Test Loss: 1026.34507
Running context window: 5 with stride: 10 with seed: 123
Shape: (5, 144, 72)
Epoch: 0, Train Loss: 2480.20771, Valid Loss: 2426.36560, EPS: 0.991
Epoch: 1, Train Loss: 2423.88906, Valid Loss: 2372.94763, EPS: 0.982
Epoch: 2, Train Loss: 2359.91982, Valid Loss: 2299.97449, EPS: 0.973
Epoch: 3, Train Loss: 2278.41094, Valid Loss: 2238.80664, EPS: 0.964
Epoch: 4, Train Loss: 2219.92710, Valid Loss: 2175.28491, EPS: 0.955
Epoch: 5, Train Loss: 2151.31523, Valid Loss: 2105.06335, EPS: 0.946
Epoch: 6, Train Loss: 2078.56343, Valid Loss: 2056.38342, EPS: 0.9369999999999999
Epoch: 7, Train Loss: 2031.16731, Valid Loss: 2006.28375, EPS: 0.928
Epoch: 8, Train Loss: 1986.09229, Valid Loss: 1961.38196, EPS: 0.919
Epoch: 9, Train Loss: 1936.64355, Valid Loss: 1918.51733, EPS: 0.91
Epoch: 10, Train Loss: 1884.77429, Valid Loss: 1892.16229, EPS: 0.901
Epoch: 11, Train Loss: 1841.83489, Valid Loss: 1852.65912, EPS: 0.892
Epoch: 12, Train Loss: 1810.36665, Valid Loss: 1822.02063, EPS: 0.883
Epoch: 13, Train Loss: 1773.94944, Valid Loss: 1790.21783, EPS: 0.874
Epoch: 14, Train Loss: 1758.81396, Valid Loss: 1769.27533, EPS: 0.865
Epoch: 15, Train Loss: 1728.83757, Valid Loss: 1740.67548, EPS: 0.856
Epoch: 16, Train Loss: 1698.02612, Valid Loss: 1722.47021, EPS: 0.847
Epoch: 17, Train Loss: 1670.43867, Valid Loss: 1699.74463, EPS: 0.8380000000000001
Epoch: 18, Train Loss: 1644.10486, Valid Loss: 1682.90155, EPS: 0.8290000000000001
Epoch: 19, Train Loss: 1625.75676, Valid Loss: 1667.58105, EPS: 0.8200000000000001
Epoch: 20, Train Loss: 1608.47529, Valid Loss: 1643.33563, EPS: 0.811
Epoch: 21, Train Loss: 1588.16033, Valid Loss: 1628.33521, EPS: 0.802
Epoch: 22, Train Loss: 1570.58591, Valid Loss: 1622.26453, EPS: 0.793
Epoch: 23, Train Loss: 1546.62959, Valid Loss: 1595.19690, EPS: 0.784
Epoch: 24, Train Loss: 1553.63953, Valid Loss: 1584.52893, EPS: 0.775
Epoch: 25, Train Loss: 1533.60637, Valid Loss: 1572.42651, EPS: 0.766
Epoch: 26, Train Loss: 1509.05293, Valid Loss: 1561.18713, EPS: 0.757
Epoch: 27, Train Loss: 1497.30503, Valid Loss: 1555.02625, EPS: 0.748
Epoch: 28, Train Loss: 1484.07488, Valid Loss: 1544.09851, EPS: 0.739
Epoch: 29, Train Loss: 1461.78362, Valid Loss: 1532.34143, EPS: 0.73
Epoch: 30, Train Loss: 1455.42468, Valid Loss: 1521.69891, EPS: 0.721
Epoch: 31, Train Loss: 1464.11213, Valid Loss: 1516.12952, EPS: 0.712
Epoch: 32, Train Loss: 1443.55146, Valid Loss: 1502.38708, EPS: 0.703
Epoch: 33, Train Loss: 1424.14182, Valid Loss: 1488.98444, EPS: 0.694
Epoch: 34, Train Loss: 1420.00725, Valid Loss: 1482.91821, EPS: 0.685
Epoch: 35, Train Loss: 1404.31150, Valid Loss: 1473.73676, EPS: 0.676
Epoch: 36, Train Loss: 1394.69634, Valid Loss: 1461.27393, EPS: 0.667
Epoch: 37, Train Loss: 1392.51816, Valid Loss: 1459.86792, EPS: 0.658
Epoch: 38, Train Loss: 1382.55571, Valid Loss: 1446.83643, EPS: 0.649
Epoch: 39, Train Loss: 1366.46987, Valid Loss: 1440.04218, EPS: 0.64
Epoch: 40, Train Loss: 1354.36028, Valid Loss: 1434.44910, EPS: 0.6310000000000001
Epoch: 41, Train Loss: 1345.68652, Valid Loss: 1430.16174, EPS: 0.6220000000000001
Epoch: 42, Train Loss: 1345.42969, Valid Loss: 1418.79980, EPS: 0.6130000000000001
Epoch: 43, Train Loss: 1337.26196, Valid Loss: 1414.96985, EPS: 0.6040000000000001
Epoch: 44, Train Loss: 1329.28723, Valid Loss: 1411.92432, EPS: 0.5950000000000001
Epoch: 45, Train Loss: 1312.47271, Valid Loss: 1398.24701, EPS: 0.5860000000000001
Epoch: 46, Train Loss: 1305.91060, Valid Loss: 1395.40265, EPS: 0.5770000000000001
Epoch: 47, Train Loss: 1304.10254, Valid Loss: 1387.18951, EPS: 0.5680000000000001
Epoch: 48, Train Loss: 1297.82280, Valid Loss: 1378.52588, EPS: 0.559
Epoch: 49, Train Loss: 1277.26885, Valid Loss: 1373.02850, EPS: 0.55
Epoch: 50, Train Loss: 1287.26968, Valid Loss: 1368.83966, EPS: 0.541
Epoch: 51, Train Loss: 1268.17258, Valid Loss: 1365.28564, EPS: 0.532
Epoch: 52, Train Loss: 1265.49465, Valid Loss: 1363.89520, EPS: 0.523
Epoch: 53, Train Loss: 1255.05359, Valid Loss: 1358.09332, EPS: 0.514
Epoch: 54, Train Loss: 1256.14412, Valid Loss: 1353.31885, EPS: 0.505
Epoch: 55, Train Loss: 1243.46572, Valid Loss: 1346.69122, EPS: 0.496
Epoch: 56, Train Loss: 1234.12991, Valid Loss: 1336.33752, EPS: 0.4870000000000001
Epoch: 57, Train Loss: 1224.84360, Valid Loss: 1337.99225, EPS: 0.4780000000000001
Epoch: 58, Train Loss: 1213.60947, Valid Loss: 1330.67896, EPS: 0.4690000000000001
Epoch: 59, Train Loss: 1211.75684, Valid Loss: 1326.28418, EPS: 0.4600000000000001
Epoch: 60, Train Loss: 1198.68496, Valid Loss: 1321.46674, EPS: 0.45100000000000007
Epoch: 61, Train Loss: 1204.94111, Valid Loss: 1320.52399, EPS: 0.44200000000000006
Epoch: 62, Train Loss: 1190.90061, Valid Loss: 1313.04602, EPS: 0.43300000000000005
Epoch: 63, Train Loss: 1189.43855, Valid Loss: 1308.59283, EPS: 0.42400000000000004
Epoch: 64, Train Loss: 1178.77922, Valid Loss: 1307.95227, EPS: 0.41500000000000004
Epoch: 65, Train Loss: 1163.38032, Valid Loss: 1299.94678, EPS: 0.406
Epoch: 66, Train Loss: 1173.63003, Valid Loss: 1292.55933, EPS: 0.397
Epoch: 67, Train Loss: 1162.88884, Valid Loss: 1291.57318, EPS: 0.388
Epoch: 68, Train Loss: 1160.90232, Valid Loss: 1288.18280, EPS: 0.3790000000000001
Epoch: 69, Train Loss: 1159.93367, Valid Loss: 1280.21405, EPS: 0.3700000000000001
Epoch: 70, Train Loss: 1147.67490, Valid Loss: 1277.08044, EPS: 0.3610000000000001
Epoch: 71, Train Loss: 1144.81770, Valid Loss: 1276.13599, EPS: 0.3520000000000001
Epoch: 72, Train Loss: 1142.36460, Valid Loss: 1272.17291, EPS: 0.343
Epoch: 73, Train Loss: 1139.33816, Valid Loss: 1271.36981, EPS: 0.334
Epoch: 74, Train Loss: 1128.56106, Valid Loss: 1269.77881, EPS: 0.325
Epoch: 75, Train Loss: 1126.70327, Valid Loss: 1262.81097, EPS: 0.316
Epoch: 76, Train Loss: 1121.89067, Valid Loss: 1253.53326, EPS: 0.307
Epoch: 77, Train Loss: 1115.30583, Valid Loss: 1250.85077, EPS: 0.298
Epoch: 78, Train Loss: 1106.93867, Valid Loss: 1245.87634, EPS: 0.289
Epoch: 79, Train Loss: 1114.46204, Valid Loss: 1245.58002, EPS: 0.27999999999999997
Epoch: 80, Train Loss: 1107.94050, Valid Loss: 1249.32123, EPS: 0.27099999999999996
Epoch: 81, Train Loss: 1103.07014, Valid Loss: 1240.06708, EPS: 0.26200000000000007
Epoch: 82, Train Loss: 1102.57991, Valid Loss: 1244.22906, EPS: 0.25300000000000006
Epoch: 83, Train Loss: 1108.56672, Valid Loss: 1246.17938, EPS: 0.24400000000000005
Epoch: 84, Train Loss: 1094.98818, Valid Loss: 1244.62335, EPS: 0.23500000000000004
Epoch: 85, Train Loss: 1095.91948, Valid Loss: 1233.45355, EPS: 0.22600000000000003
Epoch: 86, Train Loss: 1074.67634, Valid Loss: 1228.01990, EPS: 0.21700000000000003
Epoch: 87, Train Loss: 1077.22827, Valid Loss: 1226.63947, EPS: 0.20800000000000002
Epoch: 88, Train Loss: 1075.14648, Valid Loss: 1216.62164, EPS: 0.199
Epoch: 89, Train Loss: 1064.23069, Valid Loss: 1214.26025, EPS: 0.19
Epoch: 90, Train Loss: 1062.80962, Valid Loss: 1213.00623, EPS: 0.181
Epoch: 91, Train Loss: 1060.45325, Valid Loss: 1212.11365, EPS: 0.172
Epoch: 92, Train Loss: 1057.93694, Valid Loss: 1208.08038, EPS: 0.16299999999999998
Epoch: 93, Train Loss: 1052.64099, Valid Loss: 1211.82928, EPS: 0.15400000000000005
Epoch: 94, Train Loss: 1048.71011, Valid Loss: 1206.39203, EPS: 0.14500000000000005
Epoch: 95, Train Loss: 1044.17379, Valid Loss: 1198.68579, EPS: 0.13600000000000004
Epoch: 96, Train Loss: 1032.94299, Valid Loss: 1197.84027, EPS: 0.12700000000000003
Epoch: 97, Train Loss: 1028.90299, Valid Loss: 1187.73218, EPS: 0.11800000000000002
Epoch: 98, Train Loss: 1027.10848, Valid Loss: 1184.08380, EPS: 0.10900000000000001
Epoch: 99, Train Loss: 1022.16130, Valid Loss: 1187.82806, EPS: 0.1
Test Loss: 1182.53375
Test Loss: 1154.38220
