Train: torch.Size([14031, 5, 64, 32]), Valid: torch.Size([4677, 5, 64, 32]), Test: torch.Size([4678, 5, 64, 32])
Input shape: (C=5, H=144, W=72)
Fine Tuning Both
Starting Downstream Task
Shape: (5, 144, 72)
Epoch: 0, Train Loss: 0.00293, Valid Loss: 0.00229, EPS: 0.991
Epoch: 1, Train Loss: 0.00217, Valid Loss: 0.00225, EPS: 0.982
Epoch: 2, Train Loss: 0.00215, Valid Loss: 0.00223, EPS: 0.973
Epoch: 3, Train Loss: 0.00214, Valid Loss: 0.00223, EPS: 0.964
Epoch: 4, Train Loss: 0.00214, Valid Loss: 0.00223, EPS: 0.955
Epoch: 5, Train Loss: 0.00212, Valid Loss: 0.00221, EPS: 0.946
Epoch: 6, Train Loss: 0.00212, Valid Loss: 0.00221, EPS: 0.9369999999999999
Epoch: 7, Train Loss: 0.00212, Valid Loss: 0.00219, EPS: 0.928
Epoch: 8, Train Loss: 0.00210, Valid Loss: 0.00218, EPS: 0.919
Epoch: 9, Train Loss: 0.00210, Valid Loss: 0.00221, EPS: 0.91
Epoch: 10, Train Loss: 0.00210, Valid Loss: 0.00219, EPS: 0.901
Epoch: 11, Train Loss: 0.00209, Valid Loss: 0.00218, EPS: 0.892
Epoch: 12, Train Loss: 0.00209, Valid Loss: 0.00220, EPS: 0.883
Epoch: 13, Train Loss: 0.00210, Valid Loss: 0.00218, EPS: 0.874
Epoch: 14, Train Loss: 0.00209, Valid Loss: 0.00220, EPS: 0.865
Epoch: 15, Train Loss: 0.00208, Valid Loss: 0.00219, EPS: 0.856
Epoch: 16, Train Loss: 0.00209, Valid Loss: 0.00220, EPS: 0.847
Epoch: 17, Train Loss: 0.00209, Valid Loss: 0.00218, EPS: 0.8380000000000001
Epoch: 18, Train Loss: 0.00209, Valid Loss: 0.00218, EPS: 0.8290000000000001
Epoch: 19, Train Loss: 0.00209, Valid Loss: 0.00218, EPS: 0.8200000000000001
Epoch: 20, Train Loss: 0.00208, Valid Loss: 0.00219, EPS: 0.811
Epoch: 21, Train Loss: 0.00209, Valid Loss: 0.00218, EPS: 0.802
Epoch: 22, Train Loss: 0.00209, Valid Loss: 0.00219, EPS: 0.793
Epoch: 23, Train Loss: 0.00208, Valid Loss: 0.00219, EPS: 0.784
Epoch: 24, Train Loss: 0.00208, Valid Loss: 0.00218, EPS: 0.775
Epoch: 25, Train Loss: 0.00193, Valid Loss: 0.00201, EPS: 0.766
Epoch: 26, Train Loss: 0.00185, Valid Loss: 0.00199, EPS: 0.757
Epoch: 27, Train Loss: 0.00184, Valid Loss: 0.00197, EPS: 0.748
Epoch: 28, Train Loss: 0.00183, Valid Loss: 0.00197, EPS: 0.739
Epoch: 29, Train Loss: 0.00182, Valid Loss: 0.00197, EPS: 0.73
Epoch: 30, Train Loss: 0.00182, Valid Loss: 0.00197, EPS: 0.721
Epoch: 31, Train Loss: 0.00182, Valid Loss: 0.00197, EPS: 0.712
Epoch: 32, Train Loss: 0.00182, Valid Loss: 0.00197, EPS: 0.703
Epoch: 33, Train Loss: 0.00181, Valid Loss: 0.00196, EPS: 0.694
Epoch: 34, Train Loss: 0.00180, Valid Loss: 0.00195, EPS: 0.685
Epoch: 35, Train Loss: 0.00179, Valid Loss: 0.00193, EPS: 0.676
Epoch: 36, Train Loss: 0.00178, Valid Loss: 0.00193, EPS: 0.667
Epoch: 37, Train Loss: 0.00176, Valid Loss: 0.00191, EPS: 0.658
Epoch: 38, Train Loss: 0.00174, Valid Loss: 0.00190, EPS: 0.649
Epoch: 39, Train Loss: 0.00174, Valid Loss: 0.00189, EPS: 0.64
Epoch: 40, Train Loss: 0.00172, Valid Loss: 0.00188, EPS: 0.6310000000000001
Epoch: 41, Train Loss: 0.00172, Valid Loss: 0.00188, EPS: 0.6220000000000001
Epoch: 42, Train Loss: 0.00171, Valid Loss: 0.00187, EPS: 0.6130000000000001
Epoch: 43, Train Loss: 0.00171, Valid Loss: 0.00187, EPS: 0.6040000000000001
Epoch: 44, Train Loss: 0.00170, Valid Loss: 0.00186, EPS: 0.5950000000000001
Epoch: 45, Train Loss: 0.00169, Valid Loss: 0.00187, EPS: 0.5860000000000001
Epoch: 46, Train Loss: 0.00169, Valid Loss: 0.00185, EPS: 0.5770000000000001
Epoch: 47, Train Loss: 0.00169, Valid Loss: 0.00185, EPS: 0.5680000000000001
Epoch: 48, Train Loss: 0.00168, Valid Loss: 0.00185, EPS: 0.559
Epoch: 49, Train Loss: 0.00168, Valid Loss: 0.00185, EPS: 0.55
Epoch: 50, Train Loss: 0.00167, Valid Loss: 0.00184, EPS: 0.541
Epoch: 51, Train Loss: 0.00167, Valid Loss: 0.00185, EPS: 0.532
Epoch: 52, Train Loss: 0.00167, Valid Loss: 0.00185, EPS: 0.523
Epoch: 53, Train Loss: 0.00167, Valid Loss: 0.00185, EPS: 0.514
Epoch: 54, Train Loss: 0.00167, Valid Loss: 0.00184, EPS: 0.505
Epoch: 55, Train Loss: 0.00167, Valid Loss: 0.00185, EPS: 0.496
Epoch: 56, Train Loss: 0.00167, Valid Loss: 0.00184, EPS: 0.4870000000000001
Epoch: 57, Train Loss: 0.00167, Valid Loss: 0.00185, EPS: 0.4780000000000001
Epoch: 58, Train Loss: 0.00167, Valid Loss: 0.00184, EPS: 0.4690000000000001
Epoch: 59, Train Loss: 0.00166, Valid Loss: 0.00185, EPS: 0.4600000000000001
Epoch: 60, Train Loss: 0.00167, Valid Loss: 0.00183, EPS: 0.45100000000000007
Epoch: 61, Train Loss: 0.00166, Valid Loss: 0.00184, EPS: 0.44200000000000006
Epoch: 62, Train Loss: 0.00166, Valid Loss: 0.00184, EPS: 0.43300000000000005
Epoch: 63, Train Loss: 0.00167, Valid Loss: 0.00184, EPS: 0.42400000000000004
Epoch: 64, Train Loss: 0.00166, Valid Loss: 0.00184, EPS: 0.41500000000000004
Epoch: 65, Train Loss: 0.00167, Valid Loss: 0.00183, EPS: 0.406
Epoch: 66, Train Loss: 0.00166, Valid Loss: 0.00184, EPS: 0.397
Epoch: 67, Train Loss: 0.00166, Valid Loss: 0.00184, EPS: 0.388
Epoch: 68, Train Loss: 0.00166, Valid Loss: 0.00184, EPS: 0.3790000000000001
Epoch: 69, Train Loss: 0.00166, Valid Loss: 0.00184, EPS: 0.3700000000000001
Epoch: 70, Train Loss: 0.00166, Valid Loss: 0.00184, EPS: 0.3610000000000001
Epoch: 71, Train Loss: 0.00166, Valid Loss: 0.00184, EPS: 0.3520000000000001
Epoch: 72, Train Loss: 0.00166, Valid Loss: 0.00183, EPS: 0.343
Epoch: 73, Train Loss: 0.00166, Valid Loss: 0.00184, EPS: 0.334
Epoch: 74, Train Loss: 0.00166, Valid Loss: 0.00184, EPS: 0.325
Epoch: 75, Train Loss: 0.00166, Valid Loss: 0.00184, EPS: 0.316
Epoch: 76, Train Loss: 0.00166, Valid Loss: 0.00184, EPS: 0.307
Epoch: 77, Train Loss: 0.00166, Valid Loss: 0.00184, EPS: 0.298
Epoch: 78, Train Loss: 0.00166, Valid Loss: 0.00184, EPS: 0.289
Epoch: 79, Train Loss: 0.00166, Valid Loss: 0.00184, EPS: 0.27999999999999997
Epoch: 80, Train Loss: 0.00166, Valid Loss: 0.00184, EPS: 0.27099999999999996
Epoch: 81, Train Loss: 0.00166, Valid Loss: 0.00184, EPS: 0.26200000000000007
Epoch: 82, Train Loss: 0.00166, Valid Loss: 0.00183, EPS: 0.25300000000000006
Epoch: 83, Train Loss: 0.00166, Valid Loss: 0.00185, EPS: 0.24400000000000005
Epoch: 84, Train Loss: 0.00161, Valid Loss: 0.00181, EPS: 0.23500000000000004
Epoch: 85, Train Loss: 0.00160, Valid Loss: 0.00181, EPS: 0.22600000000000003
Epoch: 86, Train Loss: 0.00160, Valid Loss: 0.00181, EPS: 0.21700000000000003
Epoch: 87, Train Loss: 0.00160, Valid Loss: 0.00181, EPS: 0.20800000000000002
Epoch: 88, Train Loss: 0.00159, Valid Loss: 0.00181, EPS: 0.199
Epoch: 89, Train Loss: 0.00160, Valid Loss: 0.00181, EPS: 0.19
Epoch: 90, Train Loss: 0.00160, Valid Loss: 0.00181, EPS: 0.181
Epoch: 91, Train Loss: 0.00160, Valid Loss: 0.00181, EPS: 0.172
Epoch: 92, Train Loss: 0.00160, Valid Loss: 0.00181, EPS: 0.16299999999999998
Epoch: 93, Train Loss: 0.00160, Valid Loss: 0.00181, EPS: 0.15400000000000005
Epoch: 94, Train Loss: 0.00160, Valid Loss: 0.00181, EPS: 0.14500000000000005
Epoch: 95, Train Loss: 0.00160, Valid Loss: 0.00181, EPS: 0.13600000000000004
Epoch: 96, Train Loss: 0.00160, Valid Loss: 0.00181, EPS: 0.12700000000000003
Epoch: 97, Train Loss: 0.00160, Valid Loss: 0.00181, EPS: 0.11800000000000002
Epoch: 98, Train Loss: 0.00159, Valid Loss: 0.00181, EPS: 0.10900000000000001
Epoch: 99, Train Loss: 0.00159, Valid Loss: 0.00181, EPS: 0.1
Test Loss: 0.00181
Test Loss: 0.00180
Training Decoder
Starting Latent Downstream Task
MSE Loss Between Generated and Conditioned: 900801.1875
Epoch: 1, Loss: 1.0117
MSE Loss Between Generated and Conditioned: 205447.3438
Epoch: 2, Loss: 0.9148
MSE Loss Between Generated and Conditioned: 125172.7500
Epoch: 3, Loss: 0.8480
MSE Loss Between Generated and Conditioned: 104485.4688
Epoch: 4, Loss: 0.7957
MSE Loss Between Generated and Conditioned: 81251.6016
Epoch: 5, Loss: 0.7500
MSE Loss Between Generated and Conditioned: 73956.8047
Epoch: 6, Loss: 0.7116
MSE Loss Between Generated and Conditioned: 64830.5820
Epoch: 7, Loss: 0.6765
MSE Loss Between Generated and Conditioned: 54577.9258
Epoch: 8, Loss: 0.6455
MSE Loss Between Generated and Conditioned: 44400.6602
Epoch: 9, Loss: 0.6183
MSE Loss Between Generated and Conditioned: 42229.8086
Epoch: 10, Loss: 0.5938
MSE Loss Between Generated and Conditioned: 37838.9492
Epoch: 11, Loss: 0.5717
MSE Loss Between Generated and Conditioned: 32881.4766
Epoch: 12, Loss: 0.5516
MSE Loss Between Generated and Conditioned: 32406.6074
Epoch: 13, Loss: 0.5337
MSE Loss Between Generated and Conditioned: 26926.3027
Epoch: 14, Loss: 0.5174
MSE Loss Between Generated and Conditioned: 25142.2285
Epoch: 15, Loss: 0.5023
MSE Loss Between Generated and Conditioned: 22523.7031
Epoch: 16, Loss: 0.4887
MSE Loss Between Generated and Conditioned: 21666.6543
Epoch: 17, Loss: 0.4758
MSE Loss Between Generated and Conditioned: 19411.1934
Epoch: 18, Loss: 0.4635
MSE Loss Between Generated and Conditioned: 15054.2910
Epoch: 19, Loss: 0.4522
MSE Loss Between Generated and Conditioned: 13377.5938
Epoch: 20, Loss: 0.4412
MSE Loss Between Generated and Conditioned: 11971.6709
Epoch: 21, Loss: 0.4311
MSE Loss Between Generated and Conditioned: 11609.2295
Epoch: 22, Loss: 0.4219
MSE Loss Between Generated and Conditioned: 11275.0488
Epoch: 23, Loss: 0.4132
MSE Loss Between Generated and Conditioned: 10468.0586
Epoch: 24, Loss: 0.4048
MSE Loss Between Generated and Conditioned: 10105.9629
Epoch: 25, Loss: 0.3970
MSE Loss Between Generated and Conditioned: 7205.7109
Epoch: 26, Loss: 0.3897
MSE Loss Between Generated and Conditioned: 8357.9297
Epoch: 27, Loss: 0.3826
MSE Loss Between Generated and Conditioned: 8095.8892
Epoch: 28, Loss: 0.3760
MSE Loss Between Generated and Conditioned: 7778.1665
Epoch: 29, Loss: 0.3699
MSE Loss Between Generated and Conditioned: 5504.2681
Epoch: 30, Loss: 0.3638
MSE Loss Between Generated and Conditioned: 4465.9414
Epoch: 31, Loss: 0.3581
MSE Loss Between Generated and Conditioned: 6335.8369
Epoch: 32, Loss: 0.3528
MSE Loss Between Generated and Conditioned: 6107.0259
Epoch: 33, Loss: 0.3477
MSE Loss Between Generated and Conditioned: 4712.1221
Epoch: 34, Loss: 0.3427
MSE Loss Between Generated and Conditioned: 3741.3130
Epoch: 35, Loss: 0.3382
MSE Loss Between Generated and Conditioned: 3288.0359
Epoch: 36, Loss: 0.3337
MSE Loss Between Generated and Conditioned: 2036.7305
Epoch: 37, Loss: 0.3294
MSE Loss Between Generated and Conditioned: 1816.1215
Epoch: 38, Loss: 0.3252
MSE Loss Between Generated and Conditioned: 2417.8066
Epoch: 39, Loss: 0.3210
MSE Loss Between Generated and Conditioned: 1327.1937
Epoch: 40, Loss: 0.3171
MSE Loss Between Generated and Conditioned: 1267.6786
Epoch: 41, Loss: 0.3133
MSE Loss Between Generated and Conditioned: 1456.8475
Epoch: 42, Loss: 0.3097
MSE Loss Between Generated and Conditioned: 1673.0817
Epoch: 43, Loss: 0.3061
MSE Loss Between Generated and Conditioned: 1089.7865
Epoch: 44, Loss: 0.3027
MSE Loss Between Generated and Conditioned: 1931.3422
Epoch: 45, Loss: 0.2993
MSE Loss Between Generated and Conditioned: 1888.6543
Epoch: 46, Loss: 0.2962
MSE Loss Between Generated and Conditioned: 1518.9194
Epoch: 47, Loss: 0.2933
MSE Loss Between Generated and Conditioned: 1147.0283
Epoch: 48, Loss: 0.2903
MSE Loss Between Generated and Conditioned: 1385.1842
Epoch: 49, Loss: 0.2875
MSE Loss Between Generated and Conditioned: 1167.4794
Epoch: 50, Loss: 0.2848
MSE Loss Between Generated and Conditioned: 575.7923
Epoch: 51, Loss: 0.2823
MSE Loss Between Generated and Conditioned: 675.9293
Epoch: 52, Loss: 0.2799
MSE Loss Between Generated and Conditioned: 596.0063
Epoch: 53, Loss: 0.2774
MSE Loss Between Generated and Conditioned: 711.7883
Epoch: 54, Loss: 0.2749
MSE Loss Between Generated and Conditioned: 703.7934
Epoch: 55, Loss: 0.2727
MSE Loss Between Generated and Conditioned: 332.1967
Epoch: 56, Loss: 0.2704
MSE Loss Between Generated and Conditioned: 385.6228
Epoch: 57, Loss: 0.2682
MSE Loss Between Generated and Conditioned: 307.8092
Epoch: 58, Loss: 0.2662
MSE Loss Between Generated and Conditioned: 385.6089
Epoch: 59, Loss: 0.2642
MSE Loss Between Generated and Conditioned: 292.8385
Epoch: 60, Loss: 0.2624
MSE Loss Between Generated and Conditioned: 625.7730
Epoch: 61, Loss: 0.2604
MSE Loss Between Generated and Conditioned: 208.4534
Epoch: 62, Loss: 0.2586
MSE Loss Between Generated and Conditioned: 268.5800
Epoch: 63, Loss: 0.2568
MSE Loss Between Generated and Conditioned: 225.2636
Epoch: 64, Loss: 0.2551
MSE Loss Between Generated and Conditioned: 208.3062
Epoch: 65, Loss: 0.2534
MSE Loss Between Generated and Conditioned: 297.9861
Epoch: 66, Loss: 0.2518
MSE Loss Between Generated and Conditioned: 236.7635
Epoch: 67, Loss: 0.2501
MSE Loss Between Generated and Conditioned: 112.3133
Epoch: 68, Loss: 0.2486
MSE Loss Between Generated and Conditioned: 298.3162
Epoch: 69, Loss: 0.2471
MSE Loss Between Generated and Conditioned: 145.9148
Epoch: 70, Loss: 0.2456
MSE Loss Between Generated and Conditioned: 291.6528
Epoch: 71, Loss: 0.2442
MSE Loss Between Generated and Conditioned: 100.8184
Epoch: 72, Loss: 0.2428
MSE Loss Between Generated and Conditioned: 156.8340
Epoch: 73, Loss: 0.2414
MSE Loss Between Generated and Conditioned: 117.9488
Epoch: 74, Loss: 0.2401
MSE Loss Between Generated and Conditioned: 132.9328
Epoch: 75, Loss: 0.2388
MSE Loss Between Generated and Conditioned: 164.4905
Epoch: 76, Loss: 0.2375
MSE Loss Between Generated and Conditioned: 198.5482
Epoch: 77, Loss: 0.2362
MSE Loss Between Generated and Conditioned: 130.3371
Epoch: 78, Loss: 0.2350
MSE Loss Between Generated and Conditioned: 121.2829
Epoch: 79, Loss: 0.2339
MSE Loss Between Generated and Conditioned: 100.9433
Epoch: 80, Loss: 0.2327
MSE Loss Between Generated and Conditioned: 88.2074
Epoch: 81, Loss: 0.2316
MSE Loss Between Generated and Conditioned: 100.7623
Epoch: 82, Loss: 0.2305
MSE Loss Between Generated and Conditioned: 74.4705
Epoch: 83, Loss: 0.2294
MSE Loss Between Generated and Conditioned: 68.3708
Epoch: 84, Loss: 0.2283
MSE Loss Between Generated and Conditioned: 103.3524
Epoch: 85, Loss: 0.2273
MSE Loss Between Generated and Conditioned: 102.5574
Epoch: 86, Loss: 0.2263
MSE Loss Between Generated and Conditioned: 58.8409
Epoch: 87, Loss: 0.2253
MSE Loss Between Generated and Conditioned: 43.3827
Epoch: 88, Loss: 0.2244
MSE Loss Between Generated and Conditioned: 74.6430
Epoch: 89, Loss: 0.2234
MSE Loss Between Generated and Conditioned: 98.4508
Epoch: 90, Loss: 0.2225
MSE Loss Between Generated and Conditioned: 179.4560
Epoch: 91, Loss: 0.2216
MSE Loss Between Generated and Conditioned: 60.3303
Epoch: 92, Loss: 0.2207
MSE Loss Between Generated and Conditioned: 25.8257
Epoch: 93, Loss: 0.2198
MSE Loss Between Generated and Conditioned: 51.1356
Epoch: 94, Loss: 0.2190
MSE Loss Between Generated and Conditioned: 107.8666
Epoch: 95, Loss: 0.2181
MSE Loss Between Generated and Conditioned: 71.3166
Epoch: 96, Loss: 0.2173
MSE Loss Between Generated and Conditioned: 55.4491
Epoch: 97, Loss: 0.2166
MSE Loss Between Generated and Conditioned: 29.5466
Epoch: 98, Loss: 0.2159
MSE Loss Between Generated and Conditioned: 45.4192
Epoch: 99, Loss: 0.2151
MSE Loss Between Generated and Conditioned: 58.7127
Epoch: 100, Loss: 0.2143
MSE Loss Between Generated and Conditioned: 70.6757
Epoch: 101, Loss: 0.2136
MSE Loss Between Generated and Conditioned: 47.3477
Epoch: 102, Loss: 0.2129
MSE Loss Between Generated and Conditioned: 56.9278
Epoch: 103, Loss: 0.2123
MSE Loss Between Generated and Conditioned: 54.1595
Epoch: 104, Loss: 0.2116
MSE Loss Between Generated and Conditioned: 61.9464
Epoch: 105, Loss: 0.2109
MSE Loss Between Generated and Conditioned: 48.6223
Epoch: 106, Loss: 0.2102
MSE Loss Between Generated and Conditioned: 31.0213
Epoch: 107, Loss: 0.2096
MSE Loss Between Generated and Conditioned: 25.6837
Epoch: 108, Loss: 0.2089
MSE Loss Between Generated and Conditioned: 69.6506
Epoch: 109, Loss: 0.2083
MSE Loss Between Generated and Conditioned: 53.9450
Epoch: 110, Loss: 0.2077
MSE Loss Between Generated and Conditioned: 31.1284
Epoch: 111, Loss: 0.2071
MSE Loss Between Generated and Conditioned: 32.6362
Epoch: 112, Loss: 0.2064
MSE Loss Between Generated and Conditioned: 8.9991
Epoch: 113, Loss: 0.2059
MSE Loss Between Generated and Conditioned: 41.7385
Epoch: 114, Loss: 0.2053
MSE Loss Between Generated and Conditioned: 52.0205
Epoch: 115, Loss: 0.2048
MSE Loss Between Generated and Conditioned: 29.4786
Epoch: 116, Loss: 0.2042
MSE Loss Between Generated and Conditioned: 22.9487
Epoch: 117, Loss: 0.2037
MSE Loss Between Generated and Conditioned: 25.5757
Epoch: 118, Loss: 0.2031
MSE Loss Between Generated and Conditioned: 69.7976
Epoch: 119, Loss: 0.2026
MSE Loss Between Generated and Conditioned: 28.2258
Epoch: 120, Loss: 0.2020
MSE Loss Between Generated and Conditioned: 15.3928
Epoch: 121, Loss: 0.2015
MSE Loss Between Generated and Conditioned: 34.3918
Epoch: 122, Loss: 0.2010
MSE Loss Between Generated and Conditioned: 49.1801
Epoch: 123, Loss: 0.2005
MSE Loss Between Generated and Conditioned: 52.4452
Epoch: 124, Loss: 0.2000
MSE Loss Between Generated and Conditioned: 10.4790
Epoch: 125, Loss: 0.1995
MSE Loss Between Generated and Conditioned: 29.2357
Epoch: 126, Loss: 0.1990
MSE Loss Between Generated and Conditioned: 23.5408
Epoch: 127, Loss: 0.1985
MSE Loss Between Generated and Conditioned: 20.5999
Epoch: 128, Loss: 0.1980
MSE Loss Between Generated and Conditioned: 30.0461
Epoch: 129, Loss: 0.1975
MSE Loss Between Generated and Conditioned: 20.0292
Epoch: 130, Loss: 0.1970
MSE Loss Between Generated and Conditioned: 13.6879
Epoch: 131, Loss: 0.1966
MSE Loss Between Generated and Conditioned: 16.7202
Epoch: 132, Loss: 0.1961
MSE Loss Between Generated and Conditioned: 28.3499
Epoch: 133, Loss: 0.1957
MSE Loss Between Generated and Conditioned: 14.1901
Epoch: 134, Loss: 0.1953
MSE Loss Between Generated and Conditioned: 11.3035
Epoch: 135, Loss: 0.1948
MSE Loss Between Generated and Conditioned: 10.6160
Epoch: 136, Loss: 0.1944
MSE Loss Between Generated and Conditioned: 29.3840
Epoch: 137, Loss: 0.1940
MSE Loss Between Generated and Conditioned: 17.1262
Epoch: 138, Loss: 0.1936
MSE Loss Between Generated and Conditioned: 17.9948
Epoch: 139, Loss: 0.1932
MSE Loss Between Generated and Conditioned: 16.5785
Epoch: 140, Loss: 0.1928
MSE Loss Between Generated and Conditioned: 13.8315
Epoch: 141, Loss: 0.1925
MSE Loss Between Generated and Conditioned: 27.6960
Epoch: 142, Loss: 0.1921
MSE Loss Between Generated and Conditioned: 13.3581
Epoch: 143, Loss: 0.1918
MSE Loss Between Generated and Conditioned: 23.9174
Epoch: 144, Loss: 0.1914
MSE Loss Between Generated and Conditioned: 6.5462
Epoch: 145, Loss: 0.1911
MSE Loss Between Generated and Conditioned: 12.7549
Epoch: 146, Loss: 0.1907
MSE Loss Between Generated and Conditioned: 14.0372
Epoch: 147, Loss: 0.1903
MSE Loss Between Generated and Conditioned: 15.3738
Epoch: 148, Loss: 0.1899
MSE Loss Between Generated and Conditioned: 18.5812
Epoch: 149, Loss: 0.1896
MSE Loss Between Generated and Conditioned: 21.0237
Epoch: 150, Loss: 0.1892
MSE Loss Between Generated and Conditioned: 13.2154
Epoch: 151, Loss: 0.1888
MSE Loss Between Generated and Conditioned: 22.5484
Epoch: 152, Loss: 0.1885
MSE Loss Between Generated and Conditioned: 7.0338
Epoch: 153, Loss: 0.1881
MSE Loss Between Generated and Conditioned: 9.9884
Epoch: 154, Loss: 0.1878
MSE Loss Between Generated and Conditioned: 14.7236
Epoch: 155, Loss: 0.1874
MSE Loss Between Generated and Conditioned: 14.1671
Epoch: 156, Loss: 0.1871
MSE Loss Between Generated and Conditioned: 8.4568
Epoch: 157, Loss: 0.1868
MSE Loss Between Generated and Conditioned: 16.9258
Epoch: 158, Loss: 0.1865
MSE Loss Between Generated and Conditioned: 16.5419
Epoch: 159, Loss: 0.1862
MSE Loss Between Generated and Conditioned: 11.6341
Epoch: 160, Loss: 0.1859
MSE Loss Between Generated and Conditioned: 9.4726
Epoch: 161, Loss: 0.1856
MSE Loss Between Generated and Conditioned: 13.0144
Epoch: 162, Loss: 0.1853
MSE Loss Between Generated and Conditioned: 9.9587
Epoch: 163, Loss: 0.1850
MSE Loss Between Generated and Conditioned: 11.5584
Epoch: 164, Loss: 0.1847
MSE Loss Between Generated and Conditioned: 6.3148
Epoch: 165, Loss: 0.1844
MSE Loss Between Generated and Conditioned: 27.4307
Epoch: 166, Loss: 0.1841
MSE Loss Between Generated and Conditioned: 9.7528
Epoch: 167, Loss: 0.1838
MSE Loss Between Generated and Conditioned: 9.1689
Epoch: 168, Loss: 0.1835
MSE Loss Between Generated and Conditioned: 8.1649
Epoch: 169, Loss: 0.1832
MSE Loss Between Generated and Conditioned: 9.7166
Epoch: 170, Loss: 0.1830
MSE Loss Between Generated and Conditioned: 8.9711
Epoch: 171, Loss: 0.1827
MSE Loss Between Generated and Conditioned: 17.9191
Epoch: 172, Loss: 0.1824
MSE Loss Between Generated and Conditioned: 6.1552
Epoch: 173, Loss: 0.1822
MSE Loss Between Generated and Conditioned: 8.7119
Epoch: 174, Loss: 0.1819
MSE Loss Between Generated and Conditioned: 6.8844
Epoch: 175, Loss: 0.1817
MSE Loss Between Generated and Conditioned: 6.3758
Epoch: 176, Loss: 0.1814
MSE Loss Between Generated and Conditioned: 4.4756
Epoch: 177, Loss: 0.1812
MSE Loss Between Generated and Conditioned: 8.0965
Epoch: 178, Loss: 0.1809
MSE Loss Between Generated and Conditioned: 7.6167
Epoch: 179, Loss: 0.1807
MSE Loss Between Generated and Conditioned: 7.3976
Epoch: 180, Loss: 0.1804
MSE Loss Between Generated and Conditioned: 4.0411
Epoch: 181, Loss: 0.1802
MSE Loss Between Generated and Conditioned: 11.7445
Epoch: 182, Loss: 0.1799
MSE Loss Between Generated and Conditioned: 6.8299
Epoch: 183, Loss: 0.1797
MSE Loss Between Generated and Conditioned: 4.6198
Epoch: 184, Loss: 0.1795
MSE Loss Between Generated and Conditioned: 5.7984
Epoch: 185, Loss: 0.1792
MSE Loss Between Generated and Conditioned: 8.7102
Epoch: 186, Loss: 0.1790
MSE Loss Between Generated and Conditioned: 3.9203
Epoch: 187, Loss: 0.1787
MSE Loss Between Generated and Conditioned: 3.8532
Epoch: 188, Loss: 0.1785
MSE Loss Between Generated and Conditioned: 8.7842
Epoch: 189, Loss: 0.1783
MSE Loss Between Generated and Conditioned: 5.7070
Epoch: 190, Loss: 0.1781
MSE Loss Between Generated and Conditioned: 4.3822
Epoch: 191, Loss: 0.1778
MSE Loss Between Generated and Conditioned: 5.7812
Epoch: 192, Loss: 0.1776
MSE Loss Between Generated and Conditioned: 4.8183
Epoch: 193, Loss: 0.1774
MSE Loss Between Generated and Conditioned: 6.4274
Epoch: 194, Loss: 0.1772
MSE Loss Between Generated and Conditioned: 4.5700
Epoch: 195, Loss: 0.1770
MSE Loss Between Generated and Conditioned: 6.2875
Epoch: 196, Loss: 0.1768
MSE Loss Between Generated and Conditioned: 11.2258
Epoch: 197, Loss: 0.1766
MSE Loss Between Generated and Conditioned: 4.3072
Epoch: 198, Loss: 0.1764
MSE Loss Between Generated and Conditioned: 5.7733
Epoch: 199, Loss: 0.1761
MSE Loss Between Generated and Conditioned: 7.2358
Epoch: 200, Loss: 0.1759
MSE Loss Between Generated and Conditioned: 4.7160
Epoch: 201, Loss: 0.1758
MSE Loss Between Generated and Conditioned: 6.6059
Epoch: 202, Loss: 0.1756
MSE Loss Between Generated and Conditioned: 8.1258
Epoch: 203, Loss: 0.1754
MSE Loss Between Generated and Conditioned: 2.8097
Epoch: 204, Loss: 0.1752
MSE Loss Between Generated and Conditioned: 2.6436
Epoch: 205, Loss: 0.1750
MSE Loss Between Generated and Conditioned: 4.6646
Epoch: 206, Loss: 0.1749
MSE Loss Between Generated and Conditioned: 6.8742
Epoch: 207, Loss: 0.1747
MSE Loss Between Generated and Conditioned: 5.1396
Epoch: 208, Loss: 0.1745
MSE Loss Between Generated and Conditioned: 3.4839
Epoch: 209, Loss: 0.1743
MSE Loss Between Generated and Conditioned: 12.8304
Epoch: 210, Loss: 0.1741
MSE Loss Between Generated and Conditioned: 8.0448
Epoch: 211, Loss: 0.1739
MSE Loss Between Generated and Conditioned: 4.4978
Epoch: 212, Loss: 0.1737
MSE Loss Between Generated and Conditioned: 3.5043
Epoch: 213, Loss: 0.1736
MSE Loss Between Generated and Conditioned: 3.6780
Epoch: 214, Loss: 0.1734
MSE Loss Between Generated and Conditioned: 5.6745
Epoch: 215, Loss: 0.1733
MSE Loss Between Generated and Conditioned: 2.2405
Epoch: 216, Loss: 0.1731
MSE Loss Between Generated and Conditioned: 3.9190
Epoch: 217, Loss: 0.1729
MSE Loss Between Generated and Conditioned: 2.2409
Epoch: 218, Loss: 0.1728
MSE Loss Between Generated and Conditioned: 3.7293
Epoch: 219, Loss: 0.1726
MSE Loss Between Generated and Conditioned: 2.6783
Epoch: 220, Loss: 0.1724
MSE Loss Between Generated and Conditioned: 4.4081
Epoch: 221, Loss: 0.1722
MSE Loss Between Generated and Conditioned: 3.1671
Epoch: 222, Loss: 0.1720
MSE Loss Between Generated and Conditioned: 14.0776
Epoch: 223, Loss: 0.1719
MSE Loss Between Generated and Conditioned: 2.0910
Epoch: 224, Loss: 0.1717
MSE Loss Between Generated and Conditioned: 4.1767
Epoch: 225, Loss: 0.1715
MSE Loss Between Generated and Conditioned: 3.5033
Epoch: 226, Loss: 0.1713
MSE Loss Between Generated and Conditioned: 3.1449
Epoch: 227, Loss: 0.1712
MSE Loss Between Generated and Conditioned: 7.6671
Epoch: 228, Loss: 0.1711
MSE Loss Between Generated and Conditioned: 2.1790
Epoch: 229, Loss: 0.1709
MSE Loss Between Generated and Conditioned: 2.8943
Epoch: 230, Loss: 0.1708
MSE Loss Between Generated and Conditioned: 6.4762
Epoch: 231, Loss: 0.1706
MSE Loss Between Generated and Conditioned: 5.3029
Epoch: 232, Loss: 0.1704
MSE Loss Between Generated and Conditioned: 2.9348
Epoch: 233, Loss: 0.1703
MSE Loss Between Generated and Conditioned: 5.7365
Epoch: 234, Loss: 0.1701
MSE Loss Between Generated and Conditioned: 3.4968
Epoch: 235, Loss: 0.1700
MSE Loss Between Generated and Conditioned: 2.7234
Epoch: 236, Loss: 0.1698
MSE Loss Between Generated and Conditioned: 3.1377
Epoch: 237, Loss: 0.1697
MSE Loss Between Generated and Conditioned: 3.0319
Epoch: 238, Loss: 0.1695
MSE Loss Between Generated and Conditioned: 2.6288
Epoch: 239, Loss: 0.1694
MSE Loss Between Generated and Conditioned: 2.7138
Epoch: 240, Loss: 0.1693
MSE Loss Between Generated and Conditioned: 2.1099
Epoch: 241, Loss: 0.1691
MSE Loss Between Generated and Conditioned: 4.8909
Epoch: 242, Loss: 0.1690
MSE Loss Between Generated and Conditioned: 7.2666
Epoch: 243, Loss: 0.1688
MSE Loss Between Generated and Conditioned: 3.8709
Epoch: 244, Loss: 0.1687
MSE Loss Between Generated and Conditioned: 2.1104
Epoch: 245, Loss: 0.1685
MSE Loss Between Generated and Conditioned: 4.0088
Epoch: 246, Loss: 0.1684
MSE Loss Between Generated and Conditioned: 2.5371
Epoch: 247, Loss: 0.1682
MSE Loss Between Generated and Conditioned: 3.5192
Epoch: 248, Loss: 0.1681
MSE Loss Between Generated and Conditioned: 2.1658
Epoch: 249, Loss: 0.1679
MSE Loss Between Generated and Conditioned: 2.8033
Epoch: 250, Loss: 0.1678
MSE Loss Between Generated and Conditioned: 3.2060
Epoch: 251, Loss: 0.1677
MSE Loss Between Generated and Conditioned: 2.1025
Epoch: 252, Loss: 0.1675
MSE Loss Between Generated and Conditioned: 2.1201
Epoch: 253, Loss: 0.1674
MSE Loss Between Generated and Conditioned: 2.2812
Epoch: 254, Loss: 0.1673
MSE Loss Between Generated and Conditioned: 2.0673
Epoch: 255, Loss: 0.1672
MSE Loss Between Generated and Conditioned: 5.8833
Epoch: 256, Loss: 0.1671
MSE Loss Between Generated and Conditioned: 2.9533
Epoch: 257, Loss: 0.1669
MSE Loss Between Generated and Conditioned: 2.6533
Epoch: 258, Loss: 0.1668
MSE Loss Between Generated and Conditioned: 3.1137
Epoch: 259, Loss: 0.1667
MSE Loss Between Generated and Conditioned: 2.3107
Epoch: 260, Loss: 0.1665
MSE Loss Between Generated and Conditioned: 2.3610
Epoch: 261, Loss: 0.1664
MSE Loss Between Generated and Conditioned: 2.0983
Epoch: 262, Loss: 0.1663
MSE Loss Between Generated and Conditioned: 2.4267
Epoch: 263, Loss: 0.1661
MSE Loss Between Generated and Conditioned: 2.3824
Epoch: 264, Loss: 0.1660
MSE Loss Between Generated and Conditioned: 2.1562
Epoch: 265, Loss: 0.1659
MSE Loss Between Generated and Conditioned: 2.2231
Epoch: 266, Loss: 0.1658
MSE Loss Between Generated and Conditioned: 3.8456
Epoch: 267, Loss: 0.1657
MSE Loss Between Generated and Conditioned: 2.0899
Epoch: 268, Loss: 0.1656
MSE Loss Between Generated and Conditioned: 2.8164
Epoch: 269, Loss: 0.1654
MSE Loss Between Generated and Conditioned: 2.6227
Epoch: 270, Loss: 0.1654
MSE Loss Between Generated and Conditioned: 2.3962
Epoch: 271, Loss: 0.1652
MSE Loss Between Generated and Conditioned: 1.9320
Epoch: 272, Loss: 0.1651
MSE Loss Between Generated and Conditioned: 2.3744
Epoch: 273, Loss: 0.1650
MSE Loss Between Generated and Conditioned: 2.0940
Epoch: 274, Loss: 0.1649
MSE Loss Between Generated and Conditioned: 2.0075
Epoch: 275, Loss: 0.1648
MSE Loss Between Generated and Conditioned: 2.2306
Epoch: 276, Loss: 0.1647
MSE Loss Between Generated and Conditioned: 3.0552
Epoch: 277, Loss: 0.1646
MSE Loss Between Generated and Conditioned: 2.0076
Epoch: 278, Loss: 0.1644
MSE Loss Between Generated and Conditioned: 6.1990
Epoch: 279, Loss: 0.1644
MSE Loss Between Generated and Conditioned: 2.2771
Epoch: 280, Loss: 0.1643
MSE Loss Between Generated and Conditioned: 2.2744
Epoch: 281, Loss: 0.1642
MSE Loss Between Generated and Conditioned: 2.2608
Epoch: 282, Loss: 0.1640
MSE Loss Between Generated and Conditioned: 2.2157
Epoch: 283, Loss: 0.1640
MSE Loss Between Generated and Conditioned: 2.3902
Epoch: 284, Loss: 0.1638
MSE Loss Between Generated and Conditioned: 2.2509
Epoch: 285, Loss: 0.1638
MSE Loss Between Generated and Conditioned: 1.9337
Epoch: 286, Loss: 0.1637
MSE Loss Between Generated and Conditioned: 2.0401
Epoch: 287, Loss: 0.1636
MSE Loss Between Generated and Conditioned: 2.1184
Epoch: 288, Loss: 0.1635
MSE Loss Between Generated and Conditioned: 3.4172
Epoch: 289, Loss: 0.1634
MSE Loss Between Generated and Conditioned: 2.7306
Epoch: 290, Loss: 0.1633
MSE Loss Between Generated and Conditioned: 2.2561
Epoch: 291, Loss: 0.1632
MSE Loss Between Generated and Conditioned: 2.0050
Epoch: 292, Loss: 0.1631
MSE Loss Between Generated and Conditioned: 2.0069
Epoch: 293, Loss: 0.1630
MSE Loss Between Generated and Conditioned: 2.0116
Epoch: 294, Loss: 0.1629
MSE Loss Between Generated and Conditioned: 1.9676
Epoch: 295, Loss: 0.1628
MSE Loss Between Generated and Conditioned: 2.8860
Epoch: 296, Loss: 0.1627
MSE Loss Between Generated and Conditioned: 2.0348
Epoch: 297, Loss: 0.1626
MSE Loss Between Generated and Conditioned: 2.4002
Epoch: 298, Loss: 0.1625
MSE Loss Between Generated and Conditioned: 2.2312
Epoch: 299, Loss: 0.1624
MSE Loss Between Generated and Conditioned: 2.5123
Epoch: 300, Loss: 0.1623
Train: torch.Size([14031, 5, 64, 32]), Valid: torch.Size([4677, 5, 64, 32]), Test: torch.Size([4678, 5, 64, 32])
Starting Downstream Task
Running context window: 5 with stride: 5 with seed: 0
Shape: (5, 144, 72)
Epoch: 0, Train Loss: 0.00415, Valid Loss: 0.00300, EPS: 0.991
Epoch: 1, Train Loss: 0.00268, Valid Loss: 0.00255, EPS: 0.982
Epoch: 2, Train Loss: 0.00229, Valid Loss: 0.00234, EPS: 0.973
Epoch: 3, Train Loss: 0.00212, Valid Loss: 0.00225, EPS: 0.964
Epoch: 4, Train Loss: 0.00205, Valid Loss: 0.00222, EPS: 0.955
Epoch: 5, Train Loss: 0.00200, Valid Loss: 0.00218, EPS: 0.946
Epoch: 6, Train Loss: 0.00198, Valid Loss: 0.00217, EPS: 0.9369999999999999
Epoch: 7, Train Loss: 0.00196, Valid Loss: 0.00216, EPS: 0.928
Epoch: 8, Train Loss: 0.00196, Valid Loss: 0.00217, EPS: 0.919
Epoch: 9, Train Loss: 0.00195, Valid Loss: 0.00216, EPS: 0.91
Epoch: 10, Train Loss: 0.00195, Valid Loss: 0.00216, EPS: 0.901
Epoch: 11, Train Loss: 0.00194, Valid Loss: 0.00215, EPS: 0.892
Epoch: 12, Train Loss: 0.00194, Valid Loss: 0.00215, EPS: 0.883
Epoch: 13, Train Loss: 0.00192, Valid Loss: 0.00214, EPS: 0.874
Epoch: 14, Train Loss: 0.00192, Valid Loss: 0.00212, EPS: 0.865
Epoch: 15, Train Loss: 0.00190, Valid Loss: 0.00213, EPS: 0.856
Epoch: 16, Train Loss: 0.00189, Valid Loss: 0.00213, EPS: 0.847
Epoch: 17, Train Loss: 0.00188, Valid Loss: 0.00212, EPS: 0.8380000000000001
Epoch: 18, Train Loss: 0.00190, Valid Loss: 0.00214, EPS: 0.8290000000000001
Epoch: 19, Train Loss: 0.00189, Valid Loss: 0.00213, EPS: 0.8200000000000001
Epoch: 20, Train Loss: 0.00188, Valid Loss: 0.00213, EPS: 0.811
Epoch: 21, Train Loss: 0.00187, Valid Loss: 0.00211, EPS: 0.802
Epoch: 22, Train Loss: 0.00187, Valid Loss: 0.00212, EPS: 0.793
Epoch: 23, Train Loss: 0.00187, Valid Loss: 0.00212, EPS: 0.784
Epoch: 24, Train Loss: 0.00187, Valid Loss: 0.00210, EPS: 0.775
Epoch: 25, Train Loss: 0.00186, Valid Loss: 0.00210, EPS: 0.766
Epoch: 26, Train Loss: 0.00186, Valid Loss: 0.00210, EPS: 0.757
Epoch: 27, Train Loss: 0.00185, Valid Loss: 0.00213, EPS: 0.748
Epoch: 28, Train Loss: 0.00186, Valid Loss: 0.00210, EPS: 0.739
Epoch: 29, Train Loss: 0.00186, Valid Loss: 0.00210, EPS: 0.73
Epoch: 30, Train Loss: 0.00185, Valid Loss: 0.00210, EPS: 0.721
Epoch: 31, Train Loss: 0.00185, Valid Loss: 0.00209, EPS: 0.712
Epoch: 32, Train Loss: 0.00184, Valid Loss: 0.00208, EPS: 0.703
Epoch: 33, Train Loss: 0.00184, Valid Loss: 0.00208, EPS: 0.694
Epoch: 34, Train Loss: 0.00184, Valid Loss: 0.00208, EPS: 0.685
Epoch: 35, Train Loss: 0.00184, Valid Loss: 0.00208, EPS: 0.676
Epoch: 36, Train Loss: 0.00184, Valid Loss: 0.00210, EPS: 0.667
Epoch: 37, Train Loss: 0.00184, Valid Loss: 0.00209, EPS: 0.658
Epoch: 38, Train Loss: 0.00184, Valid Loss: 0.00209, EPS: 0.649
Epoch: 39, Train Loss: 0.00184, Valid Loss: 0.00209, EPS: 0.64
Epoch: 40, Train Loss: 0.00183, Valid Loss: 0.00210, EPS: 0.6310000000000001
Epoch: 41, Train Loss: 0.00183, Valid Loss: 0.00209, EPS: 0.6220000000000001
Epoch: 42, Train Loss: 0.00183, Valid Loss: 0.00209, EPS: 0.6130000000000001
Epoch: 43, Train Loss: 0.00183, Valid Loss: 0.00209, EPS: 0.6040000000000001
Epoch: 44, Train Loss: 0.00172, Valid Loss: 0.00203, EPS: 0.5950000000000001
Epoch: 45, Train Loss: 0.00166, Valid Loss: 0.00201, EPS: 0.5860000000000001
Epoch: 46, Train Loss: 0.00163, Valid Loss: 0.00199, EPS: 0.5770000000000001
Epoch: 47, Train Loss: 0.00162, Valid Loss: 0.00199, EPS: 0.5680000000000001
Epoch: 48, Train Loss: 0.00161, Valid Loss: 0.00198, EPS: 0.559
Epoch: 49, Train Loss: 0.00160, Valid Loss: 0.00197, EPS: 0.55
Epoch: 50, Train Loss: 0.00160, Valid Loss: 0.00197, EPS: 0.541
Epoch: 51, Train Loss: 0.00159, Valid Loss: 0.00197, EPS: 0.532
Epoch: 52, Train Loss: 0.00159, Valid Loss: 0.00197, EPS: 0.523
Epoch: 53, Train Loss: 0.00159, Valid Loss: 0.00197, EPS: 0.514
Epoch: 54, Train Loss: 0.00158, Valid Loss: 0.00196, EPS: 0.505
Epoch: 55, Train Loss: 0.00158, Valid Loss: 0.00196, EPS: 0.496
Epoch: 56, Train Loss: 0.00158, Valid Loss: 0.00196, EPS: 0.4870000000000001
Epoch: 57, Train Loss: 0.00157, Valid Loss: 0.00197, EPS: 0.4780000000000001
Epoch: 58, Train Loss: 0.00157, Valid Loss: 0.00196, EPS: 0.4690000000000001
Epoch: 59, Train Loss: 0.00157, Valid Loss: 0.00196, EPS: 0.4600000000000001
Epoch: 60, Train Loss: 0.00157, Valid Loss: 0.00196, EPS: 0.45100000000000007
Epoch: 61, Train Loss: 0.00157, Valid Loss: 0.00196, EPS: 0.44200000000000006
Epoch: 62, Train Loss: 0.00157, Valid Loss: 0.00196, EPS: 0.43300000000000005
Epoch: 63, Train Loss: 0.00156, Valid Loss: 0.00196, EPS: 0.42400000000000004
Epoch: 64, Train Loss: 0.00156, Valid Loss: 0.00196, EPS: 0.41500000000000004
Epoch: 65, Train Loss: 0.00156, Valid Loss: 0.00196, EPS: 0.406
Epoch: 66, Train Loss: 0.00156, Valid Loss: 0.00196, EPS: 0.397
Epoch: 67, Train Loss: 0.00156, Valid Loss: 0.00195, EPS: 0.388
Epoch: 68, Train Loss: 0.00156, Valid Loss: 0.00195, EPS: 0.3790000000000001
Epoch: 69, Train Loss: 0.00155, Valid Loss: 0.00195, EPS: 0.3700000000000001
Epoch: 70, Train Loss: 0.00155, Valid Loss: 0.00195, EPS: 0.3610000000000001
Epoch: 71, Train Loss: 0.00155, Valid Loss: 0.00195, EPS: 0.3520000000000001
Epoch: 72, Train Loss: 0.00154, Valid Loss: 0.00195, EPS: 0.343
Epoch: 73, Train Loss: 0.00153, Valid Loss: 0.00195, EPS: 0.334
Epoch: 74, Train Loss: 0.00152, Valid Loss: 0.00194, EPS: 0.325
Epoch: 75, Train Loss: 0.00151, Valid Loss: 0.00193, EPS: 0.316
Epoch: 76, Train Loss: 0.00150, Valid Loss: 0.00194, EPS: 0.307
Epoch: 77, Train Loss: 0.00150, Valid Loss: 0.00193, EPS: 0.298
Epoch: 78, Train Loss: 0.00149, Valid Loss: 0.00194, EPS: 0.289
Epoch: 79, Train Loss: 0.00149, Valid Loss: 0.00194, EPS: 0.27999999999999997
Epoch: 80, Train Loss: 0.00148, Valid Loss: 0.00194, EPS: 0.27099999999999996
Epoch: 81, Train Loss: 0.00149, Valid Loss: 0.00194, EPS: 0.26200000000000007
Epoch: 82, Train Loss: 0.00148, Valid Loss: 0.00193, EPS: 0.25300000000000006
Epoch: 83, Train Loss: 0.00148, Valid Loss: 0.00193, EPS: 0.24400000000000005
Epoch: 84, Train Loss: 0.00148, Valid Loss: 0.00194, EPS: 0.23500000000000004
Epoch: 85, Train Loss: 0.00148, Valid Loss: 0.00194, EPS: 0.22600000000000003
Epoch: 86, Train Loss: 0.00148, Valid Loss: 0.00193, EPS: 0.21700000000000003
Epoch: 87, Train Loss: 0.00147, Valid Loss: 0.00194, EPS: 0.20800000000000002
Epoch: 88, Train Loss: 0.00147, Valid Loss: 0.00194, EPS: 0.199
Epoch: 89, Train Loss: 0.00147, Valid Loss: 0.00193, EPS: 0.19
Epoch: 90, Train Loss: 0.00147, Valid Loss: 0.00194, EPS: 0.181
Epoch: 91, Train Loss: 0.00147, Valid Loss: 0.00194, EPS: 0.172
Epoch: 92, Train Loss: 0.00147, Valid Loss: 0.00193, EPS: 0.16299999999999998
Epoch: 93, Train Loss: 0.00147, Valid Loss: 0.00194, EPS: 0.15400000000000005
Epoch: 94, Train Loss: 0.00147, Valid Loss: 0.00195, EPS: 0.14500000000000005
Epoch: 95, Train Loss: 0.00147, Valid Loss: 0.00195, EPS: 0.13600000000000004
Epoch: 96, Train Loss: 0.00147, Valid Loss: 0.00194, EPS: 0.12700000000000003
Epoch: 97, Train Loss: 0.00147, Valid Loss: 0.00194, EPS: 0.11800000000000002
Epoch: 98, Train Loss: 0.00146, Valid Loss: 0.00194, EPS: 0.10900000000000001
Epoch: 99, Train Loss: 0.00147, Valid Loss: 0.00194, EPS: 0.1
Test Loss: 0.00194
Test Loss: 0.00195
Running context window: 5 with stride: 10 with seed: 0
Shape: (5, 144, 72)
Epoch: 0, Train Loss: 0.00510, Valid Loss: 0.00385, EPS: 0.991
Epoch: 1, Train Loss: 0.00327, Valid Loss: 0.00301, EPS: 0.982
Epoch: 2, Train Loss: 0.00276, Valid Loss: 0.00274, EPS: 0.973
Epoch: 3, Train Loss: 0.00241, Valid Loss: 0.00257, EPS: 0.964
Epoch: 4, Train Loss: 0.00219, Valid Loss: 0.00245, EPS: 0.955
Epoch: 5, Train Loss: 0.00204, Valid Loss: 0.00237, EPS: 0.946
Epoch: 6, Train Loss: 0.00194, Valid Loss: 0.00230, EPS: 0.9369999999999999
Epoch: 7, Train Loss: 0.00186, Valid Loss: 0.00226, EPS: 0.928
Epoch: 8, Train Loss: 0.00179, Valid Loss: 0.00223, EPS: 0.919
Epoch: 9, Train Loss: 0.00176, Valid Loss: 0.00220, EPS: 0.91
Epoch: 10, Train Loss: 0.00174, Valid Loss: 0.00220, EPS: 0.901
Epoch: 11, Train Loss: 0.00172, Valid Loss: 0.00219, EPS: 0.892
Epoch: 12, Train Loss: 0.00171, Valid Loss: 0.00218, EPS: 0.883
Epoch: 13, Train Loss: 0.00169, Valid Loss: 0.00218, EPS: 0.874
Epoch: 14, Train Loss: 0.00167, Valid Loss: 0.00216, EPS: 0.865
Epoch: 15, Train Loss: 0.00167, Valid Loss: 0.00217, EPS: 0.856
Epoch: 16, Train Loss: 0.00167, Valid Loss: 0.00216, EPS: 0.847
Epoch: 17, Train Loss: 0.00164, Valid Loss: 0.00217, EPS: 0.8380000000000001
Epoch: 18, Train Loss: 0.00164, Valid Loss: 0.00214, EPS: 0.8290000000000001
Epoch: 19, Train Loss: 0.00163, Valid Loss: 0.00215, EPS: 0.8200000000000001
Epoch: 20, Train Loss: 0.00165, Valid Loss: 0.00215, EPS: 0.811
Epoch: 21, Train Loss: 0.00165, Valid Loss: 0.00216, EPS: 0.802
Epoch: 22, Train Loss: 0.00162, Valid Loss: 0.00215, EPS: 0.793
Epoch: 23, Train Loss: 0.00162, Valid Loss: 0.00213, EPS: 0.784
Epoch: 24, Train Loss: 0.00162, Valid Loss: 0.00216, EPS: 0.775
Epoch: 25, Train Loss: 0.00162, Valid Loss: 0.00214, EPS: 0.766
Epoch: 26, Train Loss: 0.00162, Valid Loss: 0.00215, EPS: 0.757
Epoch: 27, Train Loss: 0.00160, Valid Loss: 0.00216, EPS: 0.748
Epoch: 28, Train Loss: 0.00161, Valid Loss: 0.00213, EPS: 0.739
Epoch: 29, Train Loss: 0.00159, Valid Loss: 0.00213, EPS: 0.73
Epoch: 30, Train Loss: 0.00160, Valid Loss: 0.00214, EPS: 0.721
Epoch: 31, Train Loss: 0.00159, Valid Loss: 0.00213, EPS: 0.712
Epoch: 32, Train Loss: 0.00160, Valid Loss: 0.00214, EPS: 0.703
Epoch: 33, Train Loss: 0.00158, Valid Loss: 0.00212, EPS: 0.694
Epoch: 34, Train Loss: 0.00160, Valid Loss: 0.00214, EPS: 0.685
Epoch: 35, Train Loss: 0.00158, Valid Loss: 0.00214, EPS: 0.676
Epoch: 36, Train Loss: 0.00159, Valid Loss: 0.00212, EPS: 0.667
Epoch: 37, Train Loss: 0.00157, Valid Loss: 0.00213, EPS: 0.658
Epoch: 38, Train Loss: 0.00158, Valid Loss: 0.00213, EPS: 0.649
Epoch: 39, Train Loss: 0.00157, Valid Loss: 0.00213, EPS: 0.64
Epoch: 40, Train Loss: 0.00160, Valid Loss: 0.00212, EPS: 0.6310000000000001
Epoch: 41, Train Loss: 0.00158, Valid Loss: 0.00213, EPS: 0.6220000000000001
Epoch: 42, Train Loss: 0.00156, Valid Loss: 0.00212, EPS: 0.6130000000000001
Epoch: 43, Train Loss: 0.00157, Valid Loss: 0.00213, EPS: 0.6040000000000001
Epoch: 44, Train Loss: 0.00158, Valid Loss: 0.00212, EPS: 0.5950000000000001
Epoch: 45, Train Loss: 0.00148, Valid Loss: 0.00209, EPS: 0.5860000000000001
Epoch: 46, Train Loss: 0.00143, Valid Loss: 0.00207, EPS: 0.5770000000000001
Epoch: 47, Train Loss: 0.00139, Valid Loss: 0.00206, EPS: 0.5680000000000001
Epoch: 48, Train Loss: 0.00138, Valid Loss: 0.00204, EPS: 0.559
Epoch: 49, Train Loss: 0.00136, Valid Loss: 0.00203, EPS: 0.55
Epoch: 50, Train Loss: 0.00134, Valid Loss: 0.00202, EPS: 0.541
Epoch: 51, Train Loss: 0.00134, Valid Loss: 0.00202, EPS: 0.532
Epoch: 52, Train Loss: 0.00133, Valid Loss: 0.00201, EPS: 0.523
Epoch: 53, Train Loss: 0.00132, Valid Loss: 0.00202, EPS: 0.514
Epoch: 54, Train Loss: 0.00132, Valid Loss: 0.00201, EPS: 0.505
Epoch: 55, Train Loss: 0.00131, Valid Loss: 0.00200, EPS: 0.496
Epoch: 56, Train Loss: 0.00131, Valid Loss: 0.00200, EPS: 0.4870000000000001
Epoch: 57, Train Loss: 0.00130, Valid Loss: 0.00200, EPS: 0.4780000000000001
Epoch: 58, Train Loss: 0.00130, Valid Loss: 0.00201, EPS: 0.4690000000000001
Epoch: 59, Train Loss: 0.00130, Valid Loss: 0.00200, EPS: 0.4600000000000001
Epoch: 60, Train Loss: 0.00130, Valid Loss: 0.00200, EPS: 0.45100000000000007
Epoch: 61, Train Loss: 0.00129, Valid Loss: 0.00201, EPS: 0.44200000000000006
Epoch: 62, Train Loss: 0.00129, Valid Loss: 0.00200, EPS: 0.43300000000000005
Epoch: 63, Train Loss: 0.00129, Valid Loss: 0.00201, EPS: 0.42400000000000004
Epoch: 64, Train Loss: 0.00129, Valid Loss: 0.00200, EPS: 0.41500000000000004
Epoch: 65, Train Loss: 0.00128, Valid Loss: 0.00200, EPS: 0.406
Epoch: 66, Train Loss: 0.00128, Valid Loss: 0.00201, EPS: 0.397
Epoch: 67, Train Loss: 0.00128, Valid Loss: 0.00200, EPS: 0.388
Epoch: 68, Train Loss: 0.00128, Valid Loss: 0.00201, EPS: 0.3790000000000001
Epoch: 69, Train Loss: 0.00126, Valid Loss: 0.00200, EPS: 0.3700000000000001
Epoch: 70, Train Loss: 0.00126, Valid Loss: 0.00200, EPS: 0.3610000000000001
Epoch: 71, Train Loss: 0.00126, Valid Loss: 0.00201, EPS: 0.3520000000000001
Epoch: 72, Train Loss: 0.00126, Valid Loss: 0.00200, EPS: 0.343
Epoch: 73, Train Loss: 0.00126, Valid Loss: 0.00201, EPS: 0.334
Epoch: 74, Train Loss: 0.00126, Valid Loss: 0.00200, EPS: 0.325
Epoch: 75, Train Loss: 0.00126, Valid Loss: 0.00200, EPS: 0.316
Epoch: 76, Train Loss: 0.00126, Valid Loss: 0.00200, EPS: 0.307
Epoch: 77, Train Loss: 0.00126, Valid Loss: 0.00200, EPS: 0.298
Epoch: 78, Train Loss: 0.00126, Valid Loss: 0.00200, EPS: 0.289
Epoch: 79, Train Loss: 0.00126, Valid Loss: 0.00200, EPS: 0.27999999999999997
Epoch: 80, Train Loss: 0.00126, Valid Loss: 0.00200, EPS: 0.27099999999999996
Epoch: 81, Train Loss: 0.00125, Valid Loss: 0.00200, EPS: 0.26200000000000007
Epoch: 82, Train Loss: 0.00126, Valid Loss: 0.00200, EPS: 0.25300000000000006
Epoch: 83, Train Loss: 0.00125, Valid Loss: 0.00200, EPS: 0.24400000000000005
Epoch: 84, Train Loss: 0.00125, Valid Loss: 0.00200, EPS: 0.23500000000000004
Epoch: 85, Train Loss: 0.00125, Valid Loss: 0.00200, EPS: 0.22600000000000003
Epoch: 86, Train Loss: 0.00125, Valid Loss: 0.00200, EPS: 0.21700000000000003
Epoch: 87, Train Loss: 0.00125, Valid Loss: 0.00200, EPS: 0.20800000000000002
Epoch: 88, Train Loss: 0.00125, Valid Loss: 0.00200, EPS: 0.199
Epoch: 89, Train Loss: 0.00125, Valid Loss: 0.00200, EPS: 0.19
Epoch: 90, Train Loss: 0.00125, Valid Loss: 0.00200, EPS: 0.181
Epoch: 91, Train Loss: 0.00125, Valid Loss: 0.00200, EPS: 0.172
Epoch: 92, Train Loss: 0.00125, Valid Loss: 0.00200, EPS: 0.16299999999999998
Epoch: 93, Train Loss: 0.00125, Valid Loss: 0.00200, EPS: 0.15400000000000005
Epoch: 94, Train Loss: 0.00125, Valid Loss: 0.00200, EPS: 0.14500000000000005
Epoch: 95, Train Loss: 0.00125, Valid Loss: 0.00200, EPS: 0.13600000000000004
Epoch: 96, Train Loss: 0.00125, Valid Loss: 0.00200, EPS: 0.12700000000000003
Epoch: 97, Train Loss: 0.00124, Valid Loss: 0.00200, EPS: 0.11800000000000002
Epoch: 98, Train Loss: 0.00124, Valid Loss: 0.00200, EPS: 0.10900000000000001
Epoch: 99, Train Loss: 0.00124, Valid Loss: 0.00200, EPS: 0.1
Test Loss: 0.00200
Test Loss: 0.00202
Running context window: 5 with stride: 5 with seed: 42
Shape: (5, 144, 72)
Epoch: 0, Train Loss: 0.00425, Valid Loss: 0.00298, EPS: 0.991
Epoch: 1, Train Loss: 0.00269, Valid Loss: 0.00259, EPS: 0.982
Epoch: 2, Train Loss: 0.00232, Valid Loss: 0.00235, EPS: 0.973
Epoch: 3, Train Loss: 0.00213, Valid Loss: 0.00225, EPS: 0.964
Epoch: 4, Train Loss: 0.00205, Valid Loss: 0.00220, EPS: 0.955
Epoch: 5, Train Loss: 0.00200, Valid Loss: 0.00219, EPS: 0.946
Epoch: 6, Train Loss: 0.00198, Valid Loss: 0.00218, EPS: 0.9369999999999999
Epoch: 7, Train Loss: 0.00196, Valid Loss: 0.00218, EPS: 0.928
Epoch: 8, Train Loss: 0.00195, Valid Loss: 0.00216, EPS: 0.919
Epoch: 9, Train Loss: 0.00195, Valid Loss: 0.00216, EPS: 0.91
Epoch: 10, Train Loss: 0.00194, Valid Loss: 0.00213, EPS: 0.901
Epoch: 11, Train Loss: 0.00193, Valid Loss: 0.00214, EPS: 0.892
Epoch: 12, Train Loss: 0.00193, Valid Loss: 0.00214, EPS: 0.883
Epoch: 13, Train Loss: 0.00191, Valid Loss: 0.00214, EPS: 0.874
Epoch: 14, Train Loss: 0.00192, Valid Loss: 0.00213, EPS: 0.865
Epoch: 15, Train Loss: 0.00191, Valid Loss: 0.00214, EPS: 0.856
Epoch: 16, Train Loss: 0.00191, Valid Loss: 0.00214, EPS: 0.847
Epoch: 17, Train Loss: 0.00191, Valid Loss: 0.00214, EPS: 0.8380000000000001
Epoch: 18, Train Loss: 0.00190, Valid Loss: 0.00211, EPS: 0.8290000000000001
Epoch: 19, Train Loss: 0.00188, Valid Loss: 0.00210, EPS: 0.8200000000000001
Epoch: 20, Train Loss: 0.00187, Valid Loss: 0.00212, EPS: 0.811
Epoch: 21, Train Loss: 0.00186, Valid Loss: 0.00209, EPS: 0.802
Epoch: 22, Train Loss: 0.00186, Valid Loss: 0.00210, EPS: 0.793
Epoch: 23, Train Loss: 0.00186, Valid Loss: 0.00211, EPS: 0.784
Epoch: 24, Train Loss: 0.00186, Valid Loss: 0.00211, EPS: 0.775
Epoch: 25, Train Loss: 0.00186, Valid Loss: 0.00211, EPS: 0.766
Epoch: 26, Train Loss: 0.00186, Valid Loss: 0.00210, EPS: 0.757
Epoch: 27, Train Loss: 0.00185, Valid Loss: 0.00211, EPS: 0.748
Epoch: 28, Train Loss: 0.00185, Valid Loss: 0.00210, EPS: 0.739
Epoch: 29, Train Loss: 0.00186, Valid Loss: 0.00209, EPS: 0.73
Epoch: 30, Train Loss: 0.00186, Valid Loss: 0.00210, EPS: 0.721
Epoch: 31, Train Loss: 0.00186, Valid Loss: 0.00210, EPS: 0.712
Epoch: 32, Train Loss: 0.00186, Valid Loss: 0.00209, EPS: 0.703
Epoch: 33, Train Loss: 0.00184, Valid Loss: 0.00208, EPS: 0.694
Epoch: 34, Train Loss: 0.00185, Valid Loss: 0.00211, EPS: 0.685
Epoch: 35, Train Loss: 0.00186, Valid Loss: 0.00211, EPS: 0.676
Epoch: 36, Train Loss: 0.00185, Valid Loss: 0.00208, EPS: 0.667
Epoch: 37, Train Loss: 0.00184, Valid Loss: 0.00210, EPS: 0.658
Epoch: 38, Train Loss: 0.00185, Valid Loss: 0.00210, EPS: 0.649
Epoch: 39, Train Loss: 0.00184, Valid Loss: 0.00210, EPS: 0.64
Epoch: 40, Train Loss: 0.00185, Valid Loss: 0.00209, EPS: 0.6310000000000001
Epoch: 41, Train Loss: 0.00185, Valid Loss: 0.00210, EPS: 0.6220000000000001
Epoch: 42, Train Loss: 0.00185, Valid Loss: 0.00210, EPS: 0.6130000000000001
Epoch: 43, Train Loss: 0.00185, Valid Loss: 0.00209, EPS: 0.6040000000000001
Epoch: 44, Train Loss: 0.00184, Valid Loss: 0.00209, EPS: 0.5950000000000001
Epoch: 45, Train Loss: 0.00172, Valid Loss: 0.00204, EPS: 0.5860000000000001
Epoch: 46, Train Loss: 0.00167, Valid Loss: 0.00200, EPS: 0.5770000000000001
Epoch: 47, Train Loss: 0.00164, Valid Loss: 0.00199, EPS: 0.5680000000000001
Epoch: 48, Train Loss: 0.00162, Valid Loss: 0.00199, EPS: 0.559
Epoch: 49, Train Loss: 0.00161, Valid Loss: 0.00198, EPS: 0.55
Epoch: 50, Train Loss: 0.00161, Valid Loss: 0.00198, EPS: 0.541
Epoch: 51, Train Loss: 0.00160, Valid Loss: 0.00198, EPS: 0.532
Epoch: 52, Train Loss: 0.00160, Valid Loss: 0.00198, EPS: 0.523
Epoch: 53, Train Loss: 0.00160, Valid Loss: 0.00198, EPS: 0.514
Epoch: 54, Train Loss: 0.00160, Valid Loss: 0.00198, EPS: 0.505
Epoch: 55, Train Loss: 0.00159, Valid Loss: 0.00198, EPS: 0.496
Epoch: 56, Train Loss: 0.00159, Valid Loss: 0.00197, EPS: 0.4870000000000001
Epoch: 57, Train Loss: 0.00159, Valid Loss: 0.00198, EPS: 0.4780000000000001
Epoch: 58, Train Loss: 0.00159, Valid Loss: 0.00198, EPS: 0.4690000000000001
Epoch: 59, Train Loss: 0.00159, Valid Loss: 0.00198, EPS: 0.4600000000000001
Epoch: 60, Train Loss: 0.00158, Valid Loss: 0.00197, EPS: 0.45100000000000007
Epoch: 61, Train Loss: 0.00158, Valid Loss: 0.00198, EPS: 0.44200000000000006
Epoch: 62, Train Loss: 0.00158, Valid Loss: 0.00197, EPS: 0.43300000000000005
Epoch: 63, Train Loss: 0.00158, Valid Loss: 0.00197, EPS: 0.42400000000000004
Epoch: 64, Train Loss: 0.00158, Valid Loss: 0.00197, EPS: 0.41500000000000004
Epoch: 65, Train Loss: 0.00158, Valid Loss: 0.00197, EPS: 0.406
Epoch: 66, Train Loss: 0.00158, Valid Loss: 0.00198, EPS: 0.397
Epoch: 67, Train Loss: 0.00158, Valid Loss: 0.00197, EPS: 0.388
Epoch: 68, Train Loss: 0.00158, Valid Loss: 0.00197, EPS: 0.3790000000000001
Epoch: 69, Train Loss: 0.00158, Valid Loss: 0.00197, EPS: 0.3700000000000001
Epoch: 70, Train Loss: 0.00158, Valid Loss: 0.00197, EPS: 0.3610000000000001
Epoch: 71, Train Loss: 0.00158, Valid Loss: 0.00197, EPS: 0.3520000000000001
Epoch: 72, Train Loss: 0.00156, Valid Loss: 0.00197, EPS: 0.343
Epoch: 73, Train Loss: 0.00155, Valid Loss: 0.00196, EPS: 0.334
Epoch: 74, Train Loss: 0.00155, Valid Loss: 0.00197, EPS: 0.325
Epoch: 75, Train Loss: 0.00155, Valid Loss: 0.00196, EPS: 0.316
Epoch: 76, Train Loss: 0.00155, Valid Loss: 0.00196, EPS: 0.307
Epoch: 77, Train Loss: 0.00155, Valid Loss: 0.00196, EPS: 0.298
Epoch: 78, Train Loss: 0.00155, Valid Loss: 0.00197, EPS: 0.289
Epoch: 79, Train Loss: 0.00155, Valid Loss: 0.00196, EPS: 0.27999999999999997
Epoch: 80, Train Loss: 0.00155, Valid Loss: 0.00196, EPS: 0.27099999999999996
Epoch: 81, Train Loss: 0.00154, Valid Loss: 0.00196, EPS: 0.26200000000000007
Epoch: 82, Train Loss: 0.00154, Valid Loss: 0.00196, EPS: 0.25300000000000006
Epoch: 83, Train Loss: 0.00154, Valid Loss: 0.00196, EPS: 0.24400000000000005
Epoch: 84, Train Loss: 0.00154, Valid Loss: 0.00196, EPS: 0.23500000000000004
Epoch: 85, Train Loss: 0.00154, Valid Loss: 0.00196, EPS: 0.22600000000000003
Epoch: 86, Train Loss: 0.00154, Valid Loss: 0.00196, EPS: 0.21700000000000003
Epoch: 87, Train Loss: 0.00154, Valid Loss: 0.00196, EPS: 0.20800000000000002
Epoch: 88, Train Loss: 0.00154, Valid Loss: 0.00196, EPS: 0.199
Epoch: 89, Train Loss: 0.00154, Valid Loss: 0.00196, EPS: 0.19
Epoch: 90, Train Loss: 0.00154, Valid Loss: 0.00196, EPS: 0.181
Epoch: 91, Train Loss: 0.00154, Valid Loss: 0.00196, EPS: 0.172
Epoch: 92, Train Loss: 0.00154, Valid Loss: 0.00196, EPS: 0.16299999999999998
Epoch: 93, Train Loss: 0.00154, Valid Loss: 0.00196, EPS: 0.15400000000000005
Epoch: 94, Train Loss: 0.00154, Valid Loss: 0.00196, EPS: 0.14500000000000005
Epoch: 95, Train Loss: 0.00154, Valid Loss: 0.00196, EPS: 0.13600000000000004
Epoch: 96, Train Loss: 0.00154, Valid Loss: 0.00196, EPS: 0.12700000000000003
Epoch: 97, Train Loss: 0.00154, Valid Loss: 0.00196, EPS: 0.11800000000000002
Epoch: 98, Train Loss: 0.00154, Valid Loss: 0.00195, EPS: 0.10900000000000001
Epoch: 99, Train Loss: 0.00154, Valid Loss: 0.00196, EPS: 0.1
Test Loss: 0.00196
Test Loss: 0.00196
Running context window: 5 with stride: 10 with seed: 42
Shape: (5, 144, 72)
Epoch: 0, Train Loss: 0.00528, Valid Loss: 0.00364, EPS: 0.991
Epoch: 1, Train Loss: 0.00329, Valid Loss: 0.00303, EPS: 0.982
Epoch: 2, Train Loss: 0.00275, Valid Loss: 0.00276, EPS: 0.973
Epoch: 3, Train Loss: 0.00241, Valid Loss: 0.00258, EPS: 0.964
Epoch: 4, Train Loss: 0.00221, Valid Loss: 0.00245, EPS: 0.955
Epoch: 5, Train Loss: 0.00205, Valid Loss: 0.00236, EPS: 0.946
Epoch: 6, Train Loss: 0.00193, Valid Loss: 0.00231, EPS: 0.9369999999999999
Epoch: 7, Train Loss: 0.00187, Valid Loss: 0.00226, EPS: 0.928
Epoch: 8, Train Loss: 0.00181, Valid Loss: 0.00225, EPS: 0.919
Epoch: 9, Train Loss: 0.00178, Valid Loss: 0.00223, EPS: 0.91
Epoch: 10, Train Loss: 0.00175, Valid Loss: 0.00220, EPS: 0.901
Epoch: 11, Train Loss: 0.00171, Valid Loss: 0.00218, EPS: 0.892
Epoch: 12, Train Loss: 0.00170, Valid Loss: 0.00218, EPS: 0.883
Epoch: 13, Train Loss: 0.00168, Valid Loss: 0.00217, EPS: 0.874
Epoch: 14, Train Loss: 0.00165, Valid Loss: 0.00216, EPS: 0.865
Epoch: 15, Train Loss: 0.00166, Valid Loss: 0.00218, EPS: 0.856
Epoch: 16, Train Loss: 0.00167, Valid Loss: 0.00216, EPS: 0.847
Epoch: 17, Train Loss: 0.00166, Valid Loss: 0.00218, EPS: 0.8380000000000001
Epoch: 18, Train Loss: 0.00166, Valid Loss: 0.00216, EPS: 0.8290000000000001
Epoch: 19, Train Loss: 0.00166, Valid Loss: 0.00217, EPS: 0.8200000000000001
Epoch: 20, Train Loss: 0.00166, Valid Loss: 0.00217, EPS: 0.811
Epoch: 21, Train Loss: 0.00165, Valid Loss: 0.00216, EPS: 0.802
Epoch: 22, Train Loss: 0.00165, Valid Loss: 0.00218, EPS: 0.793
Epoch: 23, Train Loss: 0.00163, Valid Loss: 0.00214, EPS: 0.784
Epoch: 24, Train Loss: 0.00162, Valid Loss: 0.00215, EPS: 0.775
Epoch: 25, Train Loss: 0.00163, Valid Loss: 0.00217, EPS: 0.766
Epoch: 26, Train Loss: 0.00162, Valid Loss: 0.00215, EPS: 0.757
Epoch: 27, Train Loss: 0.00161, Valid Loss: 0.00216, EPS: 0.748
Epoch: 28, Train Loss: 0.00162, Valid Loss: 0.00215, EPS: 0.739
Epoch: 29, Train Loss: 0.00162, Valid Loss: 0.00216, EPS: 0.73
Epoch: 30, Train Loss: 0.00161, Valid Loss: 0.00214, EPS: 0.721
Epoch: 31, Train Loss: 0.00161, Valid Loss: 0.00215, EPS: 0.712
Epoch: 32, Train Loss: 0.00160, Valid Loss: 0.00215, EPS: 0.703
Epoch: 33, Train Loss: 0.00161, Valid Loss: 0.00216, EPS: 0.694
Epoch: 34, Train Loss: 0.00160, Valid Loss: 0.00214, EPS: 0.685
Epoch: 35, Train Loss: 0.00160, Valid Loss: 0.00214, EPS: 0.676
Epoch: 36, Train Loss: 0.00158, Valid Loss: 0.00212, EPS: 0.667
Epoch: 37, Train Loss: 0.00157, Valid Loss: 0.00212, EPS: 0.658
Epoch: 38, Train Loss: 0.00157, Valid Loss: 0.00213, EPS: 0.649
Epoch: 39, Train Loss: 0.00156, Valid Loss: 0.00212, EPS: 0.64
Epoch: 40, Train Loss: 0.00156, Valid Loss: 0.00212, EPS: 0.6310000000000001
Epoch: 41, Train Loss: 0.00154, Valid Loss: 0.00212, EPS: 0.6220000000000001
Epoch: 42, Train Loss: 0.00157, Valid Loss: 0.00212, EPS: 0.6130000000000001
Epoch: 43, Train Loss: 0.00156, Valid Loss: 0.00212, EPS: 0.6040000000000001
Epoch: 44, Train Loss: 0.00155, Valid Loss: 0.00212, EPS: 0.5950000000000001
Epoch: 45, Train Loss: 0.00155, Valid Loss: 0.00212, EPS: 0.5860000000000001
Epoch: 46, Train Loss: 0.00154, Valid Loss: 0.00211, EPS: 0.5770000000000001
Epoch: 47, Train Loss: 0.00153, Valid Loss: 0.00213, EPS: 0.5680000000000001
Epoch: 48, Train Loss: 0.00155, Valid Loss: 0.00213, EPS: 0.559
Epoch: 49, Train Loss: 0.00154, Valid Loss: 0.00213, EPS: 0.55
Epoch: 50, Train Loss: 0.00155, Valid Loss: 0.00212, EPS: 0.541
Epoch: 51, Train Loss: 0.00155, Valid Loss: 0.00213, EPS: 0.532
Epoch: 52, Train Loss: 0.00155, Valid Loss: 0.00212, EPS: 0.523
Epoch: 53, Train Loss: 0.00155, Valid Loss: 0.00212, EPS: 0.514
Epoch: 54, Train Loss: 0.00157, Valid Loss: 0.00212, EPS: 0.505
Epoch: 55, Train Loss: 0.00156, Valid Loss: 0.00212, EPS: 0.496
Epoch: 56, Train Loss: 0.00154, Valid Loss: 0.00213, EPS: 0.4870000000000001
Epoch: 57, Train Loss: 0.00156, Valid Loss: 0.00211, EPS: 0.4780000000000001
Epoch: 58, Train Loss: 0.00146, Valid Loss: 0.00210, EPS: 0.4690000000000001
Epoch: 59, Train Loss: 0.00142, Valid Loss: 0.00206, EPS: 0.4600000000000001
Epoch: 60, Train Loss: 0.00138, Valid Loss: 0.00205, EPS: 0.45100000000000007
Epoch: 61, Train Loss: 0.00136, Valid Loss: 0.00203, EPS: 0.44200000000000006
Epoch: 62, Train Loss: 0.00135, Valid Loss: 0.00204, EPS: 0.43300000000000005
Epoch: 63, Train Loss: 0.00134, Valid Loss: 0.00202, EPS: 0.42400000000000004
Epoch: 64, Train Loss: 0.00133, Valid Loss: 0.00202, EPS: 0.41500000000000004
Epoch: 65, Train Loss: 0.00132, Valid Loss: 0.00201, EPS: 0.406
Epoch: 66, Train Loss: 0.00132, Valid Loss: 0.00202, EPS: 0.397
Epoch: 67, Train Loss: 0.00131, Valid Loss: 0.00202, EPS: 0.388
Epoch: 68, Train Loss: 0.00131, Valid Loss: 0.00202, EPS: 0.3790000000000001
Epoch: 69, Train Loss: 0.00131, Valid Loss: 0.00201, EPS: 0.3700000000000001
Epoch: 70, Train Loss: 0.00130, Valid Loss: 0.00201, EPS: 0.3610000000000001
Epoch: 71, Train Loss: 0.00130, Valid Loss: 0.00201, EPS: 0.3520000000000001
Epoch: 72, Train Loss: 0.00129, Valid Loss: 0.00201, EPS: 0.343
Epoch: 73, Train Loss: 0.00129, Valid Loss: 0.00201, EPS: 0.334
Epoch: 74, Train Loss: 0.00130, Valid Loss: 0.00201, EPS: 0.325
Epoch: 75, Train Loss: 0.00129, Valid Loss: 0.00201, EPS: 0.316
Epoch: 76, Train Loss: 0.00129, Valid Loss: 0.00201, EPS: 0.307
Epoch: 77, Train Loss: 0.00128, Valid Loss: 0.00201, EPS: 0.298
Epoch: 78, Train Loss: 0.00128, Valid Loss: 0.00201, EPS: 0.289
Epoch: 79, Train Loss: 0.00128, Valid Loss: 0.00201, EPS: 0.27999999999999997
Epoch: 80, Train Loss: 0.00128, Valid Loss: 0.00201, EPS: 0.27099999999999996
Epoch: 81, Train Loss: 0.00127, Valid Loss: 0.00201, EPS: 0.26200000000000007
Epoch: 82, Train Loss: 0.00127, Valid Loss: 0.00201, EPS: 0.25300000000000006
Epoch: 83, Train Loss: 0.00126, Valid Loss: 0.00201, EPS: 0.24400000000000005
Epoch: 84, Train Loss: 0.00127, Valid Loss: 0.00201, EPS: 0.23500000000000004
Epoch: 85, Train Loss: 0.00126, Valid Loss: 0.00201, EPS: 0.22600000000000003
Epoch: 86, Train Loss: 0.00126, Valid Loss: 0.00201, EPS: 0.21700000000000003
Epoch: 87, Train Loss: 0.00126, Valid Loss: 0.00200, EPS: 0.20800000000000002
Epoch: 88, Train Loss: 0.00126, Valid Loss: 0.00201, EPS: 0.199
Epoch: 89, Train Loss: 0.00125, Valid Loss: 0.00201, EPS: 0.19
Epoch: 90, Train Loss: 0.00125, Valid Loss: 0.00201, EPS: 0.181
Epoch: 91, Train Loss: 0.00125, Valid Loss: 0.00201, EPS: 0.172
Epoch: 92, Train Loss: 0.00124, Valid Loss: 0.00201, EPS: 0.16299999999999998
Epoch: 93, Train Loss: 0.00123, Valid Loss: 0.00201, EPS: 0.15400000000000005
Epoch: 94, Train Loss: 0.00122, Valid Loss: 0.00201, EPS: 0.14500000000000005
Epoch: 95, Train Loss: 0.00121, Valid Loss: 0.00201, EPS: 0.13600000000000004
Epoch: 96, Train Loss: 0.00120, Valid Loss: 0.00202, EPS: 0.12700000000000003
Epoch: 97, Train Loss: 0.00120, Valid Loss: 0.00203, EPS: 0.11800000000000002
Epoch: 98, Train Loss: 0.00120, Valid Loss: 0.00202, EPS: 0.10900000000000001
Epoch: 99, Train Loss: 0.00117, Valid Loss: 0.00202, EPS: 0.1
Test Loss: 0.00201
Test Loss: 0.00205
Running context window: 5 with stride: 5 with seed: 123
Shape: (5, 144, 72)
Epoch: 0, Train Loss: 0.00449, Valid Loss: 0.00302, EPS: 0.991
Epoch: 1, Train Loss: 0.00278, Valid Loss: 0.00264, EPS: 0.982
Epoch: 2, Train Loss: 0.00239, Valid Loss: 0.00243, EPS: 0.973
Epoch: 3, Train Loss: 0.00217, Valid Loss: 0.00228, EPS: 0.964
Epoch: 4, Train Loss: 0.00206, Valid Loss: 0.00222, EPS: 0.955
Epoch: 5, Train Loss: 0.00201, Valid Loss: 0.00220, EPS: 0.946
Epoch: 6, Train Loss: 0.00197, Valid Loss: 0.00218, EPS: 0.9369999999999999
Epoch: 7, Train Loss: 0.00195, Valid Loss: 0.00215, EPS: 0.928
Epoch: 8, Train Loss: 0.00194, Valid Loss: 0.00215, EPS: 0.919
Epoch: 9, Train Loss: 0.00193, Valid Loss: 0.00214, EPS: 0.91
Epoch: 10, Train Loss: 0.00192, Valid Loss: 0.00214, EPS: 0.901
Epoch: 11, Train Loss: 0.00192, Valid Loss: 0.00214, EPS: 0.892
Epoch: 12, Train Loss: 0.00192, Valid Loss: 0.00214, EPS: 0.883
Epoch: 13, Train Loss: 0.00191, Valid Loss: 0.00213, EPS: 0.874
Epoch: 14, Train Loss: 0.00191, Valid Loss: 0.00215, EPS: 0.865
Epoch: 15, Train Loss: 0.00189, Valid Loss: 0.00212, EPS: 0.856
Epoch: 16, Train Loss: 0.00190, Valid Loss: 0.00212, EPS: 0.847
Epoch: 17, Train Loss: 0.00189, Valid Loss: 0.00212, EPS: 0.8380000000000001
Epoch: 18, Train Loss: 0.00188, Valid Loss: 0.00211, EPS: 0.8290000000000001
Epoch: 19, Train Loss: 0.00188, Valid Loss: 0.00211, EPS: 0.8200000000000001
Epoch: 20, Train Loss: 0.00188, Valid Loss: 0.00213, EPS: 0.811
Epoch: 21, Train Loss: 0.00187, Valid Loss: 0.00210, EPS: 0.802
Epoch: 22, Train Loss: 0.00188, Valid Loss: 0.00211, EPS: 0.793
Epoch: 23, Train Loss: 0.00187, Valid Loss: 0.00211, EPS: 0.784
Epoch: 24, Train Loss: 0.00186, Valid Loss: 0.00211, EPS: 0.775
Epoch: 25, Train Loss: 0.00187, Valid Loss: 0.00211, EPS: 0.766
Epoch: 26, Train Loss: 0.00186, Valid Loss: 0.00211, EPS: 0.757
Epoch: 27, Train Loss: 0.00187, Valid Loss: 0.00210, EPS: 0.748
Epoch: 28, Train Loss: 0.00186, Valid Loss: 0.00210, EPS: 0.739
Epoch: 29, Train Loss: 0.00185, Valid Loss: 0.00210, EPS: 0.73
Epoch: 30, Train Loss: 0.00185, Valid Loss: 0.00209, EPS: 0.721
Epoch: 31, Train Loss: 0.00185, Valid Loss: 0.00208, EPS: 0.712
Epoch: 32, Train Loss: 0.00185, Valid Loss: 0.00211, EPS: 0.703
Epoch: 33, Train Loss: 0.00185, Valid Loss: 0.00210, EPS: 0.694
Epoch: 34, Train Loss: 0.00185, Valid Loss: 0.00208, EPS: 0.685
Epoch: 35, Train Loss: 0.00185, Valid Loss: 0.00209, EPS: 0.676
Epoch: 36, Train Loss: 0.00185, Valid Loss: 0.00209, EPS: 0.667
Epoch: 37, Train Loss: 0.00185, Valid Loss: 0.00209, EPS: 0.658
Epoch: 38, Train Loss: 0.00185, Valid Loss: 0.00211, EPS: 0.649
Epoch: 39, Train Loss: 0.00184, Valid Loss: 0.00210, EPS: 0.64
Epoch: 40, Train Loss: 0.00184, Valid Loss: 0.00210, EPS: 0.6310000000000001
Epoch: 41, Train Loss: 0.00185, Valid Loss: 0.00210, EPS: 0.6220000000000001
Epoch: 42, Train Loss: 0.00185, Valid Loss: 0.00210, EPS: 0.6130000000000001
Epoch: 43, Train Loss: 0.00173, Valid Loss: 0.00205, EPS: 0.6040000000000001
Epoch: 44, Train Loss: 0.00168, Valid Loss: 0.00202, EPS: 0.5950000000000001
Epoch: 45, Train Loss: 0.00164, Valid Loss: 0.00199, EPS: 0.5860000000000001
Epoch: 46, Train Loss: 0.00163, Valid Loss: 0.00199, EPS: 0.5770000000000001
Epoch: 47, Train Loss: 0.00162, Valid Loss: 0.00198, EPS: 0.5680000000000001
Epoch: 48, Train Loss: 0.00161, Valid Loss: 0.00198, EPS: 0.559
Epoch: 49, Train Loss: 0.00160, Valid Loss: 0.00198, EPS: 0.55
Epoch: 50, Train Loss: 0.00160, Valid Loss: 0.00197, EPS: 0.541
Epoch: 51, Train Loss: 0.00160, Valid Loss: 0.00197, EPS: 0.532
Epoch: 52, Train Loss: 0.00159, Valid Loss: 0.00197, EPS: 0.523
Epoch: 53, Train Loss: 0.00159, Valid Loss: 0.00197, EPS: 0.514
Epoch: 54, Train Loss: 0.00159, Valid Loss: 0.00197, EPS: 0.505
Epoch: 55, Train Loss: 0.00158, Valid Loss: 0.00197, EPS: 0.496
Epoch: 56, Train Loss: 0.00158, Valid Loss: 0.00197, EPS: 0.4870000000000001
Epoch: 57, Train Loss: 0.00158, Valid Loss: 0.00197, EPS: 0.4780000000000001
Epoch: 58, Train Loss: 0.00158, Valid Loss: 0.00196, EPS: 0.4690000000000001
Epoch: 59, Train Loss: 0.00158, Valid Loss: 0.00196, EPS: 0.4600000000000001
Epoch: 60, Train Loss: 0.00157, Valid Loss: 0.00197, EPS: 0.45100000000000007
Epoch: 61, Train Loss: 0.00158, Valid Loss: 0.00196, EPS: 0.44200000000000006
Epoch: 62, Train Loss: 0.00157, Valid Loss: 0.00196, EPS: 0.43300000000000005
Epoch: 63, Train Loss: 0.00157, Valid Loss: 0.00196, EPS: 0.42400000000000004
Epoch: 64, Train Loss: 0.00157, Valid Loss: 0.00196, EPS: 0.41500000000000004
Epoch: 65, Train Loss: 0.00157, Valid Loss: 0.00196, EPS: 0.406
Epoch: 66, Train Loss: 0.00157, Valid Loss: 0.00196, EPS: 0.397
Epoch: 67, Train Loss: 0.00157, Valid Loss: 0.00196, EPS: 0.388
Epoch: 68, Train Loss: 0.00156, Valid Loss: 0.00196, EPS: 0.3790000000000001
Epoch: 69, Train Loss: 0.00156, Valid Loss: 0.00196, EPS: 0.3700000000000001
Epoch: 70, Train Loss: 0.00156, Valid Loss: 0.00196, EPS: 0.3610000000000001
Epoch: 71, Train Loss: 0.00155, Valid Loss: 0.00196, EPS: 0.3520000000000001
Epoch: 72, Train Loss: 0.00155, Valid Loss: 0.00196, EPS: 0.343
Epoch: 73, Train Loss: 0.00154, Valid Loss: 0.00195, EPS: 0.334
Epoch: 74, Train Loss: 0.00154, Valid Loss: 0.00195, EPS: 0.325
Epoch: 75, Train Loss: 0.00153, Valid Loss: 0.00194, EPS: 0.316
Epoch: 76, Train Loss: 0.00152, Valid Loss: 0.00196, EPS: 0.307
Epoch: 77, Train Loss: 0.00152, Valid Loss: 0.00194, EPS: 0.298
Epoch: 78, Train Loss: 0.00152, Valid Loss: 0.00194, EPS: 0.289
Epoch: 79, Train Loss: 0.00151, Valid Loss: 0.00194, EPS: 0.27999999999999997
Epoch: 80, Train Loss: 0.00150, Valid Loss: 0.00194, EPS: 0.27099999999999996
Epoch: 81, Train Loss: 0.00150, Valid Loss: 0.00194, EPS: 0.26200000000000007
Epoch: 82, Train Loss: 0.00150, Valid Loss: 0.00194, EPS: 0.25300000000000006
Epoch: 83, Train Loss: 0.00150, Valid Loss: 0.00195, EPS: 0.24400000000000005
Epoch: 84, Train Loss: 0.00150, Valid Loss: 0.00195, EPS: 0.23500000000000004
Epoch: 85, Train Loss: 0.00149, Valid Loss: 0.00195, EPS: 0.22600000000000003
Epoch: 86, Train Loss: 0.00149, Valid Loss: 0.00194, EPS: 0.21700000000000003
Epoch: 87, Train Loss: 0.00149, Valid Loss: 0.00195, EPS: 0.20800000000000002
Epoch: 88, Train Loss: 0.00148, Valid Loss: 0.00194, EPS: 0.199
Epoch: 89, Train Loss: 0.00148, Valid Loss: 0.00194, EPS: 0.19
Epoch: 90, Train Loss: 0.00148, Valid Loss: 0.00194, EPS: 0.181
Epoch: 91, Train Loss: 0.00148, Valid Loss: 0.00194, EPS: 0.172
Epoch: 92, Train Loss: 0.00148, Valid Loss: 0.00194, EPS: 0.16299999999999998
Epoch: 93, Train Loss: 0.00148, Valid Loss: 0.00194, EPS: 0.15400000000000005
Epoch: 94, Train Loss: 0.00148, Valid Loss: 0.00194, EPS: 0.14500000000000005
Epoch: 95, Train Loss: 0.00148, Valid Loss: 0.00194, EPS: 0.13600000000000004
Epoch: 96, Train Loss: 0.00148, Valid Loss: 0.00194, EPS: 0.12700000000000003
Epoch: 97, Train Loss: 0.00147, Valid Loss: 0.00194, EPS: 0.11800000000000002
Epoch: 98, Train Loss: 0.00147, Valid Loss: 0.00193, EPS: 0.10900000000000001
Epoch: 99, Train Loss: 0.00146, Valid Loss: 0.00194, EPS: 0.1
Test Loss: 0.00194
Test Loss: 0.00194
Running context window: 5 with stride: 10 with seed: 123
Shape: (5, 144, 72)
Epoch: 0, Train Loss: 0.00512, Valid Loss: 0.00358, EPS: 0.991
Epoch: 1, Train Loss: 0.00325, Valid Loss: 0.00303, EPS: 0.982
Epoch: 2, Train Loss: 0.00274, Valid Loss: 0.00275, EPS: 0.973
Epoch: 3, Train Loss: 0.00240, Valid Loss: 0.00256, EPS: 0.964
Epoch: 4, Train Loss: 0.00218, Valid Loss: 0.00244, EPS: 0.955
Epoch: 5, Train Loss: 0.00204, Valid Loss: 0.00237, EPS: 0.946
Epoch: 6, Train Loss: 0.00194, Valid Loss: 0.00230, EPS: 0.9369999999999999
Epoch: 7, Train Loss: 0.00186, Valid Loss: 0.00227, EPS: 0.928
Epoch: 8, Train Loss: 0.00182, Valid Loss: 0.00224, EPS: 0.919
Epoch: 9, Train Loss: 0.00178, Valid Loss: 0.00222, EPS: 0.91
Epoch: 10, Train Loss: 0.00174, Valid Loss: 0.00220, EPS: 0.901
Epoch: 11, Train Loss: 0.00172, Valid Loss: 0.00220, EPS: 0.892
Epoch: 12, Train Loss: 0.00170, Valid Loss: 0.00217, EPS: 0.883
Epoch: 13, Train Loss: 0.00168, Valid Loss: 0.00219, EPS: 0.874
Epoch: 14, Train Loss: 0.00169, Valid Loss: 0.00218, EPS: 0.865
Epoch: 15, Train Loss: 0.00167, Valid Loss: 0.00219, EPS: 0.856
Epoch: 16, Train Loss: 0.00166, Valid Loss: 0.00216, EPS: 0.847
Epoch: 17, Train Loss: 0.00165, Valid Loss: 0.00215, EPS: 0.8380000000000001
Epoch: 18, Train Loss: 0.00165, Valid Loss: 0.00216, EPS: 0.8290000000000001
Epoch: 19, Train Loss: 0.00164, Valid Loss: 0.00216, EPS: 0.8200000000000001
Epoch: 20, Train Loss: 0.00163, Valid Loss: 0.00215, EPS: 0.811
Epoch: 21, Train Loss: 0.00164, Valid Loss: 0.00216, EPS: 0.802
Epoch: 22, Train Loss: 0.00163, Valid Loss: 0.00215, EPS: 0.793
Epoch: 23, Train Loss: 0.00162, Valid Loss: 0.00216, EPS: 0.784
Epoch: 24, Train Loss: 0.00163, Valid Loss: 0.00216, EPS: 0.775
Epoch: 25, Train Loss: 0.00162, Valid Loss: 0.00216, EPS: 0.766
Epoch: 26, Train Loss: 0.00161, Valid Loss: 0.00215, EPS: 0.757
Epoch: 27, Train Loss: 0.00162, Valid Loss: 0.00214, EPS: 0.748
Epoch: 28, Train Loss: 0.00162, Valid Loss: 0.00214, EPS: 0.739
Epoch: 29, Train Loss: 0.00160, Valid Loss: 0.00215, EPS: 0.73
Epoch: 30, Train Loss: 0.00160, Valid Loss: 0.00214, EPS: 0.721
Epoch: 31, Train Loss: 0.00160, Valid Loss: 0.00215, EPS: 0.712
Epoch: 32, Train Loss: 0.00158, Valid Loss: 0.00215, EPS: 0.703
Epoch: 33, Train Loss: 0.00158, Valid Loss: 0.00214, EPS: 0.694
Epoch: 34, Train Loss: 0.00159, Valid Loss: 0.00214, EPS: 0.685
Epoch: 35, Train Loss: 0.00158, Valid Loss: 0.00212, EPS: 0.676
Epoch: 36, Train Loss: 0.00158, Valid Loss: 0.00212, EPS: 0.667
Epoch: 37, Train Loss: 0.00158, Valid Loss: 0.00213, EPS: 0.658
Epoch: 38, Train Loss: 0.00157, Valid Loss: 0.00213, EPS: 0.649
Epoch: 39, Train Loss: 0.00159, Valid Loss: 0.00215, EPS: 0.64
Epoch: 40, Train Loss: 0.00158, Valid Loss: 0.00213, EPS: 0.6310000000000001
Epoch: 41, Train Loss: 0.00157, Valid Loss: 0.00215, EPS: 0.6220000000000001
Epoch: 42, Train Loss: 0.00155, Valid Loss: 0.00212, EPS: 0.6130000000000001
Epoch: 43, Train Loss: 0.00158, Valid Loss: 0.00214, EPS: 0.6040000000000001
Epoch: 44, Train Loss: 0.00157, Valid Loss: 0.00213, EPS: 0.5950000000000001
Epoch: 45, Train Loss: 0.00156, Valid Loss: 0.00213, EPS: 0.5860000000000001
Epoch: 46, Train Loss: 0.00157, Valid Loss: 0.00214, EPS: 0.5770000000000001
Epoch: 47, Train Loss: 0.00156, Valid Loss: 0.00213, EPS: 0.5680000000000001
Epoch: 48, Train Loss: 0.00147, Valid Loss: 0.00211, EPS: 0.559
Epoch: 49, Train Loss: 0.00142, Valid Loss: 0.00207, EPS: 0.55
Epoch: 50, Train Loss: 0.00139, Valid Loss: 0.00205, EPS: 0.541
Epoch: 51, Train Loss: 0.00137, Valid Loss: 0.00205, EPS: 0.532
Epoch: 52, Train Loss: 0.00136, Valid Loss: 0.00203, EPS: 0.523
Epoch: 53, Train Loss: 0.00135, Valid Loss: 0.00203, EPS: 0.514
Epoch: 54, Train Loss: 0.00134, Valid Loss: 0.00203, EPS: 0.505
Epoch: 55, Train Loss: 0.00133, Valid Loss: 0.00202, EPS: 0.496
Epoch: 56, Train Loss: 0.00133, Valid Loss: 0.00202, EPS: 0.4870000000000001
Epoch: 57, Train Loss: 0.00132, Valid Loss: 0.00202, EPS: 0.4780000000000001
Epoch: 58, Train Loss: 0.00132, Valid Loss: 0.00202, EPS: 0.4690000000000001
Epoch: 59, Train Loss: 0.00131, Valid Loss: 0.00201, EPS: 0.4600000000000001
Epoch: 60, Train Loss: 0.00131, Valid Loss: 0.00201, EPS: 0.45100000000000007
Epoch: 61, Train Loss: 0.00130, Valid Loss: 0.00201, EPS: 0.44200000000000006
Epoch: 62, Train Loss: 0.00130, Valid Loss: 0.00201, EPS: 0.43300000000000005
Epoch: 63, Train Loss: 0.00130, Valid Loss: 0.00201, EPS: 0.42400000000000004
Epoch: 64, Train Loss: 0.00129, Valid Loss: 0.00201, EPS: 0.41500000000000004
Epoch: 65, Train Loss: 0.00129, Valid Loss: 0.00201, EPS: 0.406
Epoch: 66, Train Loss: 0.00129, Valid Loss: 0.00201, EPS: 0.397
Epoch: 67, Train Loss: 0.00128, Valid Loss: 0.00201, EPS: 0.388
Epoch: 68, Train Loss: 0.00128, Valid Loss: 0.00201, EPS: 0.3790000000000001
Epoch: 69, Train Loss: 0.00128, Valid Loss: 0.00201, EPS: 0.3700000000000001
Epoch: 70, Train Loss: 0.00128, Valid Loss: 0.00200, EPS: 0.3610000000000001
Epoch: 71, Train Loss: 0.00127, Valid Loss: 0.00201, EPS: 0.3520000000000001
Epoch: 72, Train Loss: 0.00127, Valid Loss: 0.00201, EPS: 0.343
Epoch: 73, Train Loss: 0.00126, Valid Loss: 0.00201, EPS: 0.334
Epoch: 74, Train Loss: 0.00126, Valid Loss: 0.00201, EPS: 0.325
Epoch: 75, Train Loss: 0.00125, Valid Loss: 0.00200, EPS: 0.316
Epoch: 76, Train Loss: 0.00125, Valid Loss: 0.00200, EPS: 0.307
Epoch: 77, Train Loss: 0.00125, Valid Loss: 0.00201, EPS: 0.298
Epoch: 78, Train Loss: 0.00125, Valid Loss: 0.00200, EPS: 0.289
Epoch: 79, Train Loss: 0.00123, Valid Loss: 0.00200, EPS: 0.27999999999999997
Epoch: 80, Train Loss: 0.00123, Valid Loss: 0.00201, EPS: 0.27099999999999996
Epoch: 81, Train Loss: 0.00122, Valid Loss: 0.00201, EPS: 0.26200000000000007
Epoch: 82, Train Loss: 0.00121, Valid Loss: 0.00201, EPS: 0.25300000000000006
Epoch: 83, Train Loss: 0.00120, Valid Loss: 0.00202, EPS: 0.24400000000000005
Epoch: 84, Train Loss: 0.00119, Valid Loss: 0.00201, EPS: 0.23500000000000004
Epoch: 85, Train Loss: 0.00118, Valid Loss: 0.00201, EPS: 0.22600000000000003
Epoch: 86, Train Loss: 0.00117, Valid Loss: 0.00203, EPS: 0.21700000000000003
Epoch: 87, Train Loss: 0.00117, Valid Loss: 0.00202, EPS: 0.20800000000000002
Epoch: 88, Train Loss: 0.00117, Valid Loss: 0.00203, EPS: 0.199
Epoch: 89, Train Loss: 0.00116, Valid Loss: 0.00202, EPS: 0.19
Epoch: 90, Train Loss: 0.00115, Valid Loss: 0.00200, EPS: 0.181
Epoch: 91, Train Loss: 0.00112, Valid Loss: 0.00200, EPS: 0.172
Epoch: 92, Train Loss: 0.00113, Valid Loss: 0.00200, EPS: 0.16299999999999998
Epoch: 93, Train Loss: 0.00112, Valid Loss: 0.00201, EPS: 0.15400000000000005
Epoch: 94, Train Loss: 0.00112, Valid Loss: 0.00200, EPS: 0.14500000000000005
Epoch: 95, Train Loss: 0.00111, Valid Loss: 0.00200, EPS: 0.13600000000000004
Epoch: 96, Train Loss: 0.00111, Valid Loss: 0.00200, EPS: 0.12700000000000003
Epoch: 97, Train Loss: 0.00111, Valid Loss: 0.00200, EPS: 0.11800000000000002
Epoch: 98, Train Loss: 0.00111, Valid Loss: 0.00201, EPS: 0.10900000000000001
Epoch: 99, Train Loss: 0.00111, Valid Loss: 0.00201, EPS: 0.1
Test Loss: 0.00200
Test Loss: 0.00204
