Train shape: torch.Size([14031, 5, 64, 32])
Valid shape: torch.Size([4677, 5, 64, 32])
Test shape: torch.Size([4678, 5, 64, 32])
Shape: (5, 144, 72)
Starting Downstream Task
Shape: (5, 144, 72)
Epoch: 0, Train Loss: 0.00170, Valid Loss: 0.00129, EPS: 0.991
Epoch: 1, Train Loss: 0.00125, Valid Loss: 0.00124, EPS: 0.982
Epoch: 2, Train Loss: 0.00122, Valid Loss: 0.00124, EPS: 0.973
Epoch: 3, Train Loss: 0.00121, Valid Loss: 0.00122, EPS: 0.964
Epoch: 4, Train Loss: 0.00119, Valid Loss: 0.00121, EPS: 0.955
Epoch: 5, Train Loss: 0.00119, Valid Loss: 0.00120, EPS: 0.946
Epoch: 6, Train Loss: 0.00118, Valid Loss: 0.00120, EPS: 0.9369999999999999
Epoch: 7, Train Loss: 0.00118, Valid Loss: 0.00120, EPS: 0.928
Epoch: 8, Train Loss: 0.00118, Valid Loss: 0.00120, EPS: 0.919
Epoch: 9, Train Loss: 0.00118, Valid Loss: 0.00120, EPS: 0.91
Epoch: 10, Train Loss: 0.00118, Valid Loss: 0.00120, EPS: 0.901
Epoch: 11, Train Loss: 0.00117, Valid Loss: 0.00120, EPS: 0.892
Epoch: 12, Train Loss: 0.00118, Valid Loss: 0.00119, EPS: 0.883
Epoch: 13, Train Loss: 0.00118, Valid Loss: 0.00120, EPS: 0.874
Epoch: 14, Train Loss: 0.00118, Valid Loss: 0.00121, EPS: 0.865
Epoch: 15, Train Loss: 0.00118, Valid Loss: 0.00120, EPS: 0.856
Epoch: 16, Train Loss: 0.00118, Valid Loss: 0.00119, EPS: 0.847
Epoch: 17, Train Loss: 0.00117, Valid Loss: 0.00120, EPS: 0.8380000000000001
Epoch: 18, Train Loss: 0.00118, Valid Loss: 0.00120, EPS: 0.8290000000000001
Epoch: 19, Train Loss: 0.00117, Valid Loss: 0.00119, EPS: 0.8200000000000001
Epoch: 20, Train Loss: 0.00117, Valid Loss: 0.00120, EPS: 0.811
Epoch: 21, Train Loss: 0.00118, Valid Loss: 0.00119, EPS: 0.802
Epoch: 22, Train Loss: 0.00117, Valid Loss: 0.00120, EPS: 0.793
Epoch: 23, Train Loss: 0.00117, Valid Loss: 0.00120, EPS: 0.784
Epoch: 24, Train Loss: 0.00117, Valid Loss: 0.00119, EPS: 0.775
Epoch: 25, Train Loss: 0.00117, Valid Loss: 0.00119, EPS: 0.766
Epoch: 26, Train Loss: 0.00117, Valid Loss: 0.00119, EPS: 0.757
Epoch: 27, Train Loss: 0.00117, Valid Loss: 0.00120, EPS: 0.748
Epoch: 28, Train Loss: 0.00117, Valid Loss: 0.00119, EPS: 0.739
Epoch: 29, Train Loss: 0.00117, Valid Loss: 0.00120, EPS: 0.73
Epoch: 30, Train Loss: 0.00117, Valid Loss: 0.00120, EPS: 0.721
Epoch: 31, Train Loss: 0.00117, Valid Loss: 0.00120, EPS: 0.712
Epoch: 32, Train Loss: 0.00117, Valid Loss: 0.00119, EPS: 0.703
Epoch: 33, Train Loss: 0.00117, Valid Loss: 0.00119, EPS: 0.694
Epoch: 34, Train Loss: 0.00117, Valid Loss: 0.00119, EPS: 0.685
Epoch: 35, Train Loss: 0.00117, Valid Loss: 0.00119, EPS: 0.676
Epoch: 36, Train Loss: 0.00117, Valid Loss: 0.00119, EPS: 0.667
Epoch: 37, Train Loss: 0.00113, Valid Loss: 0.00115, EPS: 0.658
Epoch: 38, Train Loss: 0.00111, Valid Loss: 0.00115, EPS: 0.649
Epoch: 39, Train Loss: 0.00111, Valid Loss: 0.00115, EPS: 0.64
Epoch: 40, Train Loss: 0.00111, Valid Loss: 0.00115, EPS: 0.6310000000000001
Epoch: 41, Train Loss: 0.00111, Valid Loss: 0.00115, EPS: 0.6220000000000001
Epoch: 42, Train Loss: 0.00111, Valid Loss: 0.00115, EPS: 0.6130000000000001
Epoch: 43, Train Loss: 0.00111, Valid Loss: 0.00115, EPS: 0.6040000000000001
Epoch: 44, Train Loss: 0.00111, Valid Loss: 0.00115, EPS: 0.5950000000000001
Epoch: 45, Train Loss: 0.00111, Valid Loss: 0.00115, EPS: 0.5860000000000001
Epoch: 46, Train Loss: 0.00111, Valid Loss: 0.00115, EPS: 0.5770000000000001
Epoch: 47, Train Loss: 0.00111, Valid Loss: 0.00115, EPS: 0.5680000000000001
Epoch: 48, Train Loss: 0.00111, Valid Loss: 0.00115, EPS: 0.559
Epoch: 49, Train Loss: 0.00111, Valid Loss: 0.00115, EPS: 0.55
Epoch: 50, Train Loss: 0.00111, Valid Loss: 0.00115, EPS: 0.541
Epoch: 51, Train Loss: 0.00111, Valid Loss: 0.00115, EPS: 0.532
Epoch: 52, Train Loss: 0.00110, Valid Loss: 0.00115, EPS: 0.523
Epoch: 53, Train Loss: 0.00110, Valid Loss: 0.00115, EPS: 0.514
Epoch: 54, Train Loss: 0.00110, Valid Loss: 0.00115, EPS: 0.505
Epoch: 55, Train Loss: 0.00110, Valid Loss: 0.00115, EPS: 0.496
Epoch: 56, Train Loss: 0.00110, Valid Loss: 0.00115, EPS: 0.4870000000000001
Epoch: 57, Train Loss: 0.00110, Valid Loss: 0.00115, EPS: 0.4780000000000001
Epoch: 58, Train Loss: 0.00110, Valid Loss: 0.00115, EPS: 0.4690000000000001
Epoch: 59, Train Loss: 0.00110, Valid Loss: 0.00115, EPS: 0.4600000000000001
Epoch: 60, Train Loss: 0.00110, Valid Loss: 0.00115, EPS: 0.45100000000000007
Epoch: 61, Train Loss: 0.00110, Valid Loss: 0.00115, EPS: 0.44200000000000006
Epoch: 62, Train Loss: 0.00110, Valid Loss: 0.00115, EPS: 0.43300000000000005
Epoch: 63, Train Loss: 0.00110, Valid Loss: 0.00115, EPS: 0.42400000000000004
Epoch: 64, Train Loss: 0.00110, Valid Loss: 0.00115, EPS: 0.41500000000000004
Epoch: 65, Train Loss: 0.00110, Valid Loss: 0.00115, EPS: 0.406
Epoch: 66, Train Loss: 0.00110, Valid Loss: 0.00115, EPS: 0.397
Epoch: 67, Train Loss: 0.00110, Valid Loss: 0.00115, EPS: 0.388
Epoch: 68, Train Loss: 0.00110, Valid Loss: 0.00115, EPS: 0.3790000000000001
Epoch: 69, Train Loss: 0.00110, Valid Loss: 0.00115, EPS: 0.3700000000000001
Epoch: 70, Train Loss: 0.00110, Valid Loss: 0.00115, EPS: 0.3610000000000001
Epoch: 71, Train Loss: 0.00110, Valid Loss: 0.00115, EPS: 0.3520000000000001
Epoch: 72, Train Loss: 0.00110, Valid Loss: 0.00115, EPS: 0.343
Epoch: 73, Train Loss: 0.00110, Valid Loss: 0.00115, EPS: 0.334
Epoch: 74, Train Loss: 0.00110, Valid Loss: 0.00115, EPS: 0.325
Epoch: 75, Train Loss: 0.00110, Valid Loss: 0.00115, EPS: 0.316
Epoch: 76, Train Loss: 0.00110, Valid Loss: 0.00115, EPS: 0.307
Epoch: 77, Train Loss: 0.00110, Valid Loss: 0.00115, EPS: 0.298
Epoch: 78, Train Loss: 0.00110, Valid Loss: 0.00115, EPS: 0.289
Epoch: 79, Train Loss: 0.00110, Valid Loss: 0.00115, EPS: 0.27999999999999997
Epoch: 80, Train Loss: 0.00110, Valid Loss: 0.00115, EPS: 0.27099999999999996
Epoch: 81, Train Loss: 0.00110, Valid Loss: 0.00115, EPS: 0.26200000000000007
Epoch: 82, Train Loss: 0.00110, Valid Loss: 0.00115, EPS: 0.25300000000000006
Epoch: 83, Train Loss: 0.00110, Valid Loss: 0.00115, EPS: 0.24400000000000005
Epoch: 84, Train Loss: 0.00110, Valid Loss: 0.00115, EPS: 0.23500000000000004
Epoch: 85, Train Loss: 0.00110, Valid Loss: 0.00115, EPS: 0.22600000000000003
Epoch: 86, Train Loss: 0.00110, Valid Loss: 0.00115, EPS: 0.21700000000000003
Epoch: 87, Train Loss: 0.00110, Valid Loss: 0.00115, EPS: 0.20800000000000002
Epoch: 88, Train Loss: 0.00110, Valid Loss: 0.00115, EPS: 0.199
Epoch: 89, Train Loss: 0.00110, Valid Loss: 0.00115, EPS: 0.19
Epoch: 90, Train Loss: 0.00110, Valid Loss: 0.00115, EPS: 0.181
Epoch: 91, Train Loss: 0.00110, Valid Loss: 0.00115, EPS: 0.172
Epoch: 92, Train Loss: 0.00110, Valid Loss: 0.00115, EPS: 0.16299999999999998
Epoch: 93, Train Loss: 0.00110, Valid Loss: 0.00115, EPS: 0.15400000000000005
Epoch: 94, Train Loss: 0.00110, Valid Loss: 0.00115, EPS: 0.14500000000000005
Epoch: 95, Train Loss: 0.00110, Valid Loss: 0.00115, EPS: 0.13600000000000004
Epoch: 96, Train Loss: 0.00110, Valid Loss: 0.00115, EPS: 0.12700000000000003
Epoch: 97, Train Loss: 0.00110, Valid Loss: 0.00115, EPS: 0.11800000000000002
Epoch: 98, Train Loss: 0.00110, Valid Loss: 0.00115, EPS: 0.10900000000000001
Epoch: 99, Train Loss: 0.00110, Valid Loss: 0.00115, EPS: 0.1
Test Loss: 0.00115
Test Loss: 0.00115
Starting Latent Downstream Task
MSE Loss Between Generated and Conditioned: 371694.5938
Epoch: 1, Loss: 1.0097
MSE Loss Between Generated and Conditioned: 63603.9375
Epoch: 2, Loss: 0.9120
MSE Loss Between Generated and Conditioned: 43796.1758
Epoch: 3, Loss: 0.8451
MSE Loss Between Generated and Conditioned: 33799.3945
Epoch: 4, Loss: 0.7905
MSE Loss Between Generated and Conditioned: 28464.4883
Epoch: 5, Loss: 0.7433
MSE Loss Between Generated and Conditioned: 21572.9473
Epoch: 6, Loss: 0.7021
MSE Loss Between Generated and Conditioned: 19043.7285
Epoch: 7, Loss: 0.6653
MSE Loss Between Generated and Conditioned: 16814.2188
Epoch: 8, Loss: 0.6337
MSE Loss Between Generated and Conditioned: 15008.4033
Epoch: 9, Loss: 0.6053
MSE Loss Between Generated and Conditioned: 12565.7441
Epoch: 10, Loss: 0.5800
MSE Loss Between Generated and Conditioned: 11276.7422
Epoch: 11, Loss: 0.5584
MSE Loss Between Generated and Conditioned: 10322.2021
Epoch: 12, Loss: 0.5388
MSE Loss Between Generated and Conditioned: 9104.3350
Epoch: 13, Loss: 0.5208
MSE Loss Between Generated and Conditioned: 8759.8232
Epoch: 14, Loss: 0.5048
MSE Loss Between Generated and Conditioned: 8213.1309
Epoch: 15, Loss: 0.4904
MSE Loss Between Generated and Conditioned: 7136.9722
Epoch: 16, Loss: 0.4771
MSE Loss Between Generated and Conditioned: 6887.8970
Epoch: 17, Loss: 0.4647
MSE Loss Between Generated and Conditioned: 7048.5308
Epoch: 18, Loss: 0.4531
MSE Loss Between Generated and Conditioned: 5671.2681
Epoch: 19, Loss: 0.4422
MSE Loss Between Generated and Conditioned: 5073.6235
Epoch: 20, Loss: 0.4317
MSE Loss Between Generated and Conditioned: 3950.5117
Epoch: 21, Loss: 0.4219
MSE Loss Between Generated and Conditioned: 3524.2734
Epoch: 22, Loss: 0.4126
MSE Loss Between Generated and Conditioned: 3246.2402
Epoch: 23, Loss: 0.4040
MSE Loss Between Generated and Conditioned: 3003.5320
Epoch: 24, Loss: 0.3959
MSE Loss Between Generated and Conditioned: 1959.4326
Epoch: 25, Loss: 0.3881
MSE Loss Between Generated and Conditioned: 2762.1125
Epoch: 26, Loss: 0.3809
MSE Loss Between Generated and Conditioned: 2948.2166
Epoch: 27, Loss: 0.3741
MSE Loss Between Generated and Conditioned: 1592.6702
Epoch: 28, Loss: 0.3675
MSE Loss Between Generated and Conditioned: 2126.2004
Epoch: 29, Loss: 0.3613
MSE Loss Between Generated and Conditioned: 1538.3175
Epoch: 30, Loss: 0.3554
MSE Loss Between Generated and Conditioned: 1402.4803
Epoch: 31, Loss: 0.3500
MSE Loss Between Generated and Conditioned: 1352.6123
Epoch: 32, Loss: 0.3445
MSE Loss Between Generated and Conditioned: 1166.4836
Epoch: 33, Loss: 0.3395
MSE Loss Between Generated and Conditioned: 1170.4302
Epoch: 34, Loss: 0.3345
MSE Loss Between Generated and Conditioned: 1314.7366
Epoch: 35, Loss: 0.3297
MSE Loss Between Generated and Conditioned: 899.8522
Epoch: 36, Loss: 0.3252
MSE Loss Between Generated and Conditioned: 755.6958
Epoch: 37, Loss: 0.3210
MSE Loss Between Generated and Conditioned: 797.3073
Epoch: 38, Loss: 0.3169
MSE Loss Between Generated and Conditioned: 672.6495
Epoch: 39, Loss: 0.3131
MSE Loss Between Generated and Conditioned: 511.4976
Epoch: 40, Loss: 0.3093
MSE Loss Between Generated and Conditioned: 748.6198
Epoch: 41, Loss: 0.3057
MSE Loss Between Generated and Conditioned: 628.4808
Epoch: 42, Loss: 0.3023
MSE Loss Between Generated and Conditioned: 488.1587
Epoch: 43, Loss: 0.2990
MSE Loss Between Generated and Conditioned: 993.3408
Epoch: 44, Loss: 0.2959
MSE Loss Between Generated and Conditioned: 536.6362
Epoch: 45, Loss: 0.2929
MSE Loss Between Generated and Conditioned: 262.4243
Epoch: 46, Loss: 0.2900
MSE Loss Between Generated and Conditioned: 650.5620
Epoch: 47, Loss: 0.2871
MSE Loss Between Generated and Conditioned: 681.3048
Epoch: 48, Loss: 0.2847
MSE Loss Between Generated and Conditioned: 471.9814
Epoch: 49, Loss: 0.2820
MSE Loss Between Generated and Conditioned: 603.2687
Epoch: 50, Loss: 0.2794
MSE Loss Between Generated and Conditioned: 316.3716
Epoch: 51, Loss: 0.2768
MSE Loss Between Generated and Conditioned: 372.5749
Epoch: 52, Loss: 0.2745
MSE Loss Between Generated and Conditioned: 234.3217
Epoch: 53, Loss: 0.2723
MSE Loss Between Generated and Conditioned: 322.5039
Epoch: 54, Loss: 0.2702
MSE Loss Between Generated and Conditioned: 142.2558
Epoch: 55, Loss: 0.2681
MSE Loss Between Generated and Conditioned: 158.9750
Epoch: 56, Loss: 0.2660
MSE Loss Between Generated and Conditioned: 137.1912
Epoch: 57, Loss: 0.2638
MSE Loss Between Generated and Conditioned: 155.3836
Epoch: 58, Loss: 0.2617
MSE Loss Between Generated and Conditioned: 134.9993
Epoch: 59, Loss: 0.2598
MSE Loss Between Generated and Conditioned: 162.5490
Epoch: 60, Loss: 0.2580
MSE Loss Between Generated and Conditioned: 75.2362
Epoch: 61, Loss: 0.2562
MSE Loss Between Generated and Conditioned: 106.5490
Epoch: 62, Loss: 0.2545
MSE Loss Between Generated and Conditioned: 72.9691
Epoch: 63, Loss: 0.2528
MSE Loss Between Generated and Conditioned: 102.5648
Epoch: 64, Loss: 0.2512
MSE Loss Between Generated and Conditioned: 71.1026
Epoch: 65, Loss: 0.2495
MSE Loss Between Generated and Conditioned: 89.1152
Epoch: 66, Loss: 0.2479
MSE Loss Between Generated and Conditioned: 81.6284
Epoch: 67, Loss: 0.2463
MSE Loss Between Generated and Conditioned: 100.8669
Epoch: 68, Loss: 0.2448
MSE Loss Between Generated and Conditioned: 72.8884
Epoch: 69, Loss: 0.2433
MSE Loss Between Generated and Conditioned: 79.4768
Epoch: 70, Loss: 0.2418
MSE Loss Between Generated and Conditioned: 102.7683
Epoch: 71, Loss: 0.2404
MSE Loss Between Generated and Conditioned: 107.4000
Epoch: 72, Loss: 0.2390
MSE Loss Between Generated and Conditioned: 75.4529
Epoch: 73, Loss: 0.2377
MSE Loss Between Generated and Conditioned: 52.7480
Epoch: 74, Loss: 0.2365
MSE Loss Between Generated and Conditioned: 62.4967
Epoch: 75, Loss: 0.2351
MSE Loss Between Generated and Conditioned: 39.0031
Epoch: 76, Loss: 0.2339
MSE Loss Between Generated and Conditioned: 29.2505
Epoch: 77, Loss: 0.2326
MSE Loss Between Generated and Conditioned: 53.0473
Epoch: 78, Loss: 0.2314
MSE Loss Between Generated and Conditioned: 44.3062
Epoch: 79, Loss: 0.2302
MSE Loss Between Generated and Conditioned: 54.5717
Epoch: 80, Loss: 0.2291
MSE Loss Between Generated and Conditioned: 64.5601
Epoch: 81, Loss: 0.2279
MSE Loss Between Generated and Conditioned: 62.2436
Epoch: 82, Loss: 0.2269
MSE Loss Between Generated and Conditioned: 27.2363
Epoch: 83, Loss: 0.2258
MSE Loss Between Generated and Conditioned: 17.4109
Epoch: 84, Loss: 0.2248
MSE Loss Between Generated and Conditioned: 41.8601
Epoch: 85, Loss: 0.2239
MSE Loss Between Generated and Conditioned: 32.7535
Epoch: 86, Loss: 0.2229
MSE Loss Between Generated and Conditioned: 36.7430
Epoch: 87, Loss: 0.2219
MSE Loss Between Generated and Conditioned: 52.2120
Epoch: 88, Loss: 0.2209
MSE Loss Between Generated and Conditioned: 33.2895
Epoch: 89, Loss: 0.2200
MSE Loss Between Generated and Conditioned: 27.0503
Epoch: 90, Loss: 0.2191
MSE Loss Between Generated and Conditioned: 34.0754
Epoch: 91, Loss: 0.2183
MSE Loss Between Generated and Conditioned: 34.3158
Epoch: 92, Loss: 0.2174
MSE Loss Between Generated and Conditioned: 19.6604
Epoch: 93, Loss: 0.2166
MSE Loss Between Generated and Conditioned: 32.5428
Epoch: 94, Loss: 0.2157
MSE Loss Between Generated and Conditioned: 33.0027
Epoch: 95, Loss: 0.2149
MSE Loss Between Generated and Conditioned: 26.2673
Epoch: 96, Loss: 0.2141
MSE Loss Between Generated and Conditioned: 24.8475
Epoch: 97, Loss: 0.2134
MSE Loss Between Generated and Conditioned: 20.2096
Epoch: 98, Loss: 0.2126
MSE Loss Between Generated and Conditioned: 15.0451
Epoch: 99, Loss: 0.2119
MSE Loss Between Generated and Conditioned: 24.2687
Epoch: 100, Loss: 0.2111
MSE Loss Between Generated and Conditioned: 28.1158
Epoch: 101, Loss: 0.2104
MSE Loss Between Generated and Conditioned: 37.2648
Epoch: 102, Loss: 0.2097
MSE Loss Between Generated and Conditioned: 25.5708
Epoch: 103, Loss: 0.2089
MSE Loss Between Generated and Conditioned: 15.9215
Epoch: 104, Loss: 0.2083
MSE Loss Between Generated and Conditioned: 17.1332
Epoch: 105, Loss: 0.2076
MSE Loss Between Generated and Conditioned: 27.6470
Epoch: 106, Loss: 0.2070
MSE Loss Between Generated and Conditioned: 31.7894
Epoch: 107, Loss: 0.2063
MSE Loss Between Generated and Conditioned: 23.0443
Epoch: 108, Loss: 0.2056
MSE Loss Between Generated and Conditioned: 12.9248
Epoch: 109, Loss: 0.2049
MSE Loss Between Generated and Conditioned: 13.1874
Epoch: 110, Loss: 0.2043
MSE Loss Between Generated and Conditioned: 20.1849
Epoch: 111, Loss: 0.2037
MSE Loss Between Generated and Conditioned: 41.3689
Epoch: 112, Loss: 0.2031
MSE Loss Between Generated and Conditioned: 18.3365
Epoch: 113, Loss: 0.2026
MSE Loss Between Generated and Conditioned: 9.5727
Epoch: 114, Loss: 0.2021
MSE Loss Between Generated and Conditioned: 10.2885
Epoch: 115, Loss: 0.2016
MSE Loss Between Generated and Conditioned: 15.7730
Epoch: 116, Loss: 0.2010
MSE Loss Between Generated and Conditioned: 12.7192
Epoch: 117, Loss: 0.2005
MSE Loss Between Generated and Conditioned: 14.5842
Epoch: 118, Loss: 0.2000
MSE Loss Between Generated and Conditioned: 15.6869
Epoch: 119, Loss: 0.1995
MSE Loss Between Generated and Conditioned: 10.6194
Epoch: 120, Loss: 0.1990
MSE Loss Between Generated and Conditioned: 11.5340
Epoch: 121, Loss: 0.1985
MSE Loss Between Generated and Conditioned: 12.7232
Epoch: 122, Loss: 0.1980
MSE Loss Between Generated and Conditioned: 27.9328
Epoch: 123, Loss: 0.1975
MSE Loss Between Generated and Conditioned: 12.0014
Epoch: 124, Loss: 0.1971
MSE Loss Between Generated and Conditioned: 15.0388
Epoch: 125, Loss: 0.1966
MSE Loss Between Generated and Conditioned: 10.5881
Epoch: 126, Loss: 0.1961
MSE Loss Between Generated and Conditioned: 8.0815
Epoch: 127, Loss: 0.1957
MSE Loss Between Generated and Conditioned: 12.8536
Epoch: 128, Loss: 0.1952
MSE Loss Between Generated and Conditioned: 14.5045
Epoch: 129, Loss: 0.1947
MSE Loss Between Generated and Conditioned: 8.4519
Epoch: 130, Loss: 0.1943
MSE Loss Between Generated and Conditioned: 9.9458
Epoch: 131, Loss: 0.1939
MSE Loss Between Generated and Conditioned: 11.1618
Epoch: 132, Loss: 0.1935
MSE Loss Between Generated and Conditioned: 14.8642
Epoch: 133, Loss: 0.1931
MSE Loss Between Generated and Conditioned: 11.3754
Epoch: 134, Loss: 0.1927
MSE Loss Between Generated and Conditioned: 13.8892
Epoch: 135, Loss: 0.1923
MSE Loss Between Generated and Conditioned: 7.6657
Epoch: 136, Loss: 0.1919
MSE Loss Between Generated and Conditioned: 9.9584
Epoch: 137, Loss: 0.1915
MSE Loss Between Generated and Conditioned: 10.4540
Epoch: 138, Loss: 0.1910
MSE Loss Between Generated and Conditioned: 14.2176
Epoch: 139, Loss: 0.1906
MSE Loss Between Generated and Conditioned: 9.7736
Epoch: 140, Loss: 0.1902
MSE Loss Between Generated and Conditioned: 7.7372
Epoch: 141, Loss: 0.1899
MSE Loss Between Generated and Conditioned: 7.0380
Epoch: 142, Loss: 0.1895
MSE Loss Between Generated and Conditioned: 6.9220
Epoch: 143, Loss: 0.1892
MSE Loss Between Generated and Conditioned: 11.2699
Epoch: 144, Loss: 0.1888
MSE Loss Between Generated and Conditioned: 16.1647
Epoch: 145, Loss: 0.1885
MSE Loss Between Generated and Conditioned: 7.6678
Epoch: 146, Loss: 0.1881
MSE Loss Between Generated and Conditioned: 5.3734
Epoch: 147, Loss: 0.1877
MSE Loss Between Generated and Conditioned: 11.2469
Epoch: 148, Loss: 0.1874
MSE Loss Between Generated and Conditioned: 10.4294
Epoch: 149, Loss: 0.1871
MSE Loss Between Generated and Conditioned: 11.7507
Epoch: 150, Loss: 0.1868
MSE Loss Between Generated and Conditioned: 4.0375
Epoch: 151, Loss: 0.1865
MSE Loss Between Generated and Conditioned: 6.8348
Epoch: 152, Loss: 0.1862
MSE Loss Between Generated and Conditioned: 9.7164
Epoch: 153, Loss: 0.1858
MSE Loss Between Generated and Conditioned: 8.6385
Epoch: 154, Loss: 0.1855
MSE Loss Between Generated and Conditioned: 5.9485
Epoch: 155, Loss: 0.1852
MSE Loss Between Generated and Conditioned: 4.3878
Epoch: 156, Loss: 0.1849
MSE Loss Between Generated and Conditioned: 7.5566
Epoch: 157, Loss: 0.1846
MSE Loss Between Generated and Conditioned: 5.9341
Epoch: 158, Loss: 0.1842
MSE Loss Between Generated and Conditioned: 8.5621
Epoch: 159, Loss: 0.1839
MSE Loss Between Generated and Conditioned: 5.0032
Epoch: 160, Loss: 0.1837
MSE Loss Between Generated and Conditioned: 5.5184
Epoch: 161, Loss: 0.1834
MSE Loss Between Generated and Conditioned: 4.6823
Epoch: 162, Loss: 0.1831
MSE Loss Between Generated and Conditioned: 14.0539
Epoch: 163, Loss: 0.1828
MSE Loss Between Generated and Conditioned: 6.8414
Epoch: 164, Loss: 0.1825
MSE Loss Between Generated and Conditioned: 9.4894
Epoch: 165, Loss: 0.1822
MSE Loss Between Generated and Conditioned: 5.4801
Epoch: 166, Loss: 0.1820
MSE Loss Between Generated and Conditioned: 6.7547
Epoch: 167, Loss: 0.1817
MSE Loss Between Generated and Conditioned: 8.5496
Epoch: 168, Loss: 0.1814
MSE Loss Between Generated and Conditioned: 4.3650
Epoch: 169, Loss: 0.1811
MSE Loss Between Generated and Conditioned: 5.1705
Epoch: 170, Loss: 0.1809
MSE Loss Between Generated and Conditioned: 4.4149
Epoch: 171, Loss: 0.1806
MSE Loss Between Generated and Conditioned: 4.6850
Epoch: 172, Loss: 0.1804
MSE Loss Between Generated and Conditioned: 6.1124
Epoch: 173, Loss: 0.1801
MSE Loss Between Generated and Conditioned: 3.9794
Epoch: 174, Loss: 0.1799
MSE Loss Between Generated and Conditioned: 5.9411
Epoch: 175, Loss: 0.1796
MSE Loss Between Generated and Conditioned: 3.6277
Epoch: 176, Loss: 0.1794
MSE Loss Between Generated and Conditioned: 7.9724
Epoch: 177, Loss: 0.1791
MSE Loss Between Generated and Conditioned: 5.7138
Epoch: 178, Loss: 0.1789
MSE Loss Between Generated and Conditioned: 3.9023
Epoch: 179, Loss: 0.1786
MSE Loss Between Generated and Conditioned: 5.4235
Epoch: 180, Loss: 0.1784
MSE Loss Between Generated and Conditioned: 3.7448
Epoch: 181, Loss: 0.1781
MSE Loss Between Generated and Conditioned: 3.4227
Epoch: 182, Loss: 0.1779
MSE Loss Between Generated and Conditioned: 4.2683
Epoch: 183, Loss: 0.1777
MSE Loss Between Generated and Conditioned: 4.0868
Epoch: 184, Loss: 0.1774
MSE Loss Between Generated and Conditioned: 3.4694
Epoch: 185, Loss: 0.1772
MSE Loss Between Generated and Conditioned: 3.6202
Epoch: 186, Loss: 0.1770
MSE Loss Between Generated and Conditioned: 3.1169
Epoch: 187, Loss: 0.1768
MSE Loss Between Generated and Conditioned: 3.0649
Epoch: 188, Loss: 0.1765
MSE Loss Between Generated and Conditioned: 2.8909
Epoch: 189, Loss: 0.1763
MSE Loss Between Generated and Conditioned: 5.1102
Epoch: 190, Loss: 0.1761
MSE Loss Between Generated and Conditioned: 3.8988
Epoch: 191, Loss: 0.1758
MSE Loss Between Generated and Conditioned: 4.3819
Epoch: 192, Loss: 0.1756
MSE Loss Between Generated and Conditioned: 6.6679
Epoch: 193, Loss: 0.1754
MSE Loss Between Generated and Conditioned: 4.7549
Epoch: 194, Loss: 0.1751
MSE Loss Between Generated and Conditioned: 3.7739
Epoch: 195, Loss: 0.1750
MSE Loss Between Generated and Conditioned: 2.7548
Epoch: 196, Loss: 0.1747
MSE Loss Between Generated and Conditioned: 5.0754
Epoch: 197, Loss: 0.1745
MSE Loss Between Generated and Conditioned: 2.7595
Epoch: 198, Loss: 0.1743
MSE Loss Between Generated and Conditioned: 2.6657
Epoch: 199, Loss: 0.1741
MSE Loss Between Generated and Conditioned: 2.5070
Epoch: 200, Loss: 0.1739
MSE Loss Between Generated and Conditioned: 5.5884
Epoch: 201, Loss: 0.1737
MSE Loss Between Generated and Conditioned: 6.2051
Epoch: 202, Loss: 0.1735
MSE Loss Between Generated and Conditioned: 3.2584
Epoch: 203, Loss: 0.1733
MSE Loss Between Generated and Conditioned: 3.0685
Epoch: 204, Loss: 0.1731
MSE Loss Between Generated and Conditioned: 7.2305
Epoch: 205, Loss: 0.1730
MSE Loss Between Generated and Conditioned: 3.6682
Epoch: 206, Loss: 0.1728
MSE Loss Between Generated and Conditioned: 4.1085
Epoch: 207, Loss: 0.1726
MSE Loss Between Generated and Conditioned: 2.7428
Epoch: 208, Loss: 0.1724
MSE Loss Between Generated and Conditioned: 5.9272
Epoch: 209, Loss: 0.1723
MSE Loss Between Generated and Conditioned: 2.2492
Epoch: 210, Loss: 0.1721
MSE Loss Between Generated and Conditioned: 2.5435
Epoch: 211, Loss: 0.1719
MSE Loss Between Generated and Conditioned: 5.2059
Epoch: 212, Loss: 0.1717
MSE Loss Between Generated and Conditioned: 4.3583
Epoch: 213, Loss: 0.1715
MSE Loss Between Generated and Conditioned: 2.4135
Epoch: 214, Loss: 0.1713
MSE Loss Between Generated and Conditioned: 4.0768
Epoch: 215, Loss: 0.1712
MSE Loss Between Generated and Conditioned: 7.2347
Epoch: 216, Loss: 0.1710
MSE Loss Between Generated and Conditioned: 4.2126
Epoch: 217, Loss: 0.1708
MSE Loss Between Generated and Conditioned: 3.2682
Epoch: 218, Loss: 0.1707
MSE Loss Between Generated and Conditioned: 3.1351
Epoch: 219, Loss: 0.1705
MSE Loss Between Generated and Conditioned: 3.5413
Epoch: 220, Loss: 0.1703
MSE Loss Between Generated and Conditioned: 2.4662
Epoch: 221, Loss: 0.1702
MSE Loss Between Generated and Conditioned: 2.1978
Epoch: 222, Loss: 0.1700
MSE Loss Between Generated and Conditioned: 2.7833
Epoch: 223, Loss: 0.1699
MSE Loss Between Generated and Conditioned: 2.9505
Epoch: 224, Loss: 0.1697
MSE Loss Between Generated and Conditioned: 3.8860
Epoch: 225, Loss: 0.1696
MSE Loss Between Generated and Conditioned: 2.5170
Epoch: 226, Loss: 0.1694
MSE Loss Between Generated and Conditioned: 2.4613
Epoch: 227, Loss: 0.1693
MSE Loss Between Generated and Conditioned: 3.9507
Epoch: 228, Loss: 0.1691
MSE Loss Between Generated and Conditioned: 4.3028
Epoch: 229, Loss: 0.1690
MSE Loss Between Generated and Conditioned: 2.3363
Epoch: 230, Loss: 0.1688
MSE Loss Between Generated and Conditioned: 2.8925
Epoch: 231, Loss: 0.1687
MSE Loss Between Generated and Conditioned: 2.9176
Epoch: 232, Loss: 0.1686
MSE Loss Between Generated and Conditioned: 2.5257
Epoch: 233, Loss: 0.1684
MSE Loss Between Generated and Conditioned: 2.5716
Epoch: 234, Loss: 0.1683
MSE Loss Between Generated and Conditioned: 2.2647
Epoch: 235, Loss: 0.1681
MSE Loss Between Generated and Conditioned: 2.5622
Epoch: 236, Loss: 0.1680
MSE Loss Between Generated and Conditioned: 2.3348
Epoch: 237, Loss: 0.1678
MSE Loss Between Generated and Conditioned: 3.0538
Epoch: 238, Loss: 0.1677
MSE Loss Between Generated and Conditioned: 3.2350
Epoch: 239, Loss: 0.1676
MSE Loss Between Generated and Conditioned: 2.8802
Epoch: 240, Loss: 0.1674
MSE Loss Between Generated and Conditioned: 3.0538
Epoch: 241, Loss: 0.1673
MSE Loss Between Generated and Conditioned: 2.3086
Epoch: 242, Loss: 0.1672
MSE Loss Between Generated and Conditioned: 3.0876
Epoch: 243, Loss: 0.1670
MSE Loss Between Generated and Conditioned: 2.3178
Epoch: 244, Loss: 0.1669
MSE Loss Between Generated and Conditioned: 2.4692
Epoch: 245, Loss: 0.1668
MSE Loss Between Generated and Conditioned: 2.4458
Epoch: 246, Loss: 0.1666
MSE Loss Between Generated and Conditioned: 2.1986
Epoch: 247, Loss: 0.1665
MSE Loss Between Generated and Conditioned: 2.2645
Epoch: 248, Loss: 0.1664
MSE Loss Between Generated and Conditioned: 2.3939
Epoch: 249, Loss: 0.1662
MSE Loss Between Generated and Conditioned: 3.8271
Epoch: 250, Loss: 0.1661
MSE Loss Between Generated and Conditioned: 2.3700
Epoch: 251, Loss: 0.1660
MSE Loss Between Generated and Conditioned: 2.1723
Epoch: 252, Loss: 0.1659
MSE Loss Between Generated and Conditioned: 2.8370
Epoch: 253, Loss: 0.1657
MSE Loss Between Generated and Conditioned: 2.2226
Epoch: 254, Loss: 0.1656
MSE Loss Between Generated and Conditioned: 3.1848
Epoch: 255, Loss: 0.1655
MSE Loss Between Generated and Conditioned: 2.4316
Epoch: 256, Loss: 0.1653
MSE Loss Between Generated and Conditioned: 2.3373
Epoch: 257, Loss: 0.1652
MSE Loss Between Generated and Conditioned: 2.8066
Epoch: 258, Loss: 0.1651
MSE Loss Between Generated and Conditioned: 2.3321
Epoch: 259, Loss: 0.1650
MSE Loss Between Generated and Conditioned: 2.4967
Epoch: 260, Loss: 0.1649
MSE Loss Between Generated and Conditioned: 3.4329
Epoch: 261, Loss: 0.1648
MSE Loss Between Generated and Conditioned: 2.2709
Epoch: 262, Loss: 0.1647
MSE Loss Between Generated and Conditioned: 2.2519
Epoch: 263, Loss: 0.1646
MSE Loss Between Generated and Conditioned: 2.2499
Epoch: 264, Loss: 0.1645
MSE Loss Between Generated and Conditioned: 2.2383
Epoch: 265, Loss: 0.1644
MSE Loss Between Generated and Conditioned: 4.4852
Epoch: 266, Loss: 0.1642
MSE Loss Between Generated and Conditioned: 2.5889
Epoch: 267, Loss: 0.1641
MSE Loss Between Generated and Conditioned: 2.1708
Epoch: 268, Loss: 0.1640
MSE Loss Between Generated and Conditioned: 2.1395
Epoch: 269, Loss: 0.1639
MSE Loss Between Generated and Conditioned: 2.1970
Epoch: 270, Loss: 0.1638
MSE Loss Between Generated and Conditioned: 2.5226
Epoch: 271, Loss: 0.1637
MSE Loss Between Generated and Conditioned: 3.1935
Epoch: 272, Loss: 0.1636
MSE Loss Between Generated and Conditioned: 2.3927
Epoch: 273, Loss: 0.1635
MSE Loss Between Generated and Conditioned: 2.2193
Epoch: 274, Loss: 0.1634
MSE Loss Between Generated and Conditioned: 2.2437
Epoch: 275, Loss: 0.1632
MSE Loss Between Generated and Conditioned: 2.2679
Epoch: 276, Loss: 0.1631
MSE Loss Between Generated and Conditioned: 2.6246
Epoch: 277, Loss: 0.1630
MSE Loss Between Generated and Conditioned: 2.1543
Epoch: 278, Loss: 0.1629
MSE Loss Between Generated and Conditioned: 2.2434
Epoch: 279, Loss: 0.1628
MSE Loss Between Generated and Conditioned: 2.2226
Epoch: 280, Loss: 0.1627
MSE Loss Between Generated and Conditioned: 2.4515
Epoch: 281, Loss: 0.1626
MSE Loss Between Generated and Conditioned: 2.2429
Epoch: 282, Loss: 0.1625
MSE Loss Between Generated and Conditioned: 2.3803
Epoch: 283, Loss: 0.1624
MSE Loss Between Generated and Conditioned: 2.1493
Epoch: 284, Loss: 0.1623
MSE Loss Between Generated and Conditioned: 2.1443
Epoch: 285, Loss: 0.1622
MSE Loss Between Generated and Conditioned: 2.1105
Epoch: 286, Loss: 0.1621
MSE Loss Between Generated and Conditioned: 2.3915
Epoch: 287, Loss: 0.1620
MSE Loss Between Generated and Conditioned: 2.1041
Epoch: 288, Loss: 0.1619
MSE Loss Between Generated and Conditioned: 2.3410
Epoch: 289, Loss: 0.1618
MSE Loss Between Generated and Conditioned: 2.1161
Epoch: 290, Loss: 0.1617
MSE Loss Between Generated and Conditioned: 2.2619
Epoch: 291, Loss: 0.1616
MSE Loss Between Generated and Conditioned: 2.6198
Epoch: 292, Loss: 0.1615
MSE Loss Between Generated and Conditioned: 2.6420
Epoch: 293, Loss: 0.1614
MSE Loss Between Generated and Conditioned: 2.2765
Epoch: 294, Loss: 0.1613
MSE Loss Between Generated and Conditioned: 2.1679
Epoch: 295, Loss: 0.1612
MSE Loss Between Generated and Conditioned: 2.9507
Epoch: 296, Loss: 0.1611
MSE Loss Between Generated and Conditioned: 3.2368
Epoch: 297, Loss: 0.1610
MSE Loss Between Generated and Conditioned: 2.2059
Epoch: 298, Loss: 0.1609
MSE Loss Between Generated and Conditioned: 2.3506
Epoch: 299, Loss: 0.1608
MSE Loss Between Generated and Conditioned: 2.1719
Epoch: 300, Loss: 0.1607
Train: torch.Size([14031, 5, 64, 32]), Valid: torch.Size([4677, 5, 64, 32]), Test: torch.Size([4678, 5, 64, 32])
Starting Downstream Task
Shape: (5, 144, 72)
Epoch: 0, Train Loss: 0.00292, Valid Loss: 0.00165, EPS: 0.991
Epoch: 1, Train Loss: 0.00156, Valid Loss: 0.00146, EPS: 0.982
Epoch: 2, Train Loss: 0.00139, Valid Loss: 0.00135, EPS: 0.973
Epoch: 3, Train Loss: 0.00131, Valid Loss: 0.00129, EPS: 0.964
Epoch: 4, Train Loss: 0.00125, Valid Loss: 0.00126, EPS: 0.955
Epoch: 5, Train Loss: 0.00122, Valid Loss: 0.00123, EPS: 0.946
Epoch: 6, Train Loss: 0.00120, Valid Loss: 0.00123, EPS: 0.9369999999999999
Epoch: 7, Train Loss: 0.00119, Valid Loss: 0.00122, EPS: 0.928
Epoch: 8, Train Loss: 0.00118, Valid Loss: 0.00121, EPS: 0.919
Epoch: 9, Train Loss: 0.00117, Valid Loss: 0.00121, EPS: 0.91
Epoch: 10, Train Loss: 0.00116, Valid Loss: 0.00120, EPS: 0.901
Epoch: 11, Train Loss: 0.00116, Valid Loss: 0.00119, EPS: 0.892
Epoch: 12, Train Loss: 0.00115, Valid Loss: 0.00119, EPS: 0.883
Epoch: 13, Train Loss: 0.00115, Valid Loss: 0.00118, EPS: 0.874
Epoch: 14, Train Loss: 0.00113, Valid Loss: 0.00117, EPS: 0.865
Epoch: 15, Train Loss: 0.00113, Valid Loss: 0.00117, EPS: 0.856
Epoch: 16, Train Loss: 0.00113, Valid Loss: 0.00117, EPS: 0.847
Epoch: 17, Train Loss: 0.00112, Valid Loss: 0.00116, EPS: 0.8380000000000001
Epoch: 18, Train Loss: 0.00111, Valid Loss: 0.00117, EPS: 0.8290000000000001
Epoch: 19, Train Loss: 0.00112, Valid Loss: 0.00116, EPS: 0.8200000000000001
Epoch: 20, Train Loss: 0.00111, Valid Loss: 0.00117, EPS: 0.811
Epoch: 21, Train Loss: 0.00111, Valid Loss: 0.00116, EPS: 0.802
Epoch: 22, Train Loss: 0.00111, Valid Loss: 0.00116, EPS: 0.793
Epoch: 23, Train Loss: 0.00111, Valid Loss: 0.00116, EPS: 0.784
Epoch: 24, Train Loss: 0.00110, Valid Loss: 0.00116, EPS: 0.775
Epoch: 25, Train Loss: 0.00110, Valid Loss: 0.00115, EPS: 0.766
Epoch: 26, Train Loss: 0.00110, Valid Loss: 0.00115, EPS: 0.757
Epoch: 27, Train Loss: 0.00109, Valid Loss: 0.00115, EPS: 0.748
Epoch: 28, Train Loss: 0.00110, Valid Loss: 0.00115, EPS: 0.739
Epoch: 29, Train Loss: 0.00110, Valid Loss: 0.00115, EPS: 0.73
Epoch: 30, Train Loss: 0.00110, Valid Loss: 0.00115, EPS: 0.721
Epoch: 31, Train Loss: 0.00109, Valid Loss: 0.00115, EPS: 0.712
Epoch: 32, Train Loss: 0.00110, Valid Loss: 0.00115, EPS: 0.703
Epoch: 33, Train Loss: 0.00109, Valid Loss: 0.00114, EPS: 0.694
Epoch: 34, Train Loss: 0.00109, Valid Loss: 0.00115, EPS: 0.685
Epoch: 35, Train Loss: 0.00109, Valid Loss: 0.00114, EPS: 0.676
Epoch: 36, Train Loss: 0.00109, Valid Loss: 0.00115, EPS: 0.667
Epoch: 37, Train Loss: 0.00109, Valid Loss: 0.00115, EPS: 0.658
Epoch: 38, Train Loss: 0.00109, Valid Loss: 0.00115, EPS: 0.649
Epoch: 39, Train Loss: 0.00109, Valid Loss: 0.00114, EPS: 0.64
Epoch: 40, Train Loss: 0.00109, Valid Loss: 0.00114, EPS: 0.6310000000000001
Epoch: 41, Train Loss: 0.00109, Valid Loss: 0.00114, EPS: 0.6220000000000001
Epoch: 42, Train Loss: 0.00109, Valid Loss: 0.00114, EPS: 0.6130000000000001
Epoch: 43, Train Loss: 0.00108, Valid Loss: 0.00114, EPS: 0.6040000000000001
Epoch: 44, Train Loss: 0.00109, Valid Loss: 0.00115, EPS: 0.5950000000000001
Epoch: 45, Train Loss: 0.00109, Valid Loss: 0.00114, EPS: 0.5860000000000001
Epoch: 46, Train Loss: 0.00109, Valid Loss: 0.00115, EPS: 0.5770000000000001
Epoch: 47, Train Loss: 0.00105, Valid Loss: 0.00113, EPS: 0.5680000000000001
Epoch: 48, Train Loss: 0.00104, Valid Loss: 0.00113, EPS: 0.559
Epoch: 49, Train Loss: 0.00103, Valid Loss: 0.00112, EPS: 0.55
Epoch: 50, Train Loss: 0.00103, Valid Loss: 0.00112, EPS: 0.541
Epoch: 51, Train Loss: 0.00103, Valid Loss: 0.00112, EPS: 0.532
Epoch: 52, Train Loss: 0.00103, Valid Loss: 0.00112, EPS: 0.523
Epoch: 53, Train Loss: 0.00103, Valid Loss: 0.00112, EPS: 0.514
Epoch: 54, Train Loss: 0.00103, Valid Loss: 0.00112, EPS: 0.505
Epoch: 55, Train Loss: 0.00103, Valid Loss: 0.00112, EPS: 0.496
Epoch: 56, Train Loss: 0.00103, Valid Loss: 0.00112, EPS: 0.4870000000000001
Epoch: 57, Train Loss: 0.00102, Valid Loss: 0.00112, EPS: 0.4780000000000001
Epoch: 58, Train Loss: 0.00103, Valid Loss: 0.00112, EPS: 0.4690000000000001
Epoch: 59, Train Loss: 0.00103, Valid Loss: 0.00112, EPS: 0.4600000000000001
Epoch: 60, Train Loss: 0.00103, Valid Loss: 0.00112, EPS: 0.45100000000000007
Epoch: 61, Train Loss: 0.00102, Valid Loss: 0.00112, EPS: 0.44200000000000006
Epoch: 62, Train Loss: 0.00102, Valid Loss: 0.00112, EPS: 0.43300000000000005
Epoch: 63, Train Loss: 0.00102, Valid Loss: 0.00112, EPS: 0.42400000000000004
Epoch: 64, Train Loss: 0.00102, Valid Loss: 0.00112, EPS: 0.41500000000000004
Epoch: 65, Train Loss: 0.00103, Valid Loss: 0.00112, EPS: 0.406
Epoch: 66, Train Loss: 0.00102, Valid Loss: 0.00112, EPS: 0.397
Epoch: 67, Train Loss: 0.00102, Valid Loss: 0.00112, EPS: 0.388
Epoch: 68, Train Loss: 0.00102, Valid Loss: 0.00112, EPS: 0.3790000000000001
Epoch: 69, Train Loss: 0.00102, Valid Loss: 0.00112, EPS: 0.3700000000000001
Epoch: 70, Train Loss: 0.00102, Valid Loss: 0.00112, EPS: 0.3610000000000001
Epoch: 71, Train Loss: 0.00102, Valid Loss: 0.00112, EPS: 0.3520000000000001
Epoch: 72, Train Loss: 0.00102, Valid Loss: 0.00112, EPS: 0.343
Epoch: 73, Train Loss: 0.00102, Valid Loss: 0.00112, EPS: 0.334
Epoch: 74, Train Loss: 0.00102, Valid Loss: 0.00112, EPS: 0.325
Epoch: 75, Train Loss: 0.00102, Valid Loss: 0.00112, EPS: 0.316
Epoch: 76, Train Loss: 0.00102, Valid Loss: 0.00112, EPS: 0.307
Epoch: 77, Train Loss: 0.00102, Valid Loss: 0.00112, EPS: 0.298
Epoch: 78, Train Loss: 0.00102, Valid Loss: 0.00112, EPS: 0.289
Epoch: 79, Train Loss: 0.00102, Valid Loss: 0.00112, EPS: 0.27999999999999997
Epoch: 80, Train Loss: 0.00102, Valid Loss: 0.00112, EPS: 0.27099999999999996
Epoch: 81, Train Loss: 0.00102, Valid Loss: 0.00112, EPS: 0.26200000000000007
Epoch: 82, Train Loss: 0.00102, Valid Loss: 0.00112, EPS: 0.25300000000000006
Epoch: 83, Train Loss: 0.00102, Valid Loss: 0.00112, EPS: 0.24400000000000005
Epoch: 84, Train Loss: 0.00102, Valid Loss: 0.00112, EPS: 0.23500000000000004
Epoch: 85, Train Loss: 0.00102, Valid Loss: 0.00112, EPS: 0.22600000000000003
Epoch: 86, Train Loss: 0.00102, Valid Loss: 0.00112, EPS: 0.21700000000000003
Epoch: 87, Train Loss: 0.00102, Valid Loss: 0.00112, EPS: 0.20800000000000002
Epoch: 88, Train Loss: 0.00102, Valid Loss: 0.00112, EPS: 0.199
Epoch: 89, Train Loss: 0.00102, Valid Loss: 0.00112, EPS: 0.19
Epoch: 90, Train Loss: 0.00102, Valid Loss: 0.00112, EPS: 0.181
Epoch: 91, Train Loss: 0.00102, Valid Loss: 0.00112, EPS: 0.172
Epoch: 92, Train Loss: 0.00102, Valid Loss: 0.00112, EPS: 0.16299999999999998
Epoch: 93, Train Loss: 0.00102, Valid Loss: 0.00112, EPS: 0.15400000000000005
Epoch: 94, Train Loss: 0.00102, Valid Loss: 0.00112, EPS: 0.14500000000000005
Epoch: 95, Train Loss: 0.00102, Valid Loss: 0.00112, EPS: 0.13600000000000004
Epoch: 96, Train Loss: 0.00102, Valid Loss: 0.00112, EPS: 0.12700000000000003
Epoch: 97, Train Loss: 0.00102, Valid Loss: 0.00112, EPS: 0.11800000000000002
Epoch: 98, Train Loss: 0.00102, Valid Loss: 0.00112, EPS: 0.10900000000000001
Epoch: 99, Train Loss: 0.00102, Valid Loss: 0.00112, EPS: 0.1
Test Loss: 0.00112
Test Loss: 0.00113
Shape: (5, 144, 72)
Epoch: 0, Train Loss: 0.00369, Valid Loss: 0.00248, EPS: 0.991
Epoch: 1, Train Loss: 0.00202, Valid Loss: 0.00164, EPS: 0.982
Epoch: 2, Train Loss: 0.00158, Valid Loss: 0.00149, EPS: 0.973
Epoch: 3, Train Loss: 0.00144, Valid Loss: 0.00143, EPS: 0.964
Epoch: 4, Train Loss: 0.00136, Valid Loss: 0.00137, EPS: 0.955
Epoch: 5, Train Loss: 0.00130, Valid Loss: 0.00135, EPS: 0.946
Epoch: 6, Train Loss: 0.00126, Valid Loss: 0.00131, EPS: 0.9369999999999999
Epoch: 7, Train Loss: 0.00122, Valid Loss: 0.00129, EPS: 0.928
Epoch: 8, Train Loss: 0.00118, Valid Loss: 0.00127, EPS: 0.919
Epoch: 9, Train Loss: 0.00115, Valid Loss: 0.00125, EPS: 0.91
Epoch: 10, Train Loss: 0.00114, Valid Loss: 0.00124, EPS: 0.901
Epoch: 11, Train Loss: 0.00112, Valid Loss: 0.00122, EPS: 0.892
Epoch: 12, Train Loss: 0.00111, Valid Loss: 0.00122, EPS: 0.883
Epoch: 13, Train Loss: 0.00109, Valid Loss: 0.00121, EPS: 0.874
Epoch: 14, Train Loss: 0.00108, Valid Loss: 0.00120, EPS: 0.865
Epoch: 15, Train Loss: 0.00108, Valid Loss: 0.00119, EPS: 0.856
Epoch: 16, Train Loss: 0.00107, Valid Loss: 0.00121, EPS: 0.847
Epoch: 17, Train Loss: 0.00106, Valid Loss: 0.00119, EPS: 0.8380000000000001
Epoch: 18, Train Loss: 0.00105, Valid Loss: 0.00119, EPS: 0.8290000000000001
Epoch: 19, Train Loss: 0.00104, Valid Loss: 0.00118, EPS: 0.8200000000000001
Epoch: 20, Train Loss: 0.00103, Valid Loss: 0.00119, EPS: 0.811
Epoch: 21, Train Loss: 0.00104, Valid Loss: 0.00117, EPS: 0.802
Epoch: 22, Train Loss: 0.00103, Valid Loss: 0.00117, EPS: 0.793
Epoch: 23, Train Loss: 0.00102, Valid Loss: 0.00118, EPS: 0.784
Epoch: 24, Train Loss: 0.00102, Valid Loss: 0.00119, EPS: 0.775
Epoch: 25, Train Loss: 0.00102, Valid Loss: 0.00118, EPS: 0.766
Epoch: 26, Train Loss: 0.00102, Valid Loss: 0.00117, EPS: 0.757
Epoch: 27, Train Loss: 0.00101, Valid Loss: 0.00117, EPS: 0.748
Epoch: 28, Train Loss: 0.00101, Valid Loss: 0.00117, EPS: 0.739
Epoch: 29, Train Loss: 0.00100, Valid Loss: 0.00116, EPS: 0.73
Epoch: 30, Train Loss: 0.00100, Valid Loss: 0.00117, EPS: 0.721
Epoch: 31, Train Loss: 0.00100, Valid Loss: 0.00116, EPS: 0.712
Epoch: 32, Train Loss: 0.00100, Valid Loss: 0.00117, EPS: 0.703
Epoch: 33, Train Loss: 0.00100, Valid Loss: 0.00116, EPS: 0.694
Epoch: 34, Train Loss: 0.00101, Valid Loss: 0.00117, EPS: 0.685
Epoch: 35, Train Loss: 0.00099, Valid Loss: 0.00115, EPS: 0.676
Epoch: 36, Train Loss: 0.00100, Valid Loss: 0.00116, EPS: 0.667
Epoch: 37, Train Loss: 0.00099, Valid Loss: 0.00116, EPS: 0.658
Epoch: 38, Train Loss: 0.00100, Valid Loss: 0.00116, EPS: 0.649
Epoch: 39, Train Loss: 0.00099, Valid Loss: 0.00116, EPS: 0.64
Epoch: 40, Train Loss: 0.00100, Valid Loss: 0.00116, EPS: 0.6310000000000001
Epoch: 41, Train Loss: 0.00099, Valid Loss: 0.00116, EPS: 0.6220000000000001
Epoch: 42, Train Loss: 0.00099, Valid Loss: 0.00116, EPS: 0.6130000000000001
Epoch: 43, Train Loss: 0.00099, Valid Loss: 0.00116, EPS: 0.6040000000000001
Epoch: 44, Train Loss: 0.00100, Valid Loss: 0.00116, EPS: 0.5950000000000001
Epoch: 45, Train Loss: 0.00098, Valid Loss: 0.00116, EPS: 0.5860000000000001
Epoch: 46, Train Loss: 0.00098, Valid Loss: 0.00116, EPS: 0.5770000000000001
Epoch: 47, Train Loss: 0.00096, Valid Loss: 0.00115, EPS: 0.5680000000000001
Epoch: 48, Train Loss: 0.00095, Valid Loss: 0.00114, EPS: 0.559
Epoch: 49, Train Loss: 0.00094, Valid Loss: 0.00114, EPS: 0.55
Epoch: 50, Train Loss: 0.00093, Valid Loss: 0.00114, EPS: 0.541
Epoch: 51, Train Loss: 0.00093, Valid Loss: 0.00114, EPS: 0.532
Epoch: 52, Train Loss: 0.00093, Valid Loss: 0.00113, EPS: 0.523
Epoch: 53, Train Loss: 0.00093, Valid Loss: 0.00113, EPS: 0.514
Epoch: 54, Train Loss: 0.00093, Valid Loss: 0.00113, EPS: 0.505
Epoch: 55, Train Loss: 0.00093, Valid Loss: 0.00113, EPS: 0.496
Epoch: 56, Train Loss: 0.00092, Valid Loss: 0.00113, EPS: 0.4870000000000001
Epoch: 57, Train Loss: 0.00093, Valid Loss: 0.00113, EPS: 0.4780000000000001
Epoch: 58, Train Loss: 0.00092, Valid Loss: 0.00113, EPS: 0.4690000000000001
Epoch: 59, Train Loss: 0.00093, Valid Loss: 0.00113, EPS: 0.4600000000000001
Epoch: 60, Train Loss: 0.00092, Valid Loss: 0.00113, EPS: 0.45100000000000007
Epoch: 61, Train Loss: 0.00092, Valid Loss: 0.00113, EPS: 0.44200000000000006
Epoch: 62, Train Loss: 0.00092, Valid Loss: 0.00113, EPS: 0.43300000000000005
Epoch: 63, Train Loss: 0.00092, Valid Loss: 0.00113, EPS: 0.42400000000000004
Epoch: 64, Train Loss: 0.00092, Valid Loss: 0.00113, EPS: 0.41500000000000004
Epoch: 65, Train Loss: 0.00092, Valid Loss: 0.00113, EPS: 0.406
Epoch: 66, Train Loss: 0.00092, Valid Loss: 0.00113, EPS: 0.397
Epoch: 67, Train Loss: 0.00092, Valid Loss: 0.00113, EPS: 0.388
Epoch: 68, Train Loss: 0.00092, Valid Loss: 0.00113, EPS: 0.3790000000000001
Epoch: 69, Train Loss: 0.00092, Valid Loss: 0.00113, EPS: 0.3700000000000001
Epoch: 70, Train Loss: 0.00092, Valid Loss: 0.00113, EPS: 0.3610000000000001
Epoch: 71, Train Loss: 0.00091, Valid Loss: 0.00113, EPS: 0.3520000000000001
Epoch: 72, Train Loss: 0.00091, Valid Loss: 0.00113, EPS: 0.343
Epoch: 73, Train Loss: 0.00092, Valid Loss: 0.00113, EPS: 0.334
Epoch: 74, Train Loss: 0.00092, Valid Loss: 0.00113, EPS: 0.325
Epoch: 75, Train Loss: 0.00092, Valid Loss: 0.00113, EPS: 0.316
Epoch: 76, Train Loss: 0.00092, Valid Loss: 0.00113, EPS: 0.307
Epoch: 77, Train Loss: 0.00091, Valid Loss: 0.00113, EPS: 0.298
Epoch: 78, Train Loss: 0.00092, Valid Loss: 0.00113, EPS: 0.289
Epoch: 79, Train Loss: 0.00092, Valid Loss: 0.00113, EPS: 0.27999999999999997
Epoch: 80, Train Loss: 0.00091, Valid Loss: 0.00113, EPS: 0.27099999999999996
Epoch: 81, Train Loss: 0.00091, Valid Loss: 0.00113, EPS: 0.26200000000000007
Epoch: 82, Train Loss: 0.00092, Valid Loss: 0.00113, EPS: 0.25300000000000006
Epoch: 83, Train Loss: 0.00091, Valid Loss: 0.00113, EPS: 0.24400000000000005
Epoch: 84, Train Loss: 0.00092, Valid Loss: 0.00113, EPS: 0.23500000000000004
Epoch: 85, Train Loss: 0.00091, Valid Loss: 0.00113, EPS: 0.22600000000000003
Epoch: 86, Train Loss: 0.00091, Valid Loss: 0.00113, EPS: 0.21700000000000003
Epoch: 87, Train Loss: 0.00091, Valid Loss: 0.00113, EPS: 0.20800000000000002
Epoch: 88, Train Loss: 0.00091, Valid Loss: 0.00113, EPS: 0.199
Epoch: 89, Train Loss: 0.00092, Valid Loss: 0.00113, EPS: 0.19
Epoch: 90, Train Loss: 0.00092, Valid Loss: 0.00113, EPS: 0.181
Epoch: 91, Train Loss: 0.00091, Valid Loss: 0.00113, EPS: 0.172
Epoch: 92, Train Loss: 0.00091, Valid Loss: 0.00113, EPS: 0.16299999999999998
Epoch: 93, Train Loss: 0.00092, Valid Loss: 0.00113, EPS: 0.15400000000000005
Epoch: 94, Train Loss: 0.00091, Valid Loss: 0.00113, EPS: 0.14500000000000005
Epoch: 95, Train Loss: 0.00091, Valid Loss: 0.00113, EPS: 0.13600000000000004
Epoch: 96, Train Loss: 0.00092, Valid Loss: 0.00113, EPS: 0.12700000000000003
Epoch: 97, Train Loss: 0.00092, Valid Loss: 0.00113, EPS: 0.11800000000000002
Epoch: 98, Train Loss: 0.00091, Valid Loss: 0.00113, EPS: 0.10900000000000001
Epoch: 99, Train Loss: 0.00091, Valid Loss: 0.00113, EPS: 0.1
Test Loss: 0.00113
Test Loss: 0.00112
Shape: (5, 144, 72)
Epoch: 0, Train Loss: 0.00291, Valid Loss: 0.00167, EPS: 0.991
Epoch: 1, Train Loss: 0.00156, Valid Loss: 0.00144, EPS: 0.982
Epoch: 2, Train Loss: 0.00139, Valid Loss: 0.00134, EPS: 0.973
Epoch: 3, Train Loss: 0.00132, Valid Loss: 0.00130, EPS: 0.964
Epoch: 4, Train Loss: 0.00126, Valid Loss: 0.00126, EPS: 0.955
Epoch: 5, Train Loss: 0.00122, Valid Loss: 0.00124, EPS: 0.946
Epoch: 6, Train Loss: 0.00119, Valid Loss: 0.00122, EPS: 0.9369999999999999
Epoch: 7, Train Loss: 0.00118, Valid Loss: 0.00122, EPS: 0.928
Epoch: 8, Train Loss: 0.00117, Valid Loss: 0.00120, EPS: 0.919
Epoch: 9, Train Loss: 0.00116, Valid Loss: 0.00120, EPS: 0.91
Epoch: 10, Train Loss: 0.00116, Valid Loss: 0.00119, EPS: 0.901
Epoch: 11, Train Loss: 0.00115, Valid Loss: 0.00120, EPS: 0.892
Epoch: 12, Train Loss: 0.00115, Valid Loss: 0.00118, EPS: 0.883
Epoch: 13, Train Loss: 0.00114, Valid Loss: 0.00118, EPS: 0.874
Epoch: 14, Train Loss: 0.00113, Valid Loss: 0.00117, EPS: 0.865
Epoch: 15, Train Loss: 0.00113, Valid Loss: 0.00117, EPS: 0.856
Epoch: 16, Train Loss: 0.00112, Valid Loss: 0.00117, EPS: 0.847
Epoch: 17, Train Loss: 0.00111, Valid Loss: 0.00117, EPS: 0.8380000000000001
Epoch: 18, Train Loss: 0.00111, Valid Loss: 0.00115, EPS: 0.8290000000000001
Epoch: 19, Train Loss: 0.00111, Valid Loss: 0.00116, EPS: 0.8200000000000001
Epoch: 20, Train Loss: 0.00110, Valid Loss: 0.00116, EPS: 0.811
Epoch: 21, Train Loss: 0.00110, Valid Loss: 0.00115, EPS: 0.802
Epoch: 22, Train Loss: 0.00110, Valid Loss: 0.00115, EPS: 0.793
Epoch: 23, Train Loss: 0.00110, Valid Loss: 0.00115, EPS: 0.784
Epoch: 24, Train Loss: 0.00110, Valid Loss: 0.00116, EPS: 0.775
Epoch: 25, Train Loss: 0.00110, Valid Loss: 0.00115, EPS: 0.766
Epoch: 26, Train Loss: 0.00110, Valid Loss: 0.00115, EPS: 0.757
Epoch: 27, Train Loss: 0.00110, Valid Loss: 0.00115, EPS: 0.748
Epoch: 28, Train Loss: 0.00109, Valid Loss: 0.00115, EPS: 0.739
Epoch: 29, Train Loss: 0.00110, Valid Loss: 0.00115, EPS: 0.73
Epoch: 30, Train Loss: 0.00109, Valid Loss: 0.00115, EPS: 0.721
Epoch: 31, Train Loss: 0.00110, Valid Loss: 0.00115, EPS: 0.712
Epoch: 32, Train Loss: 0.00110, Valid Loss: 0.00115, EPS: 0.703
Epoch: 33, Train Loss: 0.00110, Valid Loss: 0.00115, EPS: 0.694
Epoch: 34, Train Loss: 0.00110, Valid Loss: 0.00115, EPS: 0.685
Epoch: 35, Train Loss: 0.00109, Valid Loss: 0.00115, EPS: 0.676
Epoch: 36, Train Loss: 0.00109, Valid Loss: 0.00115, EPS: 0.667
Epoch: 37, Train Loss: 0.00109, Valid Loss: 0.00115, EPS: 0.658
Epoch: 38, Train Loss: 0.00109, Valid Loss: 0.00115, EPS: 0.649
Epoch: 39, Train Loss: 0.00109, Valid Loss: 0.00114, EPS: 0.64
Epoch: 40, Train Loss: 0.00109, Valid Loss: 0.00114, EPS: 0.6310000000000001
Epoch: 41, Train Loss: 0.00109, Valid Loss: 0.00115, EPS: 0.6220000000000001
Epoch: 42, Train Loss: 0.00110, Valid Loss: 0.00116, EPS: 0.6130000000000001
Epoch: 43, Train Loss: 0.00109, Valid Loss: 0.00115, EPS: 0.6040000000000001
Epoch: 44, Train Loss: 0.00109, Valid Loss: 0.00115, EPS: 0.5950000000000001
Epoch: 45, Train Loss: 0.00109, Valid Loss: 0.00114, EPS: 0.5860000000000001
Epoch: 46, Train Loss: 0.00109, Valid Loss: 0.00115, EPS: 0.5770000000000001
Epoch: 47, Train Loss: 0.00109, Valid Loss: 0.00115, EPS: 0.5680000000000001
Epoch: 48, Train Loss: 0.00109, Valid Loss: 0.00115, EPS: 0.559
Epoch: 49, Train Loss: 0.00109, Valid Loss: 0.00115, EPS: 0.55
Epoch: 50, Train Loss: 0.00109, Valid Loss: 0.00115, EPS: 0.541
Epoch: 51, Train Loss: 0.00106, Valid Loss: 0.00114, EPS: 0.532
Epoch: 52, Train Loss: 0.00105, Valid Loss: 0.00113, EPS: 0.523
Epoch: 53, Train Loss: 0.00104, Valid Loss: 0.00113, EPS: 0.514
Epoch: 54, Train Loss: 0.00104, Valid Loss: 0.00112, EPS: 0.505
Epoch: 55, Train Loss: 0.00103, Valid Loss: 0.00112, EPS: 0.496
Epoch: 56, Train Loss: 0.00103, Valid Loss: 0.00112, EPS: 0.4870000000000001
Epoch: 57, Train Loss: 0.00103, Valid Loss: 0.00112, EPS: 0.4780000000000001
Epoch: 58, Train Loss: 0.00103, Valid Loss: 0.00112, EPS: 0.4690000000000001
Epoch: 59, Train Loss: 0.00103, Valid Loss: 0.00112, EPS: 0.4600000000000001
Epoch: 60, Train Loss: 0.00103, Valid Loss: 0.00112, EPS: 0.45100000000000007
Epoch: 61, Train Loss: 0.00103, Valid Loss: 0.00112, EPS: 0.44200000000000006
Epoch: 62, Train Loss: 0.00103, Valid Loss: 0.00112, EPS: 0.43300000000000005
Epoch: 63, Train Loss: 0.00103, Valid Loss: 0.00112, EPS: 0.42400000000000004
Epoch: 64, Train Loss: 0.00103, Valid Loss: 0.00112, EPS: 0.41500000000000004
Epoch: 65, Train Loss: 0.00103, Valid Loss: 0.00112, EPS: 0.406
Epoch: 66, Train Loss: 0.00103, Valid Loss: 0.00112, EPS: 0.397
Epoch: 67, Train Loss: 0.00103, Valid Loss: 0.00112, EPS: 0.388
Epoch: 68, Train Loss: 0.00103, Valid Loss: 0.00112, EPS: 0.3790000000000001
Epoch: 69, Train Loss: 0.00103, Valid Loss: 0.00112, EPS: 0.3700000000000001
Epoch: 70, Train Loss: 0.00103, Valid Loss: 0.00112, EPS: 0.3610000000000001
Epoch: 71, Train Loss: 0.00102, Valid Loss: 0.00112, EPS: 0.3520000000000001
Epoch: 72, Train Loss: 0.00103, Valid Loss: 0.00112, EPS: 0.343
Epoch: 73, Train Loss: 0.00103, Valid Loss: 0.00112, EPS: 0.334
Epoch: 74, Train Loss: 0.00103, Valid Loss: 0.00112, EPS: 0.325
Epoch: 75, Train Loss: 0.00103, Valid Loss: 0.00112, EPS: 0.316
Epoch: 76, Train Loss: 0.00103, Valid Loss: 0.00112, EPS: 0.307
Epoch: 77, Train Loss: 0.00102, Valid Loss: 0.00112, EPS: 0.298
Epoch: 78, Train Loss: 0.00102, Valid Loss: 0.00112, EPS: 0.289
Epoch: 79, Train Loss: 0.00102, Valid Loss: 0.00112, EPS: 0.27999999999999997
Epoch: 80, Train Loss: 0.00102, Valid Loss: 0.00112, EPS: 0.27099999999999996
Epoch: 81, Train Loss: 0.00102, Valid Loss: 0.00112, EPS: 0.26200000000000007
Epoch: 82, Train Loss: 0.00102, Valid Loss: 0.00112, EPS: 0.25300000000000006
Epoch: 83, Train Loss: 0.00102, Valid Loss: 0.00112, EPS: 0.24400000000000005
Epoch: 84, Train Loss: 0.00102, Valid Loss: 0.00112, EPS: 0.23500000000000004
Epoch: 85, Train Loss: 0.00102, Valid Loss: 0.00112, EPS: 0.22600000000000003
Epoch: 86, Train Loss: 0.00102, Valid Loss: 0.00112, EPS: 0.21700000000000003
Epoch: 87, Train Loss: 0.00102, Valid Loss: 0.00112, EPS: 0.20800000000000002
Epoch: 88, Train Loss: 0.00102, Valid Loss: 0.00112, EPS: 0.199
Epoch: 89, Train Loss: 0.00102, Valid Loss: 0.00112, EPS: 0.19
Epoch: 90, Train Loss: 0.00102, Valid Loss: 0.00112, EPS: 0.181
Epoch: 91, Train Loss: 0.00102, Valid Loss: 0.00112, EPS: 0.172
Epoch: 92, Train Loss: 0.00102, Valid Loss: 0.00112, EPS: 0.16299999999999998
Epoch: 93, Train Loss: 0.00102, Valid Loss: 0.00112, EPS: 0.15400000000000005
Epoch: 94, Train Loss: 0.00102, Valid Loss: 0.00112, EPS: 0.14500000000000005
Epoch: 95, Train Loss: 0.00102, Valid Loss: 0.00112, EPS: 0.13600000000000004
Epoch: 96, Train Loss: 0.00102, Valid Loss: 0.00112, EPS: 0.12700000000000003
Epoch: 97, Train Loss: 0.00102, Valid Loss: 0.00112, EPS: 0.11800000000000002
Epoch: 98, Train Loss: 0.00102, Valid Loss: 0.00112, EPS: 0.10900000000000001
Epoch: 99, Train Loss: 0.00102, Valid Loss: 0.00112, EPS: 0.1
Test Loss: 0.00112
Test Loss: 0.00113
Shape: (5, 144, 72)
Epoch: 0, Train Loss: 0.00370, Valid Loss: 0.00215, EPS: 0.991
Epoch: 1, Train Loss: 0.00196, Valid Loss: 0.00173, EPS: 0.982
Epoch: 2, Train Loss: 0.00161, Valid Loss: 0.00154, EPS: 0.973
Epoch: 3, Train Loss: 0.00145, Valid Loss: 0.00145, EPS: 0.964
Epoch: 4, Train Loss: 0.00137, Valid Loss: 0.00138, EPS: 0.955
Epoch: 5, Train Loss: 0.00131, Valid Loss: 0.00135, EPS: 0.946
Epoch: 6, Train Loss: 0.00127, Valid Loss: 0.00131, EPS: 0.9369999999999999
Epoch: 7, Train Loss: 0.00123, Valid Loss: 0.00128, EPS: 0.928
Epoch: 8, Train Loss: 0.00119, Valid Loss: 0.00127, EPS: 0.919
Epoch: 9, Train Loss: 0.00115, Valid Loss: 0.00125, EPS: 0.91
Epoch: 10, Train Loss: 0.00113, Valid Loss: 0.00124, EPS: 0.901
Epoch: 11, Train Loss: 0.00111, Valid Loss: 0.00123, EPS: 0.892
Epoch: 12, Train Loss: 0.00111, Valid Loss: 0.00122, EPS: 0.883
Epoch: 13, Train Loss: 0.00109, Valid Loss: 0.00121, EPS: 0.874
Epoch: 14, Train Loss: 0.00108, Valid Loss: 0.00121, EPS: 0.865
Epoch: 15, Train Loss: 0.00107, Valid Loss: 0.00120, EPS: 0.856
Epoch: 16, Train Loss: 0.00106, Valid Loss: 0.00119, EPS: 0.847
Epoch: 17, Train Loss: 0.00106, Valid Loss: 0.00119, EPS: 0.8380000000000001
Epoch: 18, Train Loss: 0.00105, Valid Loss: 0.00119, EPS: 0.8290000000000001
Epoch: 19, Train Loss: 0.00104, Valid Loss: 0.00118, EPS: 0.8200000000000001
Epoch: 20, Train Loss: 0.00104, Valid Loss: 0.00118, EPS: 0.811
Epoch: 21, Train Loss: 0.00104, Valid Loss: 0.00118, EPS: 0.802
Epoch: 22, Train Loss: 0.00104, Valid Loss: 0.00117, EPS: 0.793
Epoch: 23, Train Loss: 0.00102, Valid Loss: 0.00118, EPS: 0.784
Epoch: 24, Train Loss: 0.00102, Valid Loss: 0.00117, EPS: 0.775
Epoch: 25, Train Loss: 0.00102, Valid Loss: 0.00117, EPS: 0.766
Epoch: 26, Train Loss: 0.00102, Valid Loss: 0.00117, EPS: 0.757
Epoch: 27, Train Loss: 0.00101, Valid Loss: 0.00117, EPS: 0.748
Epoch: 28, Train Loss: 0.00101, Valid Loss: 0.00117, EPS: 0.739
Epoch: 29, Train Loss: 0.00100, Valid Loss: 0.00117, EPS: 0.73
Epoch: 30, Train Loss: 0.00100, Valid Loss: 0.00116, EPS: 0.721
Epoch: 31, Train Loss: 0.00099, Valid Loss: 0.00117, EPS: 0.712
Epoch: 32, Train Loss: 0.00099, Valid Loss: 0.00116, EPS: 0.703
Epoch: 33, Train Loss: 0.00099, Valid Loss: 0.00117, EPS: 0.694
Epoch: 34, Train Loss: 0.00099, Valid Loss: 0.00116, EPS: 0.685
Epoch: 35, Train Loss: 0.00099, Valid Loss: 0.00116, EPS: 0.676
Epoch: 36, Train Loss: 0.00098, Valid Loss: 0.00115, EPS: 0.667
Epoch: 37, Train Loss: 0.00099, Valid Loss: 0.00115, EPS: 0.658
Epoch: 38, Train Loss: 0.00099, Valid Loss: 0.00115, EPS: 0.649
Epoch: 39, Train Loss: 0.00098, Valid Loss: 0.00116, EPS: 0.64
Epoch: 40, Train Loss: 0.00098, Valid Loss: 0.00115, EPS: 0.6310000000000001
Epoch: 41, Train Loss: 0.00097, Valid Loss: 0.00115, EPS: 0.6220000000000001
Epoch: 42, Train Loss: 0.00098, Valid Loss: 0.00115, EPS: 0.6130000000000001
Epoch: 43, Train Loss: 0.00098, Valid Loss: 0.00116, EPS: 0.6040000000000001
Epoch: 44, Train Loss: 0.00098, Valid Loss: 0.00115, EPS: 0.5950000000000001
Epoch: 45, Train Loss: 0.00097, Valid Loss: 0.00115, EPS: 0.5860000000000001
Epoch: 46, Train Loss: 0.00097, Valid Loss: 0.00115, EPS: 0.5770000000000001
Epoch: 47, Train Loss: 0.00097, Valid Loss: 0.00116, EPS: 0.5680000000000001
Epoch: 48, Train Loss: 0.00098, Valid Loss: 0.00115, EPS: 0.559
Epoch: 49, Train Loss: 0.00097, Valid Loss: 0.00116, EPS: 0.55
Epoch: 50, Train Loss: 0.00097, Valid Loss: 0.00115, EPS: 0.541
Epoch: 51, Train Loss: 0.00098, Valid Loss: 0.00116, EPS: 0.532
Epoch: 52, Train Loss: 0.00098, Valid Loss: 0.00115, EPS: 0.523
Epoch: 53, Train Loss: 0.00097, Valid Loss: 0.00115, EPS: 0.514
Epoch: 54, Train Loss: 0.00098, Valid Loss: 0.00116, EPS: 0.505
Epoch: 55, Train Loss: 0.00098, Valid Loss: 0.00115, EPS: 0.496
Epoch: 56, Train Loss: 0.00097, Valid Loss: 0.00115, EPS: 0.4870000000000001
Epoch: 57, Train Loss: 0.00095, Valid Loss: 0.00115, EPS: 0.4780000000000001
Epoch: 58, Train Loss: 0.00094, Valid Loss: 0.00114, EPS: 0.4690000000000001
Epoch: 59, Train Loss: 0.00093, Valid Loss: 0.00114, EPS: 0.4600000000000001
Epoch: 60, Train Loss: 0.00093, Valid Loss: 0.00113, EPS: 0.45100000000000007
Epoch: 61, Train Loss: 0.00092, Valid Loss: 0.00113, EPS: 0.44200000000000006
Epoch: 62, Train Loss: 0.00092, Valid Loss: 0.00113, EPS: 0.43300000000000005
Epoch: 63, Train Loss: 0.00092, Valid Loss: 0.00113, EPS: 0.42400000000000004
Epoch: 64, Train Loss: 0.00092, Valid Loss: 0.00113, EPS: 0.41500000000000004
Epoch: 65, Train Loss: 0.00092, Valid Loss: 0.00113, EPS: 0.406
Epoch: 66, Train Loss: 0.00091, Valid Loss: 0.00113, EPS: 0.397
Epoch: 67, Train Loss: 0.00092, Valid Loss: 0.00112, EPS: 0.388
Epoch: 68, Train Loss: 0.00091, Valid Loss: 0.00112, EPS: 0.3790000000000001
Epoch: 69, Train Loss: 0.00091, Valid Loss: 0.00112, EPS: 0.3700000000000001
Epoch: 70, Train Loss: 0.00091, Valid Loss: 0.00113, EPS: 0.3610000000000001
Epoch: 71, Train Loss: 0.00090, Valid Loss: 0.00113, EPS: 0.3520000000000001
Epoch: 72, Train Loss: 0.00090, Valid Loss: 0.00113, EPS: 0.343
Epoch: 73, Train Loss: 0.00091, Valid Loss: 0.00112, EPS: 0.334
Epoch: 74, Train Loss: 0.00091, Valid Loss: 0.00113, EPS: 0.325
Epoch: 75, Train Loss: 0.00091, Valid Loss: 0.00112, EPS: 0.316
Epoch: 76, Train Loss: 0.00091, Valid Loss: 0.00113, EPS: 0.307
Epoch: 77, Train Loss: 0.00091, Valid Loss: 0.00112, EPS: 0.298
Epoch: 78, Train Loss: 0.00090, Valid Loss: 0.00113, EPS: 0.289
Epoch: 79, Train Loss: 0.00090, Valid Loss: 0.00113, EPS: 0.27999999999999997
Epoch: 80, Train Loss: 0.00090, Valid Loss: 0.00112, EPS: 0.27099999999999996
Epoch: 81, Train Loss: 0.00090, Valid Loss: 0.00112, EPS: 0.26200000000000007
Epoch: 82, Train Loss: 0.00090, Valid Loss: 0.00112, EPS: 0.25300000000000006
Epoch: 83, Train Loss: 0.00090, Valid Loss: 0.00113, EPS: 0.24400000000000005
Epoch: 84, Train Loss: 0.00090, Valid Loss: 0.00112, EPS: 0.23500000000000004
Epoch: 85, Train Loss: 0.00090, Valid Loss: 0.00112, EPS: 0.22600000000000003
Epoch: 86, Train Loss: 0.00091, Valid Loss: 0.00112, EPS: 0.21700000000000003
Epoch: 87, Train Loss: 0.00091, Valid Loss: 0.00112, EPS: 0.20800000000000002
Epoch: 88, Train Loss: 0.00090, Valid Loss: 0.00112, EPS: 0.199
Epoch: 89, Train Loss: 0.00090, Valid Loss: 0.00112, EPS: 0.19
Epoch: 90, Train Loss: 0.00091, Valid Loss: 0.00112, EPS: 0.181
Epoch: 91, Train Loss: 0.00090, Valid Loss: 0.00112, EPS: 0.172
Epoch: 92, Train Loss: 0.00090, Valid Loss: 0.00112, EPS: 0.16299999999999998
Epoch: 93, Train Loss: 0.00090, Valid Loss: 0.00112, EPS: 0.15400000000000005
Epoch: 94, Train Loss: 0.00091, Valid Loss: 0.00112, EPS: 0.14500000000000005
Epoch: 95, Train Loss: 0.00090, Valid Loss: 0.00112, EPS: 0.13600000000000004
Epoch: 96, Train Loss: 0.00090, Valid Loss: 0.00112, EPS: 0.12700000000000003
Epoch: 97, Train Loss: 0.00090, Valid Loss: 0.00112, EPS: 0.11800000000000002
Epoch: 98, Train Loss: 0.00090, Valid Loss: 0.00112, EPS: 0.10900000000000001
Epoch: 99, Train Loss: 0.00090, Valid Loss: 0.00112, EPS: 0.1
Test Loss: 0.00112
Test Loss: 0.00112
Shape: (5, 144, 72)
Epoch: 0, Train Loss: 0.00285, Valid Loss: 0.00163, EPS: 0.991
Epoch: 1, Train Loss: 0.00156, Valid Loss: 0.00145, EPS: 0.982
Epoch: 2, Train Loss: 0.00140, Valid Loss: 0.00135, EPS: 0.973
Epoch: 3, Train Loss: 0.00132, Valid Loss: 0.00130, EPS: 0.964
Epoch: 4, Train Loss: 0.00126, Valid Loss: 0.00126, EPS: 0.955
Epoch: 5, Train Loss: 0.00122, Valid Loss: 0.00124, EPS: 0.946
Epoch: 6, Train Loss: 0.00120, Valid Loss: 0.00122, EPS: 0.9369999999999999
Epoch: 7, Train Loss: 0.00119, Valid Loss: 0.00122, EPS: 0.928
Epoch: 8, Train Loss: 0.00117, Valid Loss: 0.00120, EPS: 0.919
Epoch: 9, Train Loss: 0.00116, Valid Loss: 0.00120, EPS: 0.91
Epoch: 10, Train Loss: 0.00116, Valid Loss: 0.00120, EPS: 0.901
Epoch: 11, Train Loss: 0.00115, Valid Loss: 0.00119, EPS: 0.892
Epoch: 12, Train Loss: 0.00115, Valid Loss: 0.00119, EPS: 0.883
Epoch: 13, Train Loss: 0.00114, Valid Loss: 0.00117, EPS: 0.874
Epoch: 14, Train Loss: 0.00113, Valid Loss: 0.00117, EPS: 0.865
Epoch: 15, Train Loss: 0.00112, Valid Loss: 0.00117, EPS: 0.856
Epoch: 16, Train Loss: 0.00112, Valid Loss: 0.00117, EPS: 0.847
Epoch: 17, Train Loss: 0.00111, Valid Loss: 0.00116, EPS: 0.8380000000000001
Epoch: 18, Train Loss: 0.00111, Valid Loss: 0.00116, EPS: 0.8290000000000001
Epoch: 19, Train Loss: 0.00110, Valid Loss: 0.00116, EPS: 0.8200000000000001
Epoch: 20, Train Loss: 0.00110, Valid Loss: 0.00115, EPS: 0.811
Epoch: 21, Train Loss: 0.00110, Valid Loss: 0.00115, EPS: 0.802
Epoch: 22, Train Loss: 0.00110, Valid Loss: 0.00115, EPS: 0.793
Epoch: 23, Train Loss: 0.00110, Valid Loss: 0.00114, EPS: 0.784
Epoch: 24, Train Loss: 0.00109, Valid Loss: 0.00114, EPS: 0.775
Epoch: 25, Train Loss: 0.00109, Valid Loss: 0.00114, EPS: 0.766
Epoch: 26, Train Loss: 0.00109, Valid Loss: 0.00115, EPS: 0.757
Epoch: 27, Train Loss: 0.00109, Valid Loss: 0.00114, EPS: 0.748
Epoch: 28, Train Loss: 0.00109, Valid Loss: 0.00114, EPS: 0.739
Epoch: 29, Train Loss: 0.00108, Valid Loss: 0.00114, EPS: 0.73
Epoch: 30, Train Loss: 0.00108, Valid Loss: 0.00114, EPS: 0.721
Epoch: 31, Train Loss: 0.00108, Valid Loss: 0.00114, EPS: 0.712
Epoch: 32, Train Loss: 0.00109, Valid Loss: 0.00114, EPS: 0.703
Epoch: 33, Train Loss: 0.00108, Valid Loss: 0.00114, EPS: 0.694
Epoch: 34, Train Loss: 0.00108, Valid Loss: 0.00114, EPS: 0.685
Epoch: 35, Train Loss: 0.00109, Valid Loss: 0.00114, EPS: 0.676
Epoch: 36, Train Loss: 0.00109, Valid Loss: 0.00115, EPS: 0.667
Epoch: 37, Train Loss: 0.00109, Valid Loss: 0.00114, EPS: 0.658
Epoch: 38, Train Loss: 0.00109, Valid Loss: 0.00114, EPS: 0.649
Epoch: 39, Train Loss: 0.00108, Valid Loss: 0.00115, EPS: 0.64
Epoch: 40, Train Loss: 0.00108, Valid Loss: 0.00115, EPS: 0.6310000000000001
Epoch: 41, Train Loss: 0.00109, Valid Loss: 0.00114, EPS: 0.6220000000000001
Epoch: 42, Train Loss: 0.00108, Valid Loss: 0.00115, EPS: 0.6130000000000001
Epoch: 43, Train Loss: 0.00109, Valid Loss: 0.00115, EPS: 0.6040000000000001
Epoch: 44, Train Loss: 0.00109, Valid Loss: 0.00114, EPS: 0.5950000000000001
Epoch: 45, Train Loss: 0.00105, Valid Loss: 0.00113, EPS: 0.5860000000000001
Epoch: 46, Train Loss: 0.00104, Valid Loss: 0.00112, EPS: 0.5770000000000001
Epoch: 47, Train Loss: 0.00103, Valid Loss: 0.00112, EPS: 0.5680000000000001
Epoch: 48, Train Loss: 0.00103, Valid Loss: 0.00112, EPS: 0.559
Epoch: 49, Train Loss: 0.00102, Valid Loss: 0.00112, EPS: 0.55
Epoch: 50, Train Loss: 0.00102, Valid Loss: 0.00112, EPS: 0.541
Epoch: 51, Train Loss: 0.00102, Valid Loss: 0.00112, EPS: 0.532
Epoch: 52, Train Loss: 0.00102, Valid Loss: 0.00112, EPS: 0.523
Epoch: 53, Train Loss: 0.00102, Valid Loss: 0.00112, EPS: 0.514
Epoch: 54, Train Loss: 0.00102, Valid Loss: 0.00112, EPS: 0.505
Epoch: 55, Train Loss: 0.00102, Valid Loss: 0.00112, EPS: 0.496
Epoch: 56, Train Loss: 0.00102, Valid Loss: 0.00112, EPS: 0.4870000000000001
Epoch: 57, Train Loss: 0.00102, Valid Loss: 0.00112, EPS: 0.4780000000000001
Epoch: 58, Train Loss: 0.00102, Valid Loss: 0.00112, EPS: 0.4690000000000001
Epoch: 59, Train Loss: 0.00102, Valid Loss: 0.00111, EPS: 0.4600000000000001
Epoch: 60, Train Loss: 0.00102, Valid Loss: 0.00112, EPS: 0.45100000000000007
Epoch: 61, Train Loss: 0.00102, Valid Loss: 0.00111, EPS: 0.44200000000000006
Epoch: 62, Train Loss: 0.00102, Valid Loss: 0.00111, EPS: 0.43300000000000005
Epoch: 63, Train Loss: 0.00102, Valid Loss: 0.00112, EPS: 0.42400000000000004
Epoch: 64, Train Loss: 0.00102, Valid Loss: 0.00111, EPS: 0.41500000000000004
Epoch: 65, Train Loss: 0.00102, Valid Loss: 0.00111, EPS: 0.406
Epoch: 66, Train Loss: 0.00102, Valid Loss: 0.00111, EPS: 0.397
Epoch: 67, Train Loss: 0.00102, Valid Loss: 0.00111, EPS: 0.388
Epoch: 68, Train Loss: 0.00102, Valid Loss: 0.00111, EPS: 0.3790000000000001
Epoch: 69, Train Loss: 0.00102, Valid Loss: 0.00111, EPS: 0.3700000000000001
Epoch: 70, Train Loss: 0.00102, Valid Loss: 0.00111, EPS: 0.3610000000000001
Epoch: 71, Train Loss: 0.00102, Valid Loss: 0.00111, EPS: 0.3520000000000001
Epoch: 72, Train Loss: 0.00102, Valid Loss: 0.00111, EPS: 0.343
Epoch: 73, Train Loss: 0.00102, Valid Loss: 0.00111, EPS: 0.334
Epoch: 74, Train Loss: 0.00102, Valid Loss: 0.00111, EPS: 0.325
Epoch: 75, Train Loss: 0.00102, Valid Loss: 0.00111, EPS: 0.316
Epoch: 76, Train Loss: 0.00102, Valid Loss: 0.00111, EPS: 0.307
Epoch: 77, Train Loss: 0.00102, Valid Loss: 0.00111, EPS: 0.298
Epoch: 78, Train Loss: 0.00102, Valid Loss: 0.00111, EPS: 0.289
Epoch: 79, Train Loss: 0.00102, Valid Loss: 0.00111, EPS: 0.27999999999999997
Epoch: 80, Train Loss: 0.00102, Valid Loss: 0.00111, EPS: 0.27099999999999996
Epoch: 81, Train Loss: 0.00102, Valid Loss: 0.00111, EPS: 0.26200000000000007
Epoch: 82, Train Loss: 0.00102, Valid Loss: 0.00112, EPS: 0.25300000000000006
Epoch: 83, Train Loss: 0.00102, Valid Loss: 0.00111, EPS: 0.24400000000000005
Epoch: 84, Train Loss: 0.00102, Valid Loss: 0.00111, EPS: 0.23500000000000004
Epoch: 85, Train Loss: 0.00102, Valid Loss: 0.00111, EPS: 0.22600000000000003
Epoch: 86, Train Loss: 0.00102, Valid Loss: 0.00112, EPS: 0.21700000000000003
Epoch: 87, Train Loss: 0.00102, Valid Loss: 0.00111, EPS: 0.20800000000000002
Epoch: 88, Train Loss: 0.00102, Valid Loss: 0.00111, EPS: 0.199
Epoch: 89, Train Loss: 0.00102, Valid Loss: 0.00111, EPS: 0.19
Epoch: 90, Train Loss: 0.00102, Valid Loss: 0.00112, EPS: 0.181
Epoch: 91, Train Loss: 0.00101, Valid Loss: 0.00111, EPS: 0.172
Epoch: 92, Train Loss: 0.00102, Valid Loss: 0.00111, EPS: 0.16299999999999998
Epoch: 93, Train Loss: 0.00102, Valid Loss: 0.00111, EPS: 0.15400000000000005
Epoch: 94, Train Loss: 0.00102, Valid Loss: 0.00111, EPS: 0.14500000000000005
Epoch: 95, Train Loss: 0.00102, Valid Loss: 0.00111, EPS: 0.13600000000000004
Epoch: 96, Train Loss: 0.00102, Valid Loss: 0.00111, EPS: 0.12700000000000003
Epoch: 97, Train Loss: 0.00101, Valid Loss: 0.00111, EPS: 0.11800000000000002
Epoch: 98, Train Loss: 0.00101, Valid Loss: 0.00111, EPS: 0.10900000000000001
Epoch: 99, Train Loss: 0.00101, Valid Loss: 0.00111, EPS: 0.1
Test Loss: 0.00111
Test Loss: 0.00112
Shape: (5, 144, 72)
Epoch: 0, Train Loss: 0.00351, Valid Loss: 0.00208, EPS: 0.991
Epoch: 1, Train Loss: 0.00189, Valid Loss: 0.00163, EPS: 0.982
Epoch: 2, Train Loss: 0.00156, Valid Loss: 0.00148, EPS: 0.973
Epoch: 3, Train Loss: 0.00143, Valid Loss: 0.00141, EPS: 0.964
Epoch: 4, Train Loss: 0.00134, Valid Loss: 0.00136, EPS: 0.955
Epoch: 5, Train Loss: 0.00128, Valid Loss: 0.00133, EPS: 0.946
Epoch: 6, Train Loss: 0.00125, Valid Loss: 0.00130, EPS: 0.9369999999999999
Epoch: 7, Train Loss: 0.00120, Valid Loss: 0.00127, EPS: 0.928
Epoch: 8, Train Loss: 0.00117, Valid Loss: 0.00126, EPS: 0.919
Epoch: 9, Train Loss: 0.00114, Valid Loss: 0.00124, EPS: 0.91
Epoch: 10, Train Loss: 0.00112, Valid Loss: 0.00123, EPS: 0.901
Epoch: 11, Train Loss: 0.00111, Valid Loss: 0.00122, EPS: 0.892
Epoch: 12, Train Loss: 0.00110, Valid Loss: 0.00122, EPS: 0.883
Epoch: 13, Train Loss: 0.00109, Valid Loss: 0.00121, EPS: 0.874
Epoch: 14, Train Loss: 0.00108, Valid Loss: 0.00120, EPS: 0.865
Epoch: 15, Train Loss: 0.00107, Valid Loss: 0.00120, EPS: 0.856
Epoch: 16, Train Loss: 0.00108, Valid Loss: 0.00120, EPS: 0.847
Epoch: 17, Train Loss: 0.00106, Valid Loss: 0.00120, EPS: 0.8380000000000001
Epoch: 18, Train Loss: 0.00105, Valid Loss: 0.00119, EPS: 0.8290000000000001
Epoch: 19, Train Loss: 0.00105, Valid Loss: 0.00118, EPS: 0.8200000000000001
Epoch: 20, Train Loss: 0.00104, Valid Loss: 0.00119, EPS: 0.811
Epoch: 21, Train Loss: 0.00104, Valid Loss: 0.00118, EPS: 0.802
Epoch: 22, Train Loss: 0.00103, Valid Loss: 0.00119, EPS: 0.793
Epoch: 23, Train Loss: 0.00103, Valid Loss: 0.00117, EPS: 0.784
Epoch: 24, Train Loss: 0.00103, Valid Loss: 0.00118, EPS: 0.775
Epoch: 25, Train Loss: 0.00102, Valid Loss: 0.00118, EPS: 0.766
Epoch: 26, Train Loss: 0.00102, Valid Loss: 0.00117, EPS: 0.757
Epoch: 27, Train Loss: 0.00102, Valid Loss: 0.00117, EPS: 0.748
Epoch: 28, Train Loss: 0.00101, Valid Loss: 0.00117, EPS: 0.739
Epoch: 29, Train Loss: 0.00101, Valid Loss: 0.00117, EPS: 0.73
Epoch: 30, Train Loss: 0.00101, Valid Loss: 0.00117, EPS: 0.721
Epoch: 31, Train Loss: 0.00100, Valid Loss: 0.00117, EPS: 0.712
Epoch: 32, Train Loss: 0.00100, Valid Loss: 0.00116, EPS: 0.703
Epoch: 33, Train Loss: 0.00100, Valid Loss: 0.00117, EPS: 0.694
Epoch: 34, Train Loss: 0.00099, Valid Loss: 0.00117, EPS: 0.685
Epoch: 35, Train Loss: 0.00100, Valid Loss: 0.00116, EPS: 0.676
Epoch: 36, Train Loss: 0.00100, Valid Loss: 0.00116, EPS: 0.667
Epoch: 37, Train Loss: 0.00099, Valid Loss: 0.00116, EPS: 0.658
Epoch: 38, Train Loss: 0.00100, Valid Loss: 0.00116, EPS: 0.649
Epoch: 39, Train Loss: 0.00099, Valid Loss: 0.00116, EPS: 0.64
Epoch: 40, Train Loss: 0.00099, Valid Loss: 0.00116, EPS: 0.6310000000000001
Epoch: 41, Train Loss: 0.00099, Valid Loss: 0.00117, EPS: 0.6220000000000001
Epoch: 42, Train Loss: 0.00099, Valid Loss: 0.00116, EPS: 0.6130000000000001
Epoch: 43, Train Loss: 0.00099, Valid Loss: 0.00116, EPS: 0.6040000000000001
Epoch: 44, Train Loss: 0.00099, Valid Loss: 0.00115, EPS: 0.5950000000000001
Epoch: 45, Train Loss: 0.00099, Valid Loss: 0.00116, EPS: 0.5860000000000001
Epoch: 46, Train Loss: 0.00098, Valid Loss: 0.00115, EPS: 0.5770000000000001
Epoch: 47, Train Loss: 0.00098, Valid Loss: 0.00116, EPS: 0.5680000000000001
Epoch: 48, Train Loss: 0.00098, Valid Loss: 0.00115, EPS: 0.559
Epoch: 49, Train Loss: 0.00098, Valid Loss: 0.00115, EPS: 0.55
Epoch: 50, Train Loss: 0.00098, Valid Loss: 0.00116, EPS: 0.541
Epoch: 51, Train Loss: 0.00098, Valid Loss: 0.00116, EPS: 0.532
Epoch: 52, Train Loss: 0.00099, Valid Loss: 0.00115, EPS: 0.523
Epoch: 53, Train Loss: 0.00098, Valid Loss: 0.00116, EPS: 0.514
Epoch: 54, Train Loss: 0.00097, Valid Loss: 0.00116, EPS: 0.505
Epoch: 55, Train Loss: 0.00098, Valid Loss: 0.00116, EPS: 0.496
Epoch: 56, Train Loss: 0.00098, Valid Loss: 0.00116, EPS: 0.4870000000000001
Epoch: 57, Train Loss: 0.00098, Valid Loss: 0.00116, EPS: 0.4780000000000001
Epoch: 58, Train Loss: 0.00098, Valid Loss: 0.00116, EPS: 0.4690000000000001
Epoch: 59, Train Loss: 0.00099, Valid Loss: 0.00115, EPS: 0.4600000000000001
Epoch: 60, Train Loss: 0.00098, Valid Loss: 0.00115, EPS: 0.45100000000000007
Epoch: 61, Train Loss: 0.00096, Valid Loss: 0.00115, EPS: 0.44200000000000006
Epoch: 62, Train Loss: 0.00095, Valid Loss: 0.00114, EPS: 0.43300000000000005
Epoch: 63, Train Loss: 0.00094, Valid Loss: 0.00114, EPS: 0.42400000000000004
Epoch: 64, Train Loss: 0.00094, Valid Loss: 0.00113, EPS: 0.41500000000000004
Epoch: 65, Train Loss: 0.00093, Valid Loss: 0.00113, EPS: 0.406
Epoch: 66, Train Loss: 0.00093, Valid Loss: 0.00113, EPS: 0.397
Epoch: 67, Train Loss: 0.00092, Valid Loss: 0.00113, EPS: 0.388
Epoch: 68, Train Loss: 0.00092, Valid Loss: 0.00113, EPS: 0.3790000000000001
Epoch: 69, Train Loss: 0.00092, Valid Loss: 0.00113, EPS: 0.3700000000000001
Epoch: 70, Train Loss: 0.00092, Valid Loss: 0.00112, EPS: 0.3610000000000001
Epoch: 71, Train Loss: 0.00092, Valid Loss: 0.00113, EPS: 0.3520000000000001
Epoch: 72, Train Loss: 0.00091, Valid Loss: 0.00113, EPS: 0.343
Epoch: 73, Train Loss: 0.00092, Valid Loss: 0.00113, EPS: 0.334
Epoch: 74, Train Loss: 0.00091, Valid Loss: 0.00112, EPS: 0.325
Epoch: 75, Train Loss: 0.00091, Valid Loss: 0.00113, EPS: 0.316
Epoch: 76, Train Loss: 0.00091, Valid Loss: 0.00113, EPS: 0.307
Epoch: 77, Train Loss: 0.00091, Valid Loss: 0.00112, EPS: 0.298
Epoch: 78, Train Loss: 0.00091, Valid Loss: 0.00112, EPS: 0.289
Epoch: 79, Train Loss: 0.00091, Valid Loss: 0.00113, EPS: 0.27999999999999997
Epoch: 80, Train Loss: 0.00091, Valid Loss: 0.00112, EPS: 0.27099999999999996
Epoch: 81, Train Loss: 0.00091, Valid Loss: 0.00113, EPS: 0.26200000000000007
Epoch: 82, Train Loss: 0.00091, Valid Loss: 0.00112, EPS: 0.25300000000000006
Epoch: 83, Train Loss: 0.00091, Valid Loss: 0.00113, EPS: 0.24400000000000005
Epoch: 84, Train Loss: 0.00091, Valid Loss: 0.00112, EPS: 0.23500000000000004
Epoch: 85, Train Loss: 0.00091, Valid Loss: 0.00112, EPS: 0.22600000000000003
Epoch: 86, Train Loss: 0.00090, Valid Loss: 0.00112, EPS: 0.21700000000000003
Epoch: 87, Train Loss: 0.00091, Valid Loss: 0.00112, EPS: 0.20800000000000002
Epoch: 88, Train Loss: 0.00091, Valid Loss: 0.00112, EPS: 0.199
Epoch: 89, Train Loss: 0.00090, Valid Loss: 0.00112, EPS: 0.19
Epoch: 90, Train Loss: 0.00091, Valid Loss: 0.00112, EPS: 0.181
Epoch: 91, Train Loss: 0.00091, Valid Loss: 0.00113, EPS: 0.172
Epoch: 92, Train Loss: 0.00091, Valid Loss: 0.00112, EPS: 0.16299999999999998
Epoch: 93, Train Loss: 0.00090, Valid Loss: 0.00112, EPS: 0.15400000000000005
Epoch: 94, Train Loss: 0.00090, Valid Loss: 0.00112, EPS: 0.14500000000000005
Epoch: 95, Train Loss: 0.00091, Valid Loss: 0.00112, EPS: 0.13600000000000004
Epoch: 96, Train Loss: 0.00090, Valid Loss: 0.00112, EPS: 0.12700000000000003
Epoch: 97, Train Loss: 0.00091, Valid Loss: 0.00112, EPS: 0.11800000000000002
Epoch: 98, Train Loss: 0.00091, Valid Loss: 0.00112, EPS: 0.10900000000000001
Epoch: 99, Train Loss: 0.00091, Valid Loss: 0.00112, EPS: 0.1
Test Loss: 0.00112
Test Loss: 0.00112
