nohup: ignoring input
Train shape: torch.Size([14031, 5, 64, 32])
Valid shape: torch.Size([4677, 5, 64, 32])
Test shape: torch.Size([4678, 5, 64, 32])
Shape: (5, 144, 72)
Shape: (5, 144, 72)
Epoch: 0, Train Loss: 1.82128, Valid Loss: 1.55541, EPS: 0.991
Epoch: 1, Train Loss: 1.36862, Valid Loss: 1.37724, EPS: 0.982
Epoch: 2, Train Loss: 1.22129, Valid Loss: 1.32148, EPS: 0.973
Epoch: 3, Train Loss: 1.14889, Valid Loss: 1.30111, EPS: 0.964
Epoch: 4, Train Loss: 1.10655, Valid Loss: 1.28751, EPS: 0.955
Epoch: 5, Train Loss: 1.07660, Valid Loss: 1.27621, EPS: 0.946
Epoch: 6, Train Loss: 1.05088, Valid Loss: 1.27713, EPS: 0.9369999999999999
Epoch: 7, Train Loss: 1.03356, Valid Loss: 1.27003, EPS: 0.928
Epoch: 8, Train Loss: 1.01579, Valid Loss: 1.27389, EPS: 0.919
Epoch: 9, Train Loss: 1.00098, Valid Loss: 1.27231, EPS: 0.91
Epoch: 10, Train Loss: 0.98749, Valid Loss: 1.27104, EPS: 0.901
Epoch: 11, Train Loss: 0.97709, Valid Loss: 1.27691, EPS: 0.892
Epoch: 12, Train Loss: 0.97292, Valid Loss: 1.27201, EPS: 0.883
Epoch: 13, Train Loss: 0.96275, Valid Loss: 1.27282, EPS: 0.874
Epoch: 14, Train Loss: 0.95628, Valid Loss: 1.27705, EPS: 0.865
Epoch: 15, Train Loss: 0.94740, Valid Loss: 1.27608, EPS: 0.856
Epoch: 16, Train Loss: 0.94107, Valid Loss: 1.27787, EPS: 0.847
Epoch: 17, Train Loss: 0.93512, Valid Loss: 1.27825, EPS: 0.8380000000000001
Epoch: 18, Train Loss: 0.93170, Valid Loss: 1.28132, EPS: 0.8290000000000001
Epoch: 19, Train Loss: 0.88296, Valid Loss: 1.26169, EPS: 0.8200000000000001
Epoch: 20, Train Loss: 0.86391, Valid Loss: 1.25765, EPS: 0.811
Epoch: 21, Train Loss: 0.85517, Valid Loss: 1.25963, EPS: 0.802
Epoch: 22, Train Loss: 0.84833, Valid Loss: 1.25834, EPS: 0.793
Epoch: 23, Train Loss: 0.84389, Valid Loss: 1.25878, EPS: 0.784
Epoch: 24, Train Loss: 0.84030, Valid Loss: 1.25763, EPS: 0.775
Epoch: 25, Train Loss: 0.83713, Valid Loss: 1.26030, EPS: 0.766
Epoch: 26, Train Loss: 0.83399, Valid Loss: 1.26040, EPS: 0.757
Epoch: 27, Train Loss: 0.83162, Valid Loss: 1.26220, EPS: 0.748
Epoch: 28, Train Loss: 0.82926, Valid Loss: 1.26318, EPS: 0.739
Epoch: 29, Train Loss: 0.82615, Valid Loss: 1.26282, EPS: 0.73
Epoch: 30, Train Loss: 0.82492, Valid Loss: 1.26341, EPS: 0.721
Epoch: 31, Train Loss: 0.82324, Valid Loss: 1.26360, EPS: 0.712
Epoch: 32, Train Loss: 0.81776, Valid Loss: 1.26220, EPS: 0.703
Epoch: 33, Train Loss: 0.81661, Valid Loss: 1.26165, EPS: 0.694
Epoch: 34, Train Loss: 0.81648, Valid Loss: 1.26132, EPS: 0.685
Epoch: 35, Train Loss: 0.81614, Valid Loss: 1.26321, EPS: 0.676
Epoch: 36, Train Loss: 0.81527, Valid Loss: 1.26372, EPS: 0.667
Epoch: 37, Train Loss: 0.81490, Valid Loss: 1.26380, EPS: 0.658
Epoch: 38, Train Loss: 0.81506, Valid Loss: 1.26343, EPS: 0.649
Epoch: 39, Train Loss: 0.81522, Valid Loss: 1.26200, EPS: 0.64
Epoch: 40, Train Loss: 0.81469, Valid Loss: 1.26070, EPS: 0.6310000000000001
Epoch: 41, Train Loss: 0.81498, Valid Loss: 1.26339, EPS: 0.6220000000000001
Epoch: 42, Train Loss: 0.81446, Valid Loss: 1.26229, EPS: 0.6130000000000001
Epoch: 43, Train Loss: 0.81386, Valid Loss: 1.26292, EPS: 0.6040000000000001
Epoch: 44, Train Loss: 0.81362, Valid Loss: 1.26214, EPS: 0.5950000000000001
Epoch: 45, Train Loss: 0.81385, Valid Loss: 1.26371, EPS: 0.5860000000000001
Epoch: 46, Train Loss: 0.81328, Valid Loss: 1.26237, EPS: 0.5770000000000001
Epoch: 47, Train Loss: 0.81337, Valid Loss: 1.26243, EPS: 0.5680000000000001
Epoch: 48, Train Loss: 0.81334, Valid Loss: 1.26371, EPS: 0.559
Epoch: 49, Train Loss: 0.81306, Valid Loss: 1.26380, EPS: 0.55
Epoch: 50, Train Loss: 0.81300, Valid Loss: 1.26190, EPS: 0.541
Epoch: 51, Train Loss: 0.81261, Valid Loss: 1.26237, EPS: 0.532
Epoch: 52, Train Loss: 0.81311, Valid Loss: 1.26170, EPS: 0.523
Epoch: 53, Train Loss: 0.81288, Valid Loss: 1.26200, EPS: 0.514
Epoch: 54, Train Loss: 0.81334, Valid Loss: 1.26283, EPS: 0.505
Epoch: 55, Train Loss: 0.81361, Valid Loss: 1.26276, EPS: 0.496
Epoch: 56, Train Loss: 0.81317, Valid Loss: 1.26277, EPS: 0.4870000000000001
Epoch: 57, Train Loss: 0.81298, Valid Loss: 1.26263, EPS: 0.4780000000000001
Epoch: 58, Train Loss: 0.81248, Valid Loss: 1.26276, EPS: 0.4690000000000001
Epoch: 59, Train Loss: 0.81391, Valid Loss: 1.26319, EPS: 0.4600000000000001
Epoch: 60, Train Loss: 0.81373, Valid Loss: 1.26235, EPS: 0.45100000000000007
Epoch: 61, Train Loss: 0.81278, Valid Loss: 1.26416, EPS: 0.44200000000000006
Epoch: 62, Train Loss: 0.81291, Valid Loss: 1.26170, EPS: 0.43300000000000005
Epoch: 63, Train Loss: 0.81358, Valid Loss: 1.26257, EPS: 0.42400000000000004
Epoch: 64, Train Loss: 0.81312, Valid Loss: 1.26225, EPS: 0.41500000000000004
Epoch: 65, Train Loss: 0.81282, Valid Loss: 1.26402, EPS: 0.406
Epoch: 66, Train Loss: 0.81325, Valid Loss: 1.26310, EPS: 0.397
Epoch: 67, Train Loss: 0.81299, Valid Loss: 1.26303, EPS: 0.388
Epoch: 68, Train Loss: 0.81316, Valid Loss: 1.26218, EPS: 0.3790000000000001
Epoch: 69, Train Loss: 0.81278, Valid Loss: 1.26447, EPS: 0.3700000000000001
Epoch: 70, Train Loss: 0.81273, Valid Loss: 1.26382, EPS: 0.3610000000000001
Epoch: 71, Train Loss: 0.81336, Valid Loss: 1.26329, EPS: 0.3520000000000001
Epoch: 72, Train Loss: 0.81351, Valid Loss: 1.26250, EPS: 0.343
Epoch: 73, Train Loss: 0.81238, Valid Loss: 1.26391, EPS: 0.334
Epoch: 74, Train Loss: 0.81263, Valid Loss: 1.26463, EPS: 0.325
Epoch: 75, Train Loss: 0.81225, Valid Loss: 1.26322, EPS: 0.316
Epoch: 76, Train Loss: 0.81246, Valid Loss: 1.26034, EPS: 0.307
Epoch: 77, Train Loss: 0.81293, Valid Loss: 1.26431, EPS: 0.298
Epoch: 78, Train Loss: 0.81309, Valid Loss: 1.26286, EPS: 0.289
Epoch: 79, Train Loss: 0.81312, Valid Loss: 1.26258, EPS: 0.27999999999999997
Epoch: 80, Train Loss: 0.81263, Valid Loss: 1.26319, EPS: 0.27099999999999996
Epoch: 81, Train Loss: 0.81236, Valid Loss: 1.26281, EPS: 0.26200000000000007
Epoch: 82, Train Loss: 0.81296, Valid Loss: 1.26324, EPS: 0.25300000000000006
Epoch: 83, Train Loss: 0.81323, Valid Loss: 1.26315, EPS: 0.24400000000000005
Epoch: 84, Train Loss: 0.81328, Valid Loss: 1.26344, EPS: 0.23500000000000004
Epoch: 85, Train Loss: 0.81270, Valid Loss: 1.26322, EPS: 0.22600000000000003
Epoch: 86, Train Loss: 0.81283, Valid Loss: 1.26295, EPS: 0.21700000000000003
Epoch: 87, Train Loss: 0.81278, Valid Loss: 1.26221, EPS: 0.20800000000000002
Epoch: 88, Train Loss: 0.81254, Valid Loss: 1.26353, EPS: 0.199
Epoch: 89, Train Loss: 0.81273, Valid Loss: 1.26341, EPS: 0.19
Epoch: 90, Train Loss: 0.81349, Valid Loss: 1.26239, EPS: 0.181
Epoch: 91, Train Loss: 0.81302, Valid Loss: 1.26232, EPS: 0.172
Epoch: 92, Train Loss: 0.81332, Valid Loss: 1.26436, EPS: 0.16299999999999998
Epoch: 93, Train Loss: 0.81293, Valid Loss: 1.26430, EPS: 0.15400000000000005
Epoch: 94, Train Loss: 0.81247, Valid Loss: 1.26165, EPS: 0.14500000000000005
Epoch: 95, Train Loss: 0.81234, Valid Loss: 1.26361, EPS: 0.13600000000000004
Epoch: 96, Train Loss: 0.81316, Valid Loss: 1.26314, EPS: 0.12700000000000003
Epoch: 97, Train Loss: 0.81310, Valid Loss: 1.26253, EPS: 0.11800000000000002
Epoch: 98, Train Loss: 0.81262, Valid Loss: 1.26418, EPS: 0.10900000000000001
Epoch: 99, Train Loss: 0.81387, Valid Loss: 1.26187, EPS: 0.1
Test Loss: 1.26407
Test Loss: 1.26086
