nohup: ignoring input
GPU 0: NVIDIA GeForce RTX 4080
Train: torch.Size([14031, 5, 64, 32]), Valid: torch.Size([4677, 5, 64, 32]), Test: torch.Size([4678, 5, 64, 32])
Input shape: (C=5, H=144, W=72)
Fine Tuning Both
Starting Downstream Task
Shape: (5, 144, 72)
Epoch: 0, Train Loss: 0.00535, Valid Loss: 0.00460, EPS: 0.991
Epoch: 1, Train Loss: 0.00429, Valid Loss: 0.00451, EPS: 0.982
Epoch: 2, Train Loss: 0.00425, Valid Loss: 0.00449, EPS: 0.973
Epoch: 3, Train Loss: 0.00421, Valid Loss: 0.00447, EPS: 0.964
Epoch: 4, Train Loss: 0.00420, Valid Loss: 0.00449, EPS: 0.955
Epoch: 5, Train Loss: 0.00418, Valid Loss: 0.00444, EPS: 0.946
Epoch: 6, Train Loss: 0.00415, Valid Loss: 0.00441, EPS: 0.9369999999999999
Epoch: 7, Train Loss: 0.00414, Valid Loss: 0.00441, EPS: 0.928
Epoch: 8, Train Loss: 0.00414, Valid Loss: 0.00443, EPS: 0.919
Epoch: 9, Train Loss: 0.00412, Valid Loss: 0.00443, EPS: 0.91
Epoch: 10, Train Loss: 0.00414, Valid Loss: 0.00442, EPS: 0.901
Epoch: 11, Train Loss: 0.00411, Valid Loss: 0.00438, EPS: 0.892
Epoch: 12, Train Loss: 0.00411, Valid Loss: 0.00442, EPS: 0.883
Epoch: 13, Train Loss: 0.00411, Valid Loss: 0.00440, EPS: 0.874
Epoch: 14, Train Loss: 0.00410, Valid Loss: 0.00439, EPS: 0.865
Epoch: 15, Train Loss: 0.00410, Valid Loss: 0.00439, EPS: 0.856
Epoch: 16, Train Loss: 0.00409, Valid Loss: 0.00441, EPS: 0.847
Epoch: 17, Train Loss: 0.00410, Valid Loss: 0.00439, EPS: 0.8380000000000001
Epoch: 18, Train Loss: 0.00410, Valid Loss: 0.00436, EPS: 0.8290000000000001
Epoch: 19, Train Loss: 0.00410, Valid Loss: 0.00438, EPS: 0.8200000000000001
Epoch: 20, Train Loss: 0.00410, Valid Loss: 0.00439, EPS: 0.811
Epoch: 21, Train Loss: 0.00409, Valid Loss: 0.00437, EPS: 0.802
Epoch: 22, Train Loss: 0.00410, Valid Loss: 0.00436, EPS: 0.793
Epoch: 23, Train Loss: 0.00409, Valid Loss: 0.00440, EPS: 0.784
Epoch: 24, Train Loss: 0.00410, Valid Loss: 0.00437, EPS: 0.775
Epoch: 25, Train Loss: 0.00408, Valid Loss: 0.00440, EPS: 0.766
Epoch: 26, Train Loss: 0.00408, Valid Loss: 0.00439, EPS: 0.757
Epoch: 27, Train Loss: 0.00408, Valid Loss: 0.00439, EPS: 0.748
Epoch: 28, Train Loss: 0.00409, Valid Loss: 0.00438, EPS: 0.739
Epoch: 29, Train Loss: 0.00411, Valid Loss: 0.00440, EPS: 0.73
Epoch: 30, Train Loss: 0.00373, Valid Loss: 0.00397, EPS: 0.721
Epoch: 31, Train Loss: 0.00349, Valid Loss: 0.00389, EPS: 0.712
Epoch: 32, Train Loss: 0.00342, Valid Loss: 0.00385, EPS: 0.703
Epoch: 33, Train Loss: 0.00335, Valid Loss: 0.00380, EPS: 0.694
Epoch: 34, Train Loss: 0.00331, Valid Loss: 0.00377, EPS: 0.685
Epoch: 35, Train Loss: 0.00327, Valid Loss: 0.00374, EPS: 0.676
Epoch: 36, Train Loss: 0.00323, Valid Loss: 0.00371, EPS: 0.667
Epoch: 37, Train Loss: 0.00319, Valid Loss: 0.00368, EPS: 0.658
Epoch: 38, Train Loss: 0.00316, Valid Loss: 0.00366, EPS: 0.649
Epoch: 39, Train Loss: 0.00314, Valid Loss: 0.00364, EPS: 0.64
Epoch: 40, Train Loss: 0.00312, Valid Loss: 0.00362, EPS: 0.6310000000000001
Epoch: 41, Train Loss: 0.00309, Valid Loss: 0.00361, EPS: 0.6220000000000001
Epoch: 42, Train Loss: 0.00308, Valid Loss: 0.00361, EPS: 0.6130000000000001
Epoch: 43, Train Loss: 0.00307, Valid Loss: 0.00359, EPS: 0.6040000000000001
Epoch: 44, Train Loss: 0.00306, Valid Loss: 0.00360, EPS: 0.5950000000000001
Epoch: 45, Train Loss: 0.00305, Valid Loss: 0.00360, EPS: 0.5860000000000001
Epoch: 46, Train Loss: 0.00305, Valid Loss: 0.00360, EPS: 0.5770000000000001
Epoch: 47, Train Loss: 0.00304, Valid Loss: 0.00359, EPS: 0.5680000000000001
Epoch: 48, Train Loss: 0.00303, Valid Loss: 0.00358, EPS: 0.559
Epoch: 49, Train Loss: 0.00302, Valid Loss: 0.00358, EPS: 0.55
Epoch: 50, Train Loss: 0.00302, Valid Loss: 0.00359, EPS: 0.541
Epoch: 51, Train Loss: 0.00302, Valid Loss: 0.00358, EPS: 0.532
Epoch: 52, Train Loss: 0.00302, Valid Loss: 0.00358, EPS: 0.523
Epoch: 53, Train Loss: 0.00301, Valid Loss: 0.00357, EPS: 0.514
Epoch: 54, Train Loss: 0.00301, Valid Loss: 0.00358, EPS: 0.505
Epoch: 55, Train Loss: 0.00301, Valid Loss: 0.00357, EPS: 0.496
Epoch: 56, Train Loss: 0.00300, Valid Loss: 0.00357, EPS: 0.4870000000000001
Epoch: 57, Train Loss: 0.00300, Valid Loss: 0.00357, EPS: 0.4780000000000001
Epoch: 58, Train Loss: 0.00300, Valid Loss: 0.00358, EPS: 0.4690000000000001
Epoch: 59, Train Loss: 0.00299, Valid Loss: 0.00358, EPS: 0.4600000000000001
Epoch: 60, Train Loss: 0.00299, Valid Loss: 0.00359, EPS: 0.45100000000000007
Epoch: 61, Train Loss: 0.00299, Valid Loss: 0.00359, EPS: 0.44200000000000006
Epoch: 62, Train Loss: 0.00300, Valid Loss: 0.00358, EPS: 0.43300000000000005
Epoch: 63, Train Loss: 0.00299, Valid Loss: 0.00356, EPS: 0.42400000000000004
Epoch: 64, Train Loss: 0.00299, Valid Loss: 0.00357, EPS: 0.41500000000000004
Epoch: 65, Train Loss: 0.00298, Valid Loss: 0.00356, EPS: 0.406
Epoch: 66, Train Loss: 0.00298, Valid Loss: 0.00356, EPS: 0.397
Epoch: 67, Train Loss: 0.00299, Valid Loss: 0.00356, EPS: 0.388
Epoch: 68, Train Loss: 0.00298, Valid Loss: 0.00359, EPS: 0.3790000000000001
Epoch: 69, Train Loss: 0.00298, Valid Loss: 0.00356, EPS: 0.3700000000000001
Epoch: 70, Train Loss: 0.00298, Valid Loss: 0.00358, EPS: 0.3610000000000001
Epoch: 71, Train Loss: 0.00298, Valid Loss: 0.00358, EPS: 0.3520000000000001
Epoch: 72, Train Loss: 0.00298, Valid Loss: 0.00358, EPS: 0.343
Epoch: 73, Train Loss: 0.00298, Valid Loss: 0.00357, EPS: 0.334
Epoch: 74, Train Loss: 0.00298, Valid Loss: 0.00357, EPS: 0.325
Epoch: 75, Train Loss: 0.00284, Valid Loss: 0.00351, EPS: 0.316
Epoch: 76, Train Loss: 0.00280, Valid Loss: 0.00351, EPS: 0.307
Epoch: 77, Train Loss: 0.00279, Valid Loss: 0.00351, EPS: 0.298
Epoch: 78, Train Loss: 0.00278, Valid Loss: 0.00351, EPS: 0.289
Epoch: 79, Train Loss: 0.00278, Valid Loss: 0.00351, EPS: 0.27999999999999997
Epoch: 80, Train Loss: 0.00278, Valid Loss: 0.00351, EPS: 0.27099999999999996
Epoch: 81, Train Loss: 0.00278, Valid Loss: 0.00352, EPS: 0.26200000000000007
Epoch: 82, Train Loss: 0.00277, Valid Loss: 0.00352, EPS: 0.25300000000000006
Epoch: 83, Train Loss: 0.00278, Valid Loss: 0.00352, EPS: 0.24400000000000005
Epoch: 84, Train Loss: 0.00278, Valid Loss: 0.00352, EPS: 0.23500000000000004
Epoch: 85, Train Loss: 0.00277, Valid Loss: 0.00353, EPS: 0.22600000000000003
Epoch: 86, Train Loss: 0.00277, Valid Loss: 0.00353, EPS: 0.21700000000000003
Epoch: 87, Train Loss: 0.00277, Valid Loss: 0.00354, EPS: 0.20800000000000002
Epoch: 88, Train Loss: 0.00277, Valid Loss: 0.00354, EPS: 0.199
Epoch: 89, Train Loss: 0.00277, Valid Loss: 0.00354, EPS: 0.19
Epoch: 90, Train Loss: 0.00275, Valid Loss: 0.00353, EPS: 0.181
Epoch: 91, Train Loss: 0.00274, Valid Loss: 0.00353, EPS: 0.172
Epoch: 92, Train Loss: 0.00274, Valid Loss: 0.00353, EPS: 0.16299999999999998
Epoch: 93, Train Loss: 0.00274, Valid Loss: 0.00353, EPS: 0.15400000000000005
Epoch: 94, Train Loss: 0.00274, Valid Loss: 0.00354, EPS: 0.14500000000000005
Epoch: 95, Train Loss: 0.00274, Valid Loss: 0.00353, EPS: 0.13600000000000004
Epoch: 96, Train Loss: 0.00274, Valid Loss: 0.00354, EPS: 0.12700000000000003
Epoch: 97, Train Loss: 0.00274, Valid Loss: 0.00353, EPS: 0.11800000000000002
Epoch: 98, Train Loss: 0.00274, Valid Loss: 0.00354, EPS: 0.10900000000000001
Epoch: 99, Train Loss: 0.00274, Valid Loss: 0.00354, EPS: 0.1
Test Loss: 0.00354
Test Loss: 0.00351
Starting Latent Downstream Task
4
Epoch: 1, Train Loss: 0.5422, Valid Loss: 0.3653, LR: 0.001
Epoch: 2, Train Loss: 0.1969, Valid Loss: 0.1754, LR: 0.001
Epoch: 3, Train Loss: 0.1257, Valid Loss: 0.1553, LR: 0.001
Epoch: 4, Train Loss: 0.1126, Valid Loss: 0.1516, LR: 0.001
Epoch: 5, Train Loss: 0.1059, Valid Loss: 0.1360, LR: 0.001
Epoch: 6, Train Loss: 0.0911, Valid Loss: 0.1536, LR: 0.001
Epoch: 7, Train Loss: 0.0904, Valid Loss: 0.1462, LR: 0.001
Epoch: 8, Train Loss: 0.0879, Valid Loss: 0.1458, LR: 0.001
Epoch: 9, Train Loss: 0.0756, Valid Loss: 0.1273, LR: 0.001
Epoch: 10, Train Loss: 0.0807, Valid Loss: 0.1381, LR: 0.001
Epoch: 11, Train Loss: 0.0848, Valid Loss: 0.1616, LR: 0.001
Epoch: 12, Train Loss: 0.0849, Valid Loss: 0.1554, LR: 0.001
Epoch: 13, Train Loss: 0.0887, Valid Loss: 0.1675, LR: 0.001
Epoch: 14, Train Loss: 0.0809, Valid Loss: 0.1443, LR: 0.001
Epoch: 15, Train Loss: 0.0862, Valid Loss: 0.1528, LR: 0.001
Epoch: 16, Train Loss: 0.0827, Valid Loss: 0.1737, LR: 0.001
Epoch: 17, Train Loss: 0.0867, Valid Loss: 0.1401, LR: 0.001
Epoch: 18, Train Loss: 0.0858, Valid Loss: 0.1413, LR: 0.001
Epoch: 19, Train Loss: 0.0813, Valid Loss: 0.1820, LR: 0.001
Epoch: 20, Train Loss: 0.0882, Valid Loss: 0.1471, LR: 0.0001
Epoch: 21, Train Loss: 0.0787, Valid Loss: 0.1344, LR: 0.0001
Epoch: 22, Train Loss: 0.0630, Valid Loss: 0.1340, LR: 0.0001
Epoch: 23, Train Loss: 0.0602, Valid Loss: 0.1319, LR: 0.0001
Epoch: 24, Train Loss: 0.0580, Valid Loss: 0.1265, LR: 0.0001
Epoch: 25, Train Loss: 0.0584, Valid Loss: 0.1267, LR: 0.0001
Epoch: 26, Train Loss: 0.0526, Valid Loss: 0.1270, LR: 0.0001
Epoch: 27, Train Loss: 0.0510, Valid Loss: 0.1250, LR: 0.0001
Epoch: 28, Train Loss: 0.0520, Valid Loss: 0.1300, LR: 0.0001
Epoch: 29, Train Loss: 0.0459, Valid Loss: 0.1242, LR: 0.0001
Epoch: 30, Train Loss: 0.0525, Valid Loss: 0.1194, LR: 0.0001
Epoch: 31, Train Loss: 0.0483, Valid Loss: 0.1243, LR: 0.0001
Epoch: 32, Train Loss: 0.0506, Valid Loss: 0.1316, LR: 0.0001
Epoch: 33, Train Loss: 0.0472, Valid Loss: 0.1237, LR: 0.0001
Epoch: 34, Train Loss: 0.0451, Valid Loss: 0.1333, LR: 0.0001
Epoch: 35, Train Loss: 0.0464, Valid Loss: 0.1264, LR: 0.0001
Epoch: 36, Train Loss: 0.0481, Valid Loss: 0.1324, LR: 0.0001
Epoch: 37, Train Loss: 0.0412, Valid Loss: 0.1322, LR: 0.0001
Epoch: 38, Train Loss: 0.0432, Valid Loss: 0.1226, LR: 0.0001
Epoch: 39, Train Loss: 0.0445, Valid Loss: 0.1192, LR: 0.0001
Epoch: 40, Train Loss: 0.0438, Valid Loss: 0.1277, LR: 0.0001
Epoch: 41, Train Loss: 0.0445, Valid Loss: 0.1317, LR: 0.0001
Epoch: 42, Train Loss: 0.0431, Valid Loss: 0.1126, LR: 0.0001
Epoch: 43, Train Loss: 0.0424, Valid Loss: 0.1160, LR: 0.0001
Epoch: 44, Train Loss: 0.0415, Valid Loss: 0.1274, LR: 0.0001
Epoch: 45, Train Loss: 0.0430, Valid Loss: 0.1365, LR: 0.0001
Epoch: 46, Train Loss: 0.0407, Valid Loss: 0.1293, LR: 0.0001
Epoch: 47, Train Loss: 0.0398, Valid Loss: 0.1429, LR: 0.0001
Epoch: 48, Train Loss: 0.0384, Valid Loss: 0.1273, LR: 0.0001
Epoch: 49, Train Loss: 0.0445, Valid Loss: 0.1314, LR: 0.0001
Epoch: 50, Train Loss: 0.0418, Valid Loss: 0.1221, LR: 0.0001
Epoch: 51, Train Loss: 0.0429, Valid Loss: 0.1211, LR: 0.0001
Epoch: 52, Train Loss: 0.0413, Valid Loss: 0.1180, LR: 0.0001
Epoch: 53, Train Loss: 0.0377, Valid Loss: 0.1243, LR: 1e-05
Epoch: 54, Train Loss: 0.0402, Valid Loss: 0.1300, LR: 1e-05
Epoch: 55, Train Loss: 0.0382, Valid Loss: 0.1209, LR: 1e-05
Epoch: 56, Train Loss: 0.0380, Valid Loss: 0.1231, LR: 1e-05
Epoch: 57, Train Loss: 0.0414, Valid Loss: 0.1264, LR: 1e-05
Epoch: 58, Train Loss: 0.0419, Valid Loss: 0.1255, LR: 1e-05
Epoch: 59, Train Loss: 0.0366, Valid Loss: 0.1256, LR: 1e-05
Epoch: 60, Train Loss: 0.0369, Valid Loss: 0.1200, LR: 1e-05
Epoch: 61, Train Loss: 0.0387, Valid Loss: 0.1207, LR: 1e-05
Epoch: 62, Train Loss: 0.0369, Valid Loss: 0.1190, LR: 1e-05
Epoch: 63, Train Loss: 0.0387, Valid Loss: 0.1152, LR: 1e-05
Epoch: 64, Train Loss: 0.0365, Valid Loss: 0.1205, LR: 1.0000000000000002e-06
Epoch: 65, Train Loss: 0.0374, Valid Loss: 0.1202, LR: 1.0000000000000002e-06
Epoch: 66, Train Loss: 0.0351, Valid Loss: 0.1256, LR: 1.0000000000000002e-06
Epoch: 67, Train Loss: 0.0384, Valid Loss: 0.1170, LR: 1.0000000000000002e-06
Epoch: 68, Train Loss: 0.0367, Valid Loss: 0.1239, LR: 1.0000000000000002e-06
Epoch: 69, Train Loss: 0.0353, Valid Loss: 0.1196, LR: 1.0000000000000002e-06
Epoch: 70, Train Loss: 0.0354, Valid Loss: 0.1201, LR: 1.0000000000000002e-06
Epoch: 71, Train Loss: 0.0362, Valid Loss: 0.1264, LR: 1.0000000000000002e-06
Epoch: 72, Train Loss: 0.0348, Valid Loss: 0.1225, LR: 1.0000000000000002e-06
Epoch: 73, Train Loss: 0.0366, Valid Loss: 0.1164, LR: 1.0000000000000002e-06
Epoch: 74, Train Loss: 0.0401, Valid Loss: 0.1223, LR: 1.0000000000000002e-06
Epoch: 75, Train Loss: 0.0384, Valid Loss: 0.1235, LR: 1.0000000000000002e-07
Epoch: 76, Train Loss: 0.0370, Valid Loss: 0.1237, LR: 1.0000000000000002e-07
Epoch: 77, Train Loss: 0.0369, Valid Loss: 0.1134, LR: 1.0000000000000002e-07
Epoch: 78, Train Loss: 0.0346, Valid Loss: 0.1218, LR: 1.0000000000000002e-07
Epoch: 79, Train Loss: 0.0385, Valid Loss: 0.1229, LR: 1.0000000000000002e-07
Epoch: 80, Train Loss: 0.0365, Valid Loss: 0.1174, LR: 1.0000000000000002e-07
Epoch: 81, Train Loss: 0.0373, Valid Loss: 0.1184, LR: 1.0000000000000002e-07
Epoch: 82, Train Loss: 0.0387, Valid Loss: 0.1140, LR: 1.0000000000000002e-07
Epoch: 83, Train Loss: 0.0377, Valid Loss: 0.1206, LR: 1.0000000000000002e-07
Epoch: 84, Train Loss: 0.0369, Valid Loss: 0.1181, LR: 1.0000000000000002e-07
Epoch: 85, Train Loss: 0.0369, Valid Loss: 0.1176, LR: 1.0000000000000002e-07
Epoch: 86, Train Loss: 0.0343, Valid Loss: 0.1203, LR: 1.0000000000000004e-08
Epoch: 87, Train Loss: 0.0366, Valid Loss: 0.1177, LR: 1.0000000000000004e-08
Epoch: 88, Train Loss: 0.0332, Valid Loss: 0.1166, LR: 1.0000000000000004e-08
Epoch: 89, Train Loss: 0.0388, Valid Loss: 0.1156, LR: 1.0000000000000004e-08
Epoch: 90, Train Loss: 0.0392, Valid Loss: 0.1199, LR: 1.0000000000000004e-08
Epoch: 91, Train Loss: 0.0376, Valid Loss: 0.1191, LR: 1.0000000000000004e-08
Epoch: 92, Train Loss: 0.0371, Valid Loss: 0.1147, LR: 1.0000000000000004e-08
Epoch: 93, Train Loss: 0.0382, Valid Loss: 0.1185, LR: 1.0000000000000004e-08
Epoch: 94, Train Loss: 0.0354, Valid Loss: 0.1163, LR: 1.0000000000000004e-08
Epoch: 95, Train Loss: 0.0374, Valid Loss: 0.1213, LR: 1.0000000000000004e-08
Epoch: 96, Train Loss: 0.0396, Valid Loss: 0.1188, LR: 1.0000000000000004e-08
Epoch: 97, Train Loss: 0.0349, Valid Loss: 0.1236, LR: 1.0000000000000004e-08
Epoch: 98, Train Loss: 0.0393, Valid Loss: 0.1134, LR: 1.0000000000000004e-08
Epoch: 99, Train Loss: 0.0372, Valid Loss: 0.1241, LR: 1.0000000000000004e-08
Epoch: 100, Train Loss: 0.0378, Valid Loss: 0.1154, LR: 1.0000000000000004e-08
Test Loss: 0.1175
nohup: ignoring input
Train: torch.Size([14031, 5, 64, 32]), Valid: torch.Size([4677, 5, 64, 32]), Test: torch.Size([4678, 5, 64, 32])
Starting Downstream Task
Running context window: 5 with stride: 5 with seed: 0
Shape: (5, 144, 72)
Epoch: 0, Train Loss: 0.00744, Valid Loss: 0.00588, EPS: 0.991
Epoch: 1, Train Loss: 0.00521, Valid Loss: 0.00508, EPS: 0.982
Epoch: 2, Train Loss: 0.00438, Valid Loss: 0.00465, EPS: 0.973
Epoch: 3, Train Loss: 0.00398, Valid Loss: 0.00448, EPS: 0.964
Epoch: 4, Train Loss: 0.00380, Valid Loss: 0.00440, EPS: 0.955
Epoch: 5, Train Loss: 0.00367, Valid Loss: 0.00434, EPS: 0.946
Epoch: 6, Train Loss: 0.00361, Valid Loss: 0.00434, EPS: 0.9369999999999999
Epoch: 7, Train Loss: 0.00358, Valid Loss: 0.00433, EPS: 0.928
Epoch: 8, Train Loss: 0.00357, Valid Loss: 0.00428, EPS: 0.919
Epoch: 9, Train Loss: 0.00353, Valid Loss: 0.00428, EPS: 0.91
Epoch: 10, Train Loss: 0.00352, Valid Loss: 0.00428, EPS: 0.901
Epoch: 11, Train Loss: 0.00351, Valid Loss: 0.00425, EPS: 0.892
Epoch: 12, Train Loss: 0.00349, Valid Loss: 0.00427, EPS: 0.883
Epoch: 13, Train Loss: 0.00348, Valid Loss: 0.00424, EPS: 0.874
Epoch: 14, Train Loss: 0.00346, Valid Loss: 0.00424, EPS: 0.865
Epoch: 15, Train Loss: 0.00345, Valid Loss: 0.00425, EPS: 0.856
Epoch: 16, Train Loss: 0.00344, Valid Loss: 0.00422, EPS: 0.847
Epoch: 17, Train Loss: 0.00341, Valid Loss: 0.00424, EPS: 0.8380000000000001
Epoch: 18, Train Loss: 0.00342, Valid Loss: 0.00424, EPS: 0.8290000000000001
Epoch: 19, Train Loss: 0.00342, Valid Loss: 0.00422, EPS: 0.8200000000000001
Epoch: 20, Train Loss: 0.00341, Valid Loss: 0.00421, EPS: 0.811
Epoch: 21, Train Loss: 0.00338, Valid Loss: 0.00418, EPS: 0.802
Epoch: 22, Train Loss: 0.00338, Valid Loss: 0.00421, EPS: 0.793
Epoch: 23, Train Loss: 0.00337, Valid Loss: 0.00420, EPS: 0.784
Epoch: 24, Train Loss: 0.00337, Valid Loss: 0.00420, EPS: 0.775
Epoch: 25, Train Loss: 0.00337, Valid Loss: 0.00418, EPS: 0.766
Epoch: 26, Train Loss: 0.00337, Valid Loss: 0.00420, EPS: 0.757
Epoch: 27, Train Loss: 0.00334, Valid Loss: 0.00422, EPS: 0.748
Epoch: 28, Train Loss: 0.00335, Valid Loss: 0.00417, EPS: 0.739
Epoch: 29, Train Loss: 0.00334, Valid Loss: 0.00419, EPS: 0.73
Epoch: 30, Train Loss: 0.00335, Valid Loss: 0.00417, EPS: 0.721
Epoch: 31, Train Loss: 0.00334, Valid Loss: 0.00421, EPS: 0.712
Epoch: 32, Train Loss: 0.00334, Valid Loss: 0.00419, EPS: 0.703
Epoch: 33, Train Loss: 0.00334, Valid Loss: 0.00418, EPS: 0.694
Epoch: 34, Train Loss: 0.00335, Valid Loss: 0.00416, EPS: 0.685
Epoch: 35, Train Loss: 0.00334, Valid Loss: 0.00416, EPS: 0.676
Epoch: 36, Train Loss: 0.00331, Valid Loss: 0.00420, EPS: 0.667
Epoch: 37, Train Loss: 0.00332, Valid Loss: 0.00420, EPS: 0.658
Epoch: 38, Train Loss: 0.00332, Valid Loss: 0.00417, EPS: 0.649
Epoch: 39, Train Loss: 0.00332, Valid Loss: 0.00419, EPS: 0.64
Epoch: 40, Train Loss: 0.00331, Valid Loss: 0.00417, EPS: 0.6310000000000001
Epoch: 41, Train Loss: 0.00329, Valid Loss: 0.00418, EPS: 0.6220000000000001
Epoch: 42, Train Loss: 0.00330, Valid Loss: 0.00418, EPS: 0.6130000000000001
Epoch: 43, Train Loss: 0.00330, Valid Loss: 0.00419, EPS: 0.6040000000000001
Epoch: 44, Train Loss: 0.00330, Valid Loss: 0.00419, EPS: 0.5950000000000001
Epoch: 45, Train Loss: 0.00331, Valid Loss: 0.00420, EPS: 0.5860000000000001
Epoch: 46, Train Loss: 0.00300, Valid Loss: 0.00406, EPS: 0.5770000000000001
Epoch: 47, Train Loss: 0.00286, Valid Loss: 0.00399, EPS: 0.5680000000000001
Epoch: 48, Train Loss: 0.00278, Valid Loss: 0.00395, EPS: 0.559
Epoch: 49, Train Loss: 0.00272, Valid Loss: 0.00393, EPS: 0.55
Epoch: 50, Train Loss: 0.00270, Valid Loss: 0.00392, EPS: 0.541
Epoch: 51, Train Loss: 0.00267, Valid Loss: 0.00391, EPS: 0.532
Epoch: 52, Train Loss: 0.00266, Valid Loss: 0.00390, EPS: 0.523
Epoch: 53, Train Loss: 0.00265, Valid Loss: 0.00391, EPS: 0.514
Epoch: 54, Train Loss: 0.00264, Valid Loss: 0.00390, EPS: 0.505
Epoch: 55, Train Loss: 0.00261, Valid Loss: 0.00390, EPS: 0.496
Epoch: 56, Train Loss: 0.00261, Valid Loss: 0.00390, EPS: 0.4870000000000001
Epoch: 57, Train Loss: 0.00259, Valid Loss: 0.00390, EPS: 0.4780000000000001
Epoch: 58, Train Loss: 0.00255, Valid Loss: 0.00390, EPS: 0.4690000000000001
Epoch: 59, Train Loss: 0.00252, Valid Loss: 0.00391, EPS: 0.4600000000000001
Epoch: 60, Train Loss: 0.00250, Valid Loss: 0.00391, EPS: 0.45100000000000007
Epoch: 61, Train Loss: 0.00248, Valid Loss: 0.00391, EPS: 0.44200000000000006
Epoch: 62, Train Loss: 0.00246, Valid Loss: 0.00395, EPS: 0.43300000000000005
Epoch: 63, Train Loss: 0.00245, Valid Loss: 0.00393, EPS: 0.42400000000000004
Epoch: 64, Train Loss: 0.00243, Valid Loss: 0.00395, EPS: 0.41500000000000004
Epoch: 65, Train Loss: 0.00243, Valid Loss: 0.00394, EPS: 0.406
Epoch: 66, Train Loss: 0.00242, Valid Loss: 0.00397, EPS: 0.397
Epoch: 67, Train Loss: 0.00241, Valid Loss: 0.00396, EPS: 0.388
Epoch: 68, Train Loss: 0.00233, Valid Loss: 0.00394, EPS: 0.3790000000000001
Epoch: 69, Train Loss: 0.00231, Valid Loss: 0.00394, EPS: 0.3700000000000001
Epoch: 70, Train Loss: 0.00229, Valid Loss: 0.00393, EPS: 0.3610000000000001
Epoch: 71, Train Loss: 0.00228, Valid Loss: 0.00394, EPS: 0.3520000000000001
Epoch: 72, Train Loss: 0.00228, Valid Loss: 0.00393, EPS: 0.343
Epoch: 73, Train Loss: 0.00227, Valid Loss: 0.00394, EPS: 0.334
Epoch: 74, Train Loss: 0.00227, Valid Loss: 0.00395, EPS: 0.325
Epoch: 75, Train Loss: 0.00227, Valid Loss: 0.00394, EPS: 0.316
Epoch: 76, Train Loss: 0.00227, Valid Loss: 0.00394, EPS: 0.307
Epoch: 77, Train Loss: 0.00227, Valid Loss: 0.00394, EPS: 0.298
Epoch: 78, Train Loss: 0.00226, Valid Loss: 0.00396, EPS: 0.289
Epoch: 79, Train Loss: 0.00225, Valid Loss: 0.00397, EPS: 0.27999999999999997
Epoch: 80, Train Loss: 0.00226, Valid Loss: 0.00393, EPS: 0.27099999999999996
Epoch: 81, Train Loss: 0.00225, Valid Loss: 0.00394, EPS: 0.26200000000000007
Epoch: 82, Train Loss: 0.00225, Valid Loss: 0.00396, EPS: 0.25300000000000006
Epoch: 83, Train Loss: 0.00225, Valid Loss: 0.00394, EPS: 0.24400000000000005
Epoch: 84, Train Loss: 0.00225, Valid Loss: 0.00395, EPS: 0.23500000000000004
Epoch: 85, Train Loss: 0.00225, Valid Loss: 0.00395, EPS: 0.22600000000000003
Epoch: 86, Train Loss: 0.00225, Valid Loss: 0.00394, EPS: 0.21700000000000003
Epoch: 87, Train Loss: 0.00225, Valid Loss: 0.00395, EPS: 0.20800000000000002
Epoch: 88, Train Loss: 0.00225, Valid Loss: 0.00394, EPS: 0.199
Epoch: 89, Train Loss: 0.00225, Valid Loss: 0.00396, EPS: 0.19
Epoch: 90, Train Loss: 0.00225, Valid Loss: 0.00395, EPS: 0.181
Epoch: 91, Train Loss: 0.00225, Valid Loss: 0.00395, EPS: 0.172
Epoch: 92, Train Loss: 0.00225, Valid Loss: 0.00395, EPS: 0.16299999999999998
Epoch: 93, Train Loss: 0.00225, Valid Loss: 0.00394, EPS: 0.15400000000000005
Epoch: 94, Train Loss: 0.00225, Valid Loss: 0.00396, EPS: 0.14500000000000005
Epoch: 95, Train Loss: 0.00225, Valid Loss: 0.00395, EPS: 0.13600000000000004
Epoch: 96, Train Loss: 0.00225, Valid Loss: 0.00395, EPS: 0.12700000000000003
Epoch: 97, Train Loss: 0.00225, Valid Loss: 0.00395, EPS: 0.11800000000000002
Epoch: 98, Train Loss: 0.00225, Valid Loss: 0.00395, EPS: 0.10900000000000001
Epoch: 99, Train Loss: 0.00225, Valid Loss: 0.00395, EPS: 0.1
Test Loss: 0.00394
Test Loss: 0.00394
Running context window: 5 with stride: 10 with seed: 0
Shape: (5, 144, 72)
Epoch: 0, Train Loss: 0.00830, Valid Loss: 0.00662, EPS: 0.991
Epoch: 1, Train Loss: 0.00598, Valid Loss: 0.00591, EPS: 0.982
Epoch: 2, Train Loss: 0.00510, Valid Loss: 0.00538, EPS: 0.973
Epoch: 3, Train Loss: 0.00441, Valid Loss: 0.00499, EPS: 0.964
Epoch: 4, Train Loss: 0.00390, Valid Loss: 0.00483, EPS: 0.955
Epoch: 5, Train Loss: 0.00361, Valid Loss: 0.00469, EPS: 0.946
Epoch: 6, Train Loss: 0.00337, Valid Loss: 0.00464, EPS: 0.9369999999999999
Epoch: 7, Train Loss: 0.00322, Valid Loss: 0.00459, EPS: 0.928
Epoch: 8, Train Loss: 0.00305, Valid Loss: 0.00457, EPS: 0.919
Epoch: 9, Train Loss: 0.00300, Valid Loss: 0.00454, EPS: 0.91
Epoch: 10, Train Loss: 0.00295, Valid Loss: 0.00451, EPS: 0.901
Epoch: 11, Train Loss: 0.00288, Valid Loss: 0.00453, EPS: 0.892
Epoch: 12, Train Loss: 0.00287, Valid Loss: 0.00453, EPS: 0.883
Epoch: 13, Train Loss: 0.00282, Valid Loss: 0.00449, EPS: 0.874
Epoch: 14, Train Loss: 0.00277, Valid Loss: 0.00449, EPS: 0.865
Epoch: 15, Train Loss: 0.00278, Valid Loss: 0.00450, EPS: 0.856
Epoch: 16, Train Loss: 0.00276, Valid Loss: 0.00445, EPS: 0.847
Epoch: 17, Train Loss: 0.00271, Valid Loss: 0.00450, EPS: 0.8380000000000001
Epoch: 18, Train Loss: 0.00269, Valid Loss: 0.00442, EPS: 0.8290000000000001
Epoch: 19, Train Loss: 0.00265, Valid Loss: 0.00449, EPS: 0.8200000000000001
Epoch: 20, Train Loss: 0.00268, Valid Loss: 0.00443, EPS: 0.811
Epoch: 21, Train Loss: 0.00268, Valid Loss: 0.00447, EPS: 0.802
Epoch: 22, Train Loss: 0.00263, Valid Loss: 0.00448, EPS: 0.793
Epoch: 23, Train Loss: 0.00265, Valid Loss: 0.00443, EPS: 0.784
Epoch: 24, Train Loss: 0.00264, Valid Loss: 0.00444, EPS: 0.775
Epoch: 25, Train Loss: 0.00265, Valid Loss: 0.00443, EPS: 0.766
Epoch: 26, Train Loss: 0.00264, Valid Loss: 0.00443, EPS: 0.757
Epoch: 27, Train Loss: 0.00260, Valid Loss: 0.00444, EPS: 0.748
Epoch: 28, Train Loss: 0.00261, Valid Loss: 0.00445, EPS: 0.739
Epoch: 29, Train Loss: 0.00258, Valid Loss: 0.00446, EPS: 0.73
Epoch: 30, Train Loss: 0.00237, Valid Loss: 0.00436, EPS: 0.721
Epoch: 31, Train Loss: 0.00225, Valid Loss: 0.00430, EPS: 0.712
Epoch: 32, Train Loss: 0.00215, Valid Loss: 0.00427, EPS: 0.703
Epoch: 33, Train Loss: 0.00209, Valid Loss: 0.00424, EPS: 0.694
Epoch: 34, Train Loss: 0.00205, Valid Loss: 0.00421, EPS: 0.685
Epoch: 35, Train Loss: 0.00199, Valid Loss: 0.00417, EPS: 0.676
Epoch: 36, Train Loss: 0.00196, Valid Loss: 0.00421, EPS: 0.667
Epoch: 37, Train Loss: 0.00195, Valid Loss: 0.00419, EPS: 0.658
Epoch: 38, Train Loss: 0.00193, Valid Loss: 0.00418, EPS: 0.649
Epoch: 39, Train Loss: 0.00191, Valid Loss: 0.00419, EPS: 0.64
Epoch: 40, Train Loss: 0.00190, Valid Loss: 0.00418, EPS: 0.6310000000000001
Epoch: 41, Train Loss: 0.00188, Valid Loss: 0.00419, EPS: 0.6220000000000001
Epoch: 42, Train Loss: 0.00186, Valid Loss: 0.00418, EPS: 0.6130000000000001
Epoch: 43, Train Loss: 0.00186, Valid Loss: 0.00420, EPS: 0.6040000000000001
Epoch: 44, Train Loss: 0.00185, Valid Loss: 0.00420, EPS: 0.5950000000000001
Epoch: 45, Train Loss: 0.00181, Valid Loss: 0.00419, EPS: 0.5860000000000001
Epoch: 46, Train Loss: 0.00181, Valid Loss: 0.00422, EPS: 0.5770000000000001
Epoch: 47, Train Loss: 0.00177, Valid Loss: 0.00421, EPS: 0.5680000000000001
Epoch: 48, Train Loss: 0.00177, Valid Loss: 0.00420, EPS: 0.559
Epoch: 49, Train Loss: 0.00177, Valid Loss: 0.00421, EPS: 0.55
Epoch: 50, Train Loss: 0.00175, Valid Loss: 0.00421, EPS: 0.541
Epoch: 51, Train Loss: 0.00176, Valid Loss: 0.00420, EPS: 0.532
Epoch: 52, Train Loss: 0.00175, Valid Loss: 0.00422, EPS: 0.523
Epoch: 53, Train Loss: 0.00175, Valid Loss: 0.00421, EPS: 0.514
Epoch: 54, Train Loss: 0.00175, Valid Loss: 0.00421, EPS: 0.505
Epoch: 55, Train Loss: 0.00174, Valid Loss: 0.00420, EPS: 0.496
Epoch: 56, Train Loss: 0.00174, Valid Loss: 0.00421, EPS: 0.4870000000000001
Epoch: 57, Train Loss: 0.00174, Valid Loss: 0.00420, EPS: 0.4780000000000001
Epoch: 58, Train Loss: 0.00173, Valid Loss: 0.00421, EPS: 0.4690000000000001
Epoch: 59, Train Loss: 0.00173, Valid Loss: 0.00421, EPS: 0.4600000000000001
Epoch: 60, Train Loss: 0.00174, Valid Loss: 0.00419, EPS: 0.45100000000000007
Epoch: 61, Train Loss: 0.00173, Valid Loss: 0.00421, EPS: 0.44200000000000006
Epoch: 62, Train Loss: 0.00173, Valid Loss: 0.00420, EPS: 0.43300000000000005
Epoch: 63, Train Loss: 0.00172, Valid Loss: 0.00421, EPS: 0.42400000000000004
Epoch: 64, Train Loss: 0.00174, Valid Loss: 0.00421, EPS: 0.41500000000000004
Epoch: 65, Train Loss: 0.00174, Valid Loss: 0.00420, EPS: 0.406
Epoch: 66, Train Loss: 0.00172, Valid Loss: 0.00421, EPS: 0.397
Epoch: 67, Train Loss: 0.00173, Valid Loss: 0.00420, EPS: 0.388
Epoch: 68, Train Loss: 0.00174, Valid Loss: 0.00421, EPS: 0.3790000000000001
Epoch: 69, Train Loss: 0.00173, Valid Loss: 0.00421, EPS: 0.3700000000000001
Epoch: 70, Train Loss: 0.00172, Valid Loss: 0.00421, EPS: 0.3610000000000001
Epoch: 71, Train Loss: 0.00173, Valid Loss: 0.00421, EPS: 0.3520000000000001
Epoch: 72, Train Loss: 0.00173, Valid Loss: 0.00421, EPS: 0.343
Epoch: 73, Train Loss: 0.00173, Valid Loss: 0.00421, EPS: 0.334
Epoch: 74, Train Loss: 0.00173, Valid Loss: 0.00420, EPS: 0.325
Epoch: 75, Train Loss: 0.00173, Valid Loss: 0.00421, EPS: 0.316
Epoch: 76, Train Loss: 0.00172, Valid Loss: 0.00422, EPS: 0.307
Epoch: 77, Train Loss: 0.00173, Valid Loss: 0.00422, EPS: 0.298
Epoch: 78, Train Loss: 0.00173, Valid Loss: 0.00421, EPS: 0.289
Epoch: 79, Train Loss: 0.00173, Valid Loss: 0.00423, EPS: 0.27999999999999997
Epoch: 80, Train Loss: 0.00174, Valid Loss: 0.00420, EPS: 0.27099999999999996
Epoch: 81, Train Loss: 0.00173, Valid Loss: 0.00421, EPS: 0.26200000000000007
Epoch: 82, Train Loss: 0.00173, Valid Loss: 0.00421, EPS: 0.25300000000000006
Epoch: 83, Train Loss: 0.00173, Valid Loss: 0.00420, EPS: 0.24400000000000005
Epoch: 84, Train Loss: 0.00172, Valid Loss: 0.00420, EPS: 0.23500000000000004
Epoch: 85, Train Loss: 0.00173, Valid Loss: 0.00420, EPS: 0.22600000000000003
Epoch: 86, Train Loss: 0.00172, Valid Loss: 0.00420, EPS: 0.21700000000000003
Epoch: 87, Train Loss: 0.00173, Valid Loss: 0.00420, EPS: 0.20800000000000002
Epoch: 88, Train Loss: 0.00173, Valid Loss: 0.00421, EPS: 0.199
Epoch: 89, Train Loss: 0.00173, Valid Loss: 0.00421, EPS: 0.19
Epoch: 90, Train Loss: 0.00172, Valid Loss: 0.00421, EPS: 0.181
Epoch: 91, Train Loss: 0.00173, Valid Loss: 0.00420, EPS: 0.172
Epoch: 92, Train Loss: 0.00173, Valid Loss: 0.00420, EPS: 0.16299999999999998
Epoch: 93, Train Loss: 0.00172, Valid Loss: 0.00419, EPS: 0.15400000000000005
Epoch: 94, Train Loss: 0.00174, Valid Loss: 0.00419, EPS: 0.14500000000000005
Epoch: 95, Train Loss: 0.00174, Valid Loss: 0.00422, EPS: 0.13600000000000004
Epoch: 96, Train Loss: 0.00173, Valid Loss: 0.00421, EPS: 0.12700000000000003
Epoch: 97, Train Loss: 0.00173, Valid Loss: 0.00420, EPS: 0.11800000000000002
Epoch: 98, Train Loss: 0.00172, Valid Loss: 0.00420, EPS: 0.10900000000000001
Epoch: 99, Train Loss: 0.00173, Valid Loss: 0.00421, EPS: 0.1
Test Loss: 0.00421
Test Loss: 0.00420
Running context window: 5 with stride: 20 with seed: 0
Shape: (5, 144, 72)
Epoch: 0, Train Loss: 0.00955, Valid Loss: 0.00694, EPS: 0.991
Epoch: 1, Train Loss: 0.00673, Valid Loss: 0.00651, EPS: 0.982
Epoch: 2, Train Loss: 0.00583, Valid Loss: 0.00605, EPS: 0.973
Epoch: 3, Train Loss: 0.00505, Valid Loss: 0.00582, EPS: 0.964
Epoch: 4, Train Loss: 0.00455, Valid Loss: 0.00570, EPS: 0.955
Epoch: 5, Train Loss: 0.00409, Valid Loss: 0.00552, EPS: 0.946
Epoch: 6, Train Loss: 0.00365, Valid Loss: 0.00542, EPS: 0.9369999999999999
Epoch: 7, Train Loss: 0.00345, Valid Loss: 0.00531, EPS: 0.928
Epoch: 8, Train Loss: 0.00319, Valid Loss: 0.00520, EPS: 0.919
Epoch: 9, Train Loss: 0.00300, Valid Loss: 0.00518, EPS: 0.91
Epoch: 10, Train Loss: 0.00275, Valid Loss: 0.00513, EPS: 0.901
Epoch: 11, Train Loss: 0.00263, Valid Loss: 0.00514, EPS: 0.892
Epoch: 12, Train Loss: 0.00249, Valid Loss: 0.00512, EPS: 0.883
Epoch: 13, Train Loss: 0.00245, Valid Loss: 0.00507, EPS: 0.874
Epoch: 14, Train Loss: 0.00230, Valid Loss: 0.00503, EPS: 0.865
Epoch: 15, Train Loss: 0.00237, Valid Loss: 0.00503, EPS: 0.856
Epoch: 16, Train Loss: 0.00226, Valid Loss: 0.00506, EPS: 0.847
Epoch: 17, Train Loss: 0.00221, Valid Loss: 0.00504, EPS: 0.8380000000000001
Epoch: 18, Train Loss: 0.00218, Valid Loss: 0.00503, EPS: 0.8290000000000001
Epoch: 19, Train Loss: 0.00217, Valid Loss: 0.00503, EPS: 0.8200000000000001
Epoch: 20, Train Loss: 0.00213, Valid Loss: 0.00500, EPS: 0.811
Epoch: 21, Train Loss: 0.00212, Valid Loss: 0.00502, EPS: 0.802
Epoch: 22, Train Loss: 0.00211, Valid Loss: 0.00507, EPS: 0.793
Epoch: 23, Train Loss: 0.00218, Valid Loss: 0.00503, EPS: 0.784
Epoch: 24, Train Loss: 0.00209, Valid Loss: 0.00503, EPS: 0.775
Epoch: 25, Train Loss: 0.00210, Valid Loss: 0.00509, EPS: 0.766
Epoch: 26, Train Loss: 0.00214, Valid Loss: 0.00507, EPS: 0.757
Epoch: 27, Train Loss: 0.00209, Valid Loss: 0.00511, EPS: 0.748
Epoch: 28, Train Loss: 0.00209, Valid Loss: 0.00504, EPS: 0.739
Epoch: 29, Train Loss: 0.00206, Valid Loss: 0.00504, EPS: 0.73
Epoch: 30, Train Loss: 0.00211, Valid Loss: 0.00506, EPS: 0.721
Epoch: 31, Train Loss: 0.00204, Valid Loss: 0.00510, EPS: 0.712
Epoch: 32, Train Loss: 0.00195, Valid Loss: 0.00502, EPS: 0.703
Epoch: 33, Train Loss: 0.00186, Valid Loss: 0.00499, EPS: 0.694
Epoch: 34, Train Loss: 0.00175, Valid Loss: 0.00492, EPS: 0.685
Epoch: 35, Train Loss: 0.00169, Valid Loss: 0.00489, EPS: 0.676
Epoch: 36, Train Loss: 0.00162, Valid Loss: 0.00487, EPS: 0.667
Epoch: 37, Train Loss: 0.00154, Valid Loss: 0.00485, EPS: 0.658
Epoch: 38, Train Loss: 0.00151, Valid Loss: 0.00481, EPS: 0.649
Epoch: 39, Train Loss: 0.00147, Valid Loss: 0.00481, EPS: 0.64
Epoch: 40, Train Loss: 0.00140, Valid Loss: 0.00481, EPS: 0.6310000000000001
Epoch: 41, Train Loss: 0.00135, Valid Loss: 0.00482, EPS: 0.6220000000000001
Epoch: 42, Train Loss: 0.00131, Valid Loss: 0.00477, EPS: 0.6130000000000001
Epoch: 43, Train Loss: 0.00133, Valid Loss: 0.00482, EPS: 0.6040000000000001
Epoch: 44, Train Loss: 0.00129, Valid Loss: 0.00480, EPS: 0.5950000000000001
Epoch: 45, Train Loss: 0.00121, Valid Loss: 0.00477, EPS: 0.5860000000000001
Epoch: 46, Train Loss: 0.00121, Valid Loss: 0.00480, EPS: 0.5770000000000001
Epoch: 47, Train Loss: 0.00127, Valid Loss: 0.00482, EPS: 0.5680000000000001
Epoch: 48, Train Loss: 0.00117, Valid Loss: 0.00480, EPS: 0.559
Epoch: 49, Train Loss: 0.00120, Valid Loss: 0.00479, EPS: 0.55
Epoch: 50, Train Loss: 0.00115, Valid Loss: 0.00481, EPS: 0.541
Epoch: 51, Train Loss: 0.00120, Valid Loss: 0.00480, EPS: 0.532
Epoch: 52, Train Loss: 0.00116, Valid Loss: 0.00482, EPS: 0.523
Epoch: 53, Train Loss: 0.00116, Valid Loss: 0.00480, EPS: 0.514
Epoch: 54, Train Loss: 0.00117, Valid Loss: 0.00482, EPS: 0.505
Epoch: 55, Train Loss: 0.00117, Valid Loss: 0.00481, EPS: 0.496
Epoch: 56, Train Loss: 0.00115, Valid Loss: 0.00483, EPS: 0.4870000000000001
Epoch: 57, Train Loss: 0.00111, Valid Loss: 0.00482, EPS: 0.4780000000000001
Epoch: 58, Train Loss: 0.00115, Valid Loss: 0.00483, EPS: 0.4690000000000001
Epoch: 59, Train Loss: 0.00108, Valid Loss: 0.00483, EPS: 0.4600000000000001
Epoch: 60, Train Loss: 0.00113, Valid Loss: 0.00480, EPS: 0.45100000000000007
Epoch: 61, Train Loss: 0.00111, Valid Loss: 0.00484, EPS: 0.44200000000000006
Epoch: 62, Train Loss: 0.00113, Valid Loss: 0.00481, EPS: 0.43300000000000005
Epoch: 63, Train Loss: 0.00110, Valid Loss: 0.00480, EPS: 0.42400000000000004
Epoch: 64, Train Loss: 0.00110, Valid Loss: 0.00479, EPS: 0.41500000000000004
Epoch: 65, Train Loss: 0.00110, Valid Loss: 0.00480, EPS: 0.406
Epoch: 66, Train Loss: 0.00108, Valid Loss: 0.00479, EPS: 0.397
Epoch: 67, Train Loss: 0.00107, Valid Loss: 0.00481, EPS: 0.388
Epoch: 68, Train Loss: 0.00106, Valid Loss: 0.00482, EPS: 0.3790000000000001
Epoch: 69, Train Loss: 0.00107, Valid Loss: 0.00482, EPS: 0.3700000000000001
Epoch: 70, Train Loss: 0.00107, Valid Loss: 0.00479, EPS: 0.3610000000000001
Epoch: 71, Train Loss: 0.00108, Valid Loss: 0.00484, EPS: 0.3520000000000001
Epoch: 72, Train Loss: 0.00107, Valid Loss: 0.00482, EPS: 0.343
Epoch: 73, Train Loss: 0.00109, Valid Loss: 0.00482, EPS: 0.334
Epoch: 74, Train Loss: 0.00105, Valid Loss: 0.00481, EPS: 0.325
Epoch: 75, Train Loss: 0.00108, Valid Loss: 0.00482, EPS: 0.316
Epoch: 76, Train Loss: 0.00105, Valid Loss: 0.00484, EPS: 0.307
Epoch: 77, Train Loss: 0.00112, Valid Loss: 0.00482, EPS: 0.298
Epoch: 78, Train Loss: 0.00108, Valid Loss: 0.00480, EPS: 0.289
Epoch: 79, Train Loss: 0.00107, Valid Loss: 0.00482, EPS: 0.27999999999999997
Epoch: 80, Train Loss: 0.00108, Valid Loss: 0.00482, EPS: 0.27099999999999996
Epoch: 81, Train Loss: 0.00112, Valid Loss: 0.00482, EPS: 0.26200000000000007
Epoch: 82, Train Loss: 0.00111, Valid Loss: 0.00482, EPS: 0.25300000000000006
Epoch: 83, Train Loss: 0.00108, Valid Loss: 0.00480, EPS: 0.24400000000000005
Epoch: 84, Train Loss: 0.00110, Valid Loss: 0.00479, EPS: 0.23500000000000004
Epoch: 85, Train Loss: 0.00108, Valid Loss: 0.00480, EPS: 0.22600000000000003
Epoch: 86, Train Loss: 0.00109, Valid Loss: 0.00482, EPS: 0.21700000000000003
Epoch: 87, Train Loss: 0.00108, Valid Loss: 0.00480, EPS: 0.20800000000000002
Epoch: 88, Train Loss: 0.00106, Valid Loss: 0.00481, EPS: 0.199
Epoch: 89, Train Loss: 0.00108, Valid Loss: 0.00481, EPS: 0.19
Epoch: 90, Train Loss: 0.00111, Valid Loss: 0.00482, EPS: 0.181
Epoch: 91, Train Loss: 0.00108, Valid Loss: 0.00481, EPS: 0.172
Epoch: 92, Train Loss: 0.00109, Valid Loss: 0.00480, EPS: 0.16299999999999998
Epoch: 93, Train Loss: 0.00109, Valid Loss: 0.00481, EPS: 0.15400000000000005
Epoch: 94, Train Loss: 0.00107, Valid Loss: 0.00482, EPS: 0.14500000000000005
Epoch: 95, Train Loss: 0.00109, Valid Loss: 0.00480, EPS: 0.13600000000000004
Epoch: 96, Train Loss: 0.00110, Valid Loss: 0.00481, EPS: 0.12700000000000003
Epoch: 97, Train Loss: 0.00110, Valid Loss: 0.00480, EPS: 0.11800000000000002
Epoch: 98, Train Loss: 0.00107, Valid Loss: 0.00482, EPS: 0.10900000000000001
Epoch: 99, Train Loss: 0.00108, Valid Loss: 0.00481, EPS: 0.1
Test Loss: 0.00480
Test Loss: 0.00466
Running context window: 5 with stride: 5 with seed: 42
Shape: (5, 144, 72)
Epoch: 0, Train Loss: 0.00749, Valid Loss: 0.00592, EPS: 0.991
Epoch: 1, Train Loss: 0.00526, Valid Loss: 0.00512, EPS: 0.982
Epoch: 2, Train Loss: 0.00443, Valid Loss: 0.00467, EPS: 0.973
Epoch: 3, Train Loss: 0.00402, Valid Loss: 0.00450, EPS: 0.964
Epoch: 4, Train Loss: 0.00383, Valid Loss: 0.00440, EPS: 0.955
Epoch: 5, Train Loss: 0.00370, Valid Loss: 0.00434, EPS: 0.946
Epoch: 6, Train Loss: 0.00363, Valid Loss: 0.00433, EPS: 0.9369999999999999
Epoch: 7, Train Loss: 0.00358, Valid Loss: 0.00432, EPS: 0.928
Epoch: 8, Train Loss: 0.00357, Valid Loss: 0.00430, EPS: 0.919
Epoch: 9, Train Loss: 0.00354, Valid Loss: 0.00428, EPS: 0.91
Epoch: 10, Train Loss: 0.00352, Valid Loss: 0.00431, EPS: 0.901
Epoch: 11, Train Loss: 0.00351, Valid Loss: 0.00423, EPS: 0.892
Epoch: 12, Train Loss: 0.00349, Valid Loss: 0.00426, EPS: 0.883
Epoch: 13, Train Loss: 0.00345, Valid Loss: 0.00424, EPS: 0.874
Epoch: 14, Train Loss: 0.00345, Valid Loss: 0.00422, EPS: 0.865
Epoch: 15, Train Loss: 0.00344, Valid Loss: 0.00426, EPS: 0.856
Epoch: 16, Train Loss: 0.00345, Valid Loss: 0.00425, EPS: 0.847
Epoch: 17, Train Loss: 0.00344, Valid Loss: 0.00423, EPS: 0.8380000000000001
Epoch: 18, Train Loss: 0.00342, Valid Loss: 0.00423, EPS: 0.8290000000000001
Epoch: 19, Train Loss: 0.00341, Valid Loss: 0.00420, EPS: 0.8200000000000001
Epoch: 20, Train Loss: 0.00340, Valid Loss: 0.00422, EPS: 0.811
Epoch: 21, Train Loss: 0.00336, Valid Loss: 0.00419, EPS: 0.802
Epoch: 22, Train Loss: 0.00336, Valid Loss: 0.00419, EPS: 0.793
Epoch: 23, Train Loss: 0.00336, Valid Loss: 0.00422, EPS: 0.784
Epoch: 24, Train Loss: 0.00337, Valid Loss: 0.00421, EPS: 0.775
Epoch: 25, Train Loss: 0.00337, Valid Loss: 0.00423, EPS: 0.766
Epoch: 26, Train Loss: 0.00338, Valid Loss: 0.00420, EPS: 0.757
Epoch: 27, Train Loss: 0.00335, Valid Loss: 0.00423, EPS: 0.748
Epoch: 28, Train Loss: 0.00336, Valid Loss: 0.00420, EPS: 0.739
Epoch: 29, Train Loss: 0.00337, Valid Loss: 0.00419, EPS: 0.73
Epoch: 30, Train Loss: 0.00336, Valid Loss: 0.00423, EPS: 0.721
Epoch: 31, Train Loss: 0.00335, Valid Loss: 0.00419, EPS: 0.712
Epoch: 32, Train Loss: 0.00334, Valid Loss: 0.00417, EPS: 0.703
Epoch: 33, Train Loss: 0.00333, Valid Loss: 0.00418, EPS: 0.694
Epoch: 34, Train Loss: 0.00334, Valid Loss: 0.00420, EPS: 0.685
Epoch: 35, Train Loss: 0.00335, Valid Loss: 0.00417, EPS: 0.676
Epoch: 36, Train Loss: 0.00332, Valid Loss: 0.00417, EPS: 0.667
Epoch: 37, Train Loss: 0.00333, Valid Loss: 0.00421, EPS: 0.658
Epoch: 38, Train Loss: 0.00335, Valid Loss: 0.00420, EPS: 0.649
Epoch: 39, Train Loss: 0.00333, Valid Loss: 0.00418, EPS: 0.64
Epoch: 40, Train Loss: 0.00335, Valid Loss: 0.00416, EPS: 0.6310000000000001
Epoch: 41, Train Loss: 0.00333, Valid Loss: 0.00417, EPS: 0.6220000000000001
Epoch: 42, Train Loss: 0.00334, Valid Loss: 0.00419, EPS: 0.6130000000000001
Epoch: 43, Train Loss: 0.00331, Valid Loss: 0.00418, EPS: 0.6040000000000001
Epoch: 44, Train Loss: 0.00331, Valid Loss: 0.00417, EPS: 0.5950000000000001
Epoch: 45, Train Loss: 0.00328, Valid Loss: 0.00417, EPS: 0.5860000000000001
Epoch: 46, Train Loss: 0.00330, Valid Loss: 0.00419, EPS: 0.5770000000000001
Epoch: 47, Train Loss: 0.00332, Valid Loss: 0.00417, EPS: 0.5680000000000001
Epoch: 48, Train Loss: 0.00332, Valid Loss: 0.00420, EPS: 0.559
Epoch: 49, Train Loss: 0.00332, Valid Loss: 0.00418, EPS: 0.55
Epoch: 50, Train Loss: 0.00331, Valid Loss: 0.00416, EPS: 0.541
Epoch: 51, Train Loss: 0.00329, Valid Loss: 0.00418, EPS: 0.532
Epoch: 52, Train Loss: 0.00331, Valid Loss: 0.00417, EPS: 0.523
Epoch: 53, Train Loss: 0.00331, Valid Loss: 0.00419, EPS: 0.514
Epoch: 54, Train Loss: 0.00331, Valid Loss: 0.00418, EPS: 0.505
Epoch: 55, Train Loss: 0.00328, Valid Loss: 0.00415, EPS: 0.496
Epoch: 56, Train Loss: 0.00329, Valid Loss: 0.00416, EPS: 0.4870000000000001
Epoch: 57, Train Loss: 0.00329, Valid Loss: 0.00418, EPS: 0.4780000000000001
Epoch: 58, Train Loss: 0.00331, Valid Loss: 0.00416, EPS: 0.4690000000000001
Epoch: 59, Train Loss: 0.00329, Valid Loss: 0.00419, EPS: 0.4600000000000001
Epoch: 60, Train Loss: 0.00329, Valid Loss: 0.00416, EPS: 0.45100000000000007
Epoch: 61, Train Loss: 0.00327, Valid Loss: 0.00417, EPS: 0.44200000000000006
Epoch: 62, Train Loss: 0.00331, Valid Loss: 0.00416, EPS: 0.43300000000000005
Epoch: 63, Train Loss: 0.00329, Valid Loss: 0.00416, EPS: 0.42400000000000004
Epoch: 64, Train Loss: 0.00331, Valid Loss: 0.00421, EPS: 0.41500000000000004
Epoch: 65, Train Loss: 0.00329, Valid Loss: 0.00416, EPS: 0.406
Epoch: 66, Train Loss: 0.00329, Valid Loss: 0.00418, EPS: 0.397
Epoch: 67, Train Loss: 0.00298, Valid Loss: 0.00405, EPS: 0.388
Epoch: 68, Train Loss: 0.00285, Valid Loss: 0.00399, EPS: 0.3790000000000001
Epoch: 69, Train Loss: 0.00277, Valid Loss: 0.00396, EPS: 0.3700000000000001
Epoch: 70, Train Loss: 0.00272, Valid Loss: 0.00394, EPS: 0.3610000000000001
Epoch: 71, Train Loss: 0.00270, Valid Loss: 0.00392, EPS: 0.3520000000000001
Epoch: 72, Train Loss: 0.00268, Valid Loss: 0.00391, EPS: 0.343
Epoch: 73, Train Loss: 0.00266, Valid Loss: 0.00392, EPS: 0.334
Epoch: 74, Train Loss: 0.00264, Valid Loss: 0.00391, EPS: 0.325
Epoch: 75, Train Loss: 0.00263, Valid Loss: 0.00392, EPS: 0.316
Epoch: 76, Train Loss: 0.00261, Valid Loss: 0.00391, EPS: 0.307
Epoch: 77, Train Loss: 0.00259, Valid Loss: 0.00391, EPS: 0.298
Epoch: 78, Train Loss: 0.00257, Valid Loss: 0.00390, EPS: 0.289
Epoch: 79, Train Loss: 0.00254, Valid Loss: 0.00392, EPS: 0.27999999999999997
Epoch: 80, Train Loss: 0.00252, Valid Loss: 0.00392, EPS: 0.27099999999999996
Epoch: 81, Train Loss: 0.00250, Valid Loss: 0.00393, EPS: 0.26200000000000007
Epoch: 82, Train Loss: 0.00247, Valid Loss: 0.00392, EPS: 0.25300000000000006
Epoch: 83, Train Loss: 0.00246, Valid Loss: 0.00393, EPS: 0.24400000000000005
Epoch: 84, Train Loss: 0.00245, Valid Loss: 0.00394, EPS: 0.23500000000000004
Epoch: 85, Train Loss: 0.00245, Valid Loss: 0.00397, EPS: 0.22600000000000003
Epoch: 86, Train Loss: 0.00244, Valid Loss: 0.00398, EPS: 0.21700000000000003
Epoch: 87, Train Loss: 0.00244, Valid Loss: 0.00397, EPS: 0.20800000000000002
Epoch: 88, Train Loss: 0.00243, Valid Loss: 0.00397, EPS: 0.199
Epoch: 89, Train Loss: 0.00242, Valid Loss: 0.00398, EPS: 0.19
Epoch: 90, Train Loss: 0.00234, Valid Loss: 0.00395, EPS: 0.181
Epoch: 91, Train Loss: 0.00232, Valid Loss: 0.00396, EPS: 0.172
Epoch: 92, Train Loss: 0.00230, Valid Loss: 0.00395, EPS: 0.16299999999999998
Epoch: 93, Train Loss: 0.00229, Valid Loss: 0.00397, EPS: 0.15400000000000005
Epoch: 94, Train Loss: 0.00229, Valid Loss: 0.00396, EPS: 0.14500000000000005
Epoch: 95, Train Loss: 0.00229, Valid Loss: 0.00396, EPS: 0.13600000000000004
Epoch: 96, Train Loss: 0.00228, Valid Loss: 0.00397, EPS: 0.12700000000000003
Epoch: 97, Train Loss: 0.00228, Valid Loss: 0.00395, EPS: 0.11800000000000002
Epoch: 98, Train Loss: 0.00228, Valid Loss: 0.00395, EPS: 0.10900000000000001
Epoch: 99, Train Loss: 0.00228, Valid Loss: 0.00397, EPS: 0.1
Test Loss: 0.00395
Test Loss: 0.00395
Running context window: 5 with stride: 10 with seed: 42
Shape: (5, 144, 72)
Epoch: 0, Train Loss: 0.00866, Valid Loss: 0.00681, EPS: 0.991
Epoch: 1, Train Loss: 0.00611, Valid Loss: 0.00596, EPS: 0.982
Epoch: 2, Train Loss: 0.00519, Valid Loss: 0.00543, EPS: 0.973
Epoch: 3, Train Loss: 0.00447, Valid Loss: 0.00513, EPS: 0.964
Epoch: 4, Train Loss: 0.00401, Valid Loss: 0.00486, EPS: 0.955
Epoch: 5, Train Loss: 0.00367, Valid Loss: 0.00473, EPS: 0.946
Epoch: 6, Train Loss: 0.00344, Valid Loss: 0.00462, EPS: 0.9369999999999999
Epoch: 7, Train Loss: 0.00324, Valid Loss: 0.00458, EPS: 0.928
Epoch: 8, Train Loss: 0.00313, Valid Loss: 0.00456, EPS: 0.919
Epoch: 9, Train Loss: 0.00301, Valid Loss: 0.00454, EPS: 0.91
Epoch: 10, Train Loss: 0.00295, Valid Loss: 0.00448, EPS: 0.901
Epoch: 11, Train Loss: 0.00284, Valid Loss: 0.00449, EPS: 0.892
Epoch: 12, Train Loss: 0.00283, Valid Loss: 0.00446, EPS: 0.883
Epoch: 13, Train Loss: 0.00282, Valid Loss: 0.00446, EPS: 0.874
Epoch: 14, Train Loss: 0.00274, Valid Loss: 0.00447, EPS: 0.865
Epoch: 15, Train Loss: 0.00274, Valid Loss: 0.00444, EPS: 0.856
Epoch: 16, Train Loss: 0.00274, Valid Loss: 0.00449, EPS: 0.847
Epoch: 17, Train Loss: 0.00272, Valid Loss: 0.00448, EPS: 0.8380000000000001
Epoch: 18, Train Loss: 0.00272, Valid Loss: 0.00446, EPS: 0.8290000000000001
Epoch: 19, Train Loss: 0.00270, Valid Loss: 0.00450, EPS: 0.8200000000000001
Epoch: 20, Train Loss: 0.00269, Valid Loss: 0.00450, EPS: 0.811
Epoch: 21, Train Loss: 0.00269, Valid Loss: 0.00447, EPS: 0.802
Epoch: 22, Train Loss: 0.00266, Valid Loss: 0.00446, EPS: 0.793
Epoch: 23, Train Loss: 0.00265, Valid Loss: 0.00443, EPS: 0.784
Epoch: 24, Train Loss: 0.00263, Valid Loss: 0.00443, EPS: 0.775
Epoch: 25, Train Loss: 0.00263, Valid Loss: 0.00446, EPS: 0.766
Epoch: 26, Train Loss: 0.00261, Valid Loss: 0.00444, EPS: 0.757
Epoch: 27, Train Loss: 0.00257, Valid Loss: 0.00444, EPS: 0.748
Epoch: 28, Train Loss: 0.00260, Valid Loss: 0.00445, EPS: 0.739
Epoch: 29, Train Loss: 0.00261, Valid Loss: 0.00444, EPS: 0.73
Epoch: 30, Train Loss: 0.00259, Valid Loss: 0.00442, EPS: 0.721
Epoch: 31, Train Loss: 0.00259, Valid Loss: 0.00451, EPS: 0.712
Epoch: 32, Train Loss: 0.00260, Valid Loss: 0.00446, EPS: 0.703
Epoch: 33, Train Loss: 0.00260, Valid Loss: 0.00444, EPS: 0.694
Epoch: 34, Train Loss: 0.00256, Valid Loss: 0.00440, EPS: 0.685
Epoch: 35, Train Loss: 0.00255, Valid Loss: 0.00443, EPS: 0.676
Epoch: 36, Train Loss: 0.00255, Valid Loss: 0.00440, EPS: 0.667
Epoch: 37, Train Loss: 0.00254, Valid Loss: 0.00443, EPS: 0.658
Epoch: 38, Train Loss: 0.00255, Valid Loss: 0.00443, EPS: 0.649
Epoch: 39, Train Loss: 0.00253, Valid Loss: 0.00447, EPS: 0.64
Epoch: 40, Train Loss: 0.00254, Valid Loss: 0.00442, EPS: 0.6310000000000001
Epoch: 41, Train Loss: 0.00252, Valid Loss: 0.00444, EPS: 0.6220000000000001
Epoch: 42, Train Loss: 0.00255, Valid Loss: 0.00447, EPS: 0.6130000000000001
Epoch: 43, Train Loss: 0.00255, Valid Loss: 0.00444, EPS: 0.6040000000000001
Epoch: 44, Train Loss: 0.00253, Valid Loss: 0.00446, EPS: 0.5950000000000001
Epoch: 45, Train Loss: 0.00252, Valid Loss: 0.00443, EPS: 0.5860000000000001
Epoch: 46, Train Loss: 0.00231, Valid Loss: 0.00435, EPS: 0.5770000000000001
Epoch: 47, Train Loss: 0.00217, Valid Loss: 0.00428, EPS: 0.5680000000000001
Epoch: 48, Train Loss: 0.00207, Valid Loss: 0.00425, EPS: 0.559
Epoch: 49, Train Loss: 0.00200, Valid Loss: 0.00424, EPS: 0.55
Epoch: 50, Train Loss: 0.00195, Valid Loss: 0.00423, EPS: 0.541
Epoch: 51, Train Loss: 0.00190, Valid Loss: 0.00422, EPS: 0.532
Epoch: 52, Train Loss: 0.00187, Valid Loss: 0.00421, EPS: 0.523
Epoch: 53, Train Loss: 0.00183, Valid Loss: 0.00423, EPS: 0.514
Epoch: 54, Train Loss: 0.00181, Valid Loss: 0.00423, EPS: 0.505
Epoch: 55, Train Loss: 0.00177, Valid Loss: 0.00424, EPS: 0.496
Epoch: 56, Train Loss: 0.00176, Valid Loss: 0.00425, EPS: 0.4870000000000001
Epoch: 57, Train Loss: 0.00174, Valid Loss: 0.00428, EPS: 0.4780000000000001
Epoch: 58, Train Loss: 0.00172, Valid Loss: 0.00428, EPS: 0.4690000000000001
Epoch: 59, Train Loss: 0.00171, Valid Loss: 0.00427, EPS: 0.4600000000000001
Epoch: 60, Train Loss: 0.00167, Valid Loss: 0.00431, EPS: 0.45100000000000007
Epoch: 61, Train Loss: 0.00166, Valid Loss: 0.00430, EPS: 0.44200000000000006
Epoch: 62, Train Loss: 0.00165, Valid Loss: 0.00435, EPS: 0.43300000000000005
Epoch: 63, Train Loss: 0.00164, Valid Loss: 0.00436, EPS: 0.42400000000000004
Epoch: 64, Train Loss: 0.00161, Valid Loss: 0.00435, EPS: 0.41500000000000004
Epoch: 65, Train Loss: 0.00158, Valid Loss: 0.00431, EPS: 0.406
Epoch: 66, Train Loss: 0.00159, Valid Loss: 0.00432, EPS: 0.397
Epoch: 67, Train Loss: 0.00158, Valid Loss: 0.00434, EPS: 0.388
Epoch: 68, Train Loss: 0.00156, Valid Loss: 0.00432, EPS: 0.3790000000000001
Epoch: 69, Train Loss: 0.00157, Valid Loss: 0.00433, EPS: 0.3700000000000001
Epoch: 70, Train Loss: 0.00156, Valid Loss: 0.00433, EPS: 0.3610000000000001
Epoch: 71, Train Loss: 0.00155, Valid Loss: 0.00434, EPS: 0.3520000000000001
Epoch: 72, Train Loss: 0.00156, Valid Loss: 0.00434, EPS: 0.343
Epoch: 73, Train Loss: 0.00155, Valid Loss: 0.00435, EPS: 0.334
Epoch: 74, Train Loss: 0.00155, Valid Loss: 0.00434, EPS: 0.325
Epoch: 75, Train Loss: 0.00154, Valid Loss: 0.00434, EPS: 0.316
Epoch: 76, Train Loss: 0.00154, Valid Loss: 0.00435, EPS: 0.307
Epoch: 77, Train Loss: 0.00155, Valid Loss: 0.00432, EPS: 0.298
Epoch: 78, Train Loss: 0.00154, Valid Loss: 0.00435, EPS: 0.289
Epoch: 79, Train Loss: 0.00155, Valid Loss: 0.00435, EPS: 0.27999999999999997
Epoch: 80, Train Loss: 0.00154, Valid Loss: 0.00433, EPS: 0.27099999999999996
Epoch: 81, Train Loss: 0.00154, Valid Loss: 0.00433, EPS: 0.26200000000000007
Epoch: 82, Train Loss: 0.00153, Valid Loss: 0.00433, EPS: 0.25300000000000006
Epoch: 83, Train Loss: 0.00155, Valid Loss: 0.00434, EPS: 0.24400000000000005
Epoch: 84, Train Loss: 0.00154, Valid Loss: 0.00433, EPS: 0.23500000000000004
Epoch: 85, Train Loss: 0.00154, Valid Loss: 0.00434, EPS: 0.22600000000000003
Epoch: 86, Train Loss: 0.00154, Valid Loss: 0.00433, EPS: 0.21700000000000003
Epoch: 87, Train Loss: 0.00153, Valid Loss: 0.00434, EPS: 0.20800000000000002
Epoch: 88, Train Loss: 0.00155, Valid Loss: 0.00431, EPS: 0.199
Epoch: 89, Train Loss: 0.00155, Valid Loss: 0.00434, EPS: 0.19
Epoch: 90, Train Loss: 0.00154, Valid Loss: 0.00432, EPS: 0.181
Epoch: 91, Train Loss: 0.00154, Valid Loss: 0.00433, EPS: 0.172
Epoch: 92, Train Loss: 0.00154, Valid Loss: 0.00433, EPS: 0.16299999999999998
Epoch: 93, Train Loss: 0.00154, Valid Loss: 0.00433, EPS: 0.15400000000000005
Epoch: 94, Train Loss: 0.00154, Valid Loss: 0.00434, EPS: 0.14500000000000005
Epoch: 95, Train Loss: 0.00154, Valid Loss: 0.00434, EPS: 0.13600000000000004
Epoch: 96, Train Loss: 0.00154, Valid Loss: 0.00433, EPS: 0.12700000000000003
Epoch: 97, Train Loss: 0.00154, Valid Loss: 0.00435, EPS: 0.11800000000000002
Epoch: 98, Train Loss: 0.00154, Valid Loss: 0.00433, EPS: 0.10900000000000001
Epoch: 99, Train Loss: 0.00154, Valid Loss: 0.00433, EPS: 0.1
Test Loss: 0.00432
Test Loss: 0.00434
Running context window: 5 with stride: 20 with seed: 42
Shape: (5, 144, 72)
Epoch: 0, Train Loss: 0.00962, Valid Loss: 0.00720, EPS: 0.991
Epoch: 1, Train Loss: 0.00716, Valid Loss: 0.00658, EPS: 0.982
Epoch: 2, Train Loss: 0.00582, Valid Loss: 0.00611, EPS: 0.973
Epoch: 3, Train Loss: 0.00497, Valid Loss: 0.00590, EPS: 0.964
Epoch: 4, Train Loss: 0.00450, Valid Loss: 0.00567, EPS: 0.955
Epoch: 5, Train Loss: 0.00416, Valid Loss: 0.00552, EPS: 0.946
Epoch: 6, Train Loss: 0.00379, Valid Loss: 0.00543, EPS: 0.9369999999999999
Epoch: 7, Train Loss: 0.00341, Valid Loss: 0.00536, EPS: 0.928
Epoch: 8, Train Loss: 0.00318, Valid Loss: 0.00528, EPS: 0.919
Epoch: 9, Train Loss: 0.00301, Valid Loss: 0.00522, EPS: 0.91
Epoch: 10, Train Loss: 0.00286, Valid Loss: 0.00517, EPS: 0.901
Epoch: 11, Train Loss: 0.00268, Valid Loss: 0.00515, EPS: 0.892
Epoch: 12, Train Loss: 0.00259, Valid Loss: 0.00512, EPS: 0.883
Epoch: 13, Train Loss: 0.00255, Valid Loss: 0.00512, EPS: 0.874
Epoch: 14, Train Loss: 0.00242, Valid Loss: 0.00511, EPS: 0.865
Epoch: 15, Train Loss: 0.00240, Valid Loss: 0.00510, EPS: 0.856
Epoch: 16, Train Loss: 0.00236, Valid Loss: 0.00506, EPS: 0.847
Epoch: 17, Train Loss: 0.00231, Valid Loss: 0.00507, EPS: 0.8380000000000001
Epoch: 18, Train Loss: 0.00220, Valid Loss: 0.00508, EPS: 0.8290000000000001
Epoch: 19, Train Loss: 0.00224, Valid Loss: 0.00506, EPS: 0.8200000000000001
Epoch: 20, Train Loss: 0.00216, Valid Loss: 0.00504, EPS: 0.811
Epoch: 21, Train Loss: 0.00215, Valid Loss: 0.00502, EPS: 0.802
Epoch: 22, Train Loss: 0.00209, Valid Loss: 0.00503, EPS: 0.793
Epoch: 23, Train Loss: 0.00207, Valid Loss: 0.00504, EPS: 0.784
Epoch: 24, Train Loss: 0.00214, Valid Loss: 0.00506, EPS: 0.775
Epoch: 25, Train Loss: 0.00206, Valid Loss: 0.00511, EPS: 0.766
Epoch: 26, Train Loss: 0.00201, Valid Loss: 0.00505, EPS: 0.757
Epoch: 27, Train Loss: 0.00203, Valid Loss: 0.00501, EPS: 0.748
Epoch: 28, Train Loss: 0.00204, Valid Loss: 0.00504, EPS: 0.739
Epoch: 29, Train Loss: 0.00205, Valid Loss: 0.00503, EPS: 0.73
Epoch: 30, Train Loss: 0.00201, Valid Loss: 0.00506, EPS: 0.721
Epoch: 31, Train Loss: 0.00209, Valid Loss: 0.00501, EPS: 0.712
Epoch: 32, Train Loss: 0.00204, Valid Loss: 0.00501, EPS: 0.703
Epoch: 33, Train Loss: 0.00207, Valid Loss: 0.00504, EPS: 0.694
Epoch: 34, Train Loss: 0.00199, Valid Loss: 0.00506, EPS: 0.685
Epoch: 35, Train Loss: 0.00203, Valid Loss: 0.00508, EPS: 0.676
Epoch: 36, Train Loss: 0.00195, Valid Loss: 0.00508, EPS: 0.667
Epoch: 37, Train Loss: 0.00192, Valid Loss: 0.00509, EPS: 0.658
Epoch: 38, Train Loss: 0.00196, Valid Loss: 0.00505, EPS: 0.649
Epoch: 39, Train Loss: 0.00195, Valid Loss: 0.00509, EPS: 0.64
Epoch: 40, Train Loss: 0.00198, Valid Loss: 0.00506, EPS: 0.6310000000000001
Epoch: 41, Train Loss: 0.00200, Valid Loss: 0.00506, EPS: 0.6220000000000001
Epoch: 42, Train Loss: 0.00210, Valid Loss: 0.00510, EPS: 0.6130000000000001
Epoch: 43, Train Loss: 0.00200, Valid Loss: 0.00504, EPS: 0.6040000000000001
Epoch: 44, Train Loss: 0.00185, Valid Loss: 0.00502, EPS: 0.5950000000000001
Epoch: 45, Train Loss: 0.00171, Valid Loss: 0.00495, EPS: 0.5860000000000001
Epoch: 46, Train Loss: 0.00163, Valid Loss: 0.00491, EPS: 0.5770000000000001
Epoch: 47, Train Loss: 0.00160, Valid Loss: 0.00488, EPS: 0.5680000000000001
Epoch: 48, Train Loss: 0.00149, Valid Loss: 0.00486, EPS: 0.559
Epoch: 49, Train Loss: 0.00146, Valid Loss: 0.00484, EPS: 0.55
Epoch: 50, Train Loss: 0.00131, Valid Loss: 0.00481, EPS: 0.541
Epoch: 51, Train Loss: 0.00132, Valid Loss: 0.00482, EPS: 0.532
Epoch: 52, Train Loss: 0.00132, Valid Loss: 0.00480, EPS: 0.523
Epoch: 53, Train Loss: 0.00127, Valid Loss: 0.00480, EPS: 0.514
Epoch: 54, Train Loss: 0.00126, Valid Loss: 0.00480, EPS: 0.505
Epoch: 55, Train Loss: 0.00125, Valid Loss: 0.00480, EPS: 0.496
Epoch: 56, Train Loss: 0.00120, Valid Loss: 0.00478, EPS: 0.4870000000000001
Epoch: 57, Train Loss: 0.00120, Valid Loss: 0.00479, EPS: 0.4780000000000001
Epoch: 58, Train Loss: 0.00118, Valid Loss: 0.00478, EPS: 0.4690000000000001
Epoch: 59, Train Loss: 0.00114, Valid Loss: 0.00476, EPS: 0.4600000000000001
Epoch: 60, Train Loss: 0.00116, Valid Loss: 0.00479, EPS: 0.45100000000000007
Epoch: 61, Train Loss: 0.00112, Valid Loss: 0.00480, EPS: 0.44200000000000006
Epoch: 62, Train Loss: 0.00111, Valid Loss: 0.00478, EPS: 0.43300000000000005
Epoch: 63, Train Loss: 0.00106, Valid Loss: 0.00481, EPS: 0.42400000000000004
Epoch: 64, Train Loss: 0.00108, Valid Loss: 0.00480, EPS: 0.41500000000000004
Epoch: 65, Train Loss: 0.00113, Valid Loss: 0.00481, EPS: 0.406
Epoch: 66, Train Loss: 0.00107, Valid Loss: 0.00478, EPS: 0.397
Epoch: 67, Train Loss: 0.00110, Valid Loss: 0.00481, EPS: 0.388
Epoch: 68, Train Loss: 0.00106, Valid Loss: 0.00482, EPS: 0.3790000000000001
Epoch: 69, Train Loss: 0.00104, Valid Loss: 0.00481, EPS: 0.3700000000000001
Epoch: 70, Train Loss: 0.00102, Valid Loss: 0.00483, EPS: 0.3610000000000001
Epoch: 71, Train Loss: 0.00102, Valid Loss: 0.00481, EPS: 0.3520000000000001
Epoch: 72, Train Loss: 0.00103, Valid Loss: 0.00480, EPS: 0.343
Epoch: 73, Train Loss: 0.00100, Valid Loss: 0.00481, EPS: 0.334
Epoch: 74, Train Loss: 0.00101, Valid Loss: 0.00483, EPS: 0.325
Epoch: 75, Train Loss: 0.00100, Valid Loss: 0.00481, EPS: 0.316
Epoch: 76, Train Loss: 0.00103, Valid Loss: 0.00481, EPS: 0.307
Epoch: 77, Train Loss: 0.00102, Valid Loss: 0.00480, EPS: 0.298
Epoch: 78, Train Loss: 0.00101, Valid Loss: 0.00479, EPS: 0.289
Epoch: 79, Train Loss: 0.00099, Valid Loss: 0.00482, EPS: 0.27999999999999997
Epoch: 80, Train Loss: 0.00100, Valid Loss: 0.00481, EPS: 0.27099999999999996
Epoch: 81, Train Loss: 0.00098, Valid Loss: 0.00481, EPS: 0.26200000000000007
Epoch: 82, Train Loss: 0.00101, Valid Loss: 0.00482, EPS: 0.25300000000000006
Epoch: 83, Train Loss: 0.00101, Valid Loss: 0.00482, EPS: 0.24400000000000005
Epoch: 84, Train Loss: 0.00099, Valid Loss: 0.00480, EPS: 0.23500000000000004
Epoch: 85, Train Loss: 0.00104, Valid Loss: 0.00481, EPS: 0.22600000000000003
Epoch: 86, Train Loss: 0.00101, Valid Loss: 0.00480, EPS: 0.21700000000000003
Epoch: 87, Train Loss: 0.00097, Valid Loss: 0.00481, EPS: 0.20800000000000002
Epoch: 88, Train Loss: 0.00099, Valid Loss: 0.00480, EPS: 0.199
Epoch: 89, Train Loss: 0.00100, Valid Loss: 0.00482, EPS: 0.19
Epoch: 90, Train Loss: 0.00100, Valid Loss: 0.00479, EPS: 0.181
Epoch: 91, Train Loss: 0.00099, Valid Loss: 0.00482, EPS: 0.172
Epoch: 92, Train Loss: 0.00100, Valid Loss: 0.00481, EPS: 0.16299999999999998
Epoch: 93, Train Loss: 0.00097, Valid Loss: 0.00483, EPS: 0.15400000000000005
Epoch: 94, Train Loss: 0.00101, Valid Loss: 0.00481, EPS: 0.14500000000000005
Epoch: 95, Train Loss: 0.00101, Valid Loss: 0.00482, EPS: 0.13600000000000004
Epoch: 96, Train Loss: 0.00100, Valid Loss: 0.00481, EPS: 0.12700000000000003
Epoch: 97, Train Loss: 0.00099, Valid Loss: 0.00482, EPS: 0.11800000000000002
Epoch: 98, Train Loss: 0.00102, Valid Loss: 0.00480, EPS: 0.10900000000000001
Epoch: 99, Train Loss: 0.00102, Valid Loss: 0.00482, EPS: 0.1
Test Loss: 0.00481
Test Loss: 0.00467
Running context window: 5 with stride: 5 with seed: 123
Shape: (5, 144, 72)
Epoch: 0, Train Loss: 0.00746, Valid Loss: 0.00587, EPS: 0.991
Epoch: 1, Train Loss: 0.00525, Valid Loss: 0.00508, EPS: 0.982
Epoch: 2, Train Loss: 0.00441, Valid Loss: 0.00467, EPS: 0.973
Epoch: 3, Train Loss: 0.00402, Valid Loss: 0.00451, EPS: 0.964
Epoch: 4, Train Loss: 0.00380, Valid Loss: 0.00442, EPS: 0.955
Epoch: 5, Train Loss: 0.00370, Valid Loss: 0.00438, EPS: 0.946
Epoch: 6, Train Loss: 0.00366, Valid Loss: 0.00434, EPS: 0.9369999999999999
Epoch: 7, Train Loss: 0.00361, Valid Loss: 0.00434, EPS: 0.928
Epoch: 8, Train Loss: 0.00358, Valid Loss: 0.00429, EPS: 0.919
Epoch: 9, Train Loss: 0.00354, Valid Loss: 0.00430, EPS: 0.91
Epoch: 10, Train Loss: 0.00353, Valid Loss: 0.00427, EPS: 0.901
Epoch: 11, Train Loss: 0.00353, Valid Loss: 0.00424, EPS: 0.892
Epoch: 12, Train Loss: 0.00350, Valid Loss: 0.00428, EPS: 0.883
Epoch: 13, Train Loss: 0.00350, Valid Loss: 0.00430, EPS: 0.874
Epoch: 14, Train Loss: 0.00347, Valid Loss: 0.00423, EPS: 0.865
Epoch: 15, Train Loss: 0.00345, Valid Loss: 0.00422, EPS: 0.856
Epoch: 16, Train Loss: 0.00345, Valid Loss: 0.00422, EPS: 0.847
Epoch: 17, Train Loss: 0.00342, Valid Loss: 0.00422, EPS: 0.8380000000000001
Epoch: 18, Train Loss: 0.00341, Valid Loss: 0.00425, EPS: 0.8290000000000001
Epoch: 19, Train Loss: 0.00342, Valid Loss: 0.00422, EPS: 0.8200000000000001
Epoch: 20, Train Loss: 0.00340, Valid Loss: 0.00425, EPS: 0.811
Epoch: 21, Train Loss: 0.00339, Valid Loss: 0.00421, EPS: 0.802
Epoch: 22, Train Loss: 0.00339, Valid Loss: 0.00420, EPS: 0.793
Epoch: 23, Train Loss: 0.00339, Valid Loss: 0.00423, EPS: 0.784
Epoch: 24, Train Loss: 0.00338, Valid Loss: 0.00422, EPS: 0.775
Epoch: 25, Train Loss: 0.00340, Valid Loss: 0.00422, EPS: 0.766
Epoch: 26, Train Loss: 0.00338, Valid Loss: 0.00420, EPS: 0.757
Epoch: 27, Train Loss: 0.00337, Valid Loss: 0.00420, EPS: 0.748
Epoch: 28, Train Loss: 0.00335, Valid Loss: 0.00418, EPS: 0.739
Epoch: 29, Train Loss: 0.00334, Valid Loss: 0.00419, EPS: 0.73
Epoch: 30, Train Loss: 0.00333, Valid Loss: 0.00418, EPS: 0.721
Epoch: 31, Train Loss: 0.00335, Valid Loss: 0.00417, EPS: 0.712
Epoch: 32, Train Loss: 0.00335, Valid Loss: 0.00421, EPS: 0.703
Epoch: 33, Train Loss: 0.00334, Valid Loss: 0.00418, EPS: 0.694
Epoch: 34, Train Loss: 0.00334, Valid Loss: 0.00419, EPS: 0.685
Epoch: 35, Train Loss: 0.00334, Valid Loss: 0.00417, EPS: 0.676
Epoch: 36, Train Loss: 0.00335, Valid Loss: 0.00416, EPS: 0.667
Epoch: 37, Train Loss: 0.00333, Valid Loss: 0.00416, EPS: 0.658
Epoch: 38, Train Loss: 0.00332, Valid Loss: 0.00420, EPS: 0.649
Epoch: 39, Train Loss: 0.00332, Valid Loss: 0.00417, EPS: 0.64
Epoch: 40, Train Loss: 0.00332, Valid Loss: 0.00416, EPS: 0.6310000000000001
Epoch: 41, Train Loss: 0.00331, Valid Loss: 0.00417, EPS: 0.6220000000000001
Epoch: 42, Train Loss: 0.00333, Valid Loss: 0.00417, EPS: 0.6130000000000001
Epoch: 43, Train Loss: 0.00333, Valid Loss: 0.00418, EPS: 0.6040000000000001
Epoch: 44, Train Loss: 0.00331, Valid Loss: 0.00417, EPS: 0.5950000000000001
Epoch: 45, Train Loss: 0.00331, Valid Loss: 0.00419, EPS: 0.5860000000000001
Epoch: 46, Train Loss: 0.00331, Valid Loss: 0.00419, EPS: 0.5770000000000001
Epoch: 47, Train Loss: 0.00332, Valid Loss: 0.00418, EPS: 0.5680000000000001
Epoch: 48, Train Loss: 0.00330, Valid Loss: 0.00417, EPS: 0.559
Epoch: 49, Train Loss: 0.00302, Valid Loss: 0.00405, EPS: 0.55
Epoch: 50, Train Loss: 0.00286, Valid Loss: 0.00398, EPS: 0.541
Epoch: 51, Train Loss: 0.00277, Valid Loss: 0.00394, EPS: 0.532
Epoch: 52, Train Loss: 0.00272, Valid Loss: 0.00393, EPS: 0.523
Epoch: 53, Train Loss: 0.00269, Valid Loss: 0.00390, EPS: 0.514
Epoch: 54, Train Loss: 0.00267, Valid Loss: 0.00391, EPS: 0.505
Epoch: 55, Train Loss: 0.00266, Valid Loss: 0.00390, EPS: 0.496
Epoch: 56, Train Loss: 0.00263, Valid Loss: 0.00390, EPS: 0.4870000000000001
Epoch: 57, Train Loss: 0.00263, Valid Loss: 0.00390, EPS: 0.4780000000000001
Epoch: 58, Train Loss: 0.00261, Valid Loss: 0.00390, EPS: 0.4690000000000001
Epoch: 59, Train Loss: 0.00260, Valid Loss: 0.00390, EPS: 0.4600000000000001
Epoch: 60, Train Loss: 0.00258, Valid Loss: 0.00389, EPS: 0.45100000000000007
Epoch: 61, Train Loss: 0.00256, Valid Loss: 0.00388, EPS: 0.44200000000000006
Epoch: 62, Train Loss: 0.00253, Valid Loss: 0.00392, EPS: 0.43300000000000005
Epoch: 63, Train Loss: 0.00251, Valid Loss: 0.00391, EPS: 0.42400000000000004
Epoch: 64, Train Loss: 0.00249, Valid Loss: 0.00391, EPS: 0.41500000000000004
Epoch: 65, Train Loss: 0.00247, Valid Loss: 0.00391, EPS: 0.406
Epoch: 66, Train Loss: 0.00245, Valid Loss: 0.00393, EPS: 0.397
Epoch: 67, Train Loss: 0.00244, Valid Loss: 0.00394, EPS: 0.388
Epoch: 68, Train Loss: 0.00244, Valid Loss: 0.00394, EPS: 0.3790000000000001
Epoch: 69, Train Loss: 0.00243, Valid Loss: 0.00395, EPS: 0.3700000000000001
Epoch: 70, Train Loss: 0.00243, Valid Loss: 0.00396, EPS: 0.3610000000000001
Epoch: 71, Train Loss: 0.00242, Valid Loss: 0.00397, EPS: 0.3520000000000001
Epoch: 72, Train Loss: 0.00241, Valid Loss: 0.00398, EPS: 0.343
Epoch: 73, Train Loss: 0.00233, Valid Loss: 0.00394, EPS: 0.334
Epoch: 74, Train Loss: 0.00231, Valid Loss: 0.00395, EPS: 0.325
Epoch: 75, Train Loss: 0.00230, Valid Loss: 0.00395, EPS: 0.316
Epoch: 76, Train Loss: 0.00229, Valid Loss: 0.00395, EPS: 0.307
Epoch: 77, Train Loss: 0.00228, Valid Loss: 0.00395, EPS: 0.298
Epoch: 78, Train Loss: 0.00228, Valid Loss: 0.00395, EPS: 0.289
Epoch: 79, Train Loss: 0.00227, Valid Loss: 0.00396, EPS: 0.27999999999999997
Epoch: 80, Train Loss: 0.00228, Valid Loss: 0.00395, EPS: 0.27099999999999996
Epoch: 81, Train Loss: 0.00226, Valid Loss: 0.00395, EPS: 0.26200000000000007
Epoch: 82, Train Loss: 0.00227, Valid Loss: 0.00395, EPS: 0.25300000000000006
Epoch: 83, Train Loss: 0.00227, Valid Loss: 0.00395, EPS: 0.24400000000000005
Epoch: 84, Train Loss: 0.00226, Valid Loss: 0.00396, EPS: 0.23500000000000004
Epoch: 85, Train Loss: 0.00226, Valid Loss: 0.00396, EPS: 0.22600000000000003
Epoch: 86, Train Loss: 0.00226, Valid Loss: 0.00395, EPS: 0.21700000000000003
Epoch: 87, Train Loss: 0.00226, Valid Loss: 0.00395, EPS: 0.20800000000000002
Epoch: 88, Train Loss: 0.00226, Valid Loss: 0.00396, EPS: 0.199
Epoch: 89, Train Loss: 0.00226, Valid Loss: 0.00395, EPS: 0.19
Epoch: 90, Train Loss: 0.00225, Valid Loss: 0.00395, EPS: 0.181
Epoch: 91, Train Loss: 0.00225, Valid Loss: 0.00396, EPS: 0.172
Epoch: 92, Train Loss: 0.00226, Valid Loss: 0.00395, EPS: 0.16299999999999998
Epoch: 93, Train Loss: 0.00226, Valid Loss: 0.00396, EPS: 0.15400000000000005
Epoch: 94, Train Loss: 0.00225, Valid Loss: 0.00397, EPS: 0.14500000000000005
Epoch: 95, Train Loss: 0.00225, Valid Loss: 0.00396, EPS: 0.13600000000000004
Epoch: 96, Train Loss: 0.00225, Valid Loss: 0.00396, EPS: 0.12700000000000003
Epoch: 97, Train Loss: 0.00226, Valid Loss: 0.00396, EPS: 0.11800000000000002
Epoch: 98, Train Loss: 0.00226, Valid Loss: 0.00396, EPS: 0.10900000000000001
Epoch: 99, Train Loss: 0.00225, Valid Loss: 0.00395, EPS: 0.1
Test Loss: 0.00396
Test Loss: 0.00395
Running context window: 5 with stride: 10 with seed: 123
Shape: (5, 144, 72)
Epoch: 0, Train Loss: 0.00852, Valid Loss: 0.00666, EPS: 0.991
Epoch: 1, Train Loss: 0.00609, Valid Loss: 0.00591, EPS: 0.982
Epoch: 2, Train Loss: 0.00516, Valid Loss: 0.00539, EPS: 0.973
Epoch: 3, Train Loss: 0.00448, Valid Loss: 0.00508, EPS: 0.964
Epoch: 4, Train Loss: 0.00398, Valid Loss: 0.00487, EPS: 0.955
Epoch: 5, Train Loss: 0.00364, Valid Loss: 0.00474, EPS: 0.946
Epoch: 6, Train Loss: 0.00343, Valid Loss: 0.00463, EPS: 0.9369999999999999
Epoch: 7, Train Loss: 0.00322, Valid Loss: 0.00457, EPS: 0.928
Epoch: 8, Train Loss: 0.00311, Valid Loss: 0.00457, EPS: 0.919
Epoch: 9, Train Loss: 0.00301, Valid Loss: 0.00450, EPS: 0.91
Epoch: 10, Train Loss: 0.00293, Valid Loss: 0.00452, EPS: 0.901
Epoch: 11, Train Loss: 0.00286, Valid Loss: 0.00454, EPS: 0.892
Epoch: 12, Train Loss: 0.00282, Valid Loss: 0.00451, EPS: 0.883
Epoch: 13, Train Loss: 0.00280, Valid Loss: 0.00450, EPS: 0.874
Epoch: 14, Train Loss: 0.00279, Valid Loss: 0.00451, EPS: 0.865
Epoch: 15, Train Loss: 0.00275, Valid Loss: 0.00448, EPS: 0.856
Epoch: 16, Train Loss: 0.00273, Valid Loss: 0.00447, EPS: 0.847
Epoch: 17, Train Loss: 0.00272, Valid Loss: 0.00441, EPS: 0.8380000000000001
Epoch: 18, Train Loss: 0.00271, Valid Loss: 0.00445, EPS: 0.8290000000000001
Epoch: 19, Train Loss: 0.00271, Valid Loss: 0.00448, EPS: 0.8200000000000001
Epoch: 20, Train Loss: 0.00271, Valid Loss: 0.00449, EPS: 0.811
Epoch: 21, Train Loss: 0.00270, Valid Loss: 0.00446, EPS: 0.802
Epoch: 22, Train Loss: 0.00269, Valid Loss: 0.00442, EPS: 0.793
Epoch: 23, Train Loss: 0.00264, Valid Loss: 0.00441, EPS: 0.784
Epoch: 24, Train Loss: 0.00264, Valid Loss: 0.00441, EPS: 0.775
Epoch: 25, Train Loss: 0.00262, Valid Loss: 0.00447, EPS: 0.766
Epoch: 26, Train Loss: 0.00262, Valid Loss: 0.00449, EPS: 0.757
Epoch: 27, Train Loss: 0.00259, Valid Loss: 0.00445, EPS: 0.748
Epoch: 28, Train Loss: 0.00261, Valid Loss: 0.00444, EPS: 0.739
Epoch: 29, Train Loss: 0.00259, Valid Loss: 0.00443, EPS: 0.73
Epoch: 30, Train Loss: 0.00258, Valid Loss: 0.00441, EPS: 0.721
Epoch: 31, Train Loss: 0.00257, Valid Loss: 0.00443, EPS: 0.712
Epoch: 32, Train Loss: 0.00255, Valid Loss: 0.00444, EPS: 0.703
Epoch: 33, Train Loss: 0.00259, Valid Loss: 0.00447, EPS: 0.694
Epoch: 34, Train Loss: 0.00259, Valid Loss: 0.00448, EPS: 0.685
Epoch: 35, Train Loss: 0.00258, Valid Loss: 0.00443, EPS: 0.676
Epoch: 36, Train Loss: 0.00235, Valid Loss: 0.00433, EPS: 0.667
Epoch: 37, Train Loss: 0.00220, Valid Loss: 0.00427, EPS: 0.658
Epoch: 38, Train Loss: 0.00211, Valid Loss: 0.00424, EPS: 0.649
Epoch: 39, Train Loss: 0.00206, Valid Loss: 0.00422, EPS: 0.64
Epoch: 40, Train Loss: 0.00201, Valid Loss: 0.00423, EPS: 0.6310000000000001
Epoch: 41, Train Loss: 0.00195, Valid Loss: 0.00421, EPS: 0.6220000000000001
Epoch: 42, Train Loss: 0.00192, Valid Loss: 0.00420, EPS: 0.6130000000000001
Epoch: 43, Train Loss: 0.00190, Valid Loss: 0.00420, EPS: 0.6040000000000001
Epoch: 44, Train Loss: 0.00187, Valid Loss: 0.00420, EPS: 0.5950000000000001
Epoch: 45, Train Loss: 0.00186, Valid Loss: 0.00419, EPS: 0.5860000000000001
Epoch: 46, Train Loss: 0.00184, Valid Loss: 0.00418, EPS: 0.5770000000000001
Epoch: 47, Train Loss: 0.00183, Valid Loss: 0.00418, EPS: 0.5680000000000001
Epoch: 48, Train Loss: 0.00181, Valid Loss: 0.00420, EPS: 0.559
Epoch: 49, Train Loss: 0.00177, Valid Loss: 0.00421, EPS: 0.55
Epoch: 50, Train Loss: 0.00175, Valid Loss: 0.00421, EPS: 0.541
Epoch: 51, Train Loss: 0.00173, Valid Loss: 0.00423, EPS: 0.532
Epoch: 52, Train Loss: 0.00170, Valid Loss: 0.00424, EPS: 0.523
Epoch: 53, Train Loss: 0.00169, Valid Loss: 0.00428, EPS: 0.514
Epoch: 54, Train Loss: 0.00166, Valid Loss: 0.00428, EPS: 0.505
Epoch: 55, Train Loss: 0.00165, Valid Loss: 0.00430, EPS: 0.496
Epoch: 56, Train Loss: 0.00163, Valid Loss: 0.00432, EPS: 0.4870000000000001
Epoch: 57, Train Loss: 0.00162, Valid Loss: 0.00434, EPS: 0.4780000000000001
Epoch: 58, Train Loss: 0.00158, Valid Loss: 0.00431, EPS: 0.4690000000000001
Epoch: 59, Train Loss: 0.00155, Valid Loss: 0.00430, EPS: 0.4600000000000001
Epoch: 60, Train Loss: 0.00154, Valid Loss: 0.00431, EPS: 0.45100000000000007
Epoch: 61, Train Loss: 0.00153, Valid Loss: 0.00430, EPS: 0.44200000000000006
Epoch: 62, Train Loss: 0.00152, Valid Loss: 0.00430, EPS: 0.43300000000000005
Epoch: 63, Train Loss: 0.00153, Valid Loss: 0.00432, EPS: 0.42400000000000004
Epoch: 64, Train Loss: 0.00153, Valid Loss: 0.00431, EPS: 0.41500000000000004
Epoch: 65, Train Loss: 0.00152, Valid Loss: 0.00432, EPS: 0.406
Epoch: 66, Train Loss: 0.00151, Valid Loss: 0.00432, EPS: 0.397
Epoch: 67, Train Loss: 0.00151, Valid Loss: 0.00433, EPS: 0.388
Epoch: 68, Train Loss: 0.00151, Valid Loss: 0.00433, EPS: 0.3790000000000001
Epoch: 69, Train Loss: 0.00150, Valid Loss: 0.00434, EPS: 0.3700000000000001
Epoch: 70, Train Loss: 0.00149, Valid Loss: 0.00432, EPS: 0.3610000000000001
Epoch: 71, Train Loss: 0.00150, Valid Loss: 0.00431, EPS: 0.3520000000000001
Epoch: 72, Train Loss: 0.00149, Valid Loss: 0.00432, EPS: 0.343
Epoch: 73, Train Loss: 0.00150, Valid Loss: 0.00432, EPS: 0.334
Epoch: 74, Train Loss: 0.00150, Valid Loss: 0.00433, EPS: 0.325
Epoch: 75, Train Loss: 0.00149, Valid Loss: 0.00433, EPS: 0.316
Epoch: 76, Train Loss: 0.00151, Valid Loss: 0.00434, EPS: 0.307
Epoch: 77, Train Loss: 0.00150, Valid Loss: 0.00431, EPS: 0.298
Epoch: 78, Train Loss: 0.00150, Valid Loss: 0.00433, EPS: 0.289
Epoch: 79, Train Loss: 0.00149, Valid Loss: 0.00431, EPS: 0.27999999999999997
Epoch: 80, Train Loss: 0.00150, Valid Loss: 0.00431, EPS: 0.27099999999999996
Epoch: 81, Train Loss: 0.00150, Valid Loss: 0.00432, EPS: 0.26200000000000007
Epoch: 82, Train Loss: 0.00148, Valid Loss: 0.00432, EPS: 0.25300000000000006
Epoch: 83, Train Loss: 0.00149, Valid Loss: 0.00431, EPS: 0.24400000000000005
Epoch: 84, Train Loss: 0.00149, Valid Loss: 0.00433, EPS: 0.23500000000000004
Epoch: 85, Train Loss: 0.00150, Valid Loss: 0.00432, EPS: 0.22600000000000003
Epoch: 86, Train Loss: 0.00150, Valid Loss: 0.00432, EPS: 0.21700000000000003
Epoch: 87, Train Loss: 0.00149, Valid Loss: 0.00431, EPS: 0.20800000000000002
Epoch: 88, Train Loss: 0.00150, Valid Loss: 0.00433, EPS: 0.199
Epoch: 89, Train Loss: 0.00150, Valid Loss: 0.00431, EPS: 0.19
Epoch: 90, Train Loss: 0.00149, Valid Loss: 0.00433, EPS: 0.181
Epoch: 91, Train Loss: 0.00150, Valid Loss: 0.00432, EPS: 0.172
Epoch: 92, Train Loss: 0.00150, Valid Loss: 0.00432, EPS: 0.16299999999999998
Epoch: 93, Train Loss: 0.00149, Valid Loss: 0.00433, EPS: 0.15400000000000005
Epoch: 94, Train Loss: 0.00149, Valid Loss: 0.00431, EPS: 0.14500000000000005
Epoch: 95, Train Loss: 0.00149, Valid Loss: 0.00432, EPS: 0.13600000000000004
Epoch: 96, Train Loss: 0.00150, Valid Loss: 0.00431, EPS: 0.12700000000000003
Epoch: 97, Train Loss: 0.00150, Valid Loss: 0.00432, EPS: 0.11800000000000002
Epoch: 98, Train Loss: 0.00148, Valid Loss: 0.00433, EPS: 0.10900000000000001
Epoch: 99, Train Loss: 0.00150, Valid Loss: 0.00433, EPS: 0.1
Test Loss: 0.00432
Test Loss: 0.00436
Running context window: 5 with stride: 20 with seed: 123
Shape: (5, 144, 72)
Epoch: 0, Train Loss: 0.00954, Valid Loss: 0.00703, EPS: 0.991
Epoch: 1, Train Loss: 0.00683, Valid Loss: 0.00647, EPS: 0.982
Epoch: 2, Train Loss: 0.00564, Valid Loss: 0.00613, EPS: 0.973
Epoch: 3, Train Loss: 0.00491, Valid Loss: 0.00574, EPS: 0.964
Epoch: 4, Train Loss: 0.00446, Valid Loss: 0.00563, EPS: 0.955
Epoch: 5, Train Loss: 0.00397, Valid Loss: 0.00552, EPS: 0.946
Epoch: 6, Train Loss: 0.00365, Valid Loss: 0.00541, EPS: 0.9369999999999999
Epoch: 7, Train Loss: 0.00333, Valid Loss: 0.00532, EPS: 0.928
Epoch: 8, Train Loss: 0.00322, Valid Loss: 0.00523, EPS: 0.919
Epoch: 9, Train Loss: 0.00304, Valid Loss: 0.00519, EPS: 0.91
Epoch: 10, Train Loss: 0.00278, Valid Loss: 0.00517, EPS: 0.901
Epoch: 11, Train Loss: 0.00274, Valid Loss: 0.00513, EPS: 0.892
Epoch: 12, Train Loss: 0.00263, Valid Loss: 0.00514, EPS: 0.883
Epoch: 13, Train Loss: 0.00238, Valid Loss: 0.00508, EPS: 0.874
Epoch: 14, Train Loss: 0.00250, Valid Loss: 0.00512, EPS: 0.865
Epoch: 15, Train Loss: 0.00242, Valid Loss: 0.00517, EPS: 0.856
Epoch: 16, Train Loss: 0.00226, Valid Loss: 0.00510, EPS: 0.847
Epoch: 17, Train Loss: 0.00228, Valid Loss: 0.00508, EPS: 0.8380000000000001
Epoch: 18, Train Loss: 0.00225, Valid Loss: 0.00512, EPS: 0.8290000000000001
Epoch: 19, Train Loss: 0.00220, Valid Loss: 0.00509, EPS: 0.8200000000000001
Epoch: 20, Train Loss: 0.00223, Valid Loss: 0.00512, EPS: 0.811
Epoch: 21, Train Loss: 0.00227, Valid Loss: 0.00511, EPS: 0.802
Epoch: 22, Train Loss: 0.00223, Valid Loss: 0.00511, EPS: 0.793
Epoch: 23, Train Loss: 0.00213, Valid Loss: 0.00514, EPS: 0.784
Epoch: 24, Train Loss: 0.00214, Valid Loss: 0.00511, EPS: 0.775
Epoch: 25, Train Loss: 0.00220, Valid Loss: 0.00516, EPS: 0.766
Epoch: 26, Train Loss: 0.00212, Valid Loss: 0.00511, EPS: 0.757
Epoch: 27, Train Loss: 0.00216, Valid Loss: 0.00511, EPS: 0.748
Epoch: 28, Train Loss: 0.00209, Valid Loss: 0.00514, EPS: 0.739
Epoch: 29, Train Loss: 0.00203, Valid Loss: 0.00509, EPS: 0.73
Epoch: 30, Train Loss: 0.00199, Valid Loss: 0.00501, EPS: 0.721
Epoch: 31, Train Loss: 0.00183, Valid Loss: 0.00495, EPS: 0.712
Epoch: 32, Train Loss: 0.00171, Valid Loss: 0.00492, EPS: 0.703
Epoch: 33, Train Loss: 0.00163, Valid Loss: 0.00486, EPS: 0.694
Epoch: 34, Train Loss: 0.00158, Valid Loss: 0.00484, EPS: 0.685
Epoch: 35, Train Loss: 0.00152, Valid Loss: 0.00484, EPS: 0.676
Epoch: 36, Train Loss: 0.00149, Valid Loss: 0.00483, EPS: 0.667
Epoch: 37, Train Loss: 0.00141, Valid Loss: 0.00484, EPS: 0.658
Epoch: 38, Train Loss: 0.00145, Valid Loss: 0.00484, EPS: 0.649
Epoch: 39, Train Loss: 0.00136, Valid Loss: 0.00480, EPS: 0.64
Epoch: 40, Train Loss: 0.00138, Valid Loss: 0.00481, EPS: 0.6310000000000001
Epoch: 41, Train Loss: 0.00136, Valid Loss: 0.00481, EPS: 0.6220000000000001
Epoch: 42, Train Loss: 0.00130, Valid Loss: 0.00482, EPS: 0.6130000000000001
Epoch: 43, Train Loss: 0.00130, Valid Loss: 0.00479, EPS: 0.6040000000000001
Epoch: 44, Train Loss: 0.00127, Valid Loss: 0.00480, EPS: 0.5950000000000001
Epoch: 45, Train Loss: 0.00129, Valid Loss: 0.00479, EPS: 0.5860000000000001
Epoch: 46, Train Loss: 0.00123, Valid Loss: 0.00479, EPS: 0.5770000000000001
Epoch: 47, Train Loss: 0.00122, Valid Loss: 0.00481, EPS: 0.5680000000000001
Epoch: 48, Train Loss: 0.00122, Valid Loss: 0.00482, EPS: 0.559
Epoch: 49, Train Loss: 0.00121, Valid Loss: 0.00478, EPS: 0.55
Epoch: 50, Train Loss: 0.00118, Valid Loss: 0.00480, EPS: 0.541
Epoch: 51, Train Loss: 0.00119, Valid Loss: 0.00479, EPS: 0.532
Epoch: 52, Train Loss: 0.00120, Valid Loss: 0.00482, EPS: 0.523
Epoch: 53, Train Loss: 0.00117, Valid Loss: 0.00482, EPS: 0.514
Epoch: 54, Train Loss: 0.00111, Valid Loss: 0.00483, EPS: 0.505
Epoch: 55, Train Loss: 0.00116, Valid Loss: 0.00479, EPS: 0.496
Epoch: 56, Train Loss: 0.00113, Valid Loss: 0.00483, EPS: 0.4870000000000001
Epoch: 57, Train Loss: 0.00115, Valid Loss: 0.00482, EPS: 0.4780000000000001
Epoch: 58, Train Loss: 0.00109, Valid Loss: 0.00481, EPS: 0.4690000000000001
Epoch: 59, Train Loss: 0.00106, Valid Loss: 0.00483, EPS: 0.4600000000000001
Epoch: 60, Train Loss: 0.00108, Valid Loss: 0.00483, EPS: 0.45100000000000007
Epoch: 61, Train Loss: 0.00110, Valid Loss: 0.00484, EPS: 0.44200000000000006
Epoch: 62, Train Loss: 0.00107, Valid Loss: 0.00483, EPS: 0.43300000000000005
Epoch: 63, Train Loss: 0.00107, Valid Loss: 0.00483, EPS: 0.42400000000000004
Epoch: 64, Train Loss: 0.00107, Valid Loss: 0.00482, EPS: 0.41500000000000004
Epoch: 65, Train Loss: 0.00107, Valid Loss: 0.00486, EPS: 0.406
Epoch: 66, Train Loss: 0.00106, Valid Loss: 0.00482, EPS: 0.397
Epoch: 67, Train Loss: 0.00106, Valid Loss: 0.00481, EPS: 0.388
Epoch: 68, Train Loss: 0.00108, Valid Loss: 0.00482, EPS: 0.3790000000000001
Epoch: 69, Train Loss: 0.00106, Valid Loss: 0.00484, EPS: 0.3700000000000001
Epoch: 70, Train Loss: 0.00107, Valid Loss: 0.00484, EPS: 0.3610000000000001
Epoch: 71, Train Loss: 0.00107, Valid Loss: 0.00483, EPS: 0.3520000000000001
Epoch: 72, Train Loss: 0.00105, Valid Loss: 0.00483, EPS: 0.343
Epoch: 73, Train Loss: 0.00103, Valid Loss: 0.00483, EPS: 0.334
Epoch: 74, Train Loss: 0.00105, Valid Loss: 0.00485, EPS: 0.325
Epoch: 75, Train Loss: 0.00103, Valid Loss: 0.00483, EPS: 0.316
Epoch: 76, Train Loss: 0.00104, Valid Loss: 0.00485, EPS: 0.307
Epoch: 77, Train Loss: 0.00103, Valid Loss: 0.00484, EPS: 0.298
Epoch: 78, Train Loss: 0.00105, Valid Loss: 0.00484, EPS: 0.289
Epoch: 79, Train Loss: 0.00107, Valid Loss: 0.00483, EPS: 0.27999999999999997
Epoch: 80, Train Loss: 0.00102, Valid Loss: 0.00484, EPS: 0.27099999999999996
Epoch: 81, Train Loss: 0.00107, Valid Loss: 0.00484, EPS: 0.26200000000000007
Epoch: 82, Train Loss: 0.00105, Valid Loss: 0.00485, EPS: 0.25300000000000006
Epoch: 83, Train Loss: 0.00105, Valid Loss: 0.00482, EPS: 0.24400000000000005
Epoch: 84, Train Loss: 0.00104, Valid Loss: 0.00483, EPS: 0.23500000000000004
Epoch: 85, Train Loss: 0.00108, Valid Loss: 0.00482, EPS: 0.22600000000000003
Epoch: 86, Train Loss: 0.00104, Valid Loss: 0.00481, EPS: 0.21700000000000003
Epoch: 87, Train Loss: 0.00103, Valid Loss: 0.00485, EPS: 0.20800000000000002
Epoch: 88, Train Loss: 0.00104, Valid Loss: 0.00483, EPS: 0.199
Epoch: 89, Train Loss: 0.00107, Valid Loss: 0.00483, EPS: 0.19
Epoch: 90, Train Loss: 0.00104, Valid Loss: 0.00483, EPS: 0.181
Epoch: 91, Train Loss: 0.00106, Valid Loss: 0.00482, EPS: 0.172
Epoch: 92, Train Loss: 0.00107, Valid Loss: 0.00484, EPS: 0.16299999999999998
Epoch: 93, Train Loss: 0.00107, Valid Loss: 0.00483, EPS: 0.15400000000000005
Epoch: 94, Train Loss: 0.00103, Valid Loss: 0.00483, EPS: 0.14500000000000005
Epoch: 95, Train Loss: 0.00104, Valid Loss: 0.00488, EPS: 0.13600000000000004
Epoch: 96, Train Loss: 0.00106, Valid Loss: 0.00484, EPS: 0.12700000000000003
Epoch: 97, Train Loss: 0.00106, Valid Loss: 0.00484, EPS: 0.11800000000000002
Epoch: 98, Train Loss: 0.00102, Valid Loss: 0.00486, EPS: 0.10900000000000001
Epoch: 99, Train Loss: 0.00104, Valid Loss: 0.00484, EPS: 0.1
Test Loss: 0.00482
Test Loss: 0.00472
