Train: torch.Size([14031, 5, 64, 32]), Valid: torch.Size([4677, 5, 64, 32]), Test: torch.Size([4678, 5, 64, 32])
Input shape: (C=5, H=144, W=72)
Fine Tuning Both
Starting Downstream Task
torch.Size([2806, 5, 64, 32])
torch.Size([935, 5, 64, 32])
torch.Size([937, 5, 64, 32])
Shape: (5, 144, 72)
Epoch: 0, Train Loss: 0.00401, Valid Loss: 0.00332, EPS: 0.991
Epoch: 1, Train Loss: 0.00303, Valid Loss: 0.00325, EPS: 0.982
Epoch: 2, Train Loss: 0.00301, Valid Loss: 0.00326, EPS: 0.973
Epoch: 3, Train Loss: 0.00301, Valid Loss: 0.00322, EPS: 0.964
Epoch: 4, Train Loss: 0.00298, Valid Loss: 0.00319, EPS: 0.955
Epoch: 5, Train Loss: 0.00295, Valid Loss: 0.00319, EPS: 0.946
Epoch: 6, Train Loss: 0.00294, Valid Loss: 0.00318, EPS: 0.9369999999999999
Epoch: 7, Train Loss: 0.00292, Valid Loss: 0.00318, EPS: 0.928
Epoch: 8, Train Loss: 0.00292, Valid Loss: 0.00317, EPS: 0.919
Epoch: 9, Train Loss: 0.00290, Valid Loss: 0.00312, EPS: 0.91
Epoch: 10, Train Loss: 0.00291, Valid Loss: 0.00317, EPS: 0.901
Epoch: 11, Train Loss: 0.00290, Valid Loss: 0.00316, EPS: 0.892
Epoch: 12, Train Loss: 0.00291, Valid Loss: 0.00313, EPS: 0.883
Epoch: 13, Train Loss: 0.00288, Valid Loss: 0.00313, EPS: 0.874
Epoch: 14, Train Loss: 0.00288, Valid Loss: 0.00314, EPS: 0.865
Epoch: 15, Train Loss: 0.00288, Valid Loss: 0.00313, EPS: 0.856
Epoch: 16, Train Loss: 0.00287, Valid Loss: 0.00313, EPS: 0.847
Epoch: 17, Train Loss: 0.00289, Valid Loss: 0.00315, EPS: 0.8380000000000001
Epoch: 18, Train Loss: 0.00288, Valid Loss: 0.00316, EPS: 0.8290000000000001
Epoch: 19, Train Loss: 0.00288, Valid Loss: 0.00311, EPS: 0.8200000000000001
Epoch: 20, Train Loss: 0.00287, Valid Loss: 0.00313, EPS: 0.811
Epoch: 21, Train Loss: 0.00288, Valid Loss: 0.00316, EPS: 0.802
Epoch: 22, Train Loss: 0.00288, Valid Loss: 0.00314, EPS: 0.793
Epoch: 23, Train Loss: 0.00289, Valid Loss: 0.00315, EPS: 0.784
Epoch: 24, Train Loss: 0.00288, Valid Loss: 0.00314, EPS: 0.775
Epoch: 25, Train Loss: 0.00288, Valid Loss: 0.00313, EPS: 0.766
Epoch: 26, Train Loss: 0.00287, Valid Loss: 0.00312, EPS: 0.757
Epoch: 27, Train Loss: 0.00287, Valid Loss: 0.00312, EPS: 0.748
Epoch: 28, Train Loss: 0.00288, Valid Loss: 0.00312, EPS: 0.739
Epoch: 29, Train Loss: 0.00288, Valid Loss: 0.00311, EPS: 0.73
Epoch: 30, Train Loss: 0.00288, Valid Loss: 0.00317, EPS: 0.721
Epoch: 31, Train Loss: 0.00288, Valid Loss: 0.00315, EPS: 0.712
Epoch: 32, Train Loss: 0.00287, Valid Loss: 0.00314, EPS: 0.703
Epoch: 33, Train Loss: 0.00288, Valid Loss: 0.00316, EPS: 0.694
Epoch: 34, Train Loss: 0.00288, Valid Loss: 0.00314, EPS: 0.685
Epoch: 35, Train Loss: 0.00288, Valid Loss: 0.00314, EPS: 0.676
Epoch: 36, Train Loss: 0.00288, Valid Loss: 0.00312, EPS: 0.667
Epoch: 37, Train Loss: 0.00287, Valid Loss: 0.00311, EPS: 0.658
Epoch: 38, Train Loss: 0.00289, Valid Loss: 0.00315, EPS: 0.649
Epoch: 39, Train Loss: 0.00288, Valid Loss: 0.00315, EPS: 0.64
Epoch: 40, Train Loss: 0.00288, Valid Loss: 0.00313, EPS: 0.6310000000000001
Epoch: 41, Train Loss: 0.00260, Valid Loss: 0.00281, EPS: 0.6220000000000001
Epoch: 42, Train Loss: 0.00245, Valid Loss: 0.00275, EPS: 0.6130000000000001
Epoch: 43, Train Loss: 0.00241, Valid Loss: 0.00273, EPS: 0.6040000000000001
Epoch: 44, Train Loss: 0.00239, Valid Loss: 0.00271, EPS: 0.5950000000000001
Epoch: 45, Train Loss: 0.00236, Valid Loss: 0.00269, EPS: 0.5860000000000001
Epoch: 46, Train Loss: 0.00235, Valid Loss: 0.00267, EPS: 0.5770000000000001
Epoch: 47, Train Loss: 0.00233, Valid Loss: 0.00269, EPS: 0.5680000000000001
Epoch: 48, Train Loss: 0.00232, Valid Loss: 0.00264, EPS: 0.559
Epoch: 49, Train Loss: 0.00229, Valid Loss: 0.00262, EPS: 0.55
Epoch: 50, Train Loss: 0.00227, Valid Loss: 0.00261, EPS: 0.541
Epoch: 51, Train Loss: 0.00227, Valid Loss: 0.00259, EPS: 0.532
Epoch: 52, Train Loss: 0.00224, Valid Loss: 0.00259, EPS: 0.523
Epoch: 53, Train Loss: 0.00223, Valid Loss: 0.00257, EPS: 0.514
Epoch: 54, Train Loss: 0.00221, Valid Loss: 0.00257, EPS: 0.505
Epoch: 55, Train Loss: 0.00220, Valid Loss: 0.00257, EPS: 0.496
Epoch: 56, Train Loss: 0.00220, Valid Loss: 0.00255, EPS: 0.4870000000000001
Epoch: 57, Train Loss: 0.00219, Valid Loss: 0.00256, EPS: 0.4780000000000001
Epoch: 58, Train Loss: 0.00218, Valid Loss: 0.00254, EPS: 0.4690000000000001
Epoch: 59, Train Loss: 0.00218, Valid Loss: 0.00254, EPS: 0.4600000000000001
Epoch: 60, Train Loss: 0.00218, Valid Loss: 0.00252, EPS: 0.45100000000000007
Epoch: 61, Train Loss: 0.00217, Valid Loss: 0.00255, EPS: 0.44200000000000006
Epoch: 62, Train Loss: 0.00217, Valid Loss: 0.00255, EPS: 0.43300000000000005
Epoch: 63, Train Loss: 0.00217, Valid Loss: 0.00253, EPS: 0.42400000000000004
Epoch: 64, Train Loss: 0.00217, Valid Loss: 0.00254, EPS: 0.41500000000000004
Epoch: 65, Train Loss: 0.00217, Valid Loss: 0.00254, EPS: 0.406
Epoch: 66, Train Loss: 0.00217, Valid Loss: 0.00254, EPS: 0.397
Epoch: 67, Train Loss: 0.00217, Valid Loss: 0.00254, EPS: 0.388
Epoch: 68, Train Loss: 0.00216, Valid Loss: 0.00254, EPS: 0.3790000000000001
Epoch: 69, Train Loss: 0.00216, Valid Loss: 0.00254, EPS: 0.3700000000000001
Epoch: 70, Train Loss: 0.00216, Valid Loss: 0.00254, EPS: 0.3610000000000001
Epoch: 71, Train Loss: 0.00216, Valid Loss: 0.00253, EPS: 0.3520000000000001
Epoch: 72, Train Loss: 0.00206, Valid Loss: 0.00248, EPS: 0.343
Epoch: 73, Train Loss: 0.00203, Valid Loss: 0.00247, EPS: 0.334
Epoch: 74, Train Loss: 0.00203, Valid Loss: 0.00247, EPS: 0.325
Epoch: 75, Train Loss: 0.00202, Valid Loss: 0.00247, EPS: 0.316
Epoch: 76, Train Loss: 0.00202, Valid Loss: 0.00247, EPS: 0.307
Epoch: 77, Train Loss: 0.00202, Valid Loss: 0.00247, EPS: 0.298
Epoch: 78, Train Loss: 0.00202, Valid Loss: 0.00248, EPS: 0.289
Epoch: 79, Train Loss: 0.00202, Valid Loss: 0.00248, EPS: 0.27999999999999997
Epoch: 80, Train Loss: 0.00202, Valid Loss: 0.00248, EPS: 0.27099999999999996
Epoch: 81, Train Loss: 0.00202, Valid Loss: 0.00248, EPS: 0.26200000000000007
Epoch: 82, Train Loss: 0.00202, Valid Loss: 0.00249, EPS: 0.25300000000000006
Epoch: 83, Train Loss: 0.00202, Valid Loss: 0.00248, EPS: 0.24400000000000005
Epoch: 84, Train Loss: 0.00202, Valid Loss: 0.00249, EPS: 0.23500000000000004
Epoch: 85, Train Loss: 0.00202, Valid Loss: 0.00249, EPS: 0.22600000000000003
Epoch: 86, Train Loss: 0.00200, Valid Loss: 0.00248, EPS: 0.21700000000000003
Epoch: 87, Train Loss: 0.00200, Valid Loss: 0.00248, EPS: 0.20800000000000002
Epoch: 88, Train Loss: 0.00200, Valid Loss: 0.00248, EPS: 0.199
Epoch: 89, Train Loss: 0.00200, Valid Loss: 0.00248, EPS: 0.19
Epoch: 90, Train Loss: 0.00200, Valid Loss: 0.00248, EPS: 0.181
Epoch: 91, Train Loss: 0.00200, Valid Loss: 0.00249, EPS: 0.172
Epoch: 92, Train Loss: 0.00200, Valid Loss: 0.00248, EPS: 0.16299999999999998
Epoch: 93, Train Loss: 0.00200, Valid Loss: 0.00248, EPS: 0.15400000000000005
Epoch: 94, Train Loss: 0.00200, Valid Loss: 0.00248, EPS: 0.14500000000000005
Epoch: 95, Train Loss: 0.00200, Valid Loss: 0.00248, EPS: 0.13600000000000004
Epoch: 96, Train Loss: 0.00200, Valid Loss: 0.00248, EPS: 0.12700000000000003
Epoch: 97, Train Loss: 0.00200, Valid Loss: 0.00248, EPS: 0.11800000000000002
Epoch: 98, Train Loss: 0.00200, Valid Loss: 0.00248, EPS: 0.10900000000000001
Epoch: 99, Train Loss: 0.00200, Valid Loss: 0.00248, EPS: 0.1
Test Loss: 0.00248
Test Loss: 0.00237
Training Decoder
Starting Latent Downstream Task
MSE Loss Between Generated and Conditioned: 422724.3125
Epoch: 1, Loss: 1.0114
MSE Loss Between Generated and Conditioned: 82123.0391
Epoch: 2, Loss: 0.9127
MSE Loss Between Generated and Conditioned: 55984.3867
Epoch: 3, Loss: 0.8397
MSE Loss Between Generated and Conditioned: 41204.3047
Epoch: 4, Loss: 0.7815
MSE Loss Between Generated and Conditioned: 34582.9922
Epoch: 5, Loss: 0.7326
MSE Loss Between Generated and Conditioned: 28076.1074
Epoch: 6, Loss: 0.6908
MSE Loss Between Generated and Conditioned: 23075.4531
Epoch: 7, Loss: 0.6545
MSE Loss Between Generated and Conditioned: 19501.3574
Epoch: 8, Loss: 0.6227
MSE Loss Between Generated and Conditioned: 18716.0371
Epoch: 9, Loss: 0.5957
MSE Loss Between Generated and Conditioned: 16239.6689
Epoch: 10, Loss: 0.5720
MSE Loss Between Generated and Conditioned: 13666.0254
Epoch: 11, Loss: 0.5508
MSE Loss Between Generated and Conditioned: 10995.5459
Epoch: 12, Loss: 0.5307
MSE Loss Between Generated and Conditioned: 9245.2451
Epoch: 13, Loss: 0.5124
MSE Loss Between Generated and Conditioned: 8396.1641
Epoch: 14, Loss: 0.4957
MSE Loss Between Generated and Conditioned: 7389.4385
Epoch: 15, Loss: 0.4807
MSE Loss Between Generated and Conditioned: 5798.5879
Epoch: 16, Loss: 0.4671
MSE Loss Between Generated and Conditioned: 6929.7705
Epoch: 17, Loss: 0.4544
MSE Loss Between Generated and Conditioned: 5582.5879
Epoch: 18, Loss: 0.4424
MSE Loss Between Generated and Conditioned: 5936.3540
Epoch: 19, Loss: 0.4312
MSE Loss Between Generated and Conditioned: 5987.2383
Epoch: 20, Loss: 0.4212
MSE Loss Between Generated and Conditioned: 4577.8774
Epoch: 21, Loss: 0.4119
MSE Loss Between Generated and Conditioned: 4135.7300
Epoch: 22, Loss: 0.4034
MSE Loss Between Generated and Conditioned: 4569.9019
Epoch: 23, Loss: 0.3957
MSE Loss Between Generated and Conditioned: 3353.2390
Epoch: 24, Loss: 0.3884
MSE Loss Between Generated and Conditioned: 3588.9336
Epoch: 25, Loss: 0.3813
MSE Loss Between Generated and Conditioned: 3248.1658
Epoch: 26, Loss: 0.3744
MSE Loss Between Generated and Conditioned: 3032.9514
Epoch: 27, Loss: 0.3681
MSE Loss Between Generated and Conditioned: 2304.8064
Epoch: 28, Loss: 0.3622
MSE Loss Between Generated and Conditioned: 3356.0103
Epoch: 29, Loss: 0.3566
MSE Loss Between Generated and Conditioned: 2334.1082
Epoch: 30, Loss: 0.3514
MSE Loss Between Generated and Conditioned: 2642.1079
Epoch: 31, Loss: 0.3461
MSE Loss Between Generated and Conditioned: 1792.4027
Epoch: 32, Loss: 0.3412
MSE Loss Between Generated and Conditioned: 1500.8020
Epoch: 33, Loss: 0.3366
MSE Loss Between Generated and Conditioned: 2055.4963
Epoch: 34, Loss: 0.3321
MSE Loss Between Generated and Conditioned: 1381.3173
Epoch: 35, Loss: 0.3278
MSE Loss Between Generated and Conditioned: 1534.4915
Epoch: 36, Loss: 0.3238
MSE Loss Between Generated and Conditioned: 1854.2719
Epoch: 37, Loss: 0.3199
MSE Loss Between Generated and Conditioned: 1033.3013
Epoch: 38, Loss: 0.3161
MSE Loss Between Generated and Conditioned: 1400.4852
Epoch: 39, Loss: 0.3125
MSE Loss Between Generated and Conditioned: 1023.2957
Epoch: 40, Loss: 0.3090
MSE Loss Between Generated and Conditioned: 1115.6406
Epoch: 41, Loss: 0.3057
MSE Loss Between Generated and Conditioned: 542.3294
Epoch: 42, Loss: 0.3025
MSE Loss Between Generated and Conditioned: 743.3874
Epoch: 43, Loss: 0.2993
MSE Loss Between Generated and Conditioned: 506.2639
Epoch: 44, Loss: 0.2962
MSE Loss Between Generated and Conditioned: 657.4628
Epoch: 45, Loss: 0.2933
MSE Loss Between Generated and Conditioned: 906.6959
Epoch: 46, Loss: 0.2905
MSE Loss Between Generated and Conditioned: 1108.4487
Epoch: 47, Loss: 0.2877
MSE Loss Between Generated and Conditioned: 410.0960
Epoch: 48, Loss: 0.2851
MSE Loss Between Generated and Conditioned: 449.1202
Epoch: 49, Loss: 0.2825
MSE Loss Between Generated and Conditioned: 515.7654
Epoch: 50, Loss: 0.2801
MSE Loss Between Generated and Conditioned: 572.2845
Epoch: 51, Loss: 0.2778
MSE Loss Between Generated and Conditioned: 388.5135
Epoch: 52, Loss: 0.2754
MSE Loss Between Generated and Conditioned: 335.3427
Epoch: 53, Loss: 0.2732
MSE Loss Between Generated and Conditioned: 323.2984
Epoch: 54, Loss: 0.2710
MSE Loss Between Generated and Conditioned: 260.8926
Epoch: 55, Loss: 0.2689
MSE Loss Between Generated and Conditioned: 238.5177
Epoch: 56, Loss: 0.2668
MSE Loss Between Generated and Conditioned: 195.5040
Epoch: 57, Loss: 0.2649
MSE Loss Between Generated and Conditioned: 166.6983
Epoch: 58, Loss: 0.2629
MSE Loss Between Generated and Conditioned: 219.4392
Epoch: 59, Loss: 0.2610
MSE Loss Between Generated and Conditioned: 128.7980
Epoch: 60, Loss: 0.2590
MSE Loss Between Generated and Conditioned: 187.9638
Epoch: 61, Loss: 0.2572
MSE Loss Between Generated and Conditioned: 106.7968
Epoch: 62, Loss: 0.2554
MSE Loss Between Generated and Conditioned: 110.1582
Epoch: 63, Loss: 0.2536
MSE Loss Between Generated and Conditioned: 124.4584
Epoch: 64, Loss: 0.2519
MSE Loss Between Generated and Conditioned: 114.7687
Epoch: 65, Loss: 0.2503
MSE Loss Between Generated and Conditioned: 88.9713
Epoch: 66, Loss: 0.2486
MSE Loss Between Generated and Conditioned: 201.5220
Epoch: 67, Loss: 0.2470
MSE Loss Between Generated and Conditioned: 143.9586
Epoch: 68, Loss: 0.2456
MSE Loss Between Generated and Conditioned: 82.7407
Epoch: 69, Loss: 0.2441
MSE Loss Between Generated and Conditioned: 97.9819
Epoch: 70, Loss: 0.2428
MSE Loss Between Generated and Conditioned: 96.6027
Epoch: 71, Loss: 0.2414
MSE Loss Between Generated and Conditioned: 93.0457
Epoch: 72, Loss: 0.2400
MSE Loss Between Generated and Conditioned: 94.7498
Epoch: 73, Loss: 0.2387
MSE Loss Between Generated and Conditioned: 97.2156
Epoch: 74, Loss: 0.2375
MSE Loss Between Generated and Conditioned: 48.7228
Epoch: 75, Loss: 0.2363
MSE Loss Between Generated and Conditioned: 56.2798
Epoch: 76, Loss: 0.2351
MSE Loss Between Generated and Conditioned: 35.0253
Epoch: 77, Loss: 0.2339
MSE Loss Between Generated and Conditioned: 82.5668
Epoch: 78, Loss: 0.2327
MSE Loss Between Generated and Conditioned: 65.6761
Epoch: 79, Loss: 0.2317
MSE Loss Between Generated and Conditioned: 82.8097
Epoch: 80, Loss: 0.2307
MSE Loss Between Generated and Conditioned: 67.4996
Epoch: 81, Loss: 0.2297
MSE Loss Between Generated and Conditioned: 72.5290
Epoch: 82, Loss: 0.2287
MSE Loss Between Generated and Conditioned: 36.8643
Epoch: 83, Loss: 0.2277
MSE Loss Between Generated and Conditioned: 46.7699
Epoch: 84, Loss: 0.2267
MSE Loss Between Generated and Conditioned: 56.6364
Epoch: 85, Loss: 0.2257
MSE Loss Between Generated and Conditioned: 21.4888
Epoch: 86, Loss: 0.2247
MSE Loss Between Generated and Conditioned: 24.2807
Epoch: 87, Loss: 0.2238
MSE Loss Between Generated and Conditioned: 55.0048
Epoch: 88, Loss: 0.2229
MSE Loss Between Generated and Conditioned: 46.2951
Epoch: 89, Loss: 0.2219
MSE Loss Between Generated and Conditioned: 56.0333
Epoch: 90, Loss: 0.2209
MSE Loss Between Generated and Conditioned: 50.7460
Epoch: 91, Loss: 0.2201
MSE Loss Between Generated and Conditioned: 52.0290
Epoch: 92, Loss: 0.2192
MSE Loss Between Generated and Conditioned: 46.1001
Epoch: 93, Loss: 0.2183
MSE Loss Between Generated and Conditioned: 18.5859
Epoch: 94, Loss: 0.2175
MSE Loss Between Generated and Conditioned: 35.9089
Epoch: 95, Loss: 0.2167
MSE Loss Between Generated and Conditioned: 33.2902
Epoch: 96, Loss: 0.2159
MSE Loss Between Generated and Conditioned: 41.7925
Epoch: 97, Loss: 0.2152
MSE Loss Between Generated and Conditioned: 38.1119
Epoch: 98, Loss: 0.2145
MSE Loss Between Generated and Conditioned: 28.9467
Epoch: 99, Loss: 0.2138
MSE Loss Between Generated and Conditioned: 32.8762
Epoch: 100, Loss: 0.2131
MSE Loss Between Generated and Conditioned: 16.4077
Epoch: 101, Loss: 0.2124
MSE Loss Between Generated and Conditioned: 23.2163
Epoch: 102, Loss: 0.2116
MSE Loss Between Generated and Conditioned: 27.7077
Epoch: 103, Loss: 0.2109
MSE Loss Between Generated and Conditioned: 38.3486
Epoch: 104, Loss: 0.2102
MSE Loss Between Generated and Conditioned: 27.3489
Epoch: 105, Loss: 0.2096
MSE Loss Between Generated and Conditioned: 22.5448
Epoch: 106, Loss: 0.2089
MSE Loss Between Generated and Conditioned: 16.4257
Epoch: 107, Loss: 0.2081
MSE Loss Between Generated and Conditioned: 9.4566
Epoch: 108, Loss: 0.2075
MSE Loss Between Generated and Conditioned: 19.7745
Epoch: 109, Loss: 0.2069
MSE Loss Between Generated and Conditioned: 23.9489
Epoch: 110, Loss: 0.2062
MSE Loss Between Generated and Conditioned: 24.3584
Epoch: 111, Loss: 0.2057
MSE Loss Between Generated and Conditioned: 11.5354
Epoch: 112, Loss: 0.2051
MSE Loss Between Generated and Conditioned: 15.8929
Epoch: 113, Loss: 0.2045
MSE Loss Between Generated and Conditioned: 20.7152
Epoch: 114, Loss: 0.2039
MSE Loss Between Generated and Conditioned: 17.3515
Epoch: 115, Loss: 0.2034
MSE Loss Between Generated and Conditioned: 18.1026
Epoch: 116, Loss: 0.2028
MSE Loss Between Generated and Conditioned: 15.2964
Epoch: 117, Loss: 0.2023
MSE Loss Between Generated and Conditioned: 11.6068
Epoch: 118, Loss: 0.2018
MSE Loss Between Generated and Conditioned: 24.1260
Epoch: 119, Loss: 0.2013
MSE Loss Between Generated and Conditioned: 14.1668
Epoch: 120, Loss: 0.2007
MSE Loss Between Generated and Conditioned: 12.1100
Epoch: 121, Loss: 0.2002
MSE Loss Between Generated and Conditioned: 11.6081
Epoch: 122, Loss: 0.1998
MSE Loss Between Generated and Conditioned: 2.6921
Epoch: 123, Loss: 0.1992
MSE Loss Between Generated and Conditioned: 21.8190
Epoch: 124, Loss: 0.1987
MSE Loss Between Generated and Conditioned: 9.7646
Epoch: 125, Loss: 0.1983
MSE Loss Between Generated and Conditioned: 9.2891
Epoch: 126, Loss: 0.1978
MSE Loss Between Generated and Conditioned: 15.8630
Epoch: 127, Loss: 0.1973
MSE Loss Between Generated and Conditioned: 3.0843
Epoch: 128, Loss: 0.1968
MSE Loss Between Generated and Conditioned: 16.7470
Epoch: 129, Loss: 0.1964
MSE Loss Between Generated and Conditioned: 18.8968
Epoch: 130, Loss: 0.1959
MSE Loss Between Generated and Conditioned: 11.8941
Epoch: 131, Loss: 0.1955
MSE Loss Between Generated and Conditioned: 10.2959
Epoch: 132, Loss: 0.1950
MSE Loss Between Generated and Conditioned: 12.0550
Epoch: 133, Loss: 0.1946
MSE Loss Between Generated and Conditioned: 15.6614
Epoch: 134, Loss: 0.1942
MSE Loss Between Generated and Conditioned: 10.6347
Epoch: 135, Loss: 0.1938
MSE Loss Between Generated and Conditioned: 10.4024
Epoch: 136, Loss: 0.1934
MSE Loss Between Generated and Conditioned: 6.3416
Epoch: 137, Loss: 0.1930
MSE Loss Between Generated and Conditioned: 9.0400
Epoch: 138, Loss: 0.1926
MSE Loss Between Generated and Conditioned: 17.3357
Epoch: 139, Loss: 0.1922
MSE Loss Between Generated and Conditioned: 8.8874
Epoch: 140, Loss: 0.1919
MSE Loss Between Generated and Conditioned: 6.9104
Epoch: 141, Loss: 0.1915
MSE Loss Between Generated and Conditioned: 6.9552
Epoch: 142, Loss: 0.1911
MSE Loss Between Generated and Conditioned: 11.0831
Epoch: 143, Loss: 0.1908
MSE Loss Between Generated and Conditioned: 6.2729
Epoch: 144, Loss: 0.1904
MSE Loss Between Generated and Conditioned: 7.6709
Epoch: 145, Loss: 0.1900
MSE Loss Between Generated and Conditioned: 5.6967
Epoch: 146, Loss: 0.1897
MSE Loss Between Generated and Conditioned: 6.2586
Epoch: 147, Loss: 0.1894
MSE Loss Between Generated and Conditioned: 11.4877
Epoch: 148, Loss: 0.1891
MSE Loss Between Generated and Conditioned: 6.4582
Epoch: 149, Loss: 0.1887
MSE Loss Between Generated and Conditioned: 6.1716
Epoch: 150, Loss: 0.1884
MSE Loss Between Generated and Conditioned: 7.4122
Epoch: 151, Loss: 0.1881
MSE Loss Between Generated and Conditioned: 8.7488
Epoch: 152, Loss: 0.1877
MSE Loss Between Generated and Conditioned: 7.5631
Epoch: 153, Loss: 0.1874
MSE Loss Between Generated and Conditioned: 11.0886
Epoch: 154, Loss: 0.1871
MSE Loss Between Generated and Conditioned: 6.6997
Epoch: 155, Loss: 0.1868
MSE Loss Between Generated and Conditioned: 8.0961
Epoch: 156, Loss: 0.1864
MSE Loss Between Generated and Conditioned: 11.5997
Epoch: 157, Loss: 0.1861
MSE Loss Between Generated and Conditioned: 9.7820
Epoch: 158, Loss: 0.1858
MSE Loss Between Generated and Conditioned: 3.8904
Epoch: 159, Loss: 0.1855
MSE Loss Between Generated and Conditioned: 6.5648
Epoch: 160, Loss: 0.1852
MSE Loss Between Generated and Conditioned: 4.8165
Epoch: 161, Loss: 0.1849
MSE Loss Between Generated and Conditioned: 6.9193
Epoch: 162, Loss: 0.1846
MSE Loss Between Generated and Conditioned: 4.6397
Epoch: 163, Loss: 0.1843
MSE Loss Between Generated and Conditioned: 4.6481
Epoch: 164, Loss: 0.1841
MSE Loss Between Generated and Conditioned: 2.9263
Epoch: 165, Loss: 0.1838
MSE Loss Between Generated and Conditioned: 3.6721
Epoch: 166, Loss: 0.1835
MSE Loss Between Generated and Conditioned: 3.6945
Epoch: 167, Loss: 0.1832
MSE Loss Between Generated and Conditioned: 5.2314
Epoch: 168, Loss: 0.1830
MSE Loss Between Generated and Conditioned: 2.7704
Epoch: 169, Loss: 0.1827
MSE Loss Between Generated and Conditioned: 4.0881
Epoch: 170, Loss: 0.1824
MSE Loss Between Generated and Conditioned: 3.9027
Epoch: 171, Loss: 0.1822
MSE Loss Between Generated and Conditioned: 3.7757
Epoch: 172, Loss: 0.1819
MSE Loss Between Generated and Conditioned: 3.6127
Epoch: 173, Loss: 0.1816
MSE Loss Between Generated and Conditioned: 4.3030
Epoch: 174, Loss: 0.1814
MSE Loss Between Generated and Conditioned: 3.5227
Epoch: 175, Loss: 0.1811
MSE Loss Between Generated and Conditioned: 4.8625
Epoch: 176, Loss: 0.1809
MSE Loss Between Generated and Conditioned: 5.5876
Epoch: 177, Loss: 0.1806
MSE Loss Between Generated and Conditioned: 1.9866
Epoch: 178, Loss: 0.1804
MSE Loss Between Generated and Conditioned: 3.7782
Epoch: 179, Loss: 0.1801
MSE Loss Between Generated and Conditioned: 2.6593
Epoch: 180, Loss: 0.1799
MSE Loss Between Generated and Conditioned: 2.5730
Epoch: 181, Loss: 0.1797
MSE Loss Between Generated and Conditioned: 2.1991
Epoch: 182, Loss: 0.1794
MSE Loss Between Generated and Conditioned: 2.4277
Epoch: 183, Loss: 0.1792
MSE Loss Between Generated and Conditioned: 3.6285
Epoch: 184, Loss: 0.1790
MSE Loss Between Generated and Conditioned: 2.5158
Epoch: 185, Loss: 0.1787
MSE Loss Between Generated and Conditioned: 2.6011
Epoch: 186, Loss: 0.1785
MSE Loss Between Generated and Conditioned: 5.8661
Epoch: 187, Loss: 0.1783
MSE Loss Between Generated and Conditioned: 5.7572
Epoch: 188, Loss: 0.1780
MSE Loss Between Generated and Conditioned: 2.4923
Epoch: 189, Loss: 0.1778
MSE Loss Between Generated and Conditioned: 1.7043
Epoch: 190, Loss: 0.1776
MSE Loss Between Generated and Conditioned: 2.4736
Epoch: 191, Loss: 0.1774
MSE Loss Between Generated and Conditioned: 2.9756
Epoch: 192, Loss: 0.1771
MSE Loss Between Generated and Conditioned: 2.4542
Epoch: 193, Loss: 0.1769
MSE Loss Between Generated and Conditioned: 3.6338
Epoch: 194, Loss: 0.1767
MSE Loss Between Generated and Conditioned: 3.3311
Epoch: 195, Loss: 0.1765
MSE Loss Between Generated and Conditioned: 3.3417
Epoch: 196, Loss: 0.1763
MSE Loss Between Generated and Conditioned: 2.5451
Epoch: 197, Loss: 0.1761
MSE Loss Between Generated and Conditioned: 1.8428
Epoch: 198, Loss: 0.1760
MSE Loss Between Generated and Conditioned: 4.6564
Epoch: 199, Loss: 0.1758
MSE Loss Between Generated and Conditioned: 3.0196
Epoch: 200, Loss: 0.1756
MSE Loss Between Generated and Conditioned: 4.3412
Epoch: 201, Loss: 0.1754
MSE Loss Between Generated and Conditioned: 4.2455
Epoch: 202, Loss: 0.1752
MSE Loss Between Generated and Conditioned: 2.1502
Epoch: 203, Loss: 0.1749
MSE Loss Between Generated and Conditioned: 3.2043
Epoch: 204, Loss: 0.1748
MSE Loss Between Generated and Conditioned: 1.9526
Epoch: 205, Loss: 0.1746
MSE Loss Between Generated and Conditioned: 2.5032
Epoch: 206, Loss: 0.1744
MSE Loss Between Generated and Conditioned: 2.8470
Epoch: 207, Loss: 0.1742
MSE Loss Between Generated and Conditioned: 3.7343
Epoch: 208, Loss: 0.1740
MSE Loss Between Generated and Conditioned: 2.8859
Epoch: 209, Loss: 0.1738
MSE Loss Between Generated and Conditioned: 2.2133
Epoch: 210, Loss: 0.1737
MSE Loss Between Generated and Conditioned: 3.6712
Epoch: 211, Loss: 0.1735
MSE Loss Between Generated and Conditioned: 2.0350
Epoch: 212, Loss: 0.1734
MSE Loss Between Generated and Conditioned: 1.3625
Epoch: 213, Loss: 0.1732
MSE Loss Between Generated and Conditioned: 1.8459
Epoch: 214, Loss: 0.1730
MSE Loss Between Generated and Conditioned: 1.5142
Epoch: 215, Loss: 0.1728
MSE Loss Between Generated and Conditioned: 2.5161
Epoch: 216, Loss: 0.1726
MSE Loss Between Generated and Conditioned: 3.0458
Epoch: 217, Loss: 0.1725
MSE Loss Between Generated and Conditioned: 1.6049
Epoch: 218, Loss: 0.1723
MSE Loss Between Generated and Conditioned: 1.3494
Epoch: 219, Loss: 0.1721
MSE Loss Between Generated and Conditioned: 1.7577
Epoch: 220, Loss: 0.1719
MSE Loss Between Generated and Conditioned: 1.6456
Epoch: 221, Loss: 0.1718
MSE Loss Between Generated and Conditioned: 1.3637
Epoch: 222, Loss: 0.1716
MSE Loss Between Generated and Conditioned: 2.3644
Epoch: 223, Loss: 0.1715
MSE Loss Between Generated and Conditioned: 2.3020
Epoch: 224, Loss: 0.1713
MSE Loss Between Generated and Conditioned: 1.4356
Epoch: 225, Loss: 0.1711
MSE Loss Between Generated and Conditioned: 1.6707
Epoch: 226, Loss: 0.1710
MSE Loss Between Generated and Conditioned: 1.6754
Epoch: 227, Loss: 0.1708
MSE Loss Between Generated and Conditioned: 2.1617
Epoch: 228, Loss: 0.1707
MSE Loss Between Generated and Conditioned: 2.0658
Epoch: 229, Loss: 0.1706
MSE Loss Between Generated and Conditioned: 1.6911
Epoch: 230, Loss: 0.1704
MSE Loss Between Generated and Conditioned: 1.4913
Epoch: 231, Loss: 0.1702
MSE Loss Between Generated and Conditioned: 1.4727
Epoch: 232, Loss: 0.1701
MSE Loss Between Generated and Conditioned: 3.2583
Epoch: 233, Loss: 0.1699
MSE Loss Between Generated and Conditioned: 2.4656
Epoch: 234, Loss: 0.1698
MSE Loss Between Generated and Conditioned: 4.7753
Epoch: 235, Loss: 0.1697
MSE Loss Between Generated and Conditioned: 1.6295
Epoch: 236, Loss: 0.1695
MSE Loss Between Generated and Conditioned: 1.5840
Epoch: 237, Loss: 0.1694
MSE Loss Between Generated and Conditioned: 1.4379
Epoch: 238, Loss: 0.1693
MSE Loss Between Generated and Conditioned: 1.5718
Epoch: 239, Loss: 0.1691
MSE Loss Between Generated and Conditioned: 2.5181
Epoch: 240, Loss: 0.1690
MSE Loss Between Generated and Conditioned: 1.2650
Epoch: 241, Loss: 0.1688
MSE Loss Between Generated and Conditioned: 1.5337
Epoch: 242, Loss: 0.1687
MSE Loss Between Generated and Conditioned: 1.2773
Epoch: 243, Loss: 0.1685
MSE Loss Between Generated and Conditioned: 1.2583
Epoch: 244, Loss: 0.1684
MSE Loss Between Generated and Conditioned: 1.3246
Epoch: 245, Loss: 0.1683
MSE Loss Between Generated and Conditioned: 1.3497
Epoch: 246, Loss: 0.1682
MSE Loss Between Generated and Conditioned: 1.2851
Epoch: 247, Loss: 0.1681
MSE Loss Between Generated and Conditioned: 1.5929
Epoch: 248, Loss: 0.1679
MSE Loss Between Generated and Conditioned: 1.8857
Epoch: 249, Loss: 0.1678
MSE Loss Between Generated and Conditioned: 1.2859
Epoch: 250, Loss: 0.1677
MSE Loss Between Generated and Conditioned: 1.5337
Epoch: 251, Loss: 0.1676
MSE Loss Between Generated and Conditioned: 1.2320
Epoch: 252, Loss: 0.1674
MSE Loss Between Generated and Conditioned: 1.7055
Epoch: 253, Loss: 0.1673
MSE Loss Between Generated and Conditioned: 1.4161
Epoch: 254, Loss: 0.1672
MSE Loss Between Generated and Conditioned: 1.5033
Epoch: 255, Loss: 0.1671
MSE Loss Between Generated and Conditioned: 1.2855
Epoch: 256, Loss: 0.1669
MSE Loss Between Generated and Conditioned: 1.6687
Epoch: 257, Loss: 0.1668
MSE Loss Between Generated and Conditioned: 1.8275
Epoch: 258, Loss: 0.1667
MSE Loss Between Generated and Conditioned: 1.7790
Epoch: 259, Loss: 0.1666
MSE Loss Between Generated and Conditioned: 1.9433
Epoch: 260, Loss: 0.1665
MSE Loss Between Generated and Conditioned: 1.2708
Epoch: 261, Loss: 0.1664
MSE Loss Between Generated and Conditioned: 1.4028
Epoch: 262, Loss: 0.1663
MSE Loss Between Generated and Conditioned: 2.0886
Epoch: 263, Loss: 0.1661
MSE Loss Between Generated and Conditioned: 1.2420
Epoch: 264, Loss: 0.1660
MSE Loss Between Generated and Conditioned: 1.7098
Epoch: 265, Loss: 0.1659
MSE Loss Between Generated and Conditioned: 1.3580
Epoch: 266, Loss: 0.1658
MSE Loss Between Generated and Conditioned: 1.5987
Epoch: 267, Loss: 0.1657
MSE Loss Between Generated and Conditioned: 1.1689
Epoch: 268, Loss: 0.1656
MSE Loss Between Generated and Conditioned: 1.4174
Epoch: 269, Loss: 0.1655
MSE Loss Between Generated and Conditioned: 1.7007
Epoch: 270, Loss: 0.1654
MSE Loss Between Generated and Conditioned: 1.2513
Epoch: 271, Loss: 0.1652
MSE Loss Between Generated and Conditioned: 1.4144
Epoch: 272, Loss: 0.1651
MSE Loss Between Generated and Conditioned: 1.4011
Epoch: 273, Loss: 0.1650
MSE Loss Between Generated and Conditioned: 1.3756
Epoch: 274, Loss: 0.1649
MSE Loss Between Generated and Conditioned: 1.8889
Epoch: 275, Loss: 0.1648
MSE Loss Between Generated and Conditioned: 1.2519
Epoch: 276, Loss: 0.1647
MSE Loss Between Generated and Conditioned: 1.2351
Epoch: 277, Loss: 0.1646
MSE Loss Between Generated and Conditioned: 2.1422
Epoch: 278, Loss: 0.1645
MSE Loss Between Generated and Conditioned: 1.1831
Epoch: 279, Loss: 0.1643
MSE Loss Between Generated and Conditioned: 1.2291
Epoch: 280, Loss: 0.1642
MSE Loss Between Generated and Conditioned: 1.2801
Epoch: 281, Loss: 0.1641
MSE Loss Between Generated and Conditioned: 1.5707
Epoch: 282, Loss: 0.1640
MSE Loss Between Generated and Conditioned: 1.3210
Epoch: 283, Loss: 0.1639
MSE Loss Between Generated and Conditioned: 1.3368
Epoch: 284, Loss: 0.1638
MSE Loss Between Generated and Conditioned: 1.1678
Epoch: 285, Loss: 0.1637
MSE Loss Between Generated and Conditioned: 1.3716
Epoch: 286, Loss: 0.1636
MSE Loss Between Generated and Conditioned: 1.4596
Epoch: 287, Loss: 0.1635
MSE Loss Between Generated and Conditioned: 1.3323
Epoch: 288, Loss: 0.1634
MSE Loss Between Generated and Conditioned: 1.1908
Epoch: 289, Loss: 0.1633
MSE Loss Between Generated and Conditioned: 1.4622
Epoch: 290, Loss: 0.1632
MSE Loss Between Generated and Conditioned: 1.2274
Epoch: 291, Loss: 0.1631
MSE Loss Between Generated and Conditioned: 1.2789
Epoch: 292, Loss: 0.1630
MSE Loss Between Generated and Conditioned: 1.1929
Epoch: 293, Loss: 0.1629
MSE Loss Between Generated and Conditioned: 1.2155
Epoch: 294, Loss: 0.1628
MSE Loss Between Generated and Conditioned: 1.8154
Epoch: 295, Loss: 0.1627
MSE Loss Between Generated and Conditioned: 1.4916
Epoch: 296, Loss: 0.1626
MSE Loss Between Generated and Conditioned: 1.2137
Epoch: 297, Loss: 0.1626
MSE Loss Between Generated and Conditioned: 1.5628
Epoch: 298, Loss: 0.1625
MSE Loss Between Generated and Conditioned: 1.2628
Epoch: 299, Loss: 0.1624
Train: torch.Size([14031, 5, 64, 32]), Valid: torch.Size([4677, 5, 64, 32]), Test: torch.Size([4678, 5, 64, 32])
Starting Downstream Task
Running context window: 5 with stride: 5 with seed: 0
torch.Size([2806, 5, 64, 32])
torch.Size([935, 5, 64, 32])
torch.Size([937, 5, 64, 32])
Shape: (5, 144, 72)
Epoch: 0, Train Loss: 0.00610, Valid Loss: 0.00450, EPS: 0.991
Epoch: 1, Train Loss: 0.00394, Valid Loss: 0.00378, EPS: 0.982
Epoch: 2, Train Loss: 0.00325, Valid Loss: 0.00340, EPS: 0.973
Epoch: 3, Train Loss: 0.00294, Valid Loss: 0.00322, EPS: 0.964
Epoch: 4, Train Loss: 0.00279, Valid Loss: 0.00315, EPS: 0.955
Epoch: 5, Train Loss: 0.00271, Valid Loss: 0.00312, EPS: 0.946
Epoch: 6, Train Loss: 0.00265, Valid Loss: 0.00308, EPS: 0.9369999999999999
Epoch: 7, Train Loss: 0.00265, Valid Loss: 0.00310, EPS: 0.928
Epoch: 8, Train Loss: 0.00265, Valid Loss: 0.00308, EPS: 0.919
Epoch: 9, Train Loss: 0.00264, Valid Loss: 0.00307, EPS: 0.91
Epoch: 10, Train Loss: 0.00263, Valid Loss: 0.00305, EPS: 0.901
Epoch: 11, Train Loss: 0.00262, Valid Loss: 0.00306, EPS: 0.892
Epoch: 12, Train Loss: 0.00263, Valid Loss: 0.00307, EPS: 0.883
Epoch: 13, Train Loss: 0.00261, Valid Loss: 0.00304, EPS: 0.874
Epoch: 14, Train Loss: 0.00260, Valid Loss: 0.00306, EPS: 0.865
Epoch: 15, Train Loss: 0.00259, Valid Loss: 0.00303, EPS: 0.856
Epoch: 16, Train Loss: 0.00257, Valid Loss: 0.00303, EPS: 0.847
Epoch: 17, Train Loss: 0.00256, Valid Loss: 0.00302, EPS: 0.8380000000000001
Epoch: 18, Train Loss: 0.00256, Valid Loss: 0.00303, EPS: 0.8290000000000001
Epoch: 19, Train Loss: 0.00258, Valid Loss: 0.00302, EPS: 0.8200000000000001
Epoch: 20, Train Loss: 0.00257, Valid Loss: 0.00303, EPS: 0.811
Epoch: 21, Train Loss: 0.00254, Valid Loss: 0.00299, EPS: 0.802
Epoch: 22, Train Loss: 0.00254, Valid Loss: 0.00299, EPS: 0.793
Epoch: 23, Train Loss: 0.00252, Valid Loss: 0.00298, EPS: 0.784
Epoch: 24, Train Loss: 0.00253, Valid Loss: 0.00299, EPS: 0.775
Epoch: 25, Train Loss: 0.00253, Valid Loss: 0.00299, EPS: 0.766
Epoch: 26, Train Loss: 0.00250, Valid Loss: 0.00300, EPS: 0.757
Epoch: 27, Train Loss: 0.00250, Valid Loss: 0.00300, EPS: 0.748
Epoch: 28, Train Loss: 0.00251, Valid Loss: 0.00299, EPS: 0.739
Epoch: 29, Train Loss: 0.00251, Valid Loss: 0.00297, EPS: 0.73
Epoch: 30, Train Loss: 0.00251, Valid Loss: 0.00297, EPS: 0.721
Epoch: 31, Train Loss: 0.00251, Valid Loss: 0.00299, EPS: 0.712
Epoch: 32, Train Loss: 0.00250, Valid Loss: 0.00297, EPS: 0.703
Epoch: 33, Train Loss: 0.00250, Valid Loss: 0.00300, EPS: 0.694
Epoch: 34, Train Loss: 0.00250, Valid Loss: 0.00294, EPS: 0.685
Epoch: 35, Train Loss: 0.00247, Valid Loss: 0.00297, EPS: 0.676
Epoch: 36, Train Loss: 0.00248, Valid Loss: 0.00298, EPS: 0.667
Epoch: 37, Train Loss: 0.00247, Valid Loss: 0.00298, EPS: 0.658
Epoch: 38, Train Loss: 0.00250, Valid Loss: 0.00298, EPS: 0.649
Epoch: 39, Train Loss: 0.00247, Valid Loss: 0.00297, EPS: 0.64
Epoch: 40, Train Loss: 0.00247, Valid Loss: 0.00294, EPS: 0.6310000000000001
Epoch: 41, Train Loss: 0.00247, Valid Loss: 0.00297, EPS: 0.6220000000000001
Epoch: 42, Train Loss: 0.00247, Valid Loss: 0.00295, EPS: 0.6130000000000001
Epoch: 43, Train Loss: 0.00246, Valid Loss: 0.00299, EPS: 0.6040000000000001
Epoch: 44, Train Loss: 0.00248, Valid Loss: 0.00297, EPS: 0.5950000000000001
Epoch: 45, Train Loss: 0.00247, Valid Loss: 0.00297, EPS: 0.5860000000000001
Epoch: 46, Train Loss: 0.00247, Valid Loss: 0.00298, EPS: 0.5770000000000001
Epoch: 47, Train Loss: 0.00248, Valid Loss: 0.00295, EPS: 0.5680000000000001
Epoch: 48, Train Loss: 0.00247, Valid Loss: 0.00299, EPS: 0.559
Epoch: 49, Train Loss: 0.00247, Valid Loss: 0.00298, EPS: 0.55
Epoch: 50, Train Loss: 0.00247, Valid Loss: 0.00297, EPS: 0.541
Epoch: 51, Train Loss: 0.00245, Valid Loss: 0.00294, EPS: 0.532
Epoch: 52, Train Loss: 0.00225, Valid Loss: 0.00285, EPS: 0.523
Epoch: 53, Train Loss: 0.00213, Valid Loss: 0.00279, EPS: 0.514
Epoch: 54, Train Loss: 0.00207, Valid Loss: 0.00276, EPS: 0.505
Epoch: 55, Train Loss: 0.00204, Valid Loss: 0.00275, EPS: 0.496
Epoch: 56, Train Loss: 0.00202, Valid Loss: 0.00274, EPS: 0.4870000000000001
Epoch: 57, Train Loss: 0.00201, Valid Loss: 0.00273, EPS: 0.4780000000000001
Epoch: 58, Train Loss: 0.00200, Valid Loss: 0.00273, EPS: 0.4690000000000001
Epoch: 59, Train Loss: 0.00199, Valid Loss: 0.00272, EPS: 0.4600000000000001
Epoch: 60, Train Loss: 0.00198, Valid Loss: 0.00272, EPS: 0.45100000000000007
Epoch: 61, Train Loss: 0.00197, Valid Loss: 0.00271, EPS: 0.44200000000000006
Epoch: 62, Train Loss: 0.00197, Valid Loss: 0.00271, EPS: 0.43300000000000005
Epoch: 63, Train Loss: 0.00196, Valid Loss: 0.00272, EPS: 0.42400000000000004
Epoch: 64, Train Loss: 0.00195, Valid Loss: 0.00270, EPS: 0.41500000000000004
Epoch: 65, Train Loss: 0.00194, Valid Loss: 0.00271, EPS: 0.406
Epoch: 66, Train Loss: 0.00192, Valid Loss: 0.00271, EPS: 0.397
Epoch: 67, Train Loss: 0.00191, Valid Loss: 0.00270, EPS: 0.388
Epoch: 68, Train Loss: 0.00189, Valid Loss: 0.00269, EPS: 0.3790000000000001
Epoch: 69, Train Loss: 0.00188, Valid Loss: 0.00270, EPS: 0.3700000000000001
Epoch: 70, Train Loss: 0.00187, Valid Loss: 0.00270, EPS: 0.3610000000000001
Epoch: 71, Train Loss: 0.00186, Valid Loss: 0.00270, EPS: 0.3520000000000001
Epoch: 72, Train Loss: 0.00185, Valid Loss: 0.00270, EPS: 0.343
Epoch: 73, Train Loss: 0.00185, Valid Loss: 0.00273, EPS: 0.334
Epoch: 74, Train Loss: 0.00185, Valid Loss: 0.00271, EPS: 0.325
Epoch: 75, Train Loss: 0.00183, Valid Loss: 0.00271, EPS: 0.316
Epoch: 76, Train Loss: 0.00183, Valid Loss: 0.00272, EPS: 0.307
Epoch: 77, Train Loss: 0.00184, Valid Loss: 0.00271, EPS: 0.298
Epoch: 78, Train Loss: 0.00183, Valid Loss: 0.00271, EPS: 0.289
Epoch: 79, Train Loss: 0.00183, Valid Loss: 0.00273, EPS: 0.27999999999999997
Epoch: 80, Train Loss: 0.00177, Valid Loss: 0.00269, EPS: 0.27099999999999996
Epoch: 81, Train Loss: 0.00175, Valid Loss: 0.00270, EPS: 0.26200000000000007
Epoch: 82, Train Loss: 0.00174, Valid Loss: 0.00268, EPS: 0.25300000000000006
Epoch: 83, Train Loss: 0.00173, Valid Loss: 0.00269, EPS: 0.24400000000000005
Epoch: 84, Train Loss: 0.00173, Valid Loss: 0.00269, EPS: 0.23500000000000004
Epoch: 85, Train Loss: 0.00173, Valid Loss: 0.00269, EPS: 0.22600000000000003
Epoch: 86, Train Loss: 0.00173, Valid Loss: 0.00269, EPS: 0.21700000000000003
Epoch: 87, Train Loss: 0.00172, Valid Loss: 0.00269, EPS: 0.20800000000000002
Epoch: 88, Train Loss: 0.00173, Valid Loss: 0.00269, EPS: 0.199
Epoch: 89, Train Loss: 0.00172, Valid Loss: 0.00269, EPS: 0.19
Epoch: 90, Train Loss: 0.00172, Valid Loss: 0.00269, EPS: 0.181
Epoch: 91, Train Loss: 0.00172, Valid Loss: 0.00270, EPS: 0.172
Epoch: 92, Train Loss: 0.00172, Valid Loss: 0.00269, EPS: 0.16299999999999998
Epoch: 93, Train Loss: 0.00171, Valid Loss: 0.00269, EPS: 0.15400000000000005
Epoch: 94, Train Loss: 0.00171, Valid Loss: 0.00269, EPS: 0.14500000000000005
Epoch: 95, Train Loss: 0.00171, Valid Loss: 0.00270, EPS: 0.13600000000000004
Epoch: 96, Train Loss: 0.00171, Valid Loss: 0.00269, EPS: 0.12700000000000003
Epoch: 97, Train Loss: 0.00171, Valid Loss: 0.00269, EPS: 0.11800000000000002
Epoch: 98, Train Loss: 0.00171, Valid Loss: 0.00269, EPS: 0.10900000000000001
Epoch: 99, Train Loss: 0.00170, Valid Loss: 0.00270, EPS: 0.1
Test Loss: 0.00269
Test Loss: 0.00260
Running context window: 5 with stride: 10 with seed: 0
torch.Size([2806, 5, 64, 32])
torch.Size([935, 5, 64, 32])
torch.Size([937, 5, 64, 32])
Shape: (5, 144, 72)
Epoch: 0, Train Loss: 0.00709, Valid Loss: 0.00525, EPS: 0.991
Epoch: 1, Train Loss: 0.00461, Valid Loss: 0.00434, EPS: 0.982
Epoch: 2, Train Loss: 0.00382, Valid Loss: 0.00397, EPS: 0.973
Epoch: 3, Train Loss: 0.00332, Valid Loss: 0.00369, EPS: 0.964
Epoch: 4, Train Loss: 0.00296, Valid Loss: 0.00350, EPS: 0.955
Epoch: 5, Train Loss: 0.00274, Valid Loss: 0.00342, EPS: 0.946
Epoch: 6, Train Loss: 0.00260, Valid Loss: 0.00329, EPS: 0.9369999999999999
Epoch: 7, Train Loss: 0.00248, Valid Loss: 0.00326, EPS: 0.928
Epoch: 8, Train Loss: 0.00238, Valid Loss: 0.00323, EPS: 0.919
Epoch: 9, Train Loss: 0.00234, Valid Loss: 0.00317, EPS: 0.91
Epoch: 10, Train Loss: 0.00230, Valid Loss: 0.00318, EPS: 0.901
Epoch: 11, Train Loss: 0.00227, Valid Loss: 0.00317, EPS: 0.892
Epoch: 12, Train Loss: 0.00226, Valid Loss: 0.00317, EPS: 0.883
Epoch: 13, Train Loss: 0.00224, Valid Loss: 0.00312, EPS: 0.874
Epoch: 14, Train Loss: 0.00220, Valid Loss: 0.00312, EPS: 0.865
Epoch: 15, Train Loss: 0.00221, Valid Loss: 0.00314, EPS: 0.856
Epoch: 16, Train Loss: 0.00220, Valid Loss: 0.00312, EPS: 0.847
Epoch: 17, Train Loss: 0.00215, Valid Loss: 0.00315, EPS: 0.8380000000000001
Epoch: 18, Train Loss: 0.00217, Valid Loss: 0.00312, EPS: 0.8290000000000001
Epoch: 19, Train Loss: 0.00215, Valid Loss: 0.00316, EPS: 0.8200000000000001
Epoch: 20, Train Loss: 0.00217, Valid Loss: 0.00313, EPS: 0.811
Epoch: 21, Train Loss: 0.00217, Valid Loss: 0.00310, EPS: 0.802
Epoch: 22, Train Loss: 0.00212, Valid Loss: 0.00314, EPS: 0.793
Epoch: 23, Train Loss: 0.00215, Valid Loss: 0.00312, EPS: 0.784
Epoch: 24, Train Loss: 0.00216, Valid Loss: 0.00310, EPS: 0.775
Epoch: 25, Train Loss: 0.00214, Valid Loss: 0.00310, EPS: 0.766
Epoch: 26, Train Loss: 0.00212, Valid Loss: 0.00314, EPS: 0.757
Epoch: 27, Train Loss: 0.00211, Valid Loss: 0.00313, EPS: 0.748
Epoch: 28, Train Loss: 0.00211, Valid Loss: 0.00310, EPS: 0.739
Epoch: 29, Train Loss: 0.00208, Valid Loss: 0.00308, EPS: 0.73
Epoch: 30, Train Loss: 0.00208, Valid Loss: 0.00308, EPS: 0.721
Epoch: 31, Train Loss: 0.00207, Valid Loss: 0.00306, EPS: 0.712
Epoch: 32, Train Loss: 0.00208, Valid Loss: 0.00307, EPS: 0.703
Epoch: 33, Train Loss: 0.00204, Valid Loss: 0.00305, EPS: 0.694
Epoch: 34, Train Loss: 0.00205, Valid Loss: 0.00309, EPS: 0.685
Epoch: 35, Train Loss: 0.00206, Valid Loss: 0.00309, EPS: 0.676
Epoch: 36, Train Loss: 0.00206, Valid Loss: 0.00308, EPS: 0.667
Epoch: 37, Train Loss: 0.00204, Valid Loss: 0.00308, EPS: 0.658
Epoch: 38, Train Loss: 0.00206, Valid Loss: 0.00306, EPS: 0.649
Epoch: 39, Train Loss: 0.00204, Valid Loss: 0.00309, EPS: 0.64
Epoch: 40, Train Loss: 0.00206, Valid Loss: 0.00309, EPS: 0.6310000000000001
Epoch: 41, Train Loss: 0.00207, Valid Loss: 0.00312, EPS: 0.6220000000000001
Epoch: 42, Train Loss: 0.00205, Valid Loss: 0.00306, EPS: 0.6130000000000001
Epoch: 43, Train Loss: 0.00204, Valid Loss: 0.00308, EPS: 0.6040000000000001
Epoch: 44, Train Loss: 0.00205, Valid Loss: 0.00309, EPS: 0.5950000000000001
Epoch: 45, Train Loss: 0.00189, Valid Loss: 0.00302, EPS: 0.5860000000000001
Epoch: 46, Train Loss: 0.00179, Valid Loss: 0.00295, EPS: 0.5770000000000001
Epoch: 47, Train Loss: 0.00173, Valid Loss: 0.00292, EPS: 0.5680000000000001
Epoch: 48, Train Loss: 0.00168, Valid Loss: 0.00288, EPS: 0.559
Epoch: 49, Train Loss: 0.00165, Valid Loss: 0.00290, EPS: 0.55
Epoch: 50, Train Loss: 0.00161, Valid Loss: 0.00288, EPS: 0.541
Epoch: 51, Train Loss: 0.00160, Valid Loss: 0.00287, EPS: 0.532
Epoch: 52, Train Loss: 0.00158, Valid Loss: 0.00286, EPS: 0.523
Epoch: 53, Train Loss: 0.00157, Valid Loss: 0.00286, EPS: 0.514
Epoch: 54, Train Loss: 0.00158, Valid Loss: 0.00286, EPS: 0.505
Epoch: 55, Train Loss: 0.00156, Valid Loss: 0.00284, EPS: 0.496
Epoch: 56, Train Loss: 0.00155, Valid Loss: 0.00285, EPS: 0.4870000000000001
Epoch: 57, Train Loss: 0.00154, Valid Loss: 0.00286, EPS: 0.4780000000000001
Epoch: 58, Train Loss: 0.00154, Valid Loss: 0.00285, EPS: 0.4690000000000001
Epoch: 59, Train Loss: 0.00153, Valid Loss: 0.00285, EPS: 0.4600000000000001
Epoch: 60, Train Loss: 0.00153, Valid Loss: 0.00285, EPS: 0.45100000000000007
Epoch: 61, Train Loss: 0.00152, Valid Loss: 0.00286, EPS: 0.44200000000000006
Epoch: 62, Train Loss: 0.00151, Valid Loss: 0.00286, EPS: 0.43300000000000005
Epoch: 63, Train Loss: 0.00151, Valid Loss: 0.00287, EPS: 0.42400000000000004
Epoch: 64, Train Loss: 0.00151, Valid Loss: 0.00286, EPS: 0.41500000000000004
Epoch: 65, Train Loss: 0.00149, Valid Loss: 0.00288, EPS: 0.406
Epoch: 66, Train Loss: 0.00149, Valid Loss: 0.00286, EPS: 0.397
Epoch: 67, Train Loss: 0.00147, Valid Loss: 0.00286, EPS: 0.388
Epoch: 68, Train Loss: 0.00147, Valid Loss: 0.00286, EPS: 0.3790000000000001
Epoch: 69, Train Loss: 0.00146, Valid Loss: 0.00286, EPS: 0.3700000000000001
Epoch: 70, Train Loss: 0.00146, Valid Loss: 0.00287, EPS: 0.3610000000000001
Epoch: 71, Train Loss: 0.00147, Valid Loss: 0.00287, EPS: 0.3520000000000001
Epoch: 72, Train Loss: 0.00146, Valid Loss: 0.00286, EPS: 0.343
Epoch: 73, Train Loss: 0.00146, Valid Loss: 0.00285, EPS: 0.334
Epoch: 74, Train Loss: 0.00147, Valid Loss: 0.00286, EPS: 0.325
Epoch: 75, Train Loss: 0.00146, Valid Loss: 0.00286, EPS: 0.316
Epoch: 76, Train Loss: 0.00147, Valid Loss: 0.00286, EPS: 0.307
Epoch: 77, Train Loss: 0.00146, Valid Loss: 0.00287, EPS: 0.298
Epoch: 78, Train Loss: 0.00146, Valid Loss: 0.00286, EPS: 0.289
Epoch: 79, Train Loss: 0.00146, Valid Loss: 0.00287, EPS: 0.27999999999999997
Epoch: 80, Train Loss: 0.00145, Valid Loss: 0.00286, EPS: 0.27099999999999996
Epoch: 81, Train Loss: 0.00145, Valid Loss: 0.00286, EPS: 0.26200000000000007
Epoch: 82, Train Loss: 0.00145, Valid Loss: 0.00286, EPS: 0.25300000000000006
Epoch: 83, Train Loss: 0.00145, Valid Loss: 0.00286, EPS: 0.24400000000000005
Epoch: 84, Train Loss: 0.00145, Valid Loss: 0.00286, EPS: 0.23500000000000004
Epoch: 85, Train Loss: 0.00146, Valid Loss: 0.00286, EPS: 0.22600000000000003
Epoch: 86, Train Loss: 0.00146, Valid Loss: 0.00286, EPS: 0.21700000000000003
Epoch: 87, Train Loss: 0.00145, Valid Loss: 0.00286, EPS: 0.20800000000000002
Epoch: 88, Train Loss: 0.00146, Valid Loss: 0.00286, EPS: 0.199
Epoch: 89, Train Loss: 0.00145, Valid Loss: 0.00287, EPS: 0.19
Epoch: 90, Train Loss: 0.00146, Valid Loss: 0.00286, EPS: 0.181
Epoch: 91, Train Loss: 0.00145, Valid Loss: 0.00286, EPS: 0.172
Epoch: 92, Train Loss: 0.00146, Valid Loss: 0.00286, EPS: 0.16299999999999998
Epoch: 93, Train Loss: 0.00145, Valid Loss: 0.00287, EPS: 0.15400000000000005
Epoch: 94, Train Loss: 0.00147, Valid Loss: 0.00286, EPS: 0.14500000000000005
Epoch: 95, Train Loss: 0.00145, Valid Loss: 0.00285, EPS: 0.13600000000000004
Epoch: 96, Train Loss: 0.00145, Valid Loss: 0.00286, EPS: 0.12700000000000003
Epoch: 97, Train Loss: 0.00146, Valid Loss: 0.00285, EPS: 0.11800000000000002
Epoch: 98, Train Loss: 0.00145, Valid Loss: 0.00285, EPS: 0.10900000000000001
Epoch: 99, Train Loss: 0.00145, Valid Loss: 0.00286, EPS: 0.1
Test Loss: 0.00286
Test Loss: 0.00281
Running context window: 5 with stride: 5 with seed: 42
torch.Size([2806, 5, 64, 32])
torch.Size([935, 5, 64, 32])
torch.Size([937, 5, 64, 32])
Shape: (5, 144, 72)
Epoch: 0, Train Loss: 0.00615, Valid Loss: 0.00449, EPS: 0.991
Epoch: 1, Train Loss: 0.00390, Valid Loss: 0.00376, EPS: 0.982
Epoch: 2, Train Loss: 0.00323, Valid Loss: 0.00338, EPS: 0.973
Epoch: 3, Train Loss: 0.00292, Valid Loss: 0.00323, EPS: 0.964
Epoch: 4, Train Loss: 0.00280, Valid Loss: 0.00315, EPS: 0.955
Epoch: 5, Train Loss: 0.00272, Valid Loss: 0.00311, EPS: 0.946
Epoch: 6, Train Loss: 0.00268, Valid Loss: 0.00309, EPS: 0.9369999999999999
Epoch: 7, Train Loss: 0.00265, Valid Loss: 0.00310, EPS: 0.928
Epoch: 8, Train Loss: 0.00266, Valid Loss: 0.00307, EPS: 0.919
Epoch: 9, Train Loss: 0.00264, Valid Loss: 0.00305, EPS: 0.91
Epoch: 10, Train Loss: 0.00262, Valid Loss: 0.00304, EPS: 0.901
Epoch: 11, Train Loss: 0.00261, Valid Loss: 0.00305, EPS: 0.892
Epoch: 12, Train Loss: 0.00259, Valid Loss: 0.00305, EPS: 0.883
Epoch: 13, Train Loss: 0.00260, Valid Loss: 0.00304, EPS: 0.874
Epoch: 14, Train Loss: 0.00259, Valid Loss: 0.00302, EPS: 0.865
Epoch: 15, Train Loss: 0.00257, Valid Loss: 0.00306, EPS: 0.856
Epoch: 16, Train Loss: 0.00256, Valid Loss: 0.00302, EPS: 0.847
Epoch: 17, Train Loss: 0.00257, Valid Loss: 0.00302, EPS: 0.8380000000000001
Epoch: 18, Train Loss: 0.00255, Valid Loss: 0.00300, EPS: 0.8290000000000001
Epoch: 19, Train Loss: 0.00255, Valid Loss: 0.00301, EPS: 0.8200000000000001
Epoch: 20, Train Loss: 0.00254, Valid Loss: 0.00301, EPS: 0.811
Epoch: 21, Train Loss: 0.00252, Valid Loss: 0.00298, EPS: 0.802
Epoch: 22, Train Loss: 0.00253, Valid Loss: 0.00300, EPS: 0.793
Epoch: 23, Train Loss: 0.00251, Valid Loss: 0.00301, EPS: 0.784
Epoch: 24, Train Loss: 0.00251, Valid Loss: 0.00298, EPS: 0.775
Epoch: 25, Train Loss: 0.00251, Valid Loss: 0.00301, EPS: 0.766
Epoch: 26, Train Loss: 0.00251, Valid Loss: 0.00300, EPS: 0.757
Epoch: 27, Train Loss: 0.00250, Valid Loss: 0.00300, EPS: 0.748
Epoch: 28, Train Loss: 0.00249, Valid Loss: 0.00298, EPS: 0.739
Epoch: 29, Train Loss: 0.00249, Valid Loss: 0.00295, EPS: 0.73
Epoch: 30, Train Loss: 0.00249, Valid Loss: 0.00300, EPS: 0.721
Epoch: 31, Train Loss: 0.00251, Valid Loss: 0.00297, EPS: 0.712
Epoch: 32, Train Loss: 0.00248, Valid Loss: 0.00294, EPS: 0.703
Epoch: 33, Train Loss: 0.00247, Valid Loss: 0.00297, EPS: 0.694
Epoch: 34, Train Loss: 0.00247, Valid Loss: 0.00296, EPS: 0.685
Epoch: 35, Train Loss: 0.00249, Valid Loss: 0.00297, EPS: 0.676
Epoch: 36, Train Loss: 0.00247, Valid Loss: 0.00297, EPS: 0.667
Epoch: 37, Train Loss: 0.00246, Valid Loss: 0.00302, EPS: 0.658
Epoch: 38, Train Loss: 0.00247, Valid Loss: 0.00297, EPS: 0.649
Epoch: 39, Train Loss: 0.00245, Valid Loss: 0.00298, EPS: 0.64
Epoch: 40, Train Loss: 0.00247, Valid Loss: 0.00294, EPS: 0.6310000000000001
Epoch: 41, Train Loss: 0.00246, Valid Loss: 0.00298, EPS: 0.6220000000000001
Epoch: 42, Train Loss: 0.00246, Valid Loss: 0.00297, EPS: 0.6130000000000001
Epoch: 43, Train Loss: 0.00245, Valid Loss: 0.00294, EPS: 0.6040000000000001
Epoch: 44, Train Loss: 0.00246, Valid Loss: 0.00296, EPS: 0.5950000000000001
Epoch: 45, Train Loss: 0.00245, Valid Loss: 0.00295, EPS: 0.5860000000000001
Epoch: 46, Train Loss: 0.00245, Valid Loss: 0.00297, EPS: 0.5770000000000001
Epoch: 47, Train Loss: 0.00245, Valid Loss: 0.00296, EPS: 0.5680000000000001
Epoch: 48, Train Loss: 0.00246, Valid Loss: 0.00295, EPS: 0.559
Epoch: 49, Train Loss: 0.00244, Valid Loss: 0.00297, EPS: 0.55
Epoch: 50, Train Loss: 0.00245, Valid Loss: 0.00297, EPS: 0.541
Epoch: 51, Train Loss: 0.00245, Valid Loss: 0.00294, EPS: 0.532
Epoch: 52, Train Loss: 0.00224, Valid Loss: 0.00283, EPS: 0.523
Epoch: 53, Train Loss: 0.00212, Valid Loss: 0.00278, EPS: 0.514
Epoch: 54, Train Loss: 0.00207, Valid Loss: 0.00275, EPS: 0.505
Epoch: 55, Train Loss: 0.00203, Valid Loss: 0.00275, EPS: 0.496
Epoch: 56, Train Loss: 0.00202, Valid Loss: 0.00273, EPS: 0.4870000000000001
Epoch: 57, Train Loss: 0.00201, Valid Loss: 0.00272, EPS: 0.4780000000000001
Epoch: 58, Train Loss: 0.00200, Valid Loss: 0.00273, EPS: 0.4690000000000001
Epoch: 59, Train Loss: 0.00199, Valid Loss: 0.00271, EPS: 0.4600000000000001
Epoch: 60, Train Loss: 0.00199, Valid Loss: 0.00271, EPS: 0.45100000000000007
Epoch: 61, Train Loss: 0.00198, Valid Loss: 0.00271, EPS: 0.44200000000000006
Epoch: 62, Train Loss: 0.00198, Valid Loss: 0.00272, EPS: 0.43300000000000005
Epoch: 63, Train Loss: 0.00197, Valid Loss: 0.00271, EPS: 0.42400000000000004
Epoch: 64, Train Loss: 0.00196, Valid Loss: 0.00272, EPS: 0.41500000000000004
Epoch: 65, Train Loss: 0.00196, Valid Loss: 0.00271, EPS: 0.406
Epoch: 66, Train Loss: 0.00195, Valid Loss: 0.00272, EPS: 0.397
Epoch: 67, Train Loss: 0.00194, Valid Loss: 0.00271, EPS: 0.388
Epoch: 68, Train Loss: 0.00193, Valid Loss: 0.00272, EPS: 0.3790000000000001
Epoch: 69, Train Loss: 0.00192, Valid Loss: 0.00272, EPS: 0.3700000000000001
Epoch: 70, Train Loss: 0.00190, Valid Loss: 0.00270, EPS: 0.3610000000000001
Epoch: 71, Train Loss: 0.00189, Valid Loss: 0.00270, EPS: 0.3520000000000001
Epoch: 72, Train Loss: 0.00188, Valid Loss: 0.00271, EPS: 0.343
Epoch: 73, Train Loss: 0.00187, Valid Loss: 0.00270, EPS: 0.334
Epoch: 74, Train Loss: 0.00187, Valid Loss: 0.00272, EPS: 0.325
Epoch: 75, Train Loss: 0.00187, Valid Loss: 0.00272, EPS: 0.316
Epoch: 76, Train Loss: 0.00186, Valid Loss: 0.00272, EPS: 0.307
Epoch: 77, Train Loss: 0.00186, Valid Loss: 0.00272, EPS: 0.298
Epoch: 78, Train Loss: 0.00186, Valid Loss: 0.00274, EPS: 0.289
Epoch: 79, Train Loss: 0.00187, Valid Loss: 0.00274, EPS: 0.27999999999999997
Epoch: 80, Train Loss: 0.00186, Valid Loss: 0.00274, EPS: 0.27099999999999996
Epoch: 81, Train Loss: 0.00185, Valid Loss: 0.00274, EPS: 0.26200000000000007
Epoch: 82, Train Loss: 0.00186, Valid Loss: 0.00274, EPS: 0.25300000000000006
Epoch: 83, Train Loss: 0.00180, Valid Loss: 0.00272, EPS: 0.24400000000000005
Epoch: 84, Train Loss: 0.00177, Valid Loss: 0.00271, EPS: 0.23500000000000004
Epoch: 85, Train Loss: 0.00176, Valid Loss: 0.00270, EPS: 0.22600000000000003
Epoch: 86, Train Loss: 0.00176, Valid Loss: 0.00270, EPS: 0.21700000000000003
Epoch: 87, Train Loss: 0.00175, Valid Loss: 0.00270, EPS: 0.20800000000000002
Epoch: 88, Train Loss: 0.00175, Valid Loss: 0.00270, EPS: 0.199
Epoch: 89, Train Loss: 0.00175, Valid Loss: 0.00271, EPS: 0.19
Epoch: 90, Train Loss: 0.00175, Valid Loss: 0.00271, EPS: 0.181
Epoch: 91, Train Loss: 0.00174, Valid Loss: 0.00270, EPS: 0.172
Epoch: 92, Train Loss: 0.00174, Valid Loss: 0.00271, EPS: 0.16299999999999998
Epoch: 93, Train Loss: 0.00174, Valid Loss: 0.00271, EPS: 0.15400000000000005
Epoch: 94, Train Loss: 0.00174, Valid Loss: 0.00271, EPS: 0.14500000000000005
Epoch: 95, Train Loss: 0.00174, Valid Loss: 0.00270, EPS: 0.13600000000000004
Epoch: 96, Train Loss: 0.00174, Valid Loss: 0.00271, EPS: 0.12700000000000003
Epoch: 97, Train Loss: 0.00174, Valid Loss: 0.00271, EPS: 0.11800000000000002
Epoch: 98, Train Loss: 0.00174, Valid Loss: 0.00270, EPS: 0.10900000000000001
Epoch: 99, Train Loss: 0.00174, Valid Loss: 0.00271, EPS: 0.1
Test Loss: 0.00271
Test Loss: 0.00262
Running context window: 5 with stride: 10 with seed: 42
torch.Size([2806, 5, 64, 32])
torch.Size([935, 5, 64, 32])
torch.Size([937, 5, 64, 32])
Shape: (5, 144, 72)
Epoch: 0, Train Loss: 0.00752, Valid Loss: 0.00537, EPS: 0.991
Epoch: 1, Train Loss: 0.00473, Valid Loss: 0.00446, EPS: 0.982
Epoch: 2, Train Loss: 0.00393, Valid Loss: 0.00407, EPS: 0.973
Epoch: 3, Train Loss: 0.00340, Valid Loss: 0.00373, EPS: 0.964
Epoch: 4, Train Loss: 0.00305, Valid Loss: 0.00356, EPS: 0.955
Epoch: 5, Train Loss: 0.00279, Valid Loss: 0.00341, EPS: 0.946
Epoch: 6, Train Loss: 0.00260, Valid Loss: 0.00332, EPS: 0.9369999999999999
Epoch: 7, Train Loss: 0.00249, Valid Loss: 0.00326, EPS: 0.928
Epoch: 8, Train Loss: 0.00239, Valid Loss: 0.00323, EPS: 0.919
Epoch: 9, Train Loss: 0.00237, Valid Loss: 0.00321, EPS: 0.91
Epoch: 10, Train Loss: 0.00233, Valid Loss: 0.00316, EPS: 0.901
Epoch: 11, Train Loss: 0.00225, Valid Loss: 0.00316, EPS: 0.892
Epoch: 12, Train Loss: 0.00222, Valid Loss: 0.00316, EPS: 0.883
Epoch: 13, Train Loss: 0.00219, Valid Loss: 0.00312, EPS: 0.874
Epoch: 14, Train Loss: 0.00217, Valid Loss: 0.00315, EPS: 0.865
Epoch: 15, Train Loss: 0.00217, Valid Loss: 0.00314, EPS: 0.856
Epoch: 16, Train Loss: 0.00220, Valid Loss: 0.00315, EPS: 0.847
Epoch: 17, Train Loss: 0.00218, Valid Loss: 0.00310, EPS: 0.8380000000000001
Epoch: 18, Train Loss: 0.00216, Valid Loss: 0.00316, EPS: 0.8290000000000001
Epoch: 19, Train Loss: 0.00219, Valid Loss: 0.00317, EPS: 0.8200000000000001
Epoch: 20, Train Loss: 0.00216, Valid Loss: 0.00317, EPS: 0.811
Epoch: 21, Train Loss: 0.00218, Valid Loss: 0.00312, EPS: 0.802
Epoch: 22, Train Loss: 0.00216, Valid Loss: 0.00311, EPS: 0.793
Epoch: 23, Train Loss: 0.00213, Valid Loss: 0.00307, EPS: 0.784
Epoch: 24, Train Loss: 0.00212, Valid Loss: 0.00309, EPS: 0.775
Epoch: 25, Train Loss: 0.00210, Valid Loss: 0.00308, EPS: 0.766
Epoch: 26, Train Loss: 0.00210, Valid Loss: 0.00311, EPS: 0.757
Epoch: 27, Train Loss: 0.00206, Valid Loss: 0.00308, EPS: 0.748
Epoch: 28, Train Loss: 0.00206, Valid Loss: 0.00308, EPS: 0.739
Epoch: 29, Train Loss: 0.00207, Valid Loss: 0.00307, EPS: 0.73
Epoch: 30, Train Loss: 0.00207, Valid Loss: 0.00310, EPS: 0.721
Epoch: 31, Train Loss: 0.00208, Valid Loss: 0.00310, EPS: 0.712
Epoch: 32, Train Loss: 0.00208, Valid Loss: 0.00311, EPS: 0.703
Epoch: 33, Train Loss: 0.00208, Valid Loss: 0.00308, EPS: 0.694
Epoch: 34, Train Loss: 0.00207, Valid Loss: 0.00311, EPS: 0.685
Epoch: 35, Train Loss: 0.00205, Valid Loss: 0.00308, EPS: 0.676
Epoch: 36, Train Loss: 0.00205, Valid Loss: 0.00305, EPS: 0.667
Epoch: 37, Train Loss: 0.00203, Valid Loss: 0.00306, EPS: 0.658
Epoch: 38, Train Loss: 0.00203, Valid Loss: 0.00309, EPS: 0.649
Epoch: 39, Train Loss: 0.00204, Valid Loss: 0.00308, EPS: 0.64
Epoch: 40, Train Loss: 0.00203, Valid Loss: 0.00305, EPS: 0.6310000000000001
Epoch: 41, Train Loss: 0.00201, Valid Loss: 0.00307, EPS: 0.6220000000000001
Epoch: 42, Train Loss: 0.00205, Valid Loss: 0.00310, EPS: 0.6130000000000001
Epoch: 43, Train Loss: 0.00203, Valid Loss: 0.00310, EPS: 0.6040000000000001
Epoch: 44, Train Loss: 0.00200, Valid Loss: 0.00308, EPS: 0.5950000000000001
Epoch: 45, Train Loss: 0.00202, Valid Loss: 0.00310, EPS: 0.5860000000000001
Epoch: 46, Train Loss: 0.00202, Valid Loss: 0.00304, EPS: 0.5770000000000001
Epoch: 47, Train Loss: 0.00199, Valid Loss: 0.00309, EPS: 0.5680000000000001
Epoch: 48, Train Loss: 0.00202, Valid Loss: 0.00309, EPS: 0.559
Epoch: 49, Train Loss: 0.00201, Valid Loss: 0.00307, EPS: 0.55
Epoch: 50, Train Loss: 0.00201, Valid Loss: 0.00309, EPS: 0.541
Epoch: 51, Train Loss: 0.00201, Valid Loss: 0.00308, EPS: 0.532
Epoch: 52, Train Loss: 0.00202, Valid Loss: 0.00304, EPS: 0.523
Epoch: 53, Train Loss: 0.00201, Valid Loss: 0.00307, EPS: 0.514
Epoch: 54, Train Loss: 0.00201, Valid Loss: 0.00309, EPS: 0.505
Epoch: 55, Train Loss: 0.00202, Valid Loss: 0.00309, EPS: 0.496
Epoch: 56, Train Loss: 0.00200, Valid Loss: 0.00304, EPS: 0.4870000000000001
Epoch: 57, Train Loss: 0.00202, Valid Loss: 0.00309, EPS: 0.4780000000000001
Epoch: 58, Train Loss: 0.00187, Valid Loss: 0.00301, EPS: 0.4690000000000001
Epoch: 59, Train Loss: 0.00177, Valid Loss: 0.00295, EPS: 0.4600000000000001
Epoch: 60, Train Loss: 0.00169, Valid Loss: 0.00290, EPS: 0.45100000000000007
Epoch: 61, Train Loss: 0.00164, Valid Loss: 0.00290, EPS: 0.44200000000000006
Epoch: 62, Train Loss: 0.00161, Valid Loss: 0.00290, EPS: 0.43300000000000005
Epoch: 63, Train Loss: 0.00159, Valid Loss: 0.00288, EPS: 0.42400000000000004
Epoch: 64, Train Loss: 0.00157, Valid Loss: 0.00287, EPS: 0.41500000000000004
Epoch: 65, Train Loss: 0.00155, Valid Loss: 0.00286, EPS: 0.406
Epoch: 66, Train Loss: 0.00155, Valid Loss: 0.00285, EPS: 0.397
Epoch: 67, Train Loss: 0.00154, Valid Loss: 0.00287, EPS: 0.388
Epoch: 68, Train Loss: 0.00153, Valid Loss: 0.00287, EPS: 0.3790000000000001
Epoch: 69, Train Loss: 0.00152, Valid Loss: 0.00286, EPS: 0.3700000000000001
Epoch: 70, Train Loss: 0.00151, Valid Loss: 0.00286, EPS: 0.3610000000000001
Epoch: 71, Train Loss: 0.00151, Valid Loss: 0.00287, EPS: 0.3520000000000001
Epoch: 72, Train Loss: 0.00150, Valid Loss: 0.00286, EPS: 0.343
Epoch: 73, Train Loss: 0.00149, Valid Loss: 0.00286, EPS: 0.334
Epoch: 74, Train Loss: 0.00149, Valid Loss: 0.00287, EPS: 0.325
Epoch: 75, Train Loss: 0.00147, Valid Loss: 0.00287, EPS: 0.316
Epoch: 76, Train Loss: 0.00147, Valid Loss: 0.00286, EPS: 0.307
Epoch: 77, Train Loss: 0.00146, Valid Loss: 0.00286, EPS: 0.298
Epoch: 78, Train Loss: 0.00144, Valid Loss: 0.00286, EPS: 0.289
Epoch: 79, Train Loss: 0.00144, Valid Loss: 0.00287, EPS: 0.27999999999999997
Epoch: 80, Train Loss: 0.00143, Valid Loss: 0.00285, EPS: 0.27099999999999996
Epoch: 81, Train Loss: 0.00142, Valid Loss: 0.00287, EPS: 0.26200000000000007
Epoch: 82, Train Loss: 0.00143, Valid Loss: 0.00286, EPS: 0.25300000000000006
Epoch: 83, Train Loss: 0.00142, Valid Loss: 0.00284, EPS: 0.24400000000000005
Epoch: 84, Train Loss: 0.00143, Valid Loss: 0.00285, EPS: 0.23500000000000004
Epoch: 85, Train Loss: 0.00142, Valid Loss: 0.00286, EPS: 0.22600000000000003
Epoch: 86, Train Loss: 0.00142, Valid Loss: 0.00286, EPS: 0.21700000000000003
Epoch: 87, Train Loss: 0.00141, Valid Loss: 0.00285, EPS: 0.20800000000000002
Epoch: 88, Train Loss: 0.00142, Valid Loss: 0.00287, EPS: 0.199
Epoch: 89, Train Loss: 0.00142, Valid Loss: 0.00285, EPS: 0.19
Epoch: 90, Train Loss: 0.00142, Valid Loss: 0.00286, EPS: 0.181
Epoch: 91, Train Loss: 0.00142, Valid Loss: 0.00286, EPS: 0.172
Epoch: 92, Train Loss: 0.00141, Valid Loss: 0.00285, EPS: 0.16299999999999998
Epoch: 93, Train Loss: 0.00141, Valid Loss: 0.00285, EPS: 0.15400000000000005
Epoch: 94, Train Loss: 0.00142, Valid Loss: 0.00286, EPS: 0.14500000000000005
Epoch: 95, Train Loss: 0.00141, Valid Loss: 0.00286, EPS: 0.13600000000000004
Epoch: 96, Train Loss: 0.00141, Valid Loss: 0.00287, EPS: 0.12700000000000003
Epoch: 97, Train Loss: 0.00140, Valid Loss: 0.00288, EPS: 0.11800000000000002
Epoch: 98, Train Loss: 0.00141, Valid Loss: 0.00285, EPS: 0.10900000000000001
Epoch: 99, Train Loss: 0.00141, Valid Loss: 0.00285, EPS: 0.1
Test Loss: 0.00286
Test Loss: 0.00282
Running context window: 5 with stride: 5 with seed: 123
torch.Size([2806, 5, 64, 32])
torch.Size([935, 5, 64, 32])
torch.Size([937, 5, 64, 32])
Shape: (5, 144, 72)
Epoch: 0, Train Loss: 0.00642, Valid Loss: 0.00452, EPS: 0.991
Epoch: 1, Train Loss: 0.00403, Valid Loss: 0.00386, EPS: 0.982
Epoch: 2, Train Loss: 0.00334, Valid Loss: 0.00343, EPS: 0.973
Epoch: 3, Train Loss: 0.00297, Valid Loss: 0.00325, EPS: 0.964
Epoch: 4, Train Loss: 0.00280, Valid Loss: 0.00318, EPS: 0.955
Epoch: 5, Train Loss: 0.00272, Valid Loss: 0.00314, EPS: 0.946
Epoch: 6, Train Loss: 0.00267, Valid Loss: 0.00308, EPS: 0.9369999999999999
Epoch: 7, Train Loss: 0.00263, Valid Loss: 0.00306, EPS: 0.928
Epoch: 8, Train Loss: 0.00262, Valid Loss: 0.00308, EPS: 0.919
Epoch: 9, Train Loss: 0.00261, Valid Loss: 0.00307, EPS: 0.91
Epoch: 10, Train Loss: 0.00261, Valid Loss: 0.00308, EPS: 0.901
Epoch: 11, Train Loss: 0.00260, Valid Loss: 0.00302, EPS: 0.892
Epoch: 12, Train Loss: 0.00258, Valid Loss: 0.00301, EPS: 0.883
Epoch: 13, Train Loss: 0.00257, Valid Loss: 0.00299, EPS: 0.874
Epoch: 14, Train Loss: 0.00256, Valid Loss: 0.00302, EPS: 0.865
Epoch: 15, Train Loss: 0.00255, Valid Loss: 0.00301, EPS: 0.856
Epoch: 16, Train Loss: 0.00253, Valid Loss: 0.00299, EPS: 0.847
Epoch: 17, Train Loss: 0.00254, Valid Loss: 0.00301, EPS: 0.8380000000000001
Epoch: 18, Train Loss: 0.00254, Valid Loss: 0.00302, EPS: 0.8290000000000001
Epoch: 19, Train Loss: 0.00254, Valid Loss: 0.00302, EPS: 0.8200000000000001
Epoch: 20, Train Loss: 0.00252, Valid Loss: 0.00300, EPS: 0.811
Epoch: 21, Train Loss: 0.00251, Valid Loss: 0.00298, EPS: 0.802
Epoch: 22, Train Loss: 0.00252, Valid Loss: 0.00298, EPS: 0.793
Epoch: 23, Train Loss: 0.00253, Valid Loss: 0.00300, EPS: 0.784
Epoch: 24, Train Loss: 0.00250, Valid Loss: 0.00299, EPS: 0.775
Epoch: 25, Train Loss: 0.00253, Valid Loss: 0.00300, EPS: 0.766
Epoch: 26, Train Loss: 0.00251, Valid Loss: 0.00301, EPS: 0.757
Epoch: 27, Train Loss: 0.00250, Valid Loss: 0.00298, EPS: 0.748
Epoch: 28, Train Loss: 0.00248, Valid Loss: 0.00300, EPS: 0.739
Epoch: 29, Train Loss: 0.00249, Valid Loss: 0.00298, EPS: 0.73
Epoch: 30, Train Loss: 0.00248, Valid Loss: 0.00297, EPS: 0.721
Epoch: 31, Train Loss: 0.00248, Valid Loss: 0.00294, EPS: 0.712
Epoch: 32, Train Loss: 0.00248, Valid Loss: 0.00297, EPS: 0.703
Epoch: 33, Train Loss: 0.00246, Valid Loss: 0.00297, EPS: 0.694
Epoch: 34, Train Loss: 0.00247, Valid Loss: 0.00299, EPS: 0.685
Epoch: 35, Train Loss: 0.00247, Valid Loss: 0.00294, EPS: 0.676
Epoch: 36, Train Loss: 0.00246, Valid Loss: 0.00296, EPS: 0.667
Epoch: 37, Train Loss: 0.00246, Valid Loss: 0.00295, EPS: 0.658
Epoch: 38, Train Loss: 0.00244, Valid Loss: 0.00297, EPS: 0.649
Epoch: 39, Train Loss: 0.00246, Valid Loss: 0.00292, EPS: 0.64
Epoch: 40, Train Loss: 0.00246, Valid Loss: 0.00296, EPS: 0.6310000000000001
Epoch: 41, Train Loss: 0.00245, Valid Loss: 0.00297, EPS: 0.6220000000000001
Epoch: 42, Train Loss: 0.00245, Valid Loss: 0.00297, EPS: 0.6130000000000001
Epoch: 43, Train Loss: 0.00247, Valid Loss: 0.00297, EPS: 0.6040000000000001
Epoch: 44, Train Loss: 0.00246, Valid Loss: 0.00296, EPS: 0.5950000000000001
Epoch: 45, Train Loss: 0.00246, Valid Loss: 0.00296, EPS: 0.5860000000000001
Epoch: 46, Train Loss: 0.00246, Valid Loss: 0.00296, EPS: 0.5770000000000001
Epoch: 47, Train Loss: 0.00247, Valid Loss: 0.00295, EPS: 0.5680000000000001
Epoch: 48, Train Loss: 0.00245, Valid Loss: 0.00297, EPS: 0.559
Epoch: 49, Train Loss: 0.00243, Valid Loss: 0.00294, EPS: 0.55
Epoch: 50, Train Loss: 0.00245, Valid Loss: 0.00294, EPS: 0.541
Epoch: 51, Train Loss: 0.00224, Valid Loss: 0.00284, EPS: 0.532
Epoch: 52, Train Loss: 0.00212, Valid Loss: 0.00278, EPS: 0.523
Epoch: 53, Train Loss: 0.00206, Valid Loss: 0.00274, EPS: 0.514
Epoch: 54, Train Loss: 0.00202, Valid Loss: 0.00273, EPS: 0.505
Epoch: 55, Train Loss: 0.00201, Valid Loss: 0.00274, EPS: 0.496
Epoch: 56, Train Loss: 0.00199, Valid Loss: 0.00272, EPS: 0.4870000000000001
Epoch: 57, Train Loss: 0.00199, Valid Loss: 0.00272, EPS: 0.4780000000000001
Epoch: 58, Train Loss: 0.00197, Valid Loss: 0.00271, EPS: 0.4690000000000001
Epoch: 59, Train Loss: 0.00197, Valid Loss: 0.00271, EPS: 0.4600000000000001
Epoch: 60, Train Loss: 0.00196, Valid Loss: 0.00271, EPS: 0.45100000000000007
Epoch: 61, Train Loss: 0.00196, Valid Loss: 0.00271, EPS: 0.44200000000000006
Epoch: 62, Train Loss: 0.00195, Valid Loss: 0.00271, EPS: 0.43300000000000005
Epoch: 63, Train Loss: 0.00195, Valid Loss: 0.00270, EPS: 0.42400000000000004
Epoch: 64, Train Loss: 0.00194, Valid Loss: 0.00270, EPS: 0.41500000000000004
Epoch: 65, Train Loss: 0.00193, Valid Loss: 0.00271, EPS: 0.406
Epoch: 66, Train Loss: 0.00193, Valid Loss: 0.00271, EPS: 0.397
Epoch: 67, Train Loss: 0.00192, Valid Loss: 0.00270, EPS: 0.388
Epoch: 68, Train Loss: 0.00190, Valid Loss: 0.00269, EPS: 0.3790000000000001
Epoch: 69, Train Loss: 0.00189, Valid Loss: 0.00270, EPS: 0.3700000000000001
Epoch: 70, Train Loss: 0.00188, Valid Loss: 0.00270, EPS: 0.3610000000000001
Epoch: 71, Train Loss: 0.00187, Valid Loss: 0.00270, EPS: 0.3520000000000001
Epoch: 72, Train Loss: 0.00186, Valid Loss: 0.00271, EPS: 0.343
Epoch: 73, Train Loss: 0.00185, Valid Loss: 0.00270, EPS: 0.334
Epoch: 74, Train Loss: 0.00184, Valid Loss: 0.00271, EPS: 0.325
Epoch: 75, Train Loss: 0.00184, Valid Loss: 0.00271, EPS: 0.316
Epoch: 76, Train Loss: 0.00184, Valid Loss: 0.00271, EPS: 0.307
Epoch: 77, Train Loss: 0.00183, Valid Loss: 0.00271, EPS: 0.298
Epoch: 78, Train Loss: 0.00182, Valid Loss: 0.00270, EPS: 0.289
Epoch: 79, Train Loss: 0.00182, Valid Loss: 0.00271, EPS: 0.27999999999999997
Epoch: 80, Train Loss: 0.00177, Valid Loss: 0.00270, EPS: 0.27099999999999996
Epoch: 81, Train Loss: 0.00175, Valid Loss: 0.00268, EPS: 0.26200000000000007
Epoch: 82, Train Loss: 0.00174, Valid Loss: 0.00270, EPS: 0.25300000000000006
Epoch: 83, Train Loss: 0.00174, Valid Loss: 0.00269, EPS: 0.24400000000000005
Epoch: 84, Train Loss: 0.00173, Valid Loss: 0.00269, EPS: 0.23500000000000004
Epoch: 85, Train Loss: 0.00173, Valid Loss: 0.00269, EPS: 0.22600000000000003
Epoch: 86, Train Loss: 0.00173, Valid Loss: 0.00269, EPS: 0.21700000000000003
Epoch: 87, Train Loss: 0.00173, Valid Loss: 0.00268, EPS: 0.20800000000000002
Epoch: 88, Train Loss: 0.00173, Valid Loss: 0.00269, EPS: 0.199
Epoch: 89, Train Loss: 0.00173, Valid Loss: 0.00268, EPS: 0.19
Epoch: 90, Train Loss: 0.00172, Valid Loss: 0.00269, EPS: 0.181
Epoch: 91, Train Loss: 0.00172, Valid Loss: 0.00269, EPS: 0.172
Epoch: 92, Train Loss: 0.00172, Valid Loss: 0.00269, EPS: 0.16299999999999998
Epoch: 93, Train Loss: 0.00172, Valid Loss: 0.00268, EPS: 0.15400000000000005
Epoch: 94, Train Loss: 0.00171, Valid Loss: 0.00268, EPS: 0.14500000000000005
Epoch: 95, Train Loss: 0.00171, Valid Loss: 0.00269, EPS: 0.13600000000000004
Epoch: 96, Train Loss: 0.00171, Valid Loss: 0.00268, EPS: 0.12700000000000003
Epoch: 97, Train Loss: 0.00171, Valid Loss: 0.00269, EPS: 0.11800000000000002
Epoch: 98, Train Loss: 0.00171, Valid Loss: 0.00269, EPS: 0.10900000000000001
Epoch: 99, Train Loss: 0.00171, Valid Loss: 0.00269, EPS: 0.1
Test Loss: 0.00269
Test Loss: 0.00259
Running context window: 5 with stride: 10 with seed: 123
torch.Size([2806, 5, 64, 32])
torch.Size([935, 5, 64, 32])
torch.Size([937, 5, 64, 32])
Shape: (5, 144, 72)
Epoch: 0, Train Loss: 0.00729, Valid Loss: 0.00518, EPS: 0.991
Epoch: 1, Train Loss: 0.00465, Valid Loss: 0.00441, EPS: 0.982
Epoch: 2, Train Loss: 0.00385, Valid Loss: 0.00399, EPS: 0.973
Epoch: 3, Train Loss: 0.00331, Valid Loss: 0.00368, EPS: 0.964
Epoch: 4, Train Loss: 0.00298, Valid Loss: 0.00354, EPS: 0.955
Epoch: 5, Train Loss: 0.00277, Valid Loss: 0.00341, EPS: 0.946
Epoch: 6, Train Loss: 0.00262, Valid Loss: 0.00334, EPS: 0.9369999999999999
Epoch: 7, Train Loss: 0.00250, Valid Loss: 0.00324, EPS: 0.928
Epoch: 8, Train Loss: 0.00242, Valid Loss: 0.00323, EPS: 0.919
Epoch: 9, Train Loss: 0.00236, Valid Loss: 0.00317, EPS: 0.91
Epoch: 10, Train Loss: 0.00230, Valid Loss: 0.00319, EPS: 0.901
Epoch: 11, Train Loss: 0.00226, Valid Loss: 0.00315, EPS: 0.892
Epoch: 12, Train Loss: 0.00223, Valid Loss: 0.00311, EPS: 0.883
Epoch: 13, Train Loss: 0.00219, Valid Loss: 0.00316, EPS: 0.874
Epoch: 14, Train Loss: 0.00219, Valid Loss: 0.00314, EPS: 0.865
Epoch: 15, Train Loss: 0.00220, Valid Loss: 0.00317, EPS: 0.856
Epoch: 16, Train Loss: 0.00218, Valid Loss: 0.00311, EPS: 0.847
Epoch: 17, Train Loss: 0.00216, Valid Loss: 0.00311, EPS: 0.8380000000000001
Epoch: 18, Train Loss: 0.00216, Valid Loss: 0.00309, EPS: 0.8290000000000001
Epoch: 19, Train Loss: 0.00215, Valid Loss: 0.00310, EPS: 0.8200000000000001
Epoch: 20, Train Loss: 0.00212, Valid Loss: 0.00312, EPS: 0.811
Epoch: 21, Train Loss: 0.00213, Valid Loss: 0.00314, EPS: 0.802
Epoch: 22, Train Loss: 0.00212, Valid Loss: 0.00309, EPS: 0.793
Epoch: 23, Train Loss: 0.00210, Valid Loss: 0.00313, EPS: 0.784
Epoch: 24, Train Loss: 0.00213, Valid Loss: 0.00314, EPS: 0.775
Epoch: 25, Train Loss: 0.00211, Valid Loss: 0.00313, EPS: 0.766
Epoch: 26, Train Loss: 0.00211, Valid Loss: 0.00307, EPS: 0.757
Epoch: 27, Train Loss: 0.00209, Valid Loss: 0.00315, EPS: 0.748
Epoch: 28, Train Loss: 0.00209, Valid Loss: 0.00309, EPS: 0.739
Epoch: 29, Train Loss: 0.00209, Valid Loss: 0.00310, EPS: 0.73
Epoch: 30, Train Loss: 0.00208, Valid Loss: 0.00308, EPS: 0.721
Epoch: 31, Train Loss: 0.00206, Valid Loss: 0.00310, EPS: 0.712
Epoch: 32, Train Loss: 0.00204, Valid Loss: 0.00308, EPS: 0.703
Epoch: 33, Train Loss: 0.00207, Valid Loss: 0.00306, EPS: 0.694
Epoch: 34, Train Loss: 0.00205, Valid Loss: 0.00310, EPS: 0.685
Epoch: 35, Train Loss: 0.00206, Valid Loss: 0.00309, EPS: 0.676
Epoch: 36, Train Loss: 0.00204, Valid Loss: 0.00306, EPS: 0.667
Epoch: 37, Train Loss: 0.00205, Valid Loss: 0.00306, EPS: 0.658
Epoch: 38, Train Loss: 0.00202, Valid Loss: 0.00307, EPS: 0.649
Epoch: 39, Train Loss: 0.00207, Valid Loss: 0.00310, EPS: 0.64
Epoch: 40, Train Loss: 0.00204, Valid Loss: 0.00309, EPS: 0.6310000000000001
Epoch: 41, Train Loss: 0.00205, Valid Loss: 0.00312, EPS: 0.6220000000000001
Epoch: 42, Train Loss: 0.00202, Valid Loss: 0.00309, EPS: 0.6130000000000001
Epoch: 43, Train Loss: 0.00204, Valid Loss: 0.00311, EPS: 0.6040000000000001
Epoch: 44, Train Loss: 0.00203, Valid Loss: 0.00307, EPS: 0.5950000000000001
Epoch: 45, Train Loss: 0.00203, Valid Loss: 0.00312, EPS: 0.5860000000000001
Epoch: 46, Train Loss: 0.00203, Valid Loss: 0.00306, EPS: 0.5770000000000001
Epoch: 47, Train Loss: 0.00202, Valid Loss: 0.00306, EPS: 0.5680000000000001
Epoch: 48, Train Loss: 0.00200, Valid Loss: 0.00305, EPS: 0.559
Epoch: 49, Train Loss: 0.00200, Valid Loss: 0.00306, EPS: 0.55
Epoch: 50, Train Loss: 0.00201, Valid Loss: 0.00308, EPS: 0.541
Epoch: 51, Train Loss: 0.00201, Valid Loss: 0.00308, EPS: 0.532
Epoch: 52, Train Loss: 0.00202, Valid Loss: 0.00309, EPS: 0.523
Epoch: 53, Train Loss: 0.00205, Valid Loss: 0.00311, EPS: 0.514
Epoch: 54, Train Loss: 0.00201, Valid Loss: 0.00306, EPS: 0.505
Epoch: 55, Train Loss: 0.00200, Valid Loss: 0.00305, EPS: 0.496
Epoch: 56, Train Loss: 0.00198, Valid Loss: 0.00306, EPS: 0.4870000000000001
Epoch: 57, Train Loss: 0.00199, Valid Loss: 0.00309, EPS: 0.4780000000000001
Epoch: 58, Train Loss: 0.00200, Valid Loss: 0.00305, EPS: 0.4690000000000001
Epoch: 59, Train Loss: 0.00199, Valid Loss: 0.00306, EPS: 0.4600000000000001
Epoch: 60, Train Loss: 0.00200, Valid Loss: 0.00306, EPS: 0.45100000000000007
Epoch: 61, Train Loss: 0.00198, Valid Loss: 0.00307, EPS: 0.44200000000000006
Epoch: 62, Train Loss: 0.00201, Valid Loss: 0.00309, EPS: 0.43300000000000005
Epoch: 63, Train Loss: 0.00200, Valid Loss: 0.00311, EPS: 0.42400000000000004
Epoch: 64, Train Loss: 0.00202, Valid Loss: 0.00307, EPS: 0.41500000000000004
Epoch: 65, Train Loss: 0.00199, Valid Loss: 0.00310, EPS: 0.406
Epoch: 66, Train Loss: 0.00201, Valid Loss: 0.00310, EPS: 0.397
Epoch: 67, Train Loss: 0.00200, Valid Loss: 0.00308, EPS: 0.388
Epoch: 68, Train Loss: 0.00199, Valid Loss: 0.00305, EPS: 0.3790000000000001
Epoch: 69, Train Loss: 0.00197, Valid Loss: 0.00308, EPS: 0.3700000000000001
Epoch: 70, Train Loss: 0.00199, Valid Loss: 0.00307, EPS: 0.3610000000000001
Epoch: 71, Train Loss: 0.00197, Valid Loss: 0.00310, EPS: 0.3520000000000001
Epoch: 72, Train Loss: 0.00198, Valid Loss: 0.00311, EPS: 0.343
Epoch: 73, Train Loss: 0.00200, Valid Loss: 0.00308, EPS: 0.334
Epoch: 74, Train Loss: 0.00199, Valid Loss: 0.00307, EPS: 0.325
Epoch: 75, Train Loss: 0.00198, Valid Loss: 0.00308, EPS: 0.316
Epoch: 76, Train Loss: 0.00198, Valid Loss: 0.00305, EPS: 0.307
Epoch: 77, Train Loss: 0.00198, Valid Loss: 0.00306, EPS: 0.298
Epoch: 78, Train Loss: 0.00196, Valid Loss: 0.00307, EPS: 0.289
Epoch: 79, Train Loss: 0.00196, Valid Loss: 0.00307, EPS: 0.27999999999999997
Epoch: 80, Train Loss: 0.00184, Valid Loss: 0.00302, EPS: 0.27099999999999996
Epoch: 81, Train Loss: 0.00173, Valid Loss: 0.00296, EPS: 0.26200000000000007
Epoch: 82, Train Loss: 0.00168, Valid Loss: 0.00294, EPS: 0.25300000000000006
Epoch: 83, Train Loss: 0.00164, Valid Loss: 0.00291, EPS: 0.24400000000000005
Epoch: 84, Train Loss: 0.00160, Valid Loss: 0.00288, EPS: 0.23500000000000004
Epoch: 85, Train Loss: 0.00157, Valid Loss: 0.00289, EPS: 0.22600000000000003
Epoch: 86, Train Loss: 0.00155, Valid Loss: 0.00289, EPS: 0.21700000000000003
Epoch: 87, Train Loss: 0.00156, Valid Loss: 0.00288, EPS: 0.20800000000000002
Epoch: 88, Train Loss: 0.00155, Valid Loss: 0.00288, EPS: 0.199
Epoch: 89, Train Loss: 0.00153, Valid Loss: 0.00289, EPS: 0.19
Epoch: 90, Train Loss: 0.00153, Valid Loss: 0.00287, EPS: 0.181
Epoch: 91, Train Loss: 0.00152, Valid Loss: 0.00288, EPS: 0.172
Epoch: 92, Train Loss: 0.00151, Valid Loss: 0.00286, EPS: 0.16299999999999998
Epoch: 93, Train Loss: 0.00151, Valid Loss: 0.00289, EPS: 0.15400000000000005
Epoch: 94, Train Loss: 0.00150, Valid Loss: 0.00288, EPS: 0.14500000000000005
Epoch: 95, Train Loss: 0.00149, Valid Loss: 0.00287, EPS: 0.13600000000000004
Epoch: 96, Train Loss: 0.00148, Valid Loss: 0.00290, EPS: 0.12700000000000003
Epoch: 97, Train Loss: 0.00148, Valid Loss: 0.00289, EPS: 0.11800000000000002
Epoch: 98, Train Loss: 0.00147, Valid Loss: 0.00288, EPS: 0.10900000000000001
Epoch: 99, Train Loss: 0.00147, Valid Loss: 0.00289, EPS: 0.1
Test Loss: 0.00288
Test Loss: 0.00283
