nohup: ignoring input
torch.Size([14031, 5, 64, 32])
torch.Size([4677, 5, 64, 32])
torch.Size([4678, 5, 64, 32])
Shape: (5, 144, 72)
Fine Tuning Both
Starting Latent Downstream Task
MSE Loss Between Generated and Conditioned: 349209.3438
Epoch: 1, Loss: 1.0126
MSE Loss Between Generated and Conditioned: 73742.3750
Epoch: 2, Loss: 0.9155
MSE Loss Between Generated and Conditioned: 50899.5977
Epoch: 3, Loss: 0.8559
MSE Loss Between Generated and Conditioned: 38839.7930
Epoch: 4, Loss: 0.8063
MSE Loss Between Generated and Conditioned: 30971.6035
Epoch: 5, Loss: 0.7637
MSE Loss Between Generated and Conditioned: 25834.9824
Epoch: 6, Loss: 0.7273
MSE Loss Between Generated and Conditioned: 23316.1250
Epoch: 7, Loss: 0.6942
MSE Loss Between Generated and Conditioned: 19712.3262
Epoch: 8, Loss: 0.6650
MSE Loss Between Generated and Conditioned: 17633.5430
Epoch: 9, Loss: 0.6395
MSE Loss Between Generated and Conditioned: 15888.2441
Epoch: 10, Loss: 0.6164
MSE Loss Between Generated and Conditioned: 14257.6123
Epoch: 11, Loss: 0.5956
MSE Loss Between Generated and Conditioned: 13395.3877
Epoch: 12, Loss: 0.5767
MSE Loss Between Generated and Conditioned: 12753.8936
Epoch: 13, Loss: 0.5589
MSE Loss Between Generated and Conditioned: 9946.1445
Epoch: 14, Loss: 0.5419
MSE Loss Between Generated and Conditioned: 8142.8906
Epoch: 15, Loss: 0.5261
MSE Loss Between Generated and Conditioned: 8280.1670
Epoch: 16, Loss: 0.5111
MSE Loss Between Generated and Conditioned: 7409.3960
Epoch: 17, Loss: 0.4974
MSE Loss Between Generated and Conditioned: 6103.8218
Epoch: 18, Loss: 0.4844
MSE Loss Between Generated and Conditioned: 5184.6577
Epoch: 19, Loss: 0.4722
MSE Loss Between Generated and Conditioned: 4152.9678
Epoch: 20, Loss: 0.4611
MSE Loss Between Generated and Conditioned: 4070.2305
Epoch: 21, Loss: 0.4508
MSE Loss Between Generated and Conditioned: 4038.8474
Epoch: 22, Loss: 0.4413
MSE Loss Between Generated and Conditioned: 3858.2134
Epoch: 23, Loss: 0.4323
MSE Loss Between Generated and Conditioned: 3492.4595
Epoch: 24, Loss: 0.4238
MSE Loss Between Generated and Conditioned: 3448.7688
Epoch: 25, Loss: 0.4158
MSE Loss Between Generated and Conditioned: 3679.5906
Epoch: 26, Loss: 0.4086
MSE Loss Between Generated and Conditioned: 2828.7029
Epoch: 27, Loss: 0.4018
MSE Loss Between Generated and Conditioned: 2153.8650
Epoch: 28, Loss: 0.3951
MSE Loss Between Generated and Conditioned: 2224.4070
Epoch: 29, Loss: 0.3886
MSE Loss Between Generated and Conditioned: 1518.9149
Epoch: 30, Loss: 0.3823
MSE Loss Between Generated and Conditioned: 1578.8978
Epoch: 31, Loss: 0.3765
MSE Loss Between Generated and Conditioned: 1716.5048
Epoch: 32, Loss: 0.3709
MSE Loss Between Generated and Conditioned: 1668.4463
Epoch: 33, Loss: 0.3656
MSE Loss Between Generated and Conditioned: 1706.4160
Epoch: 34, Loss: 0.3607
MSE Loss Between Generated and Conditioned: 1348.6268
Epoch: 35, Loss: 0.3560
MSE Loss Between Generated and Conditioned: 1759.8656
Epoch: 36, Loss: 0.3514
MSE Loss Between Generated and Conditioned: 1527.3783
Epoch: 37, Loss: 0.3471
MSE Loss Between Generated and Conditioned: 1101.8785
Epoch: 38, Loss: 0.3429
MSE Loss Between Generated and Conditioned: 1194.5962
Epoch: 39, Loss: 0.3389
MSE Loss Between Generated and Conditioned: 798.8919
Epoch: 40, Loss: 0.3350
MSE Loss Between Generated and Conditioned: 969.4830
Epoch: 41, Loss: 0.3312
MSE Loss Between Generated and Conditioned: 904.4861
Epoch: 42, Loss: 0.3276
MSE Loss Between Generated and Conditioned: 873.4783
Epoch: 43, Loss: 0.3240
MSE Loss Between Generated and Conditioned: 977.9170
Epoch: 44, Loss: 0.3206
MSE Loss Between Generated and Conditioned: 905.2456
Epoch: 45, Loss: 0.3173
MSE Loss Between Generated and Conditioned: 828.3940
Epoch: 46, Loss: 0.3141
MSE Loss Between Generated and Conditioned: 849.4713
Epoch: 47, Loss: 0.3112
MSE Loss Between Generated and Conditioned: 658.0036
Epoch: 48, Loss: 0.3083
MSE Loss Between Generated and Conditioned: 555.9765
Epoch: 49, Loss: 0.3055
MSE Loss Between Generated and Conditioned: 461.9921
Epoch: 50, Loss: 0.3025
MSE Loss Between Generated and Conditioned: 370.9607
Epoch: 51, Loss: 0.2999
MSE Loss Between Generated and Conditioned: 324.0465
Epoch: 52, Loss: 0.2974
MSE Loss Between Generated and Conditioned: 393.8900
Epoch: 53, Loss: 0.2949
MSE Loss Between Generated and Conditioned: 332.4631
Epoch: 54, Loss: 0.2924
MSE Loss Between Generated and Conditioned: 426.9722
Epoch: 55, Loss: 0.2900
MSE Loss Between Generated and Conditioned: 459.3180
Epoch: 56, Loss: 0.2876
MSE Loss Between Generated and Conditioned: 545.9075
Epoch: 57, Loss: 0.2854
MSE Loss Between Generated and Conditioned: 223.0066
Epoch: 58, Loss: 0.2833
MSE Loss Between Generated and Conditioned: 263.5634
Epoch: 59, Loss: 0.2811
MSE Loss Between Generated and Conditioned: 243.8284
Epoch: 60, Loss: 0.2789
MSE Loss Between Generated and Conditioned: 210.5596
Epoch: 61, Loss: 0.2768
MSE Loss Between Generated and Conditioned: 386.9124
Epoch: 62, Loss: 0.2749
MSE Loss Between Generated and Conditioned: 272.5137
Epoch: 63, Loss: 0.2730
MSE Loss Between Generated and Conditioned: 365.3032
Epoch: 64, Loss: 0.2712
MSE Loss Between Generated and Conditioned: 233.7121
Epoch: 65, Loss: 0.2694
MSE Loss Between Generated and Conditioned: 226.7572
Epoch: 66, Loss: 0.2676
MSE Loss Between Generated and Conditioned: 257.3064
Epoch: 67, Loss: 0.2659
MSE Loss Between Generated and Conditioned: 129.0959
Epoch: 68, Loss: 0.2641
MSE Loss Between Generated and Conditioned: 155.0402
Epoch: 69, Loss: 0.2624
MSE Loss Between Generated and Conditioned: 86.9745
Epoch: 70, Loss: 0.2608
MSE Loss Between Generated and Conditioned: 79.7191
Epoch: 71, Loss: 0.2591
MSE Loss Between Generated and Conditioned: 143.8913
Epoch: 72, Loss: 0.2576
MSE Loss Between Generated and Conditioned: 126.5833
Epoch: 73, Loss: 0.2560
MSE Loss Between Generated and Conditioned: 124.2082
Epoch: 74, Loss: 0.2545
MSE Loss Between Generated and Conditioned: 103.0437
Epoch: 75, Loss: 0.2530
MSE Loss Between Generated and Conditioned: 131.5497
Epoch: 76, Loss: 0.2516
MSE Loss Between Generated and Conditioned: 90.3052
Epoch: 77, Loss: 0.2502
MSE Loss Between Generated and Conditioned: 25.4244
Epoch: 78, Loss: 0.2488
MSE Loss Between Generated and Conditioned: 55.6241
Epoch: 79, Loss: 0.2475
MSE Loss Between Generated and Conditioned: 75.1296
Epoch: 80, Loss: 0.2463
MSE Loss Between Generated and Conditioned: 85.4361
Epoch: 81, Loss: 0.2450
MSE Loss Between Generated and Conditioned: 112.1180
Epoch: 82, Loss: 0.2438
MSE Loss Between Generated and Conditioned: 44.0945
Epoch: 83, Loss: 0.2426
MSE Loss Between Generated and Conditioned: 52.0760
Epoch: 84, Loss: 0.2414
MSE Loss Between Generated and Conditioned: 30.2364
Epoch: 85, Loss: 0.2403
MSE Loss Between Generated and Conditioned: 82.2580
Epoch: 86, Loss: 0.2391
MSE Loss Between Generated and Conditioned: 58.1262
Epoch: 87, Loss: 0.2381
MSE Loss Between Generated and Conditioned: 113.5266
Epoch: 88, Loss: 0.2370
MSE Loss Between Generated and Conditioned: 103.8507
Epoch: 89, Loss: 0.2360
MSE Loss Between Generated and Conditioned: 22.1218
Epoch: 90, Loss: 0.2349
MSE Loss Between Generated and Conditioned: 59.9948
Epoch: 91, Loss: 0.2338
MSE Loss Between Generated and Conditioned: 45.9018
Epoch: 92, Loss: 0.2329
MSE Loss Between Generated and Conditioned: 28.8649
Epoch: 93, Loss: 0.2320
MSE Loss Between Generated and Conditioned: 21.4033
Epoch: 94, Loss: 0.2311
MSE Loss Between Generated and Conditioned: 53.5584
Epoch: 95, Loss: 0.2302
MSE Loss Between Generated and Conditioned: 23.7538
Epoch: 96, Loss: 0.2292
MSE Loss Between Generated and Conditioned: 17.6107
Epoch: 97, Loss: 0.2283
MSE Loss Between Generated and Conditioned: 23.2755
Epoch: 98, Loss: 0.2274
MSE Loss Between Generated and Conditioned: 39.6941
Epoch: 99, Loss: 0.2265
MSE Loss Between Generated and Conditioned: 16.1916
Epoch: 100, Loss: 0.2257
MSE Loss Between Generated and Conditioned: 27.6818
Epoch: 101, Loss: 0.2249
MSE Loss Between Generated and Conditioned: 32.0261
Epoch: 102, Loss: 0.2242
MSE Loss Between Generated and Conditioned: 26.0318
Epoch: 103, Loss: 0.2234
MSE Loss Between Generated and Conditioned: 42.4199
Epoch: 104, Loss: 0.2227
MSE Loss Between Generated and Conditioned: 18.9142
Epoch: 105, Loss: 0.2220
MSE Loss Between Generated and Conditioned: 15.9646
Epoch: 106, Loss: 0.2212
MSE Loss Between Generated and Conditioned: 20.7120
Epoch: 107, Loss: 0.2205
MSE Loss Between Generated and Conditioned: 31.1474
Epoch: 108, Loss: 0.2198
MSE Loss Between Generated and Conditioned: 16.7729
Epoch: 109, Loss: 0.2191
MSE Loss Between Generated and Conditioned: 8.5359
Epoch: 110, Loss: 0.2184
MSE Loss Between Generated and Conditioned: 8.2514
Epoch: 111, Loss: 0.2177
MSE Loss Between Generated and Conditioned: 32.2000
Epoch: 112, Loss: 0.2170
MSE Loss Between Generated and Conditioned: 36.1633
Epoch: 113, Loss: 0.2164
MSE Loss Between Generated and Conditioned: 9.5806
Epoch: 114, Loss: 0.2157
MSE Loss Between Generated and Conditioned: 13.9835
Epoch: 115, Loss: 0.2151
MSE Loss Between Generated and Conditioned: 18.5442
Epoch: 116, Loss: 0.2145
MSE Loss Between Generated and Conditioned: 32.1958
Epoch: 117, Loss: 0.2139
MSE Loss Between Generated and Conditioned: 19.7043
Epoch: 118, Loss: 0.2132
MSE Loss Between Generated and Conditioned: 10.4464
Epoch: 119, Loss: 0.2126
MSE Loss Between Generated and Conditioned: 26.4492
Epoch: 120, Loss: 0.2120
MSE Loss Between Generated and Conditioned: 21.0722
Epoch: 121, Loss: 0.2114
MSE Loss Between Generated and Conditioned: 7.7292
Epoch: 122, Loss: 0.2108
MSE Loss Between Generated and Conditioned: 11.1621
Epoch: 123, Loss: 0.2102
MSE Loss Between Generated and Conditioned: 25.7382
Epoch: 124, Loss: 0.2096
MSE Loss Between Generated and Conditioned: 10.7952
Epoch: 125, Loss: 0.2091
MSE Loss Between Generated and Conditioned: 8.9198
Epoch: 126, Loss: 0.2085
MSE Loss Between Generated and Conditioned: 8.9585
Epoch: 127, Loss: 0.2080
MSE Loss Between Generated and Conditioned: 12.2002
Epoch: 128, Loss: 0.2075
MSE Loss Between Generated and Conditioned: 29.2921
Epoch: 129, Loss: 0.2070
MSE Loss Between Generated and Conditioned: 6.4011
Epoch: 130, Loss: 0.2065
MSE Loss Between Generated and Conditioned: 20.0571
Epoch: 131, Loss: 0.2060
MSE Loss Between Generated and Conditioned: 11.5358
Epoch: 132, Loss: 0.2054
MSE Loss Between Generated and Conditioned: 6.1536
Epoch: 133, Loss: 0.2049
MSE Loss Between Generated and Conditioned: 8.0474
Epoch: 134, Loss: 0.2044
MSE Loss Between Generated and Conditioned: 11.7113
Epoch: 135, Loss: 0.2040
MSE Loss Between Generated and Conditioned: 13.8949
Epoch: 136, Loss: 0.2035
MSE Loss Between Generated and Conditioned: 6.9325
Epoch: 137, Loss: 0.2030
MSE Loss Between Generated and Conditioned: 10.7815
Epoch: 138, Loss: 0.2025
MSE Loss Between Generated and Conditioned: 10.4621
Epoch: 139, Loss: 0.2021
MSE Loss Between Generated and Conditioned: 7.8497
Epoch: 140, Loss: 0.2017
MSE Loss Between Generated and Conditioned: 9.7093
Epoch: 141, Loss: 0.2013
MSE Loss Between Generated and Conditioned: 11.9561
Epoch: 142, Loss: 0.2009
MSE Loss Between Generated and Conditioned: 15.6211
Epoch: 143, Loss: 0.2005
MSE Loss Between Generated and Conditioned: 7.6057
Epoch: 144, Loss: 0.2000
MSE Loss Between Generated and Conditioned: 7.7099
Epoch: 145, Loss: 0.1996
MSE Loss Between Generated and Conditioned: 11.9862
Epoch: 146, Loss: 0.1992
MSE Loss Between Generated and Conditioned: 6.2923
Epoch: 147, Loss: 0.1988
MSE Loss Between Generated and Conditioned: 9.0232
Epoch: 148, Loss: 0.1984
MSE Loss Between Generated and Conditioned: 12.5374
Epoch: 149, Loss: 0.1980
MSE Loss Between Generated and Conditioned: 5.3316
Epoch: 150, Loss: 0.1977
MSE Loss Between Generated and Conditioned: 5.1416
Epoch: 151, Loss: 0.1973
MSE Loss Between Generated and Conditioned: 7.6714
Epoch: 152, Loss: 0.1969
MSE Loss Between Generated and Conditioned: 7.2624
Epoch: 153, Loss: 0.1966
MSE Loss Between Generated and Conditioned: 4.3987
Epoch: 154, Loss: 0.1963
MSE Loss Between Generated and Conditioned: 6.2461
Epoch: 155, Loss: 0.1959
MSE Loss Between Generated and Conditioned: 6.4572
Epoch: 156, Loss: 0.1956
MSE Loss Between Generated and Conditioned: 4.8154
Epoch: 157, Loss: 0.1952
MSE Loss Between Generated and Conditioned: 4.7187
Epoch: 158, Loss: 0.1949
MSE Loss Between Generated and Conditioned: 5.8126
Epoch: 159, Loss: 0.1946
MSE Loss Between Generated and Conditioned: 4.2691
Epoch: 160, Loss: 0.1942
MSE Loss Between Generated and Conditioned: 6.7881
Epoch: 161, Loss: 0.1939
MSE Loss Between Generated and Conditioned: 3.6530
Epoch: 162, Loss: 0.1935
MSE Loss Between Generated and Conditioned: 5.0318
Epoch: 163, Loss: 0.1932
MSE Loss Between Generated and Conditioned: 1.8644
Epoch: 164, Loss: 0.1928
MSE Loss Between Generated and Conditioned: 2.8342
Epoch: 165, Loss: 0.1925
MSE Loss Between Generated and Conditioned: 5.6318
Epoch: 166, Loss: 0.1922
MSE Loss Between Generated and Conditioned: 3.1904
Epoch: 167, Loss: 0.1919
MSE Loss Between Generated and Conditioned: 2.6297
Epoch: 168, Loss: 0.1916
MSE Loss Between Generated and Conditioned: 3.5047
Epoch: 169, Loss: 0.1913
MSE Loss Between Generated and Conditioned: 7.0696
Epoch: 170, Loss: 0.1910
MSE Loss Between Generated and Conditioned: 2.9518
Epoch: 171, Loss: 0.1907
MSE Loss Between Generated and Conditioned: 6.9192
Epoch: 172, Loss: 0.1903
MSE Loss Between Generated and Conditioned: 4.7389
Epoch: 173, Loss: 0.1901
MSE Loss Between Generated and Conditioned: 3.2391
Epoch: 174, Loss: 0.1898
MSE Loss Between Generated and Conditioned: 4.1126
Epoch: 175, Loss: 0.1895
MSE Loss Between Generated and Conditioned: 4.8759
Epoch: 176, Loss: 0.1892
MSE Loss Between Generated and Conditioned: 6.0941
Epoch: 177, Loss: 0.1889
MSE Loss Between Generated and Conditioned: 4.0044
Epoch: 178, Loss: 0.1886
MSE Loss Between Generated and Conditioned: 4.7031
Epoch: 179, Loss: 0.1883
MSE Loss Between Generated and Conditioned: 2.9593
Epoch: 180, Loss: 0.1880
MSE Loss Between Generated and Conditioned: 4.0414
Epoch: 181, Loss: 0.1877
MSE Loss Between Generated and Conditioned: 6.5953
Epoch: 182, Loss: 0.1875
MSE Loss Between Generated and Conditioned: 1.6717
Epoch: 183, Loss: 0.1872
MSE Loss Between Generated and Conditioned: 4.2044
Epoch: 184, Loss: 0.1870
MSE Loss Between Generated and Conditioned: 2.5072
Epoch: 185, Loss: 0.1867
MSE Loss Between Generated and Conditioned: 3.2460
Epoch: 186, Loss: 0.1864
MSE Loss Between Generated and Conditioned: 2.0248
Epoch: 187, Loss: 0.1861
MSE Loss Between Generated and Conditioned: 4.4678
Epoch: 188, Loss: 0.1859
MSE Loss Between Generated and Conditioned: 6.1006
Epoch: 189, Loss: 0.1856
MSE Loss Between Generated and Conditioned: 2.0699
Epoch: 190, Loss: 0.1854
MSE Loss Between Generated and Conditioned: 4.3403
Epoch: 191, Loss: 0.1852
MSE Loss Between Generated and Conditioned: 3.0456
Epoch: 192, Loss: 0.1849
MSE Loss Between Generated and Conditioned: 3.3111
Epoch: 193, Loss: 0.1847
MSE Loss Between Generated and Conditioned: 3.1638
Epoch: 194, Loss: 0.1845
MSE Loss Between Generated and Conditioned: 3.0215
Epoch: 195, Loss: 0.1843
MSE Loss Between Generated and Conditioned: 4.5343
Epoch: 196, Loss: 0.1840
MSE Loss Between Generated and Conditioned: 3.7026
Epoch: 197, Loss: 0.1838
MSE Loss Between Generated and Conditioned: 3.3876
Epoch: 198, Loss: 0.1836
MSE Loss Between Generated and Conditioned: 2.3583
Epoch: 199, Loss: 0.1834
MSE Loss Between Generated and Conditioned: 4.0373
Epoch: 200, Loss: 0.1831
MSE Loss Between Generated and Conditioned: 2.3018
Epoch: 201, Loss: 0.1829
MSE Loss Between Generated and Conditioned: 1.9879
Epoch: 202, Loss: 0.1827
MSE Loss Between Generated and Conditioned: 3.5373
Epoch: 203, Loss: 0.1825
MSE Loss Between Generated and Conditioned: 1.9382
Epoch: 204, Loss: 0.1822
MSE Loss Between Generated and Conditioned: 1.6470
Epoch: 205, Loss: 0.1820
MSE Loss Between Generated and Conditioned: 7.3580
Epoch: 206, Loss: 0.1818
MSE Loss Between Generated and Conditioned: 3.1291
Epoch: 207, Loss: 0.1816
MSE Loss Between Generated and Conditioned: 1.8267
Epoch: 208, Loss: 0.1814
MSE Loss Between Generated and Conditioned: 1.8104
Epoch: 209, Loss: 0.1812
MSE Loss Between Generated and Conditioned: 3.6431
Epoch: 210, Loss: 0.1809
MSE Loss Between Generated and Conditioned: 2.4525
Epoch: 211, Loss: 0.1808
MSE Loss Between Generated and Conditioned: 2.2370
Epoch: 212, Loss: 0.1805
MSE Loss Between Generated and Conditioned: 2.2392
Epoch: 213, Loss: 0.1804
MSE Loss Between Generated and Conditioned: 1.2324
Epoch: 214, Loss: 0.1802
MSE Loss Between Generated and Conditioned: 1.9767
Epoch: 215, Loss: 0.1800
MSE Loss Between Generated and Conditioned: 2.4531
Epoch: 216, Loss: 0.1798
MSE Loss Between Generated and Conditioned: 3.0407
Epoch: 217, Loss: 0.1796
MSE Loss Between Generated and Conditioned: 2.5060
Epoch: 218, Loss: 0.1793
MSE Loss Between Generated and Conditioned: 2.1820
Epoch: 219, Loss: 0.1792
MSE Loss Between Generated and Conditioned: 1.5736
Epoch: 220, Loss: 0.1790
MSE Loss Between Generated and Conditioned: 1.4373
Epoch: 221, Loss: 0.1788
MSE Loss Between Generated and Conditioned: 1.8843
Epoch: 222, Loss: 0.1786
MSE Loss Between Generated and Conditioned: 2.3232
Epoch: 223, Loss: 0.1785
MSE Loss Between Generated and Conditioned: 1.5144
Epoch: 224, Loss: 0.1783
MSE Loss Between Generated and Conditioned: 4.2279
Epoch: 225, Loss: 0.1781
MSE Loss Between Generated and Conditioned: 3.2197
Epoch: 226, Loss: 0.1779
MSE Loss Between Generated and Conditioned: 2.4306
Epoch: 227, Loss: 0.1777
MSE Loss Between Generated and Conditioned: 1.1261
Epoch: 228, Loss: 0.1776
MSE Loss Between Generated and Conditioned: 2.7451
Epoch: 229, Loss: 0.1774
MSE Loss Between Generated and Conditioned: 1.3453
Epoch: 230, Loss: 0.1772
MSE Loss Between Generated and Conditioned: 2.1439
Epoch: 231, Loss: 0.1770
MSE Loss Between Generated and Conditioned: 1.3609
Epoch: 232, Loss: 0.1768
MSE Loss Between Generated and Conditioned: 2.2430
Epoch: 233, Loss: 0.1767
MSE Loss Between Generated and Conditioned: 1.6705
Epoch: 234, Loss: 0.1765
MSE Loss Between Generated and Conditioned: 2.6898
Epoch: 235, Loss: 0.1764
MSE Loss Between Generated and Conditioned: 3.4078
Epoch: 236, Loss: 0.1762
MSE Loss Between Generated and Conditioned: 1.6004
Epoch: 237, Loss: 0.1761
MSE Loss Between Generated and Conditioned: 1.6529
Epoch: 238, Loss: 0.1759
MSE Loss Between Generated and Conditioned: 1.6296
Epoch: 239, Loss: 0.1758
MSE Loss Between Generated and Conditioned: 1.5926
Epoch: 240, Loss: 0.1756
MSE Loss Between Generated and Conditioned: 2.0781
Epoch: 241, Loss: 0.1755
MSE Loss Between Generated and Conditioned: 1.3776
Epoch: 242, Loss: 0.1753
MSE Loss Between Generated and Conditioned: 2.1011
Epoch: 243, Loss: 0.1751
MSE Loss Between Generated and Conditioned: 1.2928
Epoch: 244, Loss: 0.1750
MSE Loss Between Generated and Conditioned: 1.4207
Epoch: 245, Loss: 0.1748
MSE Loss Between Generated and Conditioned: 1.1840
Epoch: 246, Loss: 0.1747
MSE Loss Between Generated and Conditioned: 1.5567
Epoch: 247, Loss: 0.1746
MSE Loss Between Generated and Conditioned: 1.1150
Epoch: 248, Loss: 0.1744
MSE Loss Between Generated and Conditioned: 1.0413
Epoch: 249, Loss: 0.1743
MSE Loss Between Generated and Conditioned: 1.6324
Epoch: 250, Loss: 0.1741
MSE Loss Between Generated and Conditioned: 3.3394
Epoch: 251, Loss: 0.1739
MSE Loss Between Generated and Conditioned: 1.1341
Epoch: 252, Loss: 0.1738
MSE Loss Between Generated and Conditioned: 1.3523
Epoch: 253, Loss: 0.1736
MSE Loss Between Generated and Conditioned: 1.3707
Epoch: 254, Loss: 0.1735
MSE Loss Between Generated and Conditioned: 1.2695
Epoch: 255, Loss: 0.1734
MSE Loss Between Generated and Conditioned: 1.5663
Epoch: 256, Loss: 0.1732
MSE Loss Between Generated and Conditioned: 1.6233
Epoch: 257, Loss: 0.1731
MSE Loss Between Generated and Conditioned: 1.5257
Epoch: 258, Loss: 0.1730
MSE Loss Between Generated and Conditioned: 1.0352
Epoch: 259, Loss: 0.1728
MSE Loss Between Generated and Conditioned: 1.8174
Epoch: 260, Loss: 0.1727
MSE Loss Between Generated and Conditioned: 1.6812
Epoch: 261, Loss: 0.1725
MSE Loss Between Generated and Conditioned: 1.8621
Epoch: 262, Loss: 0.1724
MSE Loss Between Generated and Conditioned: 1.6143
Epoch: 263, Loss: 0.1723
MSE Loss Between Generated and Conditioned: 1.0132
Epoch: 264, Loss: 0.1722
MSE Loss Between Generated and Conditioned: 2.8644
Epoch: 265, Loss: 0.1720
MSE Loss Between Generated and Conditioned: 1.1545
Epoch: 266, Loss: 0.1719
MSE Loss Between Generated and Conditioned: 1.0599
Epoch: 267, Loss: 0.1718
MSE Loss Between Generated and Conditioned: 1.5586
Epoch: 268, Loss: 0.1716
MSE Loss Between Generated and Conditioned: 1.1903
Epoch: 269, Loss: 0.1715
MSE Loss Between Generated and Conditioned: 2.6595
Epoch: 270, Loss: 0.1714
MSE Loss Between Generated and Conditioned: 1.6634
Epoch: 271, Loss: 0.1712
MSE Loss Between Generated and Conditioned: 1.3558
Epoch: 272, Loss: 0.1711
MSE Loss Between Generated and Conditioned: 1.4462
Epoch: 273, Loss: 0.1710
MSE Loss Between Generated and Conditioned: 1.0112
Epoch: 274, Loss: 0.1709
MSE Loss Between Generated and Conditioned: 1.4739
Epoch: 275, Loss: 0.1707
MSE Loss Between Generated and Conditioned: 1.0512
Epoch: 276, Loss: 0.1706
MSE Loss Between Generated and Conditioned: 1.0162
Epoch: 277, Loss: 0.1705
MSE Loss Between Generated and Conditioned: 1.2990
Epoch: 278, Loss: 0.1704
MSE Loss Between Generated and Conditioned: 1.1094
Epoch: 279, Loss: 0.1703
MSE Loss Between Generated and Conditioned: 1.0859
Epoch: 280, Loss: 0.1702
MSE Loss Between Generated and Conditioned: 1.0743
Epoch: 281, Loss: 0.1701
MSE Loss Between Generated and Conditioned: 1.3257
Epoch: 282, Loss: 0.1699
MSE Loss Between Generated and Conditioned: 1.3914
Epoch: 283, Loss: 0.1698
MSE Loss Between Generated and Conditioned: 1.1488
Epoch: 284, Loss: 0.1697
MSE Loss Between Generated and Conditioned: 1.1677
Epoch: 285, Loss: 0.1696
MSE Loss Between Generated and Conditioned: 1.1451
Epoch: 286, Loss: 0.1695
MSE Loss Between Generated and Conditioned: 1.1122
Epoch: 287, Loss: 0.1694
MSE Loss Between Generated and Conditioned: 1.5193
Epoch: 288, Loss: 0.1693
MSE Loss Between Generated and Conditioned: 1.4489
Epoch: 289, Loss: 0.1692
MSE Loss Between Generated and Conditioned: 1.3074
Epoch: 290, Loss: 0.1690
MSE Loss Between Generated and Conditioned: 1.2587
Epoch: 291, Loss: 0.1689
MSE Loss Between Generated and Conditioned: 1.3981
Epoch: 292, Loss: 0.1688
MSE Loss Between Generated and Conditioned: 1.0254
Epoch: 293, Loss: 0.1687
MSE Loss Between Generated and Conditioned: 1.1564
Epoch: 294, Loss: 0.1686
MSE Loss Between Generated and Conditioned: 1.0171
Epoch: 295, Loss: 0.1685
MSE Loss Between Generated and Conditioned: 1.0320
Epoch: 296, Loss: 0.1684
MSE Loss Between Generated and Conditioned: 1.0203
Epoch: 297, Loss: 0.1683
MSE Loss Between Generated and Conditioned: 1.0360
Epoch: 298, Loss: 0.1682
MSE Loss Between Generated and Conditioned: 1.0537
Epoch: 299, Loss: 0.1681
MSE Loss Between Generated and Conditioned: 1.2236
Epoch: 300, Loss: 0.1680
