torch.Size([14031, 5, 64, 32])
torch.Size([4677, 5, 64, 32])
torch.Size([4678, 5, 64, 32])
Shape: (5, 144, 72)
Fine Tuning Both
Starting Downstream Task
Shape: (5, 144, 72)
Epoch: 0, Train Loss: 0.01287, Valid Loss: 0.00963, EPS: 0.991
Epoch: 1, Train Loss: 0.00809, Valid Loss: 0.00755, EPS: 0.982
Epoch: 2, Train Loss: 0.00700, Valid Loss: 0.00728, EPS: 0.973
Epoch: 3, Train Loss: 0.00678, Valid Loss: 0.00705, EPS: 0.964
Epoch: 4, Train Loss: 0.00668, Valid Loss: 0.00697, EPS: 0.955
Epoch: 5, Train Loss: 0.00656, Valid Loss: 0.00695, EPS: 0.946
Epoch: 6, Train Loss: 0.00652, Valid Loss: 0.00684, EPS: 0.9369999999999999
Epoch: 7, Train Loss: 0.00647, Valid Loss: 0.00684, EPS: 0.928
Epoch: 8, Train Loss: 0.00643, Valid Loss: 0.00683, EPS: 0.919
Epoch: 9, Train Loss: 0.00641, Valid Loss: 0.00676, EPS: 0.91
Epoch: 10, Train Loss: 0.00638, Valid Loss: 0.00686, EPS: 0.901
Epoch: 11, Train Loss: 0.00635, Valid Loss: 0.00680, EPS: 0.892
Epoch: 12, Train Loss: 0.00633, Valid Loss: 0.00668, EPS: 0.883
Epoch: 13, Train Loss: 0.00633, Valid Loss: 0.00677, EPS: 0.874
Epoch: 14, Train Loss: 0.00633, Valid Loss: 0.00670, EPS: 0.865
Epoch: 15, Train Loss: 0.00631, Valid Loss: 0.00675, EPS: 0.856
Epoch: 16, Train Loss: 0.00627, Valid Loss: 0.00661, EPS: 0.847
Epoch: 17, Train Loss: 0.00628, Valid Loss: 0.00677, EPS: 0.8380000000000001
Epoch: 18, Train Loss: 0.00628, Valid Loss: 0.00672, EPS: 0.8290000000000001
Epoch: 19, Train Loss: 0.00628, Valid Loss: 0.00662, EPS: 0.8200000000000001
Epoch: 20, Train Loss: 0.00627, Valid Loss: 0.00675, EPS: 0.811
Epoch: 21, Train Loss: 0.00627, Valid Loss: 0.00667, EPS: 0.802
Epoch: 22, Train Loss: 0.00624, Valid Loss: 0.00676, EPS: 0.793
Epoch: 23, Train Loss: 0.00625, Valid Loss: 0.00662, EPS: 0.784
Epoch: 24, Train Loss: 0.00625, Valid Loss: 0.00668, EPS: 0.775
Epoch: 25, Train Loss: 0.00624, Valid Loss: 0.00669, EPS: 0.766
Epoch: 26, Train Loss: 0.00624, Valid Loss: 0.00668, EPS: 0.757
Epoch: 27, Train Loss: 0.00625, Valid Loss: 0.00667, EPS: 0.748
Epoch: 28, Train Loss: 0.00538, Valid Loss: 0.00557, EPS: 0.739
Epoch: 29, Train Loss: 0.00485, Valid Loss: 0.00542, EPS: 0.73
Epoch: 30, Train Loss: 0.00479, Valid Loss: 0.00538, EPS: 0.721
Epoch: 31, Train Loss: 0.00476, Valid Loss: 0.00534, EPS: 0.712
Epoch: 32, Train Loss: 0.00473, Valid Loss: 0.00532, EPS: 0.703
Epoch: 33, Train Loss: 0.00470, Valid Loss: 0.00531, EPS: 0.694
Epoch: 34, Train Loss: 0.00468, Valid Loss: 0.00526, EPS: 0.685
Epoch: 35, Train Loss: 0.00465, Valid Loss: 0.00523, EPS: 0.676
Epoch: 36, Train Loss: 0.00463, Valid Loss: 0.00522, EPS: 0.667
Epoch: 37, Train Loss: 0.00461, Valid Loss: 0.00517, EPS: 0.658
Epoch: 38, Train Loss: 0.00457, Valid Loss: 0.00520, EPS: 0.649
Epoch: 39, Train Loss: 0.00456, Valid Loss: 0.00515, EPS: 0.64
Epoch: 40, Train Loss: 0.00454, Valid Loss: 0.00513, EPS: 0.6310000000000001
Epoch: 41, Train Loss: 0.00453, Valid Loss: 0.00513, EPS: 0.6220000000000001
Epoch: 42, Train Loss: 0.00451, Valid Loss: 0.00511, EPS: 0.6130000000000001
Epoch: 43, Train Loss: 0.00450, Valid Loss: 0.00511, EPS: 0.6040000000000001
Epoch: 44, Train Loss: 0.00450, Valid Loss: 0.00507, EPS: 0.5950000000000001
Epoch: 45, Train Loss: 0.00448, Valid Loss: 0.00509, EPS: 0.5860000000000001
Epoch: 46, Train Loss: 0.00447, Valid Loss: 0.00509, EPS: 0.5770000000000001
Epoch: 47, Train Loss: 0.00447, Valid Loss: 0.00509, EPS: 0.5680000000000001
Epoch: 48, Train Loss: 0.00445, Valid Loss: 0.00506, EPS: 0.559
Epoch: 49, Train Loss: 0.00445, Valid Loss: 0.00508, EPS: 0.55
Epoch: 50, Train Loss: 0.00443, Valid Loss: 0.00508, EPS: 0.541
Epoch: 51, Train Loss: 0.00445, Valid Loss: 0.00509, EPS: 0.532
Epoch: 52, Train Loss: 0.00445, Valid Loss: 0.00505, EPS: 0.523
Epoch: 53, Train Loss: 0.00443, Valid Loss: 0.00509, EPS: 0.514
Epoch: 54, Train Loss: 0.00443, Valid Loss: 0.00506, EPS: 0.505
Epoch: 55, Train Loss: 0.00443, Valid Loss: 0.00506, EPS: 0.496
Epoch: 56, Train Loss: 0.00442, Valid Loss: 0.00508, EPS: 0.4870000000000001
Epoch: 57, Train Loss: 0.00442, Valid Loss: 0.00506, EPS: 0.4780000000000001
Epoch: 58, Train Loss: 0.00442, Valid Loss: 0.00507, EPS: 0.4690000000000001
Epoch: 59, Train Loss: 0.00440, Valid Loss: 0.00505, EPS: 0.4600000000000001
Epoch: 60, Train Loss: 0.00439, Valid Loss: 0.00506, EPS: 0.45100000000000007
Epoch: 61, Train Loss: 0.00440, Valid Loss: 0.00504, EPS: 0.44200000000000006
Epoch: 62, Train Loss: 0.00441, Valid Loss: 0.00508, EPS: 0.43300000000000005
Epoch: 63, Train Loss: 0.00439, Valid Loss: 0.00504, EPS: 0.42400000000000004
Epoch: 64, Train Loss: 0.00439, Valid Loss: 0.00508, EPS: 0.41500000000000004
Epoch: 65, Train Loss: 0.00439, Valid Loss: 0.00505, EPS: 0.406
Epoch: 66, Train Loss: 0.00439, Valid Loss: 0.00503, EPS: 0.397
Epoch: 67, Train Loss: 0.00438, Valid Loss: 0.00504, EPS: 0.388
Epoch: 68, Train Loss: 0.00438, Valid Loss: 0.00506, EPS: 0.3790000000000001
Epoch: 69, Train Loss: 0.00437, Valid Loss: 0.00507, EPS: 0.3700000000000001
Epoch: 70, Train Loss: 0.00436, Valid Loss: 0.00505, EPS: 0.3610000000000001
Epoch: 71, Train Loss: 0.00438, Valid Loss: 0.00505, EPS: 0.3520000000000001
Epoch: 72, Train Loss: 0.00436, Valid Loss: 0.00505, EPS: 0.343
Epoch: 73, Train Loss: 0.00437, Valid Loss: 0.00507, EPS: 0.334
Epoch: 74, Train Loss: 0.00437, Valid Loss: 0.00510, EPS: 0.325
Epoch: 75, Train Loss: 0.00437, Valid Loss: 0.00506, EPS: 0.316
Epoch: 76, Train Loss: 0.00436, Valid Loss: 0.00505, EPS: 0.307
Epoch: 77, Train Loss: 0.00436, Valid Loss: 0.00505, EPS: 0.298
Epoch: 78, Train Loss: 0.00413, Valid Loss: 0.00493, EPS: 0.289
Epoch: 79, Train Loss: 0.00405, Valid Loss: 0.00490, EPS: 0.27999999999999997
Epoch: 80, Train Loss: 0.00402, Valid Loss: 0.00491, EPS: 0.27099999999999996
Epoch: 81, Train Loss: 0.00401, Valid Loss: 0.00490, EPS: 0.26200000000000007
Epoch: 82, Train Loss: 0.00401, Valid Loss: 0.00492, EPS: 0.25300000000000006
Epoch: 83, Train Loss: 0.00399, Valid Loss: 0.00492, EPS: 0.24400000000000005
Epoch: 84, Train Loss: 0.00399, Valid Loss: 0.00493, EPS: 0.23500000000000004
Epoch: 85, Train Loss: 0.00398, Valid Loss: 0.00493, EPS: 0.22600000000000003
Epoch: 86, Train Loss: 0.00398, Valid Loss: 0.00493, EPS: 0.21700000000000003
Epoch: 87, Train Loss: 0.00398, Valid Loss: 0.00493, EPS: 0.20800000000000002
Epoch: 88, Train Loss: 0.00398, Valid Loss: 0.00493, EPS: 0.199
Epoch: 89, Train Loss: 0.00397, Valid Loss: 0.00494, EPS: 0.19
Epoch: 90, Train Loss: 0.00397, Valid Loss: 0.00493, EPS: 0.181
Epoch: 91, Train Loss: 0.00393, Valid Loss: 0.00493, EPS: 0.172
Epoch: 92, Train Loss: 0.00393, Valid Loss: 0.00495, EPS: 0.16299999999999998
Epoch: 93, Train Loss: 0.00392, Valid Loss: 0.00492, EPS: 0.15400000000000005
Epoch: 94, Train Loss: 0.00392, Valid Loss: 0.00493, EPS: 0.14500000000000005
Epoch: 95, Train Loss: 0.00392, Valid Loss: 0.00494, EPS: 0.13600000000000004
Epoch: 96, Train Loss: 0.00392, Valid Loss: 0.00493, EPS: 0.12700000000000003
Epoch: 97, Train Loss: 0.00392, Valid Loss: 0.00493, EPS: 0.11800000000000002
Epoch: 98, Train Loss: 0.00392, Valid Loss: 0.00492, EPS: 0.10900000000000001
Epoch: 99, Train Loss: 0.00392, Valid Loss: 0.00494, EPS: 0.1
Test Loss: 0.00494
Test Loss: 0.00492
Starting Latent Downstream Task
MSE Loss Between Generated and Conditioned: 251215.3750
Epoch: 1, Loss: 1.0068
MSE Loss Between Generated and Conditioned: 59164.0117
Epoch: 2, Loss: 0.9011
MSE Loss Between Generated and Conditioned: 33386.4180
Epoch: 3, Loss: 0.8223
MSE Loss Between Generated and Conditioned: 23443.4121
Epoch: 4, Loss: 0.7605
MSE Loss Between Generated and Conditioned: 21206.2441
Epoch: 5, Loss: 0.7084
MSE Loss Between Generated and Conditioned: 18861.0859
Epoch: 6, Loss: 0.6643
MSE Loss Between Generated and Conditioned: 15405.9248
Epoch: 7, Loss: 0.6288
MSE Loss Between Generated and Conditioned: 12896.9756
Epoch: 8, Loss: 0.5984
MSE Loss Between Generated and Conditioned: 11018.4434
Epoch: 9, Loss: 0.5727
MSE Loss Between Generated and Conditioned: 14361.0967
Epoch: 10, Loss: 0.5499
MSE Loss Between Generated and Conditioned: 6731.1782
Epoch: 11, Loss: 0.5295
MSE Loss Between Generated and Conditioned: 7420.5425
Epoch: 12, Loss: 0.5098
MSE Loss Between Generated and Conditioned: 6699.2476
Epoch: 13, Loss: 0.4916
MSE Loss Between Generated and Conditioned: 5095.6777
Epoch: 14, Loss: 0.4754
MSE Loss Between Generated and Conditioned: 4232.8159
Epoch: 15, Loss: 0.4605
MSE Loss Between Generated and Conditioned: 3029.3064
Epoch: 16, Loss: 0.4471
MSE Loss Between Generated and Conditioned: 3526.6133
Epoch: 17, Loss: 0.4349
MSE Loss Between Generated and Conditioned: 4016.5032
Epoch: 18, Loss: 0.4240
MSE Loss Between Generated and Conditioned: 3788.4109
Epoch: 19, Loss: 0.4144
MSE Loss Between Generated and Conditioned: 3241.7109
Epoch: 20, Loss: 0.4057
MSE Loss Between Generated and Conditioned: 3650.2019
Epoch: 21, Loss: 0.3970
MSE Loss Between Generated and Conditioned: 1909.6708
Epoch: 22, Loss: 0.3890
MSE Loss Between Generated and Conditioned: 2351.9595
Epoch: 23, Loss: 0.3817
MSE Loss Between Generated and Conditioned: 2548.8586
Epoch: 24, Loss: 0.3749
MSE Loss Between Generated and Conditioned: 2342.0229
Epoch: 25, Loss: 0.3685
MSE Loss Between Generated and Conditioned: 2677.9204
Epoch: 26, Loss: 0.3624
MSE Loss Between Generated and Conditioned: 3471.5125
Epoch: 27, Loss: 0.3567
MSE Loss Between Generated and Conditioned: 2777.8992
Epoch: 28, Loss: 0.3512
MSE Loss Between Generated and Conditioned: 2181.3496
Epoch: 29, Loss: 0.3461
MSE Loss Between Generated and Conditioned: 1948.6361
Epoch: 30, Loss: 0.3412
MSE Loss Between Generated and Conditioned: 1857.2426
Epoch: 31, Loss: 0.3366
MSE Loss Between Generated and Conditioned: 1653.0360
Epoch: 32, Loss: 0.3318
MSE Loss Between Generated and Conditioned: 1421.6108
Epoch: 33, Loss: 0.3273
MSE Loss Between Generated and Conditioned: 761.7648
Epoch: 34, Loss: 0.3232
MSE Loss Between Generated and Conditioned: 905.3781
Epoch: 35, Loss: 0.3190
MSE Loss Between Generated and Conditioned: 871.4653
Epoch: 36, Loss: 0.3152
MSE Loss Between Generated and Conditioned: 687.6533
Epoch: 37, Loss: 0.3116
MSE Loss Between Generated and Conditioned: 1314.4138
Epoch: 38, Loss: 0.3080
MSE Loss Between Generated and Conditioned: 1119.8440
Epoch: 39, Loss: 0.3047
MSE Loss Between Generated and Conditioned: 1274.3258
Epoch: 40, Loss: 0.3017
MSE Loss Between Generated and Conditioned: 633.0369
Epoch: 41, Loss: 0.2987
MSE Loss Between Generated and Conditioned: 869.8521
Epoch: 42, Loss: 0.2957
MSE Loss Between Generated and Conditioned: 667.4832
Epoch: 43, Loss: 0.2928
MSE Loss Between Generated and Conditioned: 453.6357
Epoch: 44, Loss: 0.2899
MSE Loss Between Generated and Conditioned: 938.0340
Epoch: 45, Loss: 0.2872
MSE Loss Between Generated and Conditioned: 497.8892
Epoch: 46, Loss: 0.2846
MSE Loss Between Generated and Conditioned: 644.9395
Epoch: 47, Loss: 0.2821
MSE Loss Between Generated and Conditioned: 588.3232
Epoch: 48, Loss: 0.2797
MSE Loss Between Generated and Conditioned: 593.4618
Epoch: 49, Loss: 0.2773
MSE Loss Between Generated and Conditioned: 434.9399
Epoch: 50, Loss: 0.2750
MSE Loss Between Generated and Conditioned: 621.4694
Epoch: 51, Loss: 0.2727
MSE Loss Between Generated and Conditioned: 505.1687
Epoch: 52, Loss: 0.2706
MSE Loss Between Generated and Conditioned: 347.3861
Epoch: 53, Loss: 0.2685
MSE Loss Between Generated and Conditioned: 280.5389
Epoch: 54, Loss: 0.2665
MSE Loss Between Generated and Conditioned: 302.1309
Epoch: 55, Loss: 0.2645
MSE Loss Between Generated and Conditioned: 366.2340
Epoch: 56, Loss: 0.2626
MSE Loss Between Generated and Conditioned: 256.7485
Epoch: 57, Loss: 0.2606
MSE Loss Between Generated and Conditioned: 145.7102
Epoch: 58, Loss: 0.2588
MSE Loss Between Generated and Conditioned: 108.4504
Epoch: 59, Loss: 0.2569
MSE Loss Between Generated and Conditioned: 121.4446
Epoch: 60, Loss: 0.2552
MSE Loss Between Generated and Conditioned: 182.6183
Epoch: 61, Loss: 0.2535
MSE Loss Between Generated and Conditioned: 171.6475
Epoch: 62, Loss: 0.2519
MSE Loss Between Generated and Conditioned: 151.3568
Epoch: 63, Loss: 0.2504
MSE Loss Between Generated and Conditioned: 110.0550
Epoch: 64, Loss: 0.2490
MSE Loss Between Generated and Conditioned: 172.0967
Epoch: 65, Loss: 0.2475
MSE Loss Between Generated and Conditioned: 158.1104
Epoch: 66, Loss: 0.2460
MSE Loss Between Generated and Conditioned: 115.9382
Epoch: 67, Loss: 0.2444
MSE Loss Between Generated and Conditioned: 122.6561
Epoch: 68, Loss: 0.2429
MSE Loss Between Generated and Conditioned: 137.9832
Epoch: 69, Loss: 0.2415
MSE Loss Between Generated and Conditioned: 76.5058
Epoch: 70, Loss: 0.2401
MSE Loss Between Generated and Conditioned: 110.3638
Epoch: 71, Loss: 0.2388
MSE Loss Between Generated and Conditioned: 73.6032
Epoch: 72, Loss: 0.2375
MSE Loss Between Generated and Conditioned: 101.4464
Epoch: 73, Loss: 0.2362
MSE Loss Between Generated and Conditioned: 57.4183
Epoch: 74, Loss: 0.2350
MSE Loss Between Generated and Conditioned: 79.6493
Epoch: 75, Loss: 0.2338
MSE Loss Between Generated and Conditioned: 63.5688
Epoch: 76, Loss: 0.2327
MSE Loss Between Generated and Conditioned: 95.7842
Epoch: 77, Loss: 0.2316
MSE Loss Between Generated and Conditioned: 78.4704
Epoch: 78, Loss: 0.2305
MSE Loss Between Generated and Conditioned: 46.1292
Epoch: 79, Loss: 0.2293
MSE Loss Between Generated and Conditioned: 50.2939
Epoch: 80, Loss: 0.2282
MSE Loss Between Generated and Conditioned: 62.8279
Epoch: 81, Loss: 0.2273
MSE Loss Between Generated and Conditioned: 33.9970
Epoch: 82, Loss: 0.2261
MSE Loss Between Generated and Conditioned: 45.5615
Epoch: 83, Loss: 0.2251
MSE Loss Between Generated and Conditioned: 85.5844
Epoch: 84, Loss: 0.2241
MSE Loss Between Generated and Conditioned: 68.6123
Epoch: 85, Loss: 0.2230
MSE Loss Between Generated and Conditioned: 64.4701
Epoch: 86, Loss: 0.2221
MSE Loss Between Generated and Conditioned: 35.6764
Epoch: 87, Loss: 0.2211
MSE Loss Between Generated and Conditioned: 25.6313
Epoch: 88, Loss: 0.2202
MSE Loss Between Generated and Conditioned: 32.4202
Epoch: 89, Loss: 0.2195
MSE Loss Between Generated and Conditioned: 33.4557
Epoch: 90, Loss: 0.2186
MSE Loss Between Generated and Conditioned: 31.5080
Epoch: 91, Loss: 0.2177
MSE Loss Between Generated and Conditioned: 46.6578
Epoch: 92, Loss: 0.2168
MSE Loss Between Generated and Conditioned: 24.7486
Epoch: 93, Loss: 0.2160
MSE Loss Between Generated and Conditioned: 18.7137
Epoch: 94, Loss: 0.2152
MSE Loss Between Generated and Conditioned: 43.7533
Epoch: 95, Loss: 0.2145
MSE Loss Between Generated and Conditioned: 26.4227
Epoch: 96, Loss: 0.2138
MSE Loss Between Generated and Conditioned: 17.3245
Epoch: 97, Loss: 0.2130
MSE Loss Between Generated and Conditioned: 13.9409
Epoch: 98, Loss: 0.2123
MSE Loss Between Generated and Conditioned: 36.1041
Epoch: 99, Loss: 0.2116
MSE Loss Between Generated and Conditioned: 23.7187
Epoch: 100, Loss: 0.2109
MSE Loss Between Generated and Conditioned: 55.9560
Epoch: 101, Loss: 0.2102
MSE Loss Between Generated and Conditioned: 18.1530
Epoch: 102, Loss: 0.2095
MSE Loss Between Generated and Conditioned: 11.0411
Epoch: 103, Loss: 0.2089
MSE Loss Between Generated and Conditioned: 23.0258
Epoch: 104, Loss: 0.2082
MSE Loss Between Generated and Conditioned: 26.4805
Epoch: 105, Loss: 0.2075
MSE Loss Between Generated and Conditioned: 9.2757
Epoch: 106, Loss: 0.2070
MSE Loss Between Generated and Conditioned: 17.7527
Epoch: 107, Loss: 0.2063
MSE Loss Between Generated and Conditioned: 27.4640
Epoch: 108, Loss: 0.2057
MSE Loss Between Generated and Conditioned: 19.9065
Epoch: 109, Loss: 0.2051
MSE Loss Between Generated and Conditioned: 14.8771
Epoch: 110, Loss: 0.2045
MSE Loss Between Generated and Conditioned: 12.6917
Epoch: 111, Loss: 0.2039
MSE Loss Between Generated and Conditioned: 10.9932
Epoch: 112, Loss: 0.2034
MSE Loss Between Generated and Conditioned: 15.2999
Epoch: 113, Loss: 0.2029
MSE Loss Between Generated and Conditioned: 21.8456
Epoch: 114, Loss: 0.2023
MSE Loss Between Generated and Conditioned: 23.0090
Epoch: 115, Loss: 0.2018
MSE Loss Between Generated and Conditioned: 10.6463
Epoch: 116, Loss: 0.2012
MSE Loss Between Generated and Conditioned: 8.4110
Epoch: 117, Loss: 0.2007
MSE Loss Between Generated and Conditioned: 11.1840
Epoch: 118, Loss: 0.2002
MSE Loss Between Generated and Conditioned: 7.4084
Epoch: 119, Loss: 0.1997
MSE Loss Between Generated and Conditioned: 11.1995
Epoch: 120, Loss: 0.1993
MSE Loss Between Generated and Conditioned: 14.7662
Epoch: 121, Loss: 0.1988
MSE Loss Between Generated and Conditioned: 16.7521
Epoch: 122, Loss: 0.1983
MSE Loss Between Generated and Conditioned: 11.2813
Epoch: 123, Loss: 0.1978
MSE Loss Between Generated and Conditioned: 8.0773
Epoch: 124, Loss: 0.1973
MSE Loss Between Generated and Conditioned: 7.6295
Epoch: 125, Loss: 0.1969
MSE Loss Between Generated and Conditioned: 11.7592
Epoch: 126, Loss: 0.1964
MSE Loss Between Generated and Conditioned: 10.0043
Epoch: 127, Loss: 0.1960
MSE Loss Between Generated and Conditioned: 9.6634
Epoch: 128, Loss: 0.1955
MSE Loss Between Generated and Conditioned: 8.7381
Epoch: 129, Loss: 0.1951
MSE Loss Between Generated and Conditioned: 11.7567
Epoch: 130, Loss: 0.1947
MSE Loss Between Generated and Conditioned: 8.7228
Epoch: 131, Loss: 0.1942
MSE Loss Between Generated and Conditioned: 9.3158
Epoch: 132, Loss: 0.1938
MSE Loss Between Generated and Conditioned: 8.9105
Epoch: 133, Loss: 0.1934
MSE Loss Between Generated and Conditioned: 14.7342
Epoch: 134, Loss: 0.1930
MSE Loss Between Generated and Conditioned: 9.6178
Epoch: 135, Loss: 0.1926
MSE Loss Between Generated and Conditioned: 5.5547
Epoch: 136, Loss: 0.1922
MSE Loss Between Generated and Conditioned: 6.6465
Epoch: 137, Loss: 0.1918
MSE Loss Between Generated and Conditioned: 7.7835
Epoch: 138, Loss: 0.1915
MSE Loss Between Generated and Conditioned: 6.8859
Epoch: 139, Loss: 0.1911
MSE Loss Between Generated and Conditioned: 12.7521
Epoch: 140, Loss: 0.1907
MSE Loss Between Generated and Conditioned: 7.4878
Epoch: 141, Loss: 0.1904
MSE Loss Between Generated and Conditioned: 10.4060
Epoch: 142, Loss: 0.1900
MSE Loss Between Generated and Conditioned: 5.9731
Epoch: 143, Loss: 0.1896
MSE Loss Between Generated and Conditioned: 8.8338
Epoch: 144, Loss: 0.1893
MSE Loss Between Generated and Conditioned: 6.1915
Epoch: 145, Loss: 0.1889
MSE Loss Between Generated and Conditioned: 8.2335
Epoch: 146, Loss: 0.1886
MSE Loss Between Generated and Conditioned: 4.0849
Epoch: 147, Loss: 0.1883
MSE Loss Between Generated and Conditioned: 9.9810
Epoch: 148, Loss: 0.1879
MSE Loss Between Generated and Conditioned: 5.1470
Epoch: 149, Loss: 0.1876
MSE Loss Between Generated and Conditioned: 5.7110
Epoch: 150, Loss: 0.1873
MSE Loss Between Generated and Conditioned: 4.2522
Epoch: 151, Loss: 0.1870
MSE Loss Between Generated and Conditioned: 2.3599
Epoch: 152, Loss: 0.1867
MSE Loss Between Generated and Conditioned: 3.5001
Epoch: 153, Loss: 0.1864
MSE Loss Between Generated and Conditioned: 7.0921
Epoch: 154, Loss: 0.1861
MSE Loss Between Generated and Conditioned: 10.7763
Epoch: 155, Loss: 0.1858
MSE Loss Between Generated and Conditioned: 4.3573
Epoch: 156, Loss: 0.1855
MSE Loss Between Generated and Conditioned: 3.1755
Epoch: 157, Loss: 0.1853
MSE Loss Between Generated and Conditioned: 4.1385
Epoch: 158, Loss: 0.1850
MSE Loss Between Generated and Conditioned: 4.7730
Epoch: 159, Loss: 0.1847
MSE Loss Between Generated and Conditioned: 2.4643
Epoch: 160, Loss: 0.1844
MSE Loss Between Generated and Conditioned: 6.3680
Epoch: 161, Loss: 0.1841
MSE Loss Between Generated and Conditioned: 2.9348
Epoch: 162, Loss: 0.1838
MSE Loss Between Generated and Conditioned: 7.6619
Epoch: 163, Loss: 0.1835
MSE Loss Between Generated and Conditioned: 5.4409
Epoch: 164, Loss: 0.1832
MSE Loss Between Generated and Conditioned: 3.1491
Epoch: 165, Loss: 0.1829
MSE Loss Between Generated and Conditioned: 3.3017
Epoch: 166, Loss: 0.1827
MSE Loss Between Generated and Conditioned: 3.9365
Epoch: 167, Loss: 0.1824
MSE Loss Between Generated and Conditioned: 3.3369
Epoch: 168, Loss: 0.1821
MSE Loss Between Generated and Conditioned: 2.8323
Epoch: 169, Loss: 0.1819
MSE Loss Between Generated and Conditioned: 4.3786
Epoch: 170, Loss: 0.1816
MSE Loss Between Generated and Conditioned: 2.8118
Epoch: 171, Loss: 0.1814
MSE Loss Between Generated and Conditioned: 3.8180
Epoch: 172, Loss: 0.1812
MSE Loss Between Generated and Conditioned: 4.9366
Epoch: 173, Loss: 0.1810
MSE Loss Between Generated and Conditioned: 4.9158
Epoch: 174, Loss: 0.1807
MSE Loss Between Generated and Conditioned: 4.1301
Epoch: 175, Loss: 0.1805
MSE Loss Between Generated and Conditioned: 4.3150
Epoch: 176, Loss: 0.1802
MSE Loss Between Generated and Conditioned: 1.8432
Epoch: 177, Loss: 0.1800
MSE Loss Between Generated and Conditioned: 3.2517
Epoch: 178, Loss: 0.1798
MSE Loss Between Generated and Conditioned: 2.5181
Epoch: 179, Loss: 0.1795
MSE Loss Between Generated and Conditioned: 4.7975
Epoch: 180, Loss: 0.1793
MSE Loss Between Generated and Conditioned: 2.7253
Epoch: 181, Loss: 0.1791
MSE Loss Between Generated and Conditioned: 1.1591
Epoch: 182, Loss: 0.1788
MSE Loss Between Generated and Conditioned: 3.4029
Epoch: 183, Loss: 0.1786
MSE Loss Between Generated and Conditioned: 3.7723
Epoch: 184, Loss: 0.1784
MSE Loss Between Generated and Conditioned: 5.0763
Epoch: 185, Loss: 0.1782
MSE Loss Between Generated and Conditioned: 2.2277
Epoch: 186, Loss: 0.1780
MSE Loss Between Generated and Conditioned: 3.7059
Epoch: 187, Loss: 0.1777
MSE Loss Between Generated and Conditioned: 1.9323
Epoch: 188, Loss: 0.1775
MSE Loss Between Generated and Conditioned: 2.0536
Epoch: 189, Loss: 0.1773
MSE Loss Between Generated and Conditioned: 3.1773
Epoch: 190, Loss: 0.1771
MSE Loss Between Generated and Conditioned: 5.6885
Epoch: 191, Loss: 0.1769
MSE Loss Between Generated and Conditioned: 2.6675
Epoch: 192, Loss: 0.1768
MSE Loss Between Generated and Conditioned: 2.3998
Epoch: 193, Loss: 0.1765
MSE Loss Between Generated and Conditioned: 1.9666
Epoch: 194, Loss: 0.1763
MSE Loss Between Generated and Conditioned: 4.1582
Epoch: 195, Loss: 0.1762
MSE Loss Between Generated and Conditioned: 4.9489
Epoch: 196, Loss: 0.1759
MSE Loss Between Generated and Conditioned: 5.2412
Epoch: 197, Loss: 0.1757
MSE Loss Between Generated and Conditioned: 2.3781
Epoch: 198, Loss: 0.1755
MSE Loss Between Generated and Conditioned: 3.8168
Epoch: 199, Loss: 0.1753
MSE Loss Between Generated and Conditioned: 2.9381
Epoch: 200, Loss: 0.1751
MSE Loss Between Generated and Conditioned: 2.0430
Epoch: 201, Loss: 0.1750
MSE Loss Between Generated and Conditioned: 3.9168
Epoch: 202, Loss: 0.1748
MSE Loss Between Generated and Conditioned: 2.4033
Epoch: 203, Loss: 0.1746
MSE Loss Between Generated and Conditioned: 2.7927
Epoch: 204, Loss: 0.1744
MSE Loss Between Generated and Conditioned: 3.8261
Epoch: 205, Loss: 0.1742
MSE Loss Between Generated and Conditioned: 1.7963
Epoch: 206, Loss: 0.1741
MSE Loss Between Generated and Conditioned: 1.8484
Epoch: 207, Loss: 0.1739
MSE Loss Between Generated and Conditioned: 7.4509
Epoch: 208, Loss: 0.1737
MSE Loss Between Generated and Conditioned: 3.3398
Epoch: 209, Loss: 0.1735
MSE Loss Between Generated and Conditioned: 1.4763
Epoch: 210, Loss: 0.1733
MSE Loss Between Generated and Conditioned: 2.2085
Epoch: 211, Loss: 0.1731
MSE Loss Between Generated and Conditioned: 2.5243
Epoch: 212, Loss: 0.1729
MSE Loss Between Generated and Conditioned: 2.4333
Epoch: 213, Loss: 0.1728
MSE Loss Between Generated and Conditioned: 1.5892
Epoch: 214, Loss: 0.1726
MSE Loss Between Generated and Conditioned: 1.9940
Epoch: 215, Loss: 0.1725
MSE Loss Between Generated and Conditioned: 3.2825
Epoch: 216, Loss: 0.1723
MSE Loss Between Generated and Conditioned: 1.2523
Epoch: 217, Loss: 0.1722
MSE Loss Between Generated and Conditioned: 2.2688
Epoch: 218, Loss: 0.1720
MSE Loss Between Generated and Conditioned: 1.7527
Epoch: 219, Loss: 0.1718
MSE Loss Between Generated and Conditioned: 1.2834
Epoch: 220, Loss: 0.1717
MSE Loss Between Generated and Conditioned: 4.3776
Epoch: 221, Loss: 0.1715
MSE Loss Between Generated and Conditioned: 1.2415
Epoch: 222, Loss: 0.1714
MSE Loss Between Generated and Conditioned: 1.7593
Epoch: 223, Loss: 0.1712
MSE Loss Between Generated and Conditioned: 1.9876
Epoch: 224, Loss: 0.1711
MSE Loss Between Generated and Conditioned: 3.0485
Epoch: 225, Loss: 0.1709
MSE Loss Between Generated and Conditioned: 1.4777
Epoch: 226, Loss: 0.1708
MSE Loss Between Generated and Conditioned: 1.2035
Epoch: 227, Loss: 0.1706
MSE Loss Between Generated and Conditioned: 1.1950
Epoch: 228, Loss: 0.1704
MSE Loss Between Generated and Conditioned: 1.4433
Epoch: 229, Loss: 0.1703
MSE Loss Between Generated and Conditioned: 1.7960
Epoch: 230, Loss: 0.1701
MSE Loss Between Generated and Conditioned: 2.0186
Epoch: 231, Loss: 0.1699
MSE Loss Between Generated and Conditioned: 1.2388
Epoch: 232, Loss: 0.1698
MSE Loss Between Generated and Conditioned: 1.3884
Epoch: 233, Loss: 0.1697
MSE Loss Between Generated and Conditioned: 1.1463
Epoch: 234, Loss: 0.1695
MSE Loss Between Generated and Conditioned: 1.2833
Epoch: 235, Loss: 0.1693
MSE Loss Between Generated and Conditioned: 2.4633
Epoch: 236, Loss: 0.1692
MSE Loss Between Generated and Conditioned: 1.3873
Epoch: 237, Loss: 0.1691
MSE Loss Between Generated and Conditioned: 1.3585
Epoch: 238, Loss: 0.1689
MSE Loss Between Generated and Conditioned: 1.1778
Epoch: 239, Loss: 0.1688
MSE Loss Between Generated and Conditioned: 1.1921
Epoch: 240, Loss: 0.1687
MSE Loss Between Generated and Conditioned: 1.4349
Epoch: 241, Loss: 0.1685
MSE Loss Between Generated and Conditioned: 1.5408
Epoch: 242, Loss: 0.1684
MSE Loss Between Generated and Conditioned: 1.8297
Epoch: 243, Loss: 0.1682
MSE Loss Between Generated and Conditioned: 1.9264
Epoch: 244, Loss: 0.1681
MSE Loss Between Generated and Conditioned: 1.3618
Epoch: 245, Loss: 0.1680
MSE Loss Between Generated and Conditioned: 1.4180
Epoch: 246, Loss: 0.1679
MSE Loss Between Generated and Conditioned: 1.1891
Epoch: 247, Loss: 0.1678
MSE Loss Between Generated and Conditioned: 1.9869
Epoch: 248, Loss: 0.1676
MSE Loss Between Generated and Conditioned: 1.1299
Epoch: 249, Loss: 0.1675
MSE Loss Between Generated and Conditioned: 1.5935
Epoch: 250, Loss: 0.1674
MSE Loss Between Generated and Conditioned: 1.2010
Epoch: 251, Loss: 0.1673
MSE Loss Between Generated and Conditioned: 1.2191
Epoch: 252, Loss: 0.1671
MSE Loss Between Generated and Conditioned: 1.1245
Epoch: 253, Loss: 0.1670
MSE Loss Between Generated and Conditioned: 1.1334
Epoch: 254, Loss: 0.1669
MSE Loss Between Generated and Conditioned: 1.6899
Epoch: 255, Loss: 0.1668
MSE Loss Between Generated and Conditioned: 1.1434
Epoch: 256, Loss: 0.1667
MSE Loss Between Generated and Conditioned: 1.6570
Epoch: 257, Loss: 0.1666
MSE Loss Between Generated and Conditioned: 1.3632
Epoch: 258, Loss: 0.1664
MSE Loss Between Generated and Conditioned: 1.2451
Epoch: 259, Loss: 0.1663
MSE Loss Between Generated and Conditioned: 2.0098
Epoch: 260, Loss: 0.1662
MSE Loss Between Generated and Conditioned: 1.0975
Epoch: 261, Loss: 0.1662
MSE Loss Between Generated and Conditioned: 2.4009
Epoch: 262, Loss: 0.1661
MSE Loss Between Generated and Conditioned: 1.3868
Epoch: 263, Loss: 0.1659
MSE Loss Between Generated and Conditioned: 1.7008
Epoch: 264, Loss: 0.1658
MSE Loss Between Generated and Conditioned: 1.6120
Epoch: 265, Loss: 0.1658
MSE Loss Between Generated and Conditioned: 6.7230
Epoch: 266, Loss: 0.1657
MSE Loss Between Generated and Conditioned: 1.2128
Epoch: 267, Loss: 0.1656
MSE Loss Between Generated and Conditioned: 1.4335
Epoch: 268, Loss: 0.1655
MSE Loss Between Generated and Conditioned: 1.1655
Epoch: 269, Loss: 0.1654
MSE Loss Between Generated and Conditioned: 1.6674
Epoch: 270, Loss: 0.1653
MSE Loss Between Generated and Conditioned: 1.1230
Epoch: 271, Loss: 0.1652
MSE Loss Between Generated and Conditioned: 1.2153
Epoch: 272, Loss: 0.1651
MSE Loss Between Generated and Conditioned: 2.6842
Epoch: 273, Loss: 0.1650
MSE Loss Between Generated and Conditioned: 1.6410
Epoch: 274, Loss: 0.1649
MSE Loss Between Generated and Conditioned: 1.1786
Epoch: 275, Loss: 0.1648
MSE Loss Between Generated and Conditioned: 1.4049
Epoch: 276, Loss: 0.1647
MSE Loss Between Generated and Conditioned: 1.2184
Epoch: 277, Loss: 0.1646
MSE Loss Between Generated and Conditioned: 2.0803
Epoch: 278, Loss: 0.1645
MSE Loss Between Generated and Conditioned: 1.6066
Epoch: 279, Loss: 0.1644
MSE Loss Between Generated and Conditioned: 1.3218
Epoch: 280, Loss: 0.1643
MSE Loss Between Generated and Conditioned: 1.4810
Epoch: 281, Loss: 0.1642
MSE Loss Between Generated and Conditioned: 1.3864
Epoch: 282, Loss: 0.1642
MSE Loss Between Generated and Conditioned: 1.3530
Epoch: 283, Loss: 0.1641
MSE Loss Between Generated and Conditioned: 1.3697
Epoch: 284, Loss: 0.1640
MSE Loss Between Generated and Conditioned: 1.0451
Epoch: 285, Loss: 0.1639
MSE Loss Between Generated and Conditioned: 1.0949
Epoch: 286, Loss: 0.1638
MSE Loss Between Generated and Conditioned: 1.0596
Epoch: 287, Loss: 0.1637
MSE Loss Between Generated and Conditioned: 1.4952
Epoch: 288, Loss: 0.1636
MSE Loss Between Generated and Conditioned: 1.0808
Epoch: 289, Loss: 0.1635
MSE Loss Between Generated and Conditioned: 1.2393
Epoch: 290, Loss: 0.1634
MSE Loss Between Generated and Conditioned: 1.2290
Epoch: 291, Loss: 0.1633
MSE Loss Between Generated and Conditioned: 1.1406
Epoch: 292, Loss: 0.1632
MSE Loss Between Generated and Conditioned: 1.3753
Epoch: 293, Loss: 0.1631
MSE Loss Between Generated and Conditioned: 1.3089
Epoch: 294, Loss: 0.1630
MSE Loss Between Generated and Conditioned: 1.3014
Epoch: 295, Loss: 0.1629
MSE Loss Between Generated and Conditioned: 1.0909
Epoch: 296, Loss: 0.1628
MSE Loss Between Generated and Conditioned: 1.0469
Epoch: 297, Loss: 0.1627
MSE Loss Between Generated and Conditioned: 1.1099
Epoch: 298, Loss: 0.1626
MSE Loss Between Generated and Conditioned: 1.0548
Epoch: 299, Loss: 0.1625
MSE Loss Between Generated and Conditioned: 1.4045
Epoch: 300, Loss: 0.1625
Train: torch.Size([14031, 5, 64, 32]), Valid: torch.Size([4677, 5, 64, 32]), Test: torch.Size([4678, 5, 64, 32])
Starting Downstream Task
Running context window: 5 with stride: 5 with seed: 0
Shape: (5, 144, 72)
Epoch: 0, Train Loss: 0.02095, Valid Loss: 0.01311, EPS: 0.991
Epoch: 1, Train Loss: 0.01234, Valid Loss: 0.01152, EPS: 0.982
Epoch: 2, Train Loss: 0.01121, Valid Loss: 0.01083, EPS: 0.973
Epoch: 3, Train Loss: 0.01045, Valid Loss: 0.01017, EPS: 0.964
Epoch: 4, Train Loss: 0.00958, Valid Loss: 0.00957, EPS: 0.955
Epoch: 5, Train Loss: 0.00869, Valid Loss: 0.00883, EPS: 0.946
Epoch: 6, Train Loss: 0.00781, Valid Loss: 0.00837, EPS: 0.9369999999999999
Epoch: 7, Train Loss: 0.00720, Valid Loss: 0.00794, EPS: 0.928
Epoch: 8, Train Loss: 0.00666, Valid Loss: 0.00764, EPS: 0.919
Epoch: 9, Train Loss: 0.00630, Valid Loss: 0.00741, EPS: 0.91
Epoch: 10, Train Loss: 0.00605, Valid Loss: 0.00727, EPS: 0.901
Epoch: 11, Train Loss: 0.00582, Valid Loss: 0.00712, EPS: 0.892
Epoch: 12, Train Loss: 0.00569, Valid Loss: 0.00716, EPS: 0.883
Epoch: 13, Train Loss: 0.00557, Valid Loss: 0.00701, EPS: 0.874
Epoch: 14, Train Loss: 0.00552, Valid Loss: 0.00699, EPS: 0.865
Epoch: 15, Train Loss: 0.00543, Valid Loss: 0.00692, EPS: 0.856
Epoch: 16, Train Loss: 0.00538, Valid Loss: 0.00697, EPS: 0.847
Epoch: 17, Train Loss: 0.00533, Valid Loss: 0.00685, EPS: 0.8380000000000001
Epoch: 18, Train Loss: 0.00533, Valid Loss: 0.00695, EPS: 0.8290000000000001
Epoch: 19, Train Loss: 0.00529, Valid Loss: 0.00683, EPS: 0.8200000000000001
Epoch: 20, Train Loss: 0.00523, Valid Loss: 0.00678, EPS: 0.811
Epoch: 21, Train Loss: 0.00519, Valid Loss: 0.00672, EPS: 0.802
Epoch: 22, Train Loss: 0.00517, Valid Loss: 0.00674, EPS: 0.793
Epoch: 23, Train Loss: 0.00513, Valid Loss: 0.00675, EPS: 0.784
Epoch: 24, Train Loss: 0.00509, Valid Loss: 0.00673, EPS: 0.775
Epoch: 25, Train Loss: 0.00510, Valid Loss: 0.00667, EPS: 0.766
Epoch: 26, Train Loss: 0.00506, Valid Loss: 0.00667, EPS: 0.757
Epoch: 27, Train Loss: 0.00498, Valid Loss: 0.00667, EPS: 0.748
Epoch: 28, Train Loss: 0.00500, Valid Loss: 0.00659, EPS: 0.739
Epoch: 29, Train Loss: 0.00497, Valid Loss: 0.00660, EPS: 0.73
Epoch: 30, Train Loss: 0.00497, Valid Loss: 0.00656, EPS: 0.721
Epoch: 31, Train Loss: 0.00498, Valid Loss: 0.00668, EPS: 0.712
Epoch: 32, Train Loss: 0.00500, Valid Loss: 0.00660, EPS: 0.703
Epoch: 33, Train Loss: 0.00494, Valid Loss: 0.00659, EPS: 0.694
Epoch: 34, Train Loss: 0.00490, Valid Loss: 0.00656, EPS: 0.685
Epoch: 35, Train Loss: 0.00487, Valid Loss: 0.00654, EPS: 0.676
Epoch: 36, Train Loss: 0.00486, Valid Loss: 0.00660, EPS: 0.667
Epoch: 37, Train Loss: 0.00490, Valid Loss: 0.00656, EPS: 0.658
Epoch: 38, Train Loss: 0.00488, Valid Loss: 0.00656, EPS: 0.649
Epoch: 39, Train Loss: 0.00485, Valid Loss: 0.00659, EPS: 0.64
Epoch: 40, Train Loss: 0.00480, Valid Loss: 0.00649, EPS: 0.6310000000000001
Epoch: 41, Train Loss: 0.00483, Valid Loss: 0.00656, EPS: 0.6220000000000001
Epoch: 42, Train Loss: 0.00478, Valid Loss: 0.00652, EPS: 0.6130000000000001
Epoch: 43, Train Loss: 0.00480, Valid Loss: 0.00655, EPS: 0.6040000000000001
Epoch: 44, Train Loss: 0.00482, Valid Loss: 0.00647, EPS: 0.5950000000000001
Epoch: 45, Train Loss: 0.00479, Valid Loss: 0.00658, EPS: 0.5860000000000001
Epoch: 46, Train Loss: 0.00482, Valid Loss: 0.00652, EPS: 0.5770000000000001
Epoch: 47, Train Loss: 0.00479, Valid Loss: 0.00652, EPS: 0.5680000000000001
Epoch: 48, Train Loss: 0.00478, Valid Loss: 0.00650, EPS: 0.559
Epoch: 49, Train Loss: 0.00478, Valid Loss: 0.00659, EPS: 0.55
Epoch: 50, Train Loss: 0.00481, Valid Loss: 0.00650, EPS: 0.541
Epoch: 51, Train Loss: 0.00475, Valid Loss: 0.00643, EPS: 0.532
Epoch: 52, Train Loss: 0.00476, Valid Loss: 0.00641, EPS: 0.523
Epoch: 53, Train Loss: 0.00476, Valid Loss: 0.00647, EPS: 0.514
Epoch: 54, Train Loss: 0.00481, Valid Loss: 0.00652, EPS: 0.505
Epoch: 55, Train Loss: 0.00475, Valid Loss: 0.00644, EPS: 0.496
Epoch: 56, Train Loss: 0.00471, Valid Loss: 0.00651, EPS: 0.4870000000000001
Epoch: 57, Train Loss: 0.00469, Valid Loss: 0.00641, EPS: 0.4780000000000001
Epoch: 58, Train Loss: 0.00471, Valid Loss: 0.00649, EPS: 0.4690000000000001
Epoch: 59, Train Loss: 0.00477, Valid Loss: 0.00645, EPS: 0.4600000000000001
Epoch: 60, Train Loss: 0.00470, Valid Loss: 0.00642, EPS: 0.45100000000000007
Epoch: 61, Train Loss: 0.00473, Valid Loss: 0.00646, EPS: 0.44200000000000006
Epoch: 62, Train Loss: 0.00469, Valid Loss: 0.00647, EPS: 0.43300000000000005
Epoch: 63, Train Loss: 0.00469, Valid Loss: 0.00641, EPS: 0.42400000000000004
Epoch: 64, Train Loss: 0.00466, Valid Loss: 0.00640, EPS: 0.41500000000000004
Epoch: 65, Train Loss: 0.00465, Valid Loss: 0.00645, EPS: 0.406
Epoch: 66, Train Loss: 0.00470, Valid Loss: 0.00648, EPS: 0.397
Epoch: 67, Train Loss: 0.00470, Valid Loss: 0.00646, EPS: 0.388
Epoch: 68, Train Loss: 0.00473, Valid Loss: 0.00652, EPS: 0.3790000000000001
Epoch: 69, Train Loss: 0.00467, Valid Loss: 0.00643, EPS: 0.3700000000000001
Epoch: 70, Train Loss: 0.00464, Valid Loss: 0.00644, EPS: 0.3610000000000001
Epoch: 71, Train Loss: 0.00470, Valid Loss: 0.00649, EPS: 0.3520000000000001
Epoch: 72, Train Loss: 0.00468, Valid Loss: 0.00639, EPS: 0.343
Epoch: 73, Train Loss: 0.00468, Valid Loss: 0.00643, EPS: 0.334
Epoch: 74, Train Loss: 0.00464, Valid Loss: 0.00647, EPS: 0.325
Epoch: 75, Train Loss: 0.00460, Valid Loss: 0.00644, EPS: 0.316
Epoch: 76, Train Loss: 0.00465, Valid Loss: 0.00641, EPS: 0.307
Epoch: 77, Train Loss: 0.00462, Valid Loss: 0.00645, EPS: 0.298
Epoch: 78, Train Loss: 0.00462, Valid Loss: 0.00651, EPS: 0.289
Epoch: 79, Train Loss: 0.00465, Valid Loss: 0.00651, EPS: 0.27999999999999997
Epoch: 80, Train Loss: 0.00464, Valid Loss: 0.00645, EPS: 0.27099999999999996
Epoch: 81, Train Loss: 0.00461, Valid Loss: 0.00645, EPS: 0.26200000000000007
Epoch: 82, Train Loss: 0.00459, Valid Loss: 0.00645, EPS: 0.25300000000000006
Epoch: 83, Train Loss: 0.00461, Valid Loss: 0.00646, EPS: 0.24400000000000005
Epoch: 84, Train Loss: 0.00405, Valid Loss: 0.00616, EPS: 0.23500000000000004
Epoch: 85, Train Loss: 0.00377, Valid Loss: 0.00598, EPS: 0.22600000000000003
Epoch: 86, Train Loss: 0.00360, Valid Loss: 0.00592, EPS: 0.21700000000000003
Epoch: 87, Train Loss: 0.00351, Valid Loss: 0.00587, EPS: 0.20800000000000002
Epoch: 88, Train Loss: 0.00346, Valid Loss: 0.00586, EPS: 0.199
Epoch: 89, Train Loss: 0.00341, Valid Loss: 0.00585, EPS: 0.19
Epoch: 90, Train Loss: 0.00340, Valid Loss: 0.00580, EPS: 0.181
Epoch: 91, Train Loss: 0.00337, Valid Loss: 0.00583, EPS: 0.172
Epoch: 92, Train Loss: 0.00336, Valid Loss: 0.00580, EPS: 0.16299999999999998
Epoch: 93, Train Loss: 0.00335, Valid Loss: 0.00583, EPS: 0.15400000000000005
Epoch: 94, Train Loss: 0.00334, Valid Loss: 0.00579, EPS: 0.14500000000000005
Epoch: 95, Train Loss: 0.00332, Valid Loss: 0.00580, EPS: 0.13600000000000004
Epoch: 96, Train Loss: 0.00333, Valid Loss: 0.00582, EPS: 0.12700000000000003
Epoch: 97, Train Loss: 0.00332, Valid Loss: 0.00584, EPS: 0.11800000000000002
Epoch: 98, Train Loss: 0.00331, Valid Loss: 0.00582, EPS: 0.10900000000000001
Epoch: 99, Train Loss: 0.00329, Valid Loss: 0.00582, EPS: 0.1
Test Loss: 0.00583
Test Loss: 0.00586
Running context window: 5 with stride: 10 with seed: 0
Shape: (5, 144, 72)
Epoch: 0, Train Loss: 0.02540, Valid Loss: 0.01705, EPS: 0.991
Epoch: 1, Train Loss: 0.01462, Valid Loss: 0.01268, EPS: 0.982
Epoch: 2, Train Loss: 0.01221, Valid Loss: 0.01201, EPS: 0.973
Epoch: 3, Train Loss: 0.01147, Valid Loss: 0.01145, EPS: 0.964
Epoch: 4, Train Loss: 0.01089, Valid Loss: 0.01099, EPS: 0.955
Epoch: 5, Train Loss: 0.01032, Valid Loss: 0.01059, EPS: 0.946
Epoch: 6, Train Loss: 0.00978, Valid Loss: 0.01023, EPS: 0.9369999999999999
Epoch: 7, Train Loss: 0.00908, Valid Loss: 0.00983, EPS: 0.928
Epoch: 8, Train Loss: 0.00840, Valid Loss: 0.00958, EPS: 0.919
Epoch: 9, Train Loss: 0.00783, Valid Loss: 0.00943, EPS: 0.91
Epoch: 10, Train Loss: 0.00736, Valid Loss: 0.00905, EPS: 0.901
Epoch: 11, Train Loss: 0.00677, Valid Loss: 0.00869, EPS: 0.892
Epoch: 12, Train Loss: 0.00649, Valid Loss: 0.00861, EPS: 0.883
Epoch: 13, Train Loss: 0.00616, Valid Loss: 0.00881, EPS: 0.874
Epoch: 14, Train Loss: 0.00580, Valid Loss: 0.00842, EPS: 0.865
Epoch: 15, Train Loss: 0.00555, Valid Loss: 0.00828, EPS: 0.856
Epoch: 16, Train Loss: 0.00520, Valid Loss: 0.00817, EPS: 0.847
Epoch: 17, Train Loss: 0.00497, Valid Loss: 0.00795, EPS: 0.8380000000000001
Epoch: 18, Train Loss: 0.00480, Valid Loss: 0.00782, EPS: 0.8290000000000001
Epoch: 19, Train Loss: 0.00466, Valid Loss: 0.00781, EPS: 0.8200000000000001
Epoch: 20, Train Loss: 0.00463, Valid Loss: 0.00786, EPS: 0.811
Epoch: 21, Train Loss: 0.00462, Valid Loss: 0.00790, EPS: 0.802
Epoch: 22, Train Loss: 0.00454, Valid Loss: 0.00788, EPS: 0.793
Epoch: 23, Train Loss: 0.00447, Valid Loss: 0.00772, EPS: 0.784
Epoch: 24, Train Loss: 0.00443, Valid Loss: 0.00786, EPS: 0.775
Epoch: 25, Train Loss: 0.00433, Valid Loss: 0.00785, EPS: 0.766
Epoch: 26, Train Loss: 0.00428, Valid Loss: 0.00755, EPS: 0.757
Epoch: 27, Train Loss: 0.00421, Valid Loss: 0.00772, EPS: 0.748
Epoch: 28, Train Loss: 0.00417, Valid Loss: 0.00772, EPS: 0.739
Epoch: 29, Train Loss: 0.00414, Valid Loss: 0.00769, EPS: 0.73
Epoch: 30, Train Loss: 0.00414, Valid Loss: 0.00757, EPS: 0.721
Epoch: 31, Train Loss: 0.00408, Valid Loss: 0.00764, EPS: 0.712
Epoch: 32, Train Loss: 0.00409, Valid Loss: 0.00760, EPS: 0.703
Epoch: 33, Train Loss: 0.00403, Valid Loss: 0.00754, EPS: 0.694
Epoch: 34, Train Loss: 0.00404, Valid Loss: 0.00763, EPS: 0.685
Epoch: 35, Train Loss: 0.00400, Valid Loss: 0.00768, EPS: 0.676
Epoch: 36, Train Loss: 0.00406, Valid Loss: 0.00760, EPS: 0.667
Epoch: 37, Train Loss: 0.00398, Valid Loss: 0.00759, EPS: 0.658
Epoch: 38, Train Loss: 0.00394, Valid Loss: 0.00765, EPS: 0.649
Epoch: 39, Train Loss: 0.00393, Valid Loss: 0.00765, EPS: 0.64
Epoch: 40, Train Loss: 0.00388, Valid Loss: 0.00760, EPS: 0.6310000000000001
Epoch: 41, Train Loss: 0.00389, Valid Loss: 0.00753, EPS: 0.6220000000000001
Epoch: 42, Train Loss: 0.00384, Valid Loss: 0.00763, EPS: 0.6130000000000001
Epoch: 43, Train Loss: 0.00386, Valid Loss: 0.00758, EPS: 0.6040000000000001
Epoch: 44, Train Loss: 0.00388, Valid Loss: 0.00756, EPS: 0.5950000000000001
Epoch: 45, Train Loss: 0.00380, Valid Loss: 0.00761, EPS: 0.5860000000000001
Epoch: 46, Train Loss: 0.00380, Valid Loss: 0.00758, EPS: 0.5770000000000001
Epoch: 47, Train Loss: 0.00384, Valid Loss: 0.00762, EPS: 0.5680000000000001
Epoch: 48, Train Loss: 0.00387, Valid Loss: 0.00753, EPS: 0.559
Epoch: 49, Train Loss: 0.00381, Valid Loss: 0.00747, EPS: 0.55
Epoch: 50, Train Loss: 0.00373, Valid Loss: 0.00748, EPS: 0.541
Epoch: 51, Train Loss: 0.00373, Valid Loss: 0.00759, EPS: 0.532
Epoch: 52, Train Loss: 0.00375, Valid Loss: 0.00754, EPS: 0.523
Epoch: 53, Train Loss: 0.00375, Valid Loss: 0.00751, EPS: 0.514
Epoch: 54, Train Loss: 0.00376, Valid Loss: 0.00746, EPS: 0.505
Epoch: 55, Train Loss: 0.00376, Valid Loss: 0.00759, EPS: 0.496
Epoch: 56, Train Loss: 0.00377, Valid Loss: 0.00750, EPS: 0.4870000000000001
Epoch: 57, Train Loss: 0.00371, Valid Loss: 0.00749, EPS: 0.4780000000000001
Epoch: 58, Train Loss: 0.00365, Valid Loss: 0.00746, EPS: 0.4690000000000001
Epoch: 59, Train Loss: 0.00370, Valid Loss: 0.00757, EPS: 0.4600000000000001
Epoch: 60, Train Loss: 0.00374, Valid Loss: 0.00756, EPS: 0.45100000000000007
Epoch: 61, Train Loss: 0.00369, Valid Loss: 0.00747, EPS: 0.44200000000000006
Epoch: 62, Train Loss: 0.00367, Valid Loss: 0.00756, EPS: 0.43300000000000005
Epoch: 63, Train Loss: 0.00370, Valid Loss: 0.00753, EPS: 0.42400000000000004
Epoch: 64, Train Loss: 0.00370, Valid Loss: 0.00756, EPS: 0.41500000000000004
Epoch: 65, Train Loss: 0.00366, Valid Loss: 0.00753, EPS: 0.406
Epoch: 66, Train Loss: 0.00335, Valid Loss: 0.00725, EPS: 0.397
Epoch: 67, Train Loss: 0.00309, Valid Loss: 0.00716, EPS: 0.388
Epoch: 68, Train Loss: 0.00294, Valid Loss: 0.00708, EPS: 0.3790000000000001
Epoch: 69, Train Loss: 0.00282, Valid Loss: 0.00701, EPS: 0.3700000000000001
Epoch: 70, Train Loss: 0.00271, Valid Loss: 0.00701, EPS: 0.3610000000000001
Epoch: 71, Train Loss: 0.00266, Valid Loss: 0.00701, EPS: 0.3520000000000001
Epoch: 72, Train Loss: 0.00259, Valid Loss: 0.00698, EPS: 0.343
Epoch: 73, Train Loss: 0.00257, Valid Loss: 0.00704, EPS: 0.334
Epoch: 74, Train Loss: 0.00254, Valid Loss: 0.00696, EPS: 0.325
Epoch: 75, Train Loss: 0.00251, Valid Loss: 0.00697, EPS: 0.316
Epoch: 76, Train Loss: 0.00249, Valid Loss: 0.00696, EPS: 0.307
Epoch: 77, Train Loss: 0.00247, Valid Loss: 0.00698, EPS: 0.298
Epoch: 78, Train Loss: 0.00245, Valid Loss: 0.00699, EPS: 0.289
Epoch: 79, Train Loss: 0.00245, Valid Loss: 0.00696, EPS: 0.27999999999999997
Epoch: 80, Train Loss: 0.00243, Valid Loss: 0.00695, EPS: 0.27099999999999996
Epoch: 81, Train Loss: 0.00241, Valid Loss: 0.00694, EPS: 0.26200000000000007
Epoch: 82, Train Loss: 0.00240, Valid Loss: 0.00700, EPS: 0.25300000000000006
Epoch: 83, Train Loss: 0.00240, Valid Loss: 0.00703, EPS: 0.24400000000000005
Epoch: 84, Train Loss: 0.00238, Valid Loss: 0.00699, EPS: 0.23500000000000004
Epoch: 85, Train Loss: 0.00237, Valid Loss: 0.00695, EPS: 0.22600000000000003
Epoch: 86, Train Loss: 0.00235, Valid Loss: 0.00697, EPS: 0.21700000000000003
Epoch: 87, Train Loss: 0.00235, Valid Loss: 0.00701, EPS: 0.20800000000000002
Epoch: 88, Train Loss: 0.00232, Valid Loss: 0.00705, EPS: 0.199
Epoch: 89, Train Loss: 0.00233, Valid Loss: 0.00703, EPS: 0.19
Epoch: 90, Train Loss: 0.00234, Valid Loss: 0.00707, EPS: 0.181
Epoch: 91, Train Loss: 0.00231, Valid Loss: 0.00707, EPS: 0.172
Epoch: 92, Train Loss: 0.00232, Valid Loss: 0.00704, EPS: 0.16299999999999998
Epoch: 93, Train Loss: 0.00224, Valid Loss: 0.00703, EPS: 0.15400000000000005
Epoch: 94, Train Loss: 0.00225, Valid Loss: 0.00702, EPS: 0.14500000000000005
Epoch: 95, Train Loss: 0.00223, Valid Loss: 0.00705, EPS: 0.13600000000000004
Epoch: 96, Train Loss: 0.00220, Valid Loss: 0.00702, EPS: 0.12700000000000003
Epoch: 97, Train Loss: 0.00220, Valid Loss: 0.00701, EPS: 0.11800000000000002
Epoch: 98, Train Loss: 0.00220, Valid Loss: 0.00703, EPS: 0.10900000000000001
Epoch: 99, Train Loss: 0.00220, Valid Loss: 0.00701, EPS: 0.1
Test Loss: 0.00703
Test Loss: 0.00694
Running context window: 5 with stride: 5 with seed: 42
Shape: (5, 144, 72)
Epoch: 0, Train Loss: 0.02158, Valid Loss: 0.01369, EPS: 0.991
Epoch: 1, Train Loss: 0.01255, Valid Loss: 0.01170, EPS: 0.982
Epoch: 2, Train Loss: 0.01136, Valid Loss: 0.01103, EPS: 0.973
Epoch: 3, Train Loss: 0.01067, Valid Loss: 0.01038, EPS: 0.964
Epoch: 4, Train Loss: 0.00985, Valid Loss: 0.00972, EPS: 0.955
Epoch: 5, Train Loss: 0.00893, Valid Loss: 0.00906, EPS: 0.946
Epoch: 6, Train Loss: 0.00804, Valid Loss: 0.00855, EPS: 0.9369999999999999
Epoch: 7, Train Loss: 0.00742, Valid Loss: 0.00823, EPS: 0.928
Epoch: 8, Train Loss: 0.00695, Valid Loss: 0.00781, EPS: 0.919
Epoch: 9, Train Loss: 0.00652, Valid Loss: 0.00760, EPS: 0.91
Epoch: 10, Train Loss: 0.00625, Valid Loss: 0.00745, EPS: 0.901
Epoch: 11, Train Loss: 0.00609, Valid Loss: 0.00738, EPS: 0.892
Epoch: 12, Train Loss: 0.00586, Valid Loss: 0.00708, EPS: 0.883
Epoch: 13, Train Loss: 0.00575, Valid Loss: 0.00705, EPS: 0.874
Epoch: 14, Train Loss: 0.00568, Valid Loss: 0.00699, EPS: 0.865
Epoch: 15, Train Loss: 0.00555, Valid Loss: 0.00705, EPS: 0.856
Epoch: 16, Train Loss: 0.00550, Valid Loss: 0.00695, EPS: 0.847
Epoch: 17, Train Loss: 0.00546, Valid Loss: 0.00690, EPS: 0.8380000000000001
Epoch: 18, Train Loss: 0.00537, Valid Loss: 0.00687, EPS: 0.8290000000000001
Epoch: 19, Train Loss: 0.00533, Valid Loss: 0.00683, EPS: 0.8200000000000001
Epoch: 20, Train Loss: 0.00528, Valid Loss: 0.00675, EPS: 0.811
Epoch: 21, Train Loss: 0.00516, Valid Loss: 0.00670, EPS: 0.802
Epoch: 22, Train Loss: 0.00513, Valid Loss: 0.00679, EPS: 0.793
Epoch: 23, Train Loss: 0.00514, Valid Loss: 0.00673, EPS: 0.784
Epoch: 24, Train Loss: 0.00514, Valid Loss: 0.00675, EPS: 0.775
Epoch: 25, Train Loss: 0.00514, Valid Loss: 0.00673, EPS: 0.766
Epoch: 26, Train Loss: 0.00512, Valid Loss: 0.00668, EPS: 0.757
Epoch: 27, Train Loss: 0.00506, Valid Loss: 0.00668, EPS: 0.748
Epoch: 28, Train Loss: 0.00504, Valid Loss: 0.00667, EPS: 0.739
Epoch: 29, Train Loss: 0.00503, Valid Loss: 0.00660, EPS: 0.73
Epoch: 30, Train Loss: 0.00506, Valid Loss: 0.00665, EPS: 0.721
Epoch: 31, Train Loss: 0.00503, Valid Loss: 0.00667, EPS: 0.712
Epoch: 32, Train Loss: 0.00503, Valid Loss: 0.00665, EPS: 0.703
Epoch: 33, Train Loss: 0.00494, Valid Loss: 0.00662, EPS: 0.694
Epoch: 34, Train Loss: 0.00499, Valid Loss: 0.00667, EPS: 0.685
Epoch: 35, Train Loss: 0.00493, Valid Loss: 0.00664, EPS: 0.676
Epoch: 36, Train Loss: 0.00492, Valid Loss: 0.00656, EPS: 0.667
Epoch: 37, Train Loss: 0.00492, Valid Loss: 0.00664, EPS: 0.658
Epoch: 38, Train Loss: 0.00491, Valid Loss: 0.00661, EPS: 0.649
Epoch: 39, Train Loss: 0.00491, Valid Loss: 0.00666, EPS: 0.64
Epoch: 40, Train Loss: 0.00493, Valid Loss: 0.00659, EPS: 0.6310000000000001
Epoch: 41, Train Loss: 0.00489, Valid Loss: 0.00660, EPS: 0.6220000000000001
Epoch: 42, Train Loss: 0.00493, Valid Loss: 0.00656, EPS: 0.6130000000000001
Epoch: 43, Train Loss: 0.00486, Valid Loss: 0.00659, EPS: 0.6040000000000001
Epoch: 44, Train Loss: 0.00486, Valid Loss: 0.00653, EPS: 0.5950000000000001
Epoch: 45, Train Loss: 0.00484, Valid Loss: 0.00656, EPS: 0.5860000000000001
Epoch: 46, Train Loss: 0.00487, Valid Loss: 0.00663, EPS: 0.5770000000000001
Epoch: 47, Train Loss: 0.00488, Valid Loss: 0.00662, EPS: 0.5680000000000001
Epoch: 48, Train Loss: 0.00489, Valid Loss: 0.00668, EPS: 0.559
Epoch: 49, Train Loss: 0.00484, Valid Loss: 0.00663, EPS: 0.55
Epoch: 50, Train Loss: 0.00477, Valid Loss: 0.00662, EPS: 0.541
Epoch: 51, Train Loss: 0.00482, Valid Loss: 0.00656, EPS: 0.532
Epoch: 52, Train Loss: 0.00479, Valid Loss: 0.00659, EPS: 0.523
Epoch: 53, Train Loss: 0.00483, Valid Loss: 0.00656, EPS: 0.514
Epoch: 54, Train Loss: 0.00483, Valid Loss: 0.00658, EPS: 0.505
Epoch: 55, Train Loss: 0.00479, Valid Loss: 0.00661, EPS: 0.496
Epoch: 56, Train Loss: 0.00425, Valid Loss: 0.00625, EPS: 0.4870000000000001
Epoch: 57, Train Loss: 0.00396, Valid Loss: 0.00612, EPS: 0.4780000000000001
Epoch: 58, Train Loss: 0.00377, Valid Loss: 0.00604, EPS: 0.4690000000000001
Epoch: 59, Train Loss: 0.00368, Valid Loss: 0.00598, EPS: 0.4600000000000001
Epoch: 60, Train Loss: 0.00362, Valid Loss: 0.00596, EPS: 0.45100000000000007
Epoch: 61, Train Loss: 0.00359, Valid Loss: 0.00593, EPS: 0.44200000000000006
Epoch: 62, Train Loss: 0.00358, Valid Loss: 0.00595, EPS: 0.43300000000000005
Epoch: 63, Train Loss: 0.00354, Valid Loss: 0.00594, EPS: 0.42400000000000004
Epoch: 64, Train Loss: 0.00354, Valid Loss: 0.00593, EPS: 0.41500000000000004
Epoch: 65, Train Loss: 0.00352, Valid Loss: 0.00592, EPS: 0.406
Epoch: 66, Train Loss: 0.00351, Valid Loss: 0.00596, EPS: 0.397
Epoch: 67, Train Loss: 0.00349, Valid Loss: 0.00593, EPS: 0.388
Epoch: 68, Train Loss: 0.00349, Valid Loss: 0.00594, EPS: 0.3790000000000001
Epoch: 69, Train Loss: 0.00348, Valid Loss: 0.00596, EPS: 0.3700000000000001
Epoch: 70, Train Loss: 0.00346, Valid Loss: 0.00592, EPS: 0.3610000000000001
Epoch: 71, Train Loss: 0.00345, Valid Loss: 0.00598, EPS: 0.3520000000000001
Epoch: 72, Train Loss: 0.00345, Valid Loss: 0.00592, EPS: 0.343
Epoch: 73, Train Loss: 0.00344, Valid Loss: 0.00597, EPS: 0.334
Epoch: 74, Train Loss: 0.00342, Valid Loss: 0.00601, EPS: 0.325
Epoch: 75, Train Loss: 0.00343, Valid Loss: 0.00596, EPS: 0.316
Epoch: 76, Train Loss: 0.00341, Valid Loss: 0.00601, EPS: 0.307
Epoch: 77, Train Loss: 0.00331, Valid Loss: 0.00595, EPS: 0.298
Epoch: 78, Train Loss: 0.00328, Valid Loss: 0.00594, EPS: 0.289
Epoch: 79, Train Loss: 0.00325, Valid Loss: 0.00592, EPS: 0.27999999999999997
Epoch: 80, Train Loss: 0.00324, Valid Loss: 0.00594, EPS: 0.27099999999999996
Epoch: 81, Train Loss: 0.00324, Valid Loss: 0.00595, EPS: 0.26200000000000007
Epoch: 82, Train Loss: 0.00324, Valid Loss: 0.00593, EPS: 0.25300000000000006
Epoch: 83, Train Loss: 0.00323, Valid Loss: 0.00593, EPS: 0.24400000000000005
Epoch: 84, Train Loss: 0.00321, Valid Loss: 0.00591, EPS: 0.23500000000000004
Epoch: 85, Train Loss: 0.00321, Valid Loss: 0.00592, EPS: 0.22600000000000003
Epoch: 86, Train Loss: 0.00321, Valid Loss: 0.00597, EPS: 0.21700000000000003
Epoch: 87, Train Loss: 0.00320, Valid Loss: 0.00594, EPS: 0.20800000000000002
Epoch: 88, Train Loss: 0.00320, Valid Loss: 0.00597, EPS: 0.199
Epoch: 89, Train Loss: 0.00320, Valid Loss: 0.00595, EPS: 0.19
Epoch: 90, Train Loss: 0.00319, Valid Loss: 0.00596, EPS: 0.181
Epoch: 91, Train Loss: 0.00318, Valid Loss: 0.00594, EPS: 0.172
Epoch: 92, Train Loss: 0.00317, Valid Loss: 0.00596, EPS: 0.16299999999999998
Epoch: 93, Train Loss: 0.00318, Valid Loss: 0.00597, EPS: 0.15400000000000005
Epoch: 94, Train Loss: 0.00318, Valid Loss: 0.00595, EPS: 0.14500000000000005
Epoch: 95, Train Loss: 0.00318, Valid Loss: 0.00594, EPS: 0.13600000000000004
Epoch: 96, Train Loss: 0.00316, Valid Loss: 0.00595, EPS: 0.12700000000000003
Epoch: 97, Train Loss: 0.00316, Valid Loss: 0.00596, EPS: 0.11800000000000002
Epoch: 98, Train Loss: 0.00315, Valid Loss: 0.00595, EPS: 0.10900000000000001
Epoch: 99, Train Loss: 0.00316, Valid Loss: 0.00595, EPS: 0.1
Test Loss: 0.00597
Test Loss: 0.00601
Running context window: 5 with stride: 10 with seed: 42
Shape: (5, 144, 72)
Epoch: 0, Train Loss: 0.02460, Valid Loss: 0.01623, EPS: 0.991
Epoch: 1, Train Loss: 0.01426, Valid Loss: 0.01256, EPS: 0.982
Epoch: 2, Train Loss: 0.01214, Valid Loss: 0.01191, EPS: 0.973
Epoch: 3, Train Loss: 0.01137, Valid Loss: 0.01143, EPS: 0.964
Epoch: 4, Train Loss: 0.01082, Valid Loss: 0.01103, EPS: 0.955
Epoch: 5, Train Loss: 0.01029, Valid Loss: 0.01054, EPS: 0.946
Epoch: 6, Train Loss: 0.00967, Valid Loss: 0.01015, EPS: 0.9369999999999999
Epoch: 7, Train Loss: 0.00888, Valid Loss: 0.00965, EPS: 0.928
Epoch: 8, Train Loss: 0.00817, Valid Loss: 0.00932, EPS: 0.919
Epoch: 9, Train Loss: 0.00756, Valid Loss: 0.00914, EPS: 0.91
Epoch: 10, Train Loss: 0.00710, Valid Loss: 0.00888, EPS: 0.901
Epoch: 11, Train Loss: 0.00658, Valid Loss: 0.00852, EPS: 0.892
Epoch: 12, Train Loss: 0.00617, Valid Loss: 0.00846, EPS: 0.883
Epoch: 13, Train Loss: 0.00583, Valid Loss: 0.00826, EPS: 0.874
Epoch: 14, Train Loss: 0.00549, Valid Loss: 0.00808, EPS: 0.865
Epoch: 15, Train Loss: 0.00524, Valid Loss: 0.00811, EPS: 0.856
Epoch: 16, Train Loss: 0.00516, Valid Loss: 0.00806, EPS: 0.847
Epoch: 17, Train Loss: 0.00496, Valid Loss: 0.00794, EPS: 0.8380000000000001
Epoch: 18, Train Loss: 0.00484, Valid Loss: 0.00787, EPS: 0.8290000000000001
Epoch: 19, Train Loss: 0.00465, Valid Loss: 0.00785, EPS: 0.8200000000000001
Epoch: 20, Train Loss: 0.00462, Valid Loss: 0.00788, EPS: 0.811
Epoch: 21, Train Loss: 0.00452, Valid Loss: 0.00785, EPS: 0.802
Epoch: 22, Train Loss: 0.00456, Valid Loss: 0.00781, EPS: 0.793
Epoch: 23, Train Loss: 0.00449, Valid Loss: 0.00782, EPS: 0.784
Epoch: 24, Train Loss: 0.00438, Valid Loss: 0.00765, EPS: 0.775
Epoch: 25, Train Loss: 0.00430, Valid Loss: 0.00762, EPS: 0.766
Epoch: 26, Train Loss: 0.00428, Valid Loss: 0.00769, EPS: 0.757
Epoch: 27, Train Loss: 0.00417, Valid Loss: 0.00763, EPS: 0.748
Epoch: 28, Train Loss: 0.00416, Valid Loss: 0.00758, EPS: 0.739
Epoch: 29, Train Loss: 0.00414, Valid Loss: 0.00750, EPS: 0.73
Epoch: 30, Train Loss: 0.00406, Valid Loss: 0.00751, EPS: 0.721
Epoch: 31, Train Loss: 0.00410, Valid Loss: 0.00760, EPS: 0.712
Epoch: 32, Train Loss: 0.00409, Valid Loss: 0.00763, EPS: 0.703
Epoch: 33, Train Loss: 0.00408, Valid Loss: 0.00757, EPS: 0.694
Epoch: 34, Train Loss: 0.00403, Valid Loss: 0.00765, EPS: 0.685
Epoch: 35, Train Loss: 0.00397, Valid Loss: 0.00756, EPS: 0.676
Epoch: 36, Train Loss: 0.00394, Valid Loss: 0.00738, EPS: 0.667
Epoch: 37, Train Loss: 0.00399, Valid Loss: 0.00750, EPS: 0.658
Epoch: 38, Train Loss: 0.00393, Valid Loss: 0.00759, EPS: 0.649
Epoch: 39, Train Loss: 0.00392, Valid Loss: 0.00753, EPS: 0.64
Epoch: 40, Train Loss: 0.00395, Valid Loss: 0.00757, EPS: 0.6310000000000001
Epoch: 41, Train Loss: 0.00390, Valid Loss: 0.00757, EPS: 0.6220000000000001
Epoch: 42, Train Loss: 0.00392, Valid Loss: 0.00757, EPS: 0.6130000000000001
Epoch: 43, Train Loss: 0.00394, Valid Loss: 0.00757, EPS: 0.6040000000000001
Epoch: 44, Train Loss: 0.00386, Valid Loss: 0.00763, EPS: 0.5950000000000001
Epoch: 45, Train Loss: 0.00392, Valid Loss: 0.00753, EPS: 0.5860000000000001
Epoch: 46, Train Loss: 0.00385, Valid Loss: 0.00744, EPS: 0.5770000000000001
Epoch: 47, Train Loss: 0.00382, Valid Loss: 0.00754, EPS: 0.5680000000000001
Epoch: 48, Train Loss: 0.00349, Valid Loss: 0.00730, EPS: 0.559
Epoch: 49, Train Loss: 0.00320, Valid Loss: 0.00719, EPS: 0.55
Epoch: 50, Train Loss: 0.00305, Valid Loss: 0.00707, EPS: 0.541
Epoch: 51, Train Loss: 0.00296, Valid Loss: 0.00703, EPS: 0.532
Epoch: 52, Train Loss: 0.00284, Valid Loss: 0.00700, EPS: 0.523
Epoch: 53, Train Loss: 0.00278, Valid Loss: 0.00701, EPS: 0.514
Epoch: 54, Train Loss: 0.00277, Valid Loss: 0.00695, EPS: 0.505
Epoch: 55, Train Loss: 0.00269, Valid Loss: 0.00698, EPS: 0.496
Epoch: 56, Train Loss: 0.00269, Valid Loss: 0.00699, EPS: 0.4870000000000001
Epoch: 57, Train Loss: 0.00266, Valid Loss: 0.00702, EPS: 0.4780000000000001
Epoch: 58, Train Loss: 0.00265, Valid Loss: 0.00701, EPS: 0.4690000000000001
Epoch: 59, Train Loss: 0.00263, Valid Loss: 0.00698, EPS: 0.4600000000000001
Epoch: 60, Train Loss: 0.00263, Valid Loss: 0.00699, EPS: 0.45100000000000007
Epoch: 61, Train Loss: 0.00260, Valid Loss: 0.00699, EPS: 0.44200000000000006
Epoch: 62, Train Loss: 0.00259, Valid Loss: 0.00702, EPS: 0.43300000000000005
Epoch: 63, Train Loss: 0.00258, Valid Loss: 0.00699, EPS: 0.42400000000000004
Epoch: 64, Train Loss: 0.00256, Valid Loss: 0.00699, EPS: 0.41500000000000004
Epoch: 65, Train Loss: 0.00253, Valid Loss: 0.00703, EPS: 0.406
Epoch: 66, Train Loss: 0.00250, Valid Loss: 0.00703, EPS: 0.397
Epoch: 67, Train Loss: 0.00250, Valid Loss: 0.00702, EPS: 0.388
Epoch: 68, Train Loss: 0.00249, Valid Loss: 0.00697, EPS: 0.3790000000000001
Epoch: 69, Train Loss: 0.00247, Valid Loss: 0.00698, EPS: 0.3700000000000001
Epoch: 70, Train Loss: 0.00247, Valid Loss: 0.00699, EPS: 0.3610000000000001
Epoch: 71, Train Loss: 0.00249, Valid Loss: 0.00696, EPS: 0.3520000000000001
Epoch: 72, Train Loss: 0.00246, Valid Loss: 0.00701, EPS: 0.343
Epoch: 73, Train Loss: 0.00248, Valid Loss: 0.00696, EPS: 0.334
Epoch: 74, Train Loss: 0.00246, Valid Loss: 0.00704, EPS: 0.325
Epoch: 75, Train Loss: 0.00245, Valid Loss: 0.00698, EPS: 0.316
Epoch: 76, Train Loss: 0.00246, Valid Loss: 0.00704, EPS: 0.307
Epoch: 77, Train Loss: 0.00246, Valid Loss: 0.00698, EPS: 0.298
Epoch: 78, Train Loss: 0.00243, Valid Loss: 0.00700, EPS: 0.289
Epoch: 79, Train Loss: 0.00245, Valid Loss: 0.00698, EPS: 0.27999999999999997
Epoch: 80, Train Loss: 0.00244, Valid Loss: 0.00703, EPS: 0.27099999999999996
Epoch: 81, Train Loss: 0.00245, Valid Loss: 0.00707, EPS: 0.26200000000000007
Epoch: 82, Train Loss: 0.00243, Valid Loss: 0.00696, EPS: 0.25300000000000006
Epoch: 83, Train Loss: 0.00244, Valid Loss: 0.00700, EPS: 0.24400000000000005
Epoch: 84, Train Loss: 0.00244, Valid Loss: 0.00704, EPS: 0.23500000000000004
Epoch: 85, Train Loss: 0.00244, Valid Loss: 0.00702, EPS: 0.22600000000000003
Epoch: 86, Train Loss: 0.00243, Valid Loss: 0.00701, EPS: 0.21700000000000003
Epoch: 87, Train Loss: 0.00243, Valid Loss: 0.00699, EPS: 0.20800000000000002
Epoch: 88, Train Loss: 0.00244, Valid Loss: 0.00698, EPS: 0.199
Epoch: 89, Train Loss: 0.00245, Valid Loss: 0.00701, EPS: 0.19
Epoch: 90, Train Loss: 0.00244, Valid Loss: 0.00705, EPS: 0.181
Epoch: 91, Train Loss: 0.00246, Valid Loss: 0.00703, EPS: 0.172
Epoch: 92, Train Loss: 0.00245, Valid Loss: 0.00698, EPS: 0.16299999999999998
Epoch: 93, Train Loss: 0.00244, Valid Loss: 0.00699, EPS: 0.15400000000000005
Epoch: 94, Train Loss: 0.00244, Valid Loss: 0.00702, EPS: 0.14500000000000005
Epoch: 95, Train Loss: 0.00245, Valid Loss: 0.00697, EPS: 0.13600000000000004
Epoch: 96, Train Loss: 0.00244, Valid Loss: 0.00702, EPS: 0.12700000000000003
Epoch: 97, Train Loss: 0.00245, Valid Loss: 0.00704, EPS: 0.11800000000000002
Epoch: 98, Train Loss: 0.00245, Valid Loss: 0.00703, EPS: 0.10900000000000001
Epoch: 99, Train Loss: 0.00243, Valid Loss: 0.00702, EPS: 0.1
Test Loss: 0.00701
Test Loss: 0.00700
Running context window: 5 with stride: 5 with seed: 123
Shape: (5, 144, 72)
Epoch: 0, Train Loss: 0.02138, Valid Loss: 0.01337, EPS: 0.991
Epoch: 1, Train Loss: 0.01249, Valid Loss: 0.01172, EPS: 0.982
Epoch: 2, Train Loss: 0.01139, Valid Loss: 0.01102, EPS: 0.973
Epoch: 3, Train Loss: 0.01068, Valid Loss: 0.01036, EPS: 0.964
Epoch: 4, Train Loss: 0.00975, Valid Loss: 0.00963, EPS: 0.955
Epoch: 5, Train Loss: 0.00889, Valid Loss: 0.00904, EPS: 0.946
Epoch: 6, Train Loss: 0.00794, Valid Loss: 0.00830, EPS: 0.9369999999999999
Epoch: 7, Train Loss: 0.00717, Valid Loss: 0.00795, EPS: 0.928
Epoch: 8, Train Loss: 0.00666, Valid Loss: 0.00770, EPS: 0.919
Epoch: 9, Train Loss: 0.00632, Valid Loss: 0.00752, EPS: 0.91
Epoch: 10, Train Loss: 0.00603, Valid Loss: 0.00728, EPS: 0.901
Epoch: 11, Train Loss: 0.00583, Valid Loss: 0.00710, EPS: 0.892
Epoch: 12, Train Loss: 0.00571, Valid Loss: 0.00700, EPS: 0.883
Epoch: 13, Train Loss: 0.00559, Valid Loss: 0.00702, EPS: 0.874
Epoch: 14, Train Loss: 0.00553, Valid Loss: 0.00693, EPS: 0.865
Epoch: 15, Train Loss: 0.00541, Valid Loss: 0.00681, EPS: 0.856
Epoch: 16, Train Loss: 0.00530, Valid Loss: 0.00684, EPS: 0.847
Epoch: 17, Train Loss: 0.00525, Valid Loss: 0.00682, EPS: 0.8380000000000001
Epoch: 18, Train Loss: 0.00525, Valid Loss: 0.00682, EPS: 0.8290000000000001
Epoch: 19, Train Loss: 0.00518, Valid Loss: 0.00670, EPS: 0.8200000000000001
Epoch: 20, Train Loss: 0.00518, Valid Loss: 0.00678, EPS: 0.811
Epoch: 21, Train Loss: 0.00511, Valid Loss: 0.00667, EPS: 0.802
Epoch: 22, Train Loss: 0.00509, Valid Loss: 0.00677, EPS: 0.793
Epoch: 23, Train Loss: 0.00521, Valid Loss: 0.00666, EPS: 0.784
Epoch: 24, Train Loss: 0.00514, Valid Loss: 0.00675, EPS: 0.775
Epoch: 25, Train Loss: 0.00510, Valid Loss: 0.00670, EPS: 0.766
Epoch: 26, Train Loss: 0.00506, Valid Loss: 0.00666, EPS: 0.757
Epoch: 27, Train Loss: 0.00501, Valid Loss: 0.00659, EPS: 0.748
Epoch: 28, Train Loss: 0.00499, Valid Loss: 0.00654, EPS: 0.739
Epoch: 29, Train Loss: 0.00496, Valid Loss: 0.00658, EPS: 0.73
Epoch: 30, Train Loss: 0.00495, Valid Loss: 0.00654, EPS: 0.721
Epoch: 31, Train Loss: 0.00499, Valid Loss: 0.00667, EPS: 0.712
Epoch: 32, Train Loss: 0.00495, Valid Loss: 0.00656, EPS: 0.703
Epoch: 33, Train Loss: 0.00494, Valid Loss: 0.00660, EPS: 0.694
Epoch: 34, Train Loss: 0.00496, Valid Loss: 0.00665, EPS: 0.685
Epoch: 35, Train Loss: 0.00495, Valid Loss: 0.00664, EPS: 0.676
Epoch: 36, Train Loss: 0.00497, Valid Loss: 0.00658, EPS: 0.667
Epoch: 37, Train Loss: 0.00485, Valid Loss: 0.00660, EPS: 0.658
Epoch: 38, Train Loss: 0.00486, Valid Loss: 0.00658, EPS: 0.649
Epoch: 39, Train Loss: 0.00485, Valid Loss: 0.00657, EPS: 0.64
Epoch: 40, Train Loss: 0.00487, Valid Loss: 0.00656, EPS: 0.6310000000000001
Epoch: 41, Train Loss: 0.00485, Valid Loss: 0.00652, EPS: 0.6220000000000001
Epoch: 42, Train Loss: 0.00487, Valid Loss: 0.00658, EPS: 0.6130000000000001
Epoch: 43, Train Loss: 0.00487, Valid Loss: 0.00654, EPS: 0.6040000000000001
Epoch: 44, Train Loss: 0.00486, Valid Loss: 0.00655, EPS: 0.5950000000000001
Epoch: 45, Train Loss: 0.00481, Valid Loss: 0.00651, EPS: 0.5860000000000001
Epoch: 46, Train Loss: 0.00482, Valid Loss: 0.00650, EPS: 0.5770000000000001
Epoch: 47, Train Loss: 0.00484, Valid Loss: 0.00653, EPS: 0.5680000000000001
Epoch: 48, Train Loss: 0.00482, Valid Loss: 0.00660, EPS: 0.559
Epoch: 49, Train Loss: 0.00476, Valid Loss: 0.00654, EPS: 0.55
Epoch: 50, Train Loss: 0.00479, Valid Loss: 0.00654, EPS: 0.541
Epoch: 51, Train Loss: 0.00482, Valid Loss: 0.00654, EPS: 0.532
Epoch: 52, Train Loss: 0.00478, Valid Loss: 0.00655, EPS: 0.523
Epoch: 53, Train Loss: 0.00478, Valid Loss: 0.00657, EPS: 0.514
Epoch: 54, Train Loss: 0.00478, Valid Loss: 0.00648, EPS: 0.505
Epoch: 55, Train Loss: 0.00481, Valid Loss: 0.00657, EPS: 0.496
Epoch: 56, Train Loss: 0.00475, Valid Loss: 0.00649, EPS: 0.4870000000000001
Epoch: 57, Train Loss: 0.00473, Valid Loss: 0.00638, EPS: 0.4780000000000001
Epoch: 58, Train Loss: 0.00473, Valid Loss: 0.00653, EPS: 0.4690000000000001
Epoch: 59, Train Loss: 0.00472, Valid Loss: 0.00648, EPS: 0.4600000000000001
Epoch: 60, Train Loss: 0.00480, Valid Loss: 0.00646, EPS: 0.45100000000000007
Epoch: 61, Train Loss: 0.00473, Valid Loss: 0.00645, EPS: 0.44200000000000006
Epoch: 62, Train Loss: 0.00476, Valid Loss: 0.00653, EPS: 0.43300000000000005
Epoch: 63, Train Loss: 0.00472, Valid Loss: 0.00651, EPS: 0.42400000000000004
Epoch: 64, Train Loss: 0.00476, Valid Loss: 0.00644, EPS: 0.41500000000000004
Epoch: 65, Train Loss: 0.00473, Valid Loss: 0.00648, EPS: 0.406
Epoch: 66, Train Loss: 0.00475, Valid Loss: 0.00649, EPS: 0.397
Epoch: 67, Train Loss: 0.00474, Valid Loss: 0.00649, EPS: 0.388
Epoch: 68, Train Loss: 0.00473, Valid Loss: 0.00649, EPS: 0.3790000000000001
Epoch: 69, Train Loss: 0.00417, Valid Loss: 0.00619, EPS: 0.3700000000000001
Epoch: 70, Train Loss: 0.00387, Valid Loss: 0.00602, EPS: 0.3610000000000001
Epoch: 71, Train Loss: 0.00367, Valid Loss: 0.00596, EPS: 0.3520000000000001
Epoch: 72, Train Loss: 0.00358, Valid Loss: 0.00591, EPS: 0.343
Epoch: 73, Train Loss: 0.00354, Valid Loss: 0.00589, EPS: 0.334
Epoch: 74, Train Loss: 0.00349, Valid Loss: 0.00587, EPS: 0.325
Epoch: 75, Train Loss: 0.00348, Valid Loss: 0.00585, EPS: 0.316
Epoch: 76, Train Loss: 0.00346, Valid Loss: 0.00584, EPS: 0.307
Epoch: 77, Train Loss: 0.00345, Valid Loss: 0.00585, EPS: 0.298
Epoch: 78, Train Loss: 0.00343, Valid Loss: 0.00584, EPS: 0.289
Epoch: 79, Train Loss: 0.00342, Valid Loss: 0.00582, EPS: 0.27999999999999997
Epoch: 80, Train Loss: 0.00341, Valid Loss: 0.00584, EPS: 0.27099999999999996
Epoch: 81, Train Loss: 0.00340, Valid Loss: 0.00587, EPS: 0.26200000000000007
Epoch: 82, Train Loss: 0.00341, Valid Loss: 0.00586, EPS: 0.25300000000000006
Epoch: 83, Train Loss: 0.00339, Valid Loss: 0.00588, EPS: 0.24400000000000005
Epoch: 84, Train Loss: 0.00338, Valid Loss: 0.00591, EPS: 0.23500000000000004
Epoch: 85, Train Loss: 0.00336, Valid Loss: 0.00591, EPS: 0.22600000000000003
Epoch: 86, Train Loss: 0.00335, Valid Loss: 0.00589, EPS: 0.21700000000000003
Epoch: 87, Train Loss: 0.00335, Valid Loss: 0.00592, EPS: 0.20800000000000002
Epoch: 88, Train Loss: 0.00334, Valid Loss: 0.00592, EPS: 0.199
Epoch: 89, Train Loss: 0.00331, Valid Loss: 0.00585, EPS: 0.19
Epoch: 90, Train Loss: 0.00331, Valid Loss: 0.00592, EPS: 0.181
Epoch: 91, Train Loss: 0.00320, Valid Loss: 0.00583, EPS: 0.172
Epoch: 92, Train Loss: 0.00315, Valid Loss: 0.00586, EPS: 0.16299999999999998
Epoch: 93, Train Loss: 0.00315, Valid Loss: 0.00585, EPS: 0.15400000000000005
Epoch: 94, Train Loss: 0.00313, Valid Loss: 0.00585, EPS: 0.14500000000000005
Epoch: 95, Train Loss: 0.00312, Valid Loss: 0.00582, EPS: 0.13600000000000004
Epoch: 96, Train Loss: 0.00311, Valid Loss: 0.00586, EPS: 0.12700000000000003
Epoch: 97, Train Loss: 0.00312, Valid Loss: 0.00583, EPS: 0.11800000000000002
Epoch: 98, Train Loss: 0.00310, Valid Loss: 0.00585, EPS: 0.10900000000000001
Epoch: 99, Train Loss: 0.00309, Valid Loss: 0.00588, EPS: 0.1
Test Loss: 0.00585
Test Loss: 0.00594
Running context window: 5 with stride: 10 with seed: 123
Shape: (5, 144, 72)
Epoch: 0, Train Loss: 0.02639, Valid Loss: 0.01775, EPS: 0.991
Epoch: 1, Train Loss: 0.01537, Valid Loss: 0.01307, EPS: 0.982
Epoch: 2, Train Loss: 0.01240, Valid Loss: 0.01222, EPS: 0.973
Epoch: 3, Train Loss: 0.01176, Valid Loss: 0.01163, EPS: 0.964
Epoch: 4, Train Loss: 0.01104, Valid Loss: 0.01114, EPS: 0.955
Epoch: 5, Train Loss: 0.01054, Valid Loss: 0.01066, EPS: 0.946
Epoch: 6, Train Loss: 0.01001, Valid Loss: 0.01035, EPS: 0.9369999999999999
Epoch: 7, Train Loss: 0.00935, Valid Loss: 0.00989, EPS: 0.928
Epoch: 8, Train Loss: 0.00878, Valid Loss: 0.00962, EPS: 0.919
Epoch: 9, Train Loss: 0.00806, Valid Loss: 0.00934, EPS: 0.91
Epoch: 10, Train Loss: 0.00748, Valid Loss: 0.00907, EPS: 0.901
Epoch: 11, Train Loss: 0.00695, Valid Loss: 0.00874, EPS: 0.892
Epoch: 12, Train Loss: 0.00644, Valid Loss: 0.00852, EPS: 0.883
Epoch: 13, Train Loss: 0.00608, Valid Loss: 0.00821, EPS: 0.874
Epoch: 14, Train Loss: 0.00575, Valid Loss: 0.00816, EPS: 0.865
Epoch: 15, Train Loss: 0.00542, Valid Loss: 0.00807, EPS: 0.856
Epoch: 16, Train Loss: 0.00520, Valid Loss: 0.00789, EPS: 0.847
Epoch: 17, Train Loss: 0.00497, Valid Loss: 0.00788, EPS: 0.8380000000000001
Epoch: 18, Train Loss: 0.00484, Valid Loss: 0.00778, EPS: 0.8290000000000001
Epoch: 19, Train Loss: 0.00473, Valid Loss: 0.00773, EPS: 0.8200000000000001
Epoch: 20, Train Loss: 0.00459, Valid Loss: 0.00775, EPS: 0.811
Epoch: 21, Train Loss: 0.00457, Valid Loss: 0.00782, EPS: 0.802
Epoch: 22, Train Loss: 0.00449, Valid Loss: 0.00773, EPS: 0.793
Epoch: 23, Train Loss: 0.00446, Valid Loss: 0.00759, EPS: 0.784
Epoch: 24, Train Loss: 0.00440, Valid Loss: 0.00788, EPS: 0.775
Epoch: 25, Train Loss: 0.00441, Valid Loss: 0.00775, EPS: 0.766
Epoch: 26, Train Loss: 0.00429, Valid Loss: 0.00763, EPS: 0.757
Epoch: 27, Train Loss: 0.00425, Valid Loss: 0.00752, EPS: 0.748
Epoch: 28, Train Loss: 0.00419, Valid Loss: 0.00752, EPS: 0.739
Epoch: 29, Train Loss: 0.00414, Valid Loss: 0.00765, EPS: 0.73
Epoch: 30, Train Loss: 0.00409, Valid Loss: 0.00765, EPS: 0.721
Epoch: 31, Train Loss: 0.00403, Valid Loss: 0.00768, EPS: 0.712
Epoch: 32, Train Loss: 0.00405, Valid Loss: 0.00750, EPS: 0.703
Epoch: 33, Train Loss: 0.00406, Valid Loss: 0.00759, EPS: 0.694
Epoch: 34, Train Loss: 0.00402, Valid Loss: 0.00752, EPS: 0.685
Epoch: 35, Train Loss: 0.00397, Valid Loss: 0.00758, EPS: 0.676
Epoch: 36, Train Loss: 0.00399, Valid Loss: 0.00748, EPS: 0.667
Epoch: 37, Train Loss: 0.00395, Valid Loss: 0.00755, EPS: 0.658
Epoch: 38, Train Loss: 0.00398, Valid Loss: 0.00762, EPS: 0.649
Epoch: 39, Train Loss: 0.00403, Valid Loss: 0.00747, EPS: 0.64
Epoch: 40, Train Loss: 0.00391, Valid Loss: 0.00748, EPS: 0.6310000000000001
Epoch: 41, Train Loss: 0.00387, Valid Loss: 0.00745, EPS: 0.6220000000000001
Epoch: 42, Train Loss: 0.00382, Valid Loss: 0.00742, EPS: 0.6130000000000001
Epoch: 43, Train Loss: 0.00381, Valid Loss: 0.00749, EPS: 0.6040000000000001
Epoch: 44, Train Loss: 0.00381, Valid Loss: 0.00749, EPS: 0.5950000000000001
Epoch: 45, Train Loss: 0.00385, Valid Loss: 0.00755, EPS: 0.5860000000000001
Epoch: 46, Train Loss: 0.00385, Valid Loss: 0.00759, EPS: 0.5770000000000001
Epoch: 47, Train Loss: 0.00380, Valid Loss: 0.00743, EPS: 0.5680000000000001
Epoch: 48, Train Loss: 0.00377, Valid Loss: 0.00745, EPS: 0.559
Epoch: 49, Train Loss: 0.00373, Valid Loss: 0.00737, EPS: 0.55
Epoch: 50, Train Loss: 0.00372, Valid Loss: 0.00754, EPS: 0.541
Epoch: 51, Train Loss: 0.00373, Valid Loss: 0.00745, EPS: 0.532
Epoch: 52, Train Loss: 0.00374, Valid Loss: 0.00740, EPS: 0.523
Epoch: 53, Train Loss: 0.00372, Valid Loss: 0.00742, EPS: 0.514
Epoch: 54, Train Loss: 0.00370, Valid Loss: 0.00741, EPS: 0.505
Epoch: 55, Train Loss: 0.00372, Valid Loss: 0.00745, EPS: 0.496
Epoch: 56, Train Loss: 0.00367, Valid Loss: 0.00757, EPS: 0.4870000000000001
Epoch: 57, Train Loss: 0.00371, Valid Loss: 0.00739, EPS: 0.4780000000000001
Epoch: 58, Train Loss: 0.00369, Valid Loss: 0.00739, EPS: 0.4690000000000001
Epoch: 59, Train Loss: 0.00371, Valid Loss: 0.00748, EPS: 0.4600000000000001
Epoch: 60, Train Loss: 0.00371, Valid Loss: 0.00734, EPS: 0.45100000000000007
Epoch: 61, Train Loss: 0.00364, Valid Loss: 0.00737, EPS: 0.44200000000000006
Epoch: 62, Train Loss: 0.00368, Valid Loss: 0.00748, EPS: 0.43300000000000005
Epoch: 63, Train Loss: 0.00369, Valid Loss: 0.00742, EPS: 0.42400000000000004
Epoch: 64, Train Loss: 0.00368, Valid Loss: 0.00738, EPS: 0.41500000000000004
Epoch: 65, Train Loss: 0.00370, Valid Loss: 0.00752, EPS: 0.406
Epoch: 66, Train Loss: 0.00370, Valid Loss: 0.00750, EPS: 0.397
Epoch: 67, Train Loss: 0.00366, Valid Loss: 0.00746, EPS: 0.388
Epoch: 68, Train Loss: 0.00366, Valid Loss: 0.00745, EPS: 0.3790000000000001
Epoch: 69, Train Loss: 0.00360, Valid Loss: 0.00741, EPS: 0.3700000000000001
Epoch: 70, Train Loss: 0.00358, Valid Loss: 0.00735, EPS: 0.3610000000000001
Epoch: 71, Train Loss: 0.00350, Valid Loss: 0.00740, EPS: 0.3520000000000001
Epoch: 72, Train Loss: 0.00320, Valid Loss: 0.00715, EPS: 0.343
Epoch: 73, Train Loss: 0.00291, Valid Loss: 0.00703, EPS: 0.334
Epoch: 74, Train Loss: 0.00280, Valid Loss: 0.00700, EPS: 0.325
Epoch: 75, Train Loss: 0.00266, Valid Loss: 0.00692, EPS: 0.316
Epoch: 76, Train Loss: 0.00259, Valid Loss: 0.00692, EPS: 0.307
Epoch: 77, Train Loss: 0.00251, Valid Loss: 0.00688, EPS: 0.298
Epoch: 78, Train Loss: 0.00249, Valid Loss: 0.00690, EPS: 0.289
Epoch: 79, Train Loss: 0.00245, Valid Loss: 0.00689, EPS: 0.27999999999999997
Epoch: 80, Train Loss: 0.00242, Valid Loss: 0.00689, EPS: 0.27099999999999996
Epoch: 81, Train Loss: 0.00241, Valid Loss: 0.00688, EPS: 0.26200000000000007
Epoch: 82, Train Loss: 0.00238, Valid Loss: 0.00688, EPS: 0.25300000000000006
Epoch: 83, Train Loss: 0.00237, Valid Loss: 0.00687, EPS: 0.24400000000000005
Epoch: 84, Train Loss: 0.00235, Valid Loss: 0.00687, EPS: 0.23500000000000004
Epoch: 85, Train Loss: 0.00233, Valid Loss: 0.00687, EPS: 0.22600000000000003
Epoch: 86, Train Loss: 0.00233, Valid Loss: 0.00689, EPS: 0.21700000000000003
Epoch: 87, Train Loss: 0.00232, Valid Loss: 0.00691, EPS: 0.20800000000000002
Epoch: 88, Train Loss: 0.00232, Valid Loss: 0.00689, EPS: 0.199
Epoch: 89, Train Loss: 0.00231, Valid Loss: 0.00689, EPS: 0.19
Epoch: 90, Train Loss: 0.00230, Valid Loss: 0.00691, EPS: 0.181
Epoch: 91, Train Loss: 0.00227, Valid Loss: 0.00691, EPS: 0.172
Epoch: 92, Train Loss: 0.00227, Valid Loss: 0.00691, EPS: 0.16299999999999998
Epoch: 93, Train Loss: 0.00227, Valid Loss: 0.00693, EPS: 0.15400000000000005
Epoch: 94, Train Loss: 0.00224, Valid Loss: 0.00695, EPS: 0.14500000000000005
Epoch: 95, Train Loss: 0.00221, Valid Loss: 0.00692, EPS: 0.13600000000000004
Epoch: 96, Train Loss: 0.00219, Valid Loss: 0.00690, EPS: 0.12700000000000003
Epoch: 97, Train Loss: 0.00217, Valid Loss: 0.00692, EPS: 0.11800000000000002
Epoch: 98, Train Loss: 0.00217, Valid Loss: 0.00691, EPS: 0.10900000000000001
Epoch: 99, Train Loss: 0.00217, Valid Loss: 0.00690, EPS: 0.1
Test Loss: 0.00688
Test Loss: 0.00688
